000002aa <ProgramPhotodiodeArray_Implementation>:
; old (with 32-bit arg) required four push and two movw
; new with (pointer to 8-bit arg) only needs two push and one movw
push	r28
push	r29
movw	r28, r24
; ---Enter programming mode---
; Wait for falling edge of clock
sbi	0x15, 2	; 21
sbis	0x15, 2	; 21
rjmp	.-4      	; 0x2b2 <ProgramPhotodiodeArray_Implementation+0x8>
sbi	0x15, 2	; 21
; PixSelect HIGH
sbi	0x05, 0	; 5
; Setup the while loop. This setup takes 16 cycles.
; 1 ld: 2, 5 ldi:1, 1 adiw:2, 3 movw:1, 2 mov:1, 1 rjmp:2
; 1*2+5*1+1*2+3*1+2*1+1*2 = 16 cycles
movw	r24, r28
adiw	r24, 0x03	; 3
movw	r30, r28
ldi	r26, 0x01	; 1
ldi	r27, 0x00	; 0
ldi	r18, 0x00	; 0
ldi	r19, 0x00	; 0
ld	r20, Z
mov	r22, r20
ldi	r23, 0x00	; 0
movw	r20, r26
mov	r0, r18
rjmp	.+4      	; 0x2d8 <ProgramPhotodiodeArray_Implementation+0x2e>
add	r20, r20
adc	r21, r21
dec	r0
brpl	.-8      	; 0x2d4 <ProgramPhotodiodeArray_Implementation+0x2a>
and	r20, r22
and	r21, r23
or	r20, r21
breq	.+108    	; 0x350 <ProgramPhotodiodeArray_Implementation+0xa6>
sbi	0x0b, 6	; 11
sbi	0x15, 1	; 21
sbis	0x15, 1	; 21
rjmp	.-4      	; 0x2e8 <ProgramPhotodiodeArray_Implementation+0x3e>
sbi	0x15, 1	; 21
sbi	0x15, 2	; 21
sbis	0x15, 2	; 21
rjmp	.-4      	; 0x2f0 <ProgramPhotodiodeArray_Implementation+0x46>
sbi	0x15, 2	; 21
subi	r18, 0xFF	; 255
sbci	r19, 0xFF	; 255
cpi	r18, 0x08	; 8
cpc	r19, r1
brne	.-56     	; 0x2c8 <ProgramPhotodiodeArray_Implementation+0x1e>
adiw	r30, 0x01	; 1
cp	r30, r24
cpc	r31, r25
brne	.-68     	; 0x2c4 <ProgramPhotodiodeArray_Implementation+0x1a>
ldi	r18, 0x00	; 0
ldi	r19, 0x00	; 0
ldi	r22, 0x01	; 1
ldi	r23, 0x00	; 0
ldd	r20, Y+3	; 0x03
ldi	r21, 0x00	; 0
movw	r24, r22
mov	r0, r18
rjmp	.+4      	; 0x31e <ProgramPhotodiodeArray_Implementation+0x74>
add	r24, r24
adc	r25, r25
dec	r0
brpl	.-8      	; 0x31a <ProgramPhotodiodeArray_Implementation+0x70>
and	r20, r24
and	r21, r25
or	r20, r21
breq	.+42     	; 0x354 <ProgramPhotodiodeArray_Implementation+0xaa>
sbi	0x0b, 6	; 11
sbi	0x15, 1	; 21
sbis	0x15, 1	; 21
rjmp	.-4      	; 0x32e <ProgramPhotodiodeArray_Implementation+0x84>
sbi	0x15, 1	; 21
sbi	0x15, 2	; 21
sbis	0x15, 2	; 21
rjmp	.-4      	; 0x336 <ProgramPhotodiodeArray_Implementation+0x8c>
sbi	0x15, 2	; 21
subi	r18, 0xFF	; 255
sbci	r19, 0xFF	; 255
cpi	r18, 0x04	; 4
cpc	r19, r1
brne	.-54     	; 0x310 <ProgramPhotodiodeArray_Implementation+0x66>
cbi	0x0b, 6	; 11
cbi	0x05, 0	; 5
pop	r29
pop	r28
ret
cbi	0x0b, 6	; 11
rjmp	.-110    	; 0x2e6 <ProgramPhotodiodeArray_Implementation+0x3c>
cbi	0x0b, 6	; 11
rjmp	.-44     	; 0x32c <ProgramPhotodiodeArray_Implementation+0x82>

