Archive member included to satisfy reference by file (symbol)

c:/program files (x86)/atmel/studio/7.0/toolchain/avr8/avr8-gnu-toolchain/bin/../lib/gcc/avr/5.4.0/avr5\libgcc.a(_udivmodsi4.o)
                              C:\Users\Mike\AppData\Local\Temp\cciZfbzL.o (__udivmodsi4)
c:/program files (x86)/atmel/studio/7.0/toolchain/avr8/avr8-gnu-toolchain/bin/../lib/gcc/avr/5.4.0/avr5\libgcc.a(_exit.o)
                              c:/program files (x86)/atmel/studio/7.0/toolchain/avr8/avr8-gnu-toolchain/bin/../lib/gcc/avr/5.4.0/../../../../avr/lib/avr5/crtatmega328p.o (exit)
c:/program files (x86)/atmel/studio/7.0/toolchain/avr8/avr8-gnu-toolchain/bin/../lib/gcc/avr/5.4.0/avr5\libgcc.a(_copy_data.o)
                              build/Spi.o (__do_copy_data)
c:/program files (x86)/atmel/studio/7.0/toolchain/avr8/avr8-gnu-toolchain/bin/../lib/gcc/avr/5.4.0/avr5\libgcc.a(_clear_bss.o)
                              C:\Users\Mike\AppData\Local\Temp\cciZfbzL.o (__do_clear_bss)
c:/program files (x86)/atmel/studio/7.0/toolchain/avr8/avr8-gnu-toolchain/bin/../lib/gcc/avr/5.4.0/avr5\libgcc.a(_umulhisi3.o)
                              C:\Users\Mike\AppData\Local\Temp\cciZfbzL.o (__umulhisi3)

Allocating common symbols
Common symbol       size              file

DoTaskForThisTest   0x2               C:\Users\Mike\AppData\Local\Temp\cciZfbzL.o
full_frame          0x620             C:\Users\Mike\AppData\Local\Temp\cciZfbzL.o

Discarded input sections

 .data          0x00000000        0x0 c:/program files (x86)/atmel/studio/7.0/toolchain/avr8/avr8-gnu-toolchain/bin/../lib/gcc/avr/5.4.0/../../../../avr/lib/avr5/crtatmega328p.o
 .bss           0x00000000        0x0 c:/program files (x86)/atmel/studio/7.0/toolchain/avr8/avr8-gnu-toolchain/bin/../lib/gcc/avr/5.4.0/../../../../avr/lib/avr5/crtatmega328p.o
 .text          0x00000000        0x0 build/ReadWriteBits.o
 .data          0x00000000        0x0 build/ReadWriteBits.o
 .bss           0x00000000        0x0 build/ReadWriteBits.o
 .text.SetBit   0x00000000       0x16 build/ReadWriteBits.o
 .text.ClearBit
                0x00000000       0x18 build/ReadWriteBits.o
 .text.ToggleBit
                0x00000000       0x16 build/ReadWriteBits.o
 .text.BitIsSet
                0x00000000       0x22 build/ReadWriteBits.o
 .text.BitIsClear
                0x00000000       0x1c build/ReadWriteBits.o
 .debug_info    0x00000000      0x1a9 build/ReadWriteBits.o
 .debug_abbrev  0x00000000       0xcd build/ReadWriteBits.o
 .debug_loc     0x00000000       0x50 build/ReadWriteBits.o
 .debug_aranges
                0x00000000       0x40 build/ReadWriteBits.o
 .debug_ranges  0x00000000       0x30 build/ReadWriteBits.o
 .debug_line    0x00000000      0x114 build/ReadWriteBits.o
 .debug_str     0x00000000      0x172 build/ReadWriteBits.o
 .comment       0x00000000       0x31 build/ReadWriteBits.o
 .debug_frame   0x00000000       0x64 build/ReadWriteBits.o
 .text          0x00000000        0x0 build/BiColorLed.o
 .data          0x00000000        0x0 build/BiColorLed.o
 .bss           0x00000000        0x0 build/BiColorLed.o
 .text.BiColorLedGreen
                0x00000000       0x1e build/BiColorLed.o
 .text.BiColorLedRed
                0x00000000       0x1c build/BiColorLed.o
 .text.BiColorLedToggleColor
                0x00000000       0x1c build/BiColorLed.o
 .text.BiColorLedOff
                0x00000000       0x2c build/BiColorLed.o
 .text.BiColorLedOn
                0x00000000       0x1c build/BiColorLed.o
 .text.BiColorLedIsOn
                0x00000000       0x1e build/BiColorLed.o
 .text.BiColorLedIsRed
                0x00000000       0x3e build/BiColorLed.o
 .debug_info    0x00000000      0x3c4 build/BiColorLed.o
 .debug_abbrev  0x00000000      0x132 build/BiColorLed.o
 .debug_loc     0x00000000      0x22e build/BiColorLed.o
 .debug_aranges
                0x00000000       0x50 build/BiColorLed.o
 .debug_ranges  0x00000000       0x40 build/BiColorLed.o
 .debug_line    0x00000000      0x1bf build/BiColorLed.o
 .debug_str     0x00000000      0x1fc build/BiColorLed.o
 .comment       0x00000000       0x31 build/BiColorLed.o
 .debug_frame   0x00000000       0x84 build/BiColorLed.o
 .text          0x00000000        0x0 build/Spi.o
 .data          0x00000000        0x0 build/Spi.o
 .bss           0x00000000        0x0 build/Spi.o
 .text.SpiMasterOpenSpi_Implementation
                0x00000000       0x24 build/Spi.o
 .text.SpiMasterCloseSpi_Implementation
                0x00000000       0x22 build/Spi.o
 .text.SpiResponseIsReady_Implementation
                0x00000000       0x26 build/Spi.o
 .text.WaitUntilSpiWriteIsDone
                0x00000000       0x32 build/Spi.o
 .text.OpenSpiSlave
                0x00000000       0x24 build/Spi.o
 .text.CloseSpiSlave
                0x00000000       0x22 build/Spi.o
 .text.SpiLaunchByte
                0x00000000        0xc build/Spi.o
 .text.SpiMasterReadByte
                0x00000000       0x68 build/Spi.o
 .text.SpiMasterWriteByte
                0x00000000       0x64 build/Spi.o
 .text.SpiMasterWriteN_NoInlineHelpers
                0x00000000       0x96 build/Spi.o
 .text.SpiSlaveShowsDataReady
                0x00000000       0x26 build/Spi.o
 .text.IsSpiSlaveReadyToSend
                0x00000000       0x2c build/Spi.o
 .text.SpiMasterWaitForSlaveReady
                0x00000000       0x34 build/Spi.o
 .text.SpiClearFlagTransferIsDone
                0x00000000        0xc build/Spi.o
 .text.SpiMasterInit
                0x00000000       0xf8 build/Spi.o
 .text.SpiMasterDisable
                0x00000000       0x6e build/Spi.o
 .text.SpiMasterWrite
                0x00000000       0x3c build/Spi.o
 .text.SpiMasterRead
                0x00000000       0x42 build/Spi.o
 .text.SpiMasterWaitForResponse
                0x00000000       0x10 build/Spi.o
 .text.SpiEnableInterrupt
                0x00000000       0x3e build/Spi.o
 .text.SpiSlaveRead
                0x00000000       0x18 build/Spi.o
 .data.SpiResponseIsReady
                0x00000000        0x2 build/Spi.o
 .rodata.test_unknown_cmd
                0x00000000        0x1 build/Spi.o
 .rodata.slave_ignore
                0x00000000        0x1 build/Spi.o
 .data.SpiMasterCloseSpi
                0x00000000        0x2 build/Spi.o
 .data.SpiMasterOpenSpi
                0x00000000        0x2 build/Spi.o
 .text          0x00000000        0x0 build/UartSpi.o
 .data          0x00000000        0x0 build/UartSpi.o
 .bss           0x00000000        0x0 build/UartSpi.o
 .text.StartAdcConversion
                0x00000000       0x22 build/UartSpi.o
 .text.TxBufferIsEmpty
                0x00000000       0x2c build/UartSpi.o
 .text.Received8bits
                0x00000000       0x2c build/UartSpi.o
 .text.ReadDataRegister
                0x00000000        0xc build/UartSpi.o
 .text.Transfer16bits
                0x00000000        0xe build/UartSpi.o
 .text.WaitForConversionToFinish
                0x00000000        0xc build/UartSpi.o
 .text.UartSpiRead
                0x00000000       0x78 build/UartSpi.o
 .data.UartSpiTransfer16bits
                0x00000000        0x2 build/UartSpi.o
 .data.UartSpiReadDataRegister
                0x00000000        0x2 build/UartSpi.o
 .data.UartSpiTransferIsDone
                0x00000000        0x2 build/UartSpi.o
 .data.UartSpiTxBufferIsEmpty
                0x00000000        0x2 build/UartSpi.o
 .data.UartSpiStartAdcConversion
                0x00000000        0x2 build/UartSpi.o
 .data.UartSpiStartAdcReadout
                0x00000000        0x2 build/UartSpi.o
 .text          0x00000000        0x0 build/Lis.o
 .data          0x00000000        0x0 build/Lis.o
 .bss           0x00000000        0x0 build/Lis.o
 .text.OutputCfgByte
                0x00000000       0xd2 build/Lis.o
 .text.EnterLisProgrammingMode
                0x00000000       0x54 build/Lis.o
 .text.ExitLisProgrammingMode
                0x00000000       0x46 build/Lis.o
 .text.LisClkOff
                0x00000000       0x2c build/Lis.o
 .text.LisExpose
                0x00000000        0x2 build/Lis.o
 .data.Lis_exposure_is_done
                0x00000000        0x1 build/Lis.o
 .text          0x00000000        0x0 build/Pwm.o
 .data          0x00000000        0x0 build/Pwm.o
 .bss           0x00000000        0x0 build/Pwm.o
 .text.PwmDisableOutput_Implementation
                0x00000000       0x3e build/Pwm.o
 .text.WaitForPwmOutputRisingEdge
                0x00000000       0x2e build/Pwm.o
 .data.PwmDisableOutput
                0x00000000        0x2 build/Pwm.o
 .text          0x00000000        0x0 build/SensorVis.o
 .data          0x00000000        0x0 build/SensorVis.o
 .bss           0x00000000        0x0 build/SensorVis.o
 .text.SpiSlaveWrite_StatusOk
                0x00000000       0x30 build/SensorVis.o
 .text.SpiSlaveWrite_StatusInvalid
                0x00000000       0x32 build/SensorVis.o
 .rodata.SensorCfgLis_key
                0x00000000        0x1 build/SensorVis.o
 .rodata.GetSensorLED_key
                0x00000000        0x1 build/SensorVis.o
 .rodata.led_red
                0x00000000        0x1 build/SensorVis.o
 .rodata.led_green
                0x00000000        0x1 build/SensorVis.o
 .rodata.led_off
                0x00000000        0x1 build/SensorVis.o
 .rodata.error  0x00000000        0x1 build/SensorVis.o
 .rodata.ok     0x00000000        0x1 build/SensorVis.o
 .text          0x00000000        0x0 C:\Users\Mike\AppData\Local\Temp\cciZfbzL.o
 .data          0x00000000        0x0 C:\Users\Mike\AppData\Local\Temp\cciZfbzL.o
 .bss           0x00000000        0x0 C:\Users\Mike\AppData\Local\Temp\cciZfbzL.o
 .text.ShowSpiDataOnDebugLeds
                0x00000000       0x52 C:\Users\Mike\AppData\Local\Temp\cciZfbzL.o
 .text.DoNothing
                0x00000000        0x2 C:\Users\Mike\AppData\Local\Temp\cciZfbzL.o
 .text.DemoMacroFastestRstResponseToClk
                0x00000000       0x16 C:\Users\Mike\AppData\Local\Temp\cciZfbzL.o
 .text.ZeroOutUnusedPixels
                0x00000000       0x9a C:\Users\Mike\AppData\Local\Temp\cciZfbzL.o
 .text.LisFrameReadout
                0x00000000      0x12c C:\Users\Mike\AppData\Local\Temp\cciZfbzL.o
 .text.testing_main
                0x00000000       0xec C:\Users\Mike\AppData\Local\Temp\cciZfbzL.o
 .text.Get_commands_from_SpiMaster
                0x00000000       0x26 C:\Users\Mike\AppData\Local\Temp\cciZfbzL.o
 .text.slowestSetExposureTime
                0x00000000       0x22 C:\Users\Mike\AppData\Local\Temp\cciZfbzL.o
 .text.slowSetExposureTime
                0x00000000       0x1e C:\Users\Mike\AppData\Local\Temp\cciZfbzL.o
 .text.CfgLisGain1x
                0x00000000       0x26 C:\Users\Mike\AppData\Local\Temp\cciZfbzL.o
 .text.CfgLisGain2Point5x
                0x00000000       0x26 C:\Users\Mike\AppData\Local\Temp\cciZfbzL.o
 .text.CfgLisGain4x
                0x00000000       0x26 C:\Users\Mike\AppData\Local\Temp\cciZfbzL.o
 .text.CfgLisGain5x
                0x00000000       0x26 C:\Users\Mike\AppData\Local\Temp\cciZfbzL.o
 .text.WriteCfgToLis
                0x00000000      0x43c C:\Users\Mike\AppData\Local\Temp\cciZfbzL.o
 .text.NticsExposureToHitTarget
                0x00000000      0x112 C:\Users\Mike\AppData\Local\Temp\cciZfbzL.o
 .text.AutoExpose
                0x00000000      0x20c C:\Users\Mike\AppData\Local\Temp\cciZfbzL.o
 .text.SendDummyByte
                0x00000000        0xe C:\Users\Mike\AppData\Local\Temp\cciZfbzL.o
 .text.SendFourDummyBytes
                0x00000000       0x36 C:\Users\Mike\AppData\Local\Temp\cciZfbzL.o
 .text.FillDummyFrameWithAlphabet
                0x00000000       0x42 C:\Users\Mike\AppData\Local\Temp\cciZfbzL.o
 .text.FillDummyFrameWithAdcReadings
                0x00000000       0x1e C:\Users\Mike\AppData\Local\Temp\cciZfbzL.o
 .text.SendDummyFrame
                0x00000000       0x4c C:\Users\Mike\AppData\Local\Temp\cciZfbzL.o
 .text.SendAdcReading
                0x00000000       0x2c C:\Users\Mike\AppData\Local\Temp\cciZfbzL.o
 .text.SendFakeAdcReading
                0x00000000       0x28 C:\Users\Mike\AppData\Local\Temp\cciZfbzL.o
 .text.SendAdcFrame
                0x00000000       0x28 C:\Users\Mike\AppData\Local\Temp\cciZfbzL.o
 .text.SendLisFrame
                0x00000000       0xaa C:\Users\Mike\AppData\Local\Temp\cciZfbzL.o
 .text.SendDataMasterAskedFor
                0x00000000      0x1d0 C:\Users\Mike\AppData\Local\Temp\cciZfbzL.o
 .text.RespondToRequestsForData
                0x00000000       0x14 C:\Users\Mike\AppData\Local\Temp\cciZfbzL.o
 .text.App_version_of_Slave_RespondToRequestsForData
                0x00000000       0x1c C:\Users\Mike\AppData\Local\Temp\cciZfbzL.o
 .text.Show_data_on_debug_leds
                0x00000000       0x50 C:\Users\Mike\AppData\Local\Temp\cciZfbzL.o
 .text.SPI_interrupt_routine_turns_debug_led1_red
                0x00000000        0xa C:\Users\Mike\AppData\Local\Temp\cciZfbzL.o
 .text.SPI_read_in_ISR_and_show_data_on_debug_leds
                0x00000000       0x16 C:\Users\Mike\AppData\Local\Temp\cciZfbzL.o
 .text.SpiSlaveRead_and_show_received_data_on_debug_leds
                0x00000000       0x58 C:\Users\Mike\AppData\Local\Temp\cciZfbzL.o
 .text.Slave_receives_request_and_sends_response_when_ready
                0x00000000       0x56 C:\Users\Mike\AppData\Local\Temp\cciZfbzL.o
 .text.test_SpiSlave
                0x00000000        0x4 C:\Users\Mike\AppData\Local\Temp\cciZfbzL.o
 .text.Show_four_MSB_of_adc_reading_on_debug_leds
                0x00000000       0x6c C:\Users\Mike\AppData\Local\Temp\cciZfbzL.o
 .text.test_UartSpi
                0x00000000       0x6c C:\Users\Mike\AppData\Local\Temp\cciZfbzL.o
 .text.Miso_measures_3V_when_it_outputs_a_hard_high
                0x00000000        0x6 C:\Users\Mike\AppData\Local\Temp\cciZfbzL.o
 .text.Miso_measures_0V_when_it_outputs_a_hard_low
                0x00000000        0x6 C:\Users\Mike\AppData\Local\Temp\cciZfbzL.o
 .text.SpiSlaveInit_should_make_Miso_output_a_hard_high
                0x00000000        0x4 C:\Users\Mike\AppData\Local\Temp\cciZfbzL.o
 .text.SpiSlaveSignalDataIsReady_outputs_a_hard_low
                0x00000000        0xe C:\Users\Mike\AppData\Local\Temp\cciZfbzL.o
 .text.test_Atmel_ice_quirk_requires_flipping_SW2_to_SPI
                0x00000000        0x2 C:\Users\Mike\AppData\Local\Temp\cciZfbzL.o
 .text.oldLisRunClkAt50kHz
                0x00000000       0x3a C:\Users\Mike\AppData\Local\Temp\cciZfbzL.o
 .text.DemoFastestRstResponseToClk
                0x00000000       0x12 C:\Users\Mike\AppData\Local\Temp\cciZfbzL.o
 .text.DemoIsrForRstResponseToClk
                0x00000000       0x2e C:\Users\Mike\AppData\Local\Temp\cciZfbzL.o
 .text.DemoFailinglySlowRstResponseToClk
                0x00000000       0x12 C:\Users\Mike\AppData\Local\Temp\cciZfbzL.o
 .text.oldDemoMacroFastestRstResponseToClk
                0x00000000       0x12 C:\Users\Mike\AppData\Local\Temp\cciZfbzL.o
 .data.progbits_rowselect_row1
                0x00000000       0x19 C:\Users\Mike\AppData\Local\Temp\cciZfbzL.o
 .data.progbits_rowselect_row2
                0x00000000       0x19 C:\Users\Mike\AppData\Local\Temp\cciZfbzL.o
 .data.progbits_rowselect_row3
                0x00000000       0x19 C:\Users\Mike\AppData\Local\Temp\cciZfbzL.o
 .data.progbits_rowselect_row4
                0x00000000       0x19 C:\Users\Mike\AppData\Local\Temp\cciZfbzL.o
 .data.progbits_rowselect_row5
                0x00000000       0x19 C:\Users\Mike\AppData\Local\Temp\cciZfbzL.o
 .data.progbits_rowselect_row124
                0x00000000       0x19 C:\Users\Mike\AppData\Local\Temp\cciZfbzL.o
 .data.progbits_rowselect_row1234
                0x00000000       0x19 C:\Users\Mike\AppData\Local\Temp\cciZfbzL.o
 .data.progbits_rowselect_row123
                0x00000000       0x19 C:\Users\Mike\AppData\Local\Temp\cciZfbzL.o
 .data.progbits_rowselect_row12
                0x00000000       0x19 C:\Users\Mike\AppData\Local\Temp\cciZfbzL.o
 .data.progbits_rowselect_all
                0x00000000       0x19 C:\Users\Mike\AppData\Local\Temp\cciZfbzL.o
 .data.nprogbits_rowselect
                0x00000000        0x1 C:\Users\Mike\AppData\Local\Temp\cciZfbzL.o
 .bss.progbit_i
                0x00000000        0x1 C:\Users\Mike\AppData\Local\Temp\cciZfbzL.o
 .bss.lis_rowselect
                0x00000000        0x1 C:\Users\Mike\AppData\Local\Temp\cciZfbzL.o
 .data.lis_gain
                0x00000000        0x1 C:\Users\Mike\AppData\Local\Temp\cciZfbzL.o
 .bss.lis_sum_mode
                0x00000000        0x1 C:\Users\Mike\AppData\Local\Temp\cciZfbzL.o
 .data.pframe   0x00000000        0x2 C:\Users\Mike\AppData\Local\Temp\cciZfbzL.o
 .bss.Lis_npixels_counter
                0x00000000        0x2 C:\Users\Mike\AppData\Local\Temp\cciZfbzL.o
 .bss.Lis_nticks_counter
                0x00000000        0x2 C:\Users\Mike\AppData\Local\Temp\cciZfbzL.o
 .data.Lis_nticks_exposure
                0x00000000        0x2 C:\Users\Mike\AppData\Local\Temp\cciZfbzL.o
 .data.first_used_pixel
                0x00000000        0x2 C:\Users\Mike\AppData\Local\Temp\cciZfbzL.o
 .rodata.Lis_tccr0b
                0x00000000        0x2 C:\Users\Mike\AppData\Local\Temp\cciZfbzL.o
 .rodata.Lis_tccr0a
                0x00000000        0x2 C:\Users\Mike\AppData\Local\Temp\cciZfbzL.o
 .rodata.Lis_pin1
                0x00000000        0x2 C:\Users\Mike\AppData\Local\Temp\cciZfbzL.o
 .rodata.UartSpi_RxComplete
                0x00000000        0x1 C:\Users\Mike\AppData\Local\Temp\cciZfbzL.o
 .rodata.UartSpi_DataRegEmpty
                0x00000000        0x1 C:\Users\Mike\AppData\Local\Temp\cciZfbzL.o
 .rodata.UartSpi_Mosi
                0x00000000        0x1 C:\Users\Mike\AppData\Local\Temp\cciZfbzL.o
 .rodata.UartSpi_Miso
                0x00000000        0x1 C:\Users\Mike\AppData\Local\Temp\cciZfbzL.o
 .rodata.UartSpi_data
                0x00000000        0x2 C:\Users\Mike\AppData\Local\Temp\cciZfbzL.o
 .rodata.UartSpi_csra
                0x00000000        0x2 C:\Users\Mike\AppData\Local\Temp\cciZfbzL.o
 .rodata.sizeof_half_frame
                0x00000000        0x2 C:\Users\Mike\AppData\Local\Temp\cciZfbzL.o
 .rodata.sizeof_full_frame
                0x00000000        0x2 C:\Users\Mike\AppData\Local\Temp\cciZfbzL.o
 .rodata.fake_adc_reading
                0x00000000        0x2 C:\Users\Mike\AppData\Local\Temp\cciZfbzL.o
 .rodata.cmd_cfg_lis_rowselect_124
                0x00000000        0x1 C:\Users\Mike\AppData\Local\Temp\cciZfbzL.o
 .rodata.cmd_auto_expose
                0x00000000        0x1 C:\Users\Mike\AppData\Local\Temp\cciZfbzL.o
 .rodata.cmd_cfg_lis_rowselect_1234
                0x00000000        0x1 C:\Users\Mike\AppData\Local\Temp\cciZfbzL.o
 .rodata.cmd_cfg_lis_rowselect_123
                0x00000000        0x1 C:\Users\Mike\AppData\Local\Temp\cciZfbzL.o
 .rodata.cmd_cfg_lis_rowselect_12
                0x00000000        0x1 C:\Users\Mike\AppData\Local\Temp\cciZfbzL.o
 .rodata.cmd_cfg_lis_rowselect_5
                0x00000000        0x1 C:\Users\Mike\AppData\Local\Temp\cciZfbzL.o
 .rodata.cmd_cfg_lis_rowselect_4
                0x00000000        0x1 C:\Users\Mike\AppData\Local\Temp\cciZfbzL.o
 .rodata.cmd_cfg_lis_rowselect_3
                0x00000000        0x1 C:\Users\Mike\AppData\Local\Temp\cciZfbzL.o
 .rodata.cmd_cfg_lis_rowselect_2
                0x00000000        0x1 C:\Users\Mike\AppData\Local\Temp\cciZfbzL.o
 .rodata.cmd_cfg_lis_rowselect_1
                0x00000000        0x1 C:\Users\Mike\AppData\Local\Temp\cciZfbzL.o
 .rodata.cmd_cfg_lis_rowselect_12345
                0x00000000        0x1 C:\Users\Mike\AppData\Local\Temp\cciZfbzL.o
 .rodata.cmd_cfg_lis_gain_1x
                0x00000000        0x1 C:\Users\Mike\AppData\Local\Temp\cciZfbzL.o
 .rodata.cmd_cfg_lis_gain_2pt5x
                0x00000000        0x1 C:\Users\Mike\AppData\Local\Temp\cciZfbzL.o
 .rodata.cmd_cfg_lis_gain_4x
                0x00000000        0x1 C:\Users\Mike\AppData\Local\Temp\cciZfbzL.o
 .rodata.cmd_cfg_lis_gain_5x
                0x00000000        0x1 C:\Users\Mike\AppData\Local\Temp\cciZfbzL.o
 .rodata.cmd_write_cfg_to_lis
                0x00000000        0x1 C:\Users\Mike\AppData\Local\Temp\cciZfbzL.o
 .rodata.cmd_cfg_summing_mode_on
                0x00000000        0x1 C:\Users\Mike\AppData\Local\Temp\cciZfbzL.o
 .rodata.cmd_cfg_summing_mode_off
                0x00000000        0x1 C:\Users\Mike\AppData\Local\Temp\cciZfbzL.o
 .rodata.cmd_enable_spi_master
                0x00000000        0x1 C:\Users\Mike\AppData\Local\Temp\cciZfbzL.o
 .rodata.cmd_disable_spi_master
                0x00000000        0x1 C:\Users\Mike\AppData\Local\Temp\cciZfbzL.o
 .rodata.cmd_set_exposure_time
                0x00000000        0x1 C:\Users\Mike\AppData\Local\Temp\cciZfbzL.o
 .rodata.cmd_send_lis_frame
                0x00000000        0x1 C:\Users\Mike\AppData\Local\Temp\cciZfbzL.o
 .rodata.cmd_send_adc_frame
                0x00000000        0x1 C:\Users\Mike\AppData\Local\Temp\cciZfbzL.o
 .rodata.cmd_send_fake_adc_reading
                0x00000000        0x1 C:\Users\Mike\AppData\Local\Temp\cciZfbzL.o
 .rodata.cmd_send_adc_reading
                0x00000000        0x1 C:\Users\Mike\AppData\Local\Temp\cciZfbzL.o
 .rodata.cmd_send_dummy_frame
                0x00000000        0x1 C:\Users\Mike\AppData\Local\Temp\cciZfbzL.o
 .rodata.cmd_send_four_dummy_bytes
                0x00000000        0x1 C:\Users\Mike\AppData\Local\Temp\cciZfbzL.o
 .rodata.cmd_send_dummy_byte
                0x00000000        0x1 C:\Users\Mike\AppData\Local\Temp\cciZfbzL.o
 .rodata.Spi_DoubleClockRate
                0x00000000        0x1 C:\Users\Mike\AppData\Local\Temp\cciZfbzL.o
 .rodata.Spi_InterruptEnable
                0x00000000        0x1 C:\Users\Mike\AppData\Local\Temp\cciZfbzL.o
 .rodata.Spi_ClockRateBit1
                0x00000000        0x1 C:\Users\Mike\AppData\Local\Temp\cciZfbzL.o
 .rodata.Spi_ClockRateBit0
                0x00000000        0x1 C:\Users\Mike\AppData\Local\Temp\cciZfbzL.o
 .rodata.Spi_MasterSlaveSelect
                0x00000000        0x1 C:\Users\Mike\AppData\Local\Temp\cciZfbzL.o
 .rodata.Spi_Sck
                0x00000000        0x1 C:\Users\Mike\AppData\Local\Temp\cciZfbzL.o
 .rodata.Spi_Mosi
                0x00000000        0x1 C:\Users\Mike\AppData\Local\Temp\cciZfbzL.o
 .rodata.Spi_Ss
                0x00000000        0x1 C:\Users\Mike\AppData\Local\Temp\cciZfbzL.o
 .rodata.Spi_pin
                0x00000000        0x2 C:\Users\Mike\AppData\Local\Temp\cciZfbzL.o
 .text          0x00000000        0x0 C:\Users\Mike\AppData\Local\Temp\cc4XoI4T.o
 .data          0x00000000        0x0 C:\Users\Mike\AppData\Local\Temp\cc4XoI4T.o
 .bss           0x00000000        0x0 C:\Users\Mike\AppData\Local\Temp\cc4XoI4T.o
 .text.GlobalInterruptEnable_Implementation
                0x00000000        0x4 C:\Users\Mike\AppData\Local\Temp\cc4XoI4T.o
 .text.GlobalInterruptDisable_Implementation
                0x00000000        0x4 C:\Users\Mike\AppData\Local\Temp\cc4XoI4T.o
 .text.Delay3CpuCyclesPerTick_Implementation
                0x00000000        0x6 C:\Users\Mike\AppData\Local\Temp\cc4XoI4T.o
 .data.Delay3CpuCyclesPerTick
                0x00000000        0x2 C:\Users\Mike\AppData\Local\Temp\cc4XoI4T.o
 .data.GlobalInterruptDisable
                0x00000000        0x2 C:\Users\Mike\AppData\Local\Temp\cc4XoI4T.o
 .data.GlobalInterruptEnable
                0x00000000        0x2 C:\Users\Mike\AppData\Local\Temp\cc4XoI4T.o
 .debug_info    0x00000000      0x142 C:\Users\Mike\AppData\Local\Temp\cc4XoI4T.o
 .debug_abbrev  0x00000000       0xdd C:\Users\Mike\AppData\Local\Temp\cc4XoI4T.o
 .debug_loc     0x00000000       0x34 C:\Users\Mike\AppData\Local\Temp\cc4XoI4T.o
 .debug_aranges
                0x00000000       0x30 C:\Users\Mike\AppData\Local\Temp\cc4XoI4T.o
 .debug_ranges  0x00000000       0x20 C:\Users\Mike\AppData\Local\Temp\cc4XoI4T.o
 .debug_line    0x00000000      0x141 C:\Users\Mike\AppData\Local\Temp\cc4XoI4T.o
 .debug_str     0x00000000      0x202 C:\Users\Mike\AppData\Local\Temp\cc4XoI4T.o
 .comment       0x00000000       0x31 C:\Users\Mike\AppData\Local\Temp\cc4XoI4T.o
 .debug_frame   0x00000000       0x44 C:\Users\Mike\AppData\Local\Temp\cc4XoI4T.o
 .text          0x00000000        0x0 c:/program files (x86)/atmel/studio/7.0/toolchain/avr8/avr8-gnu-toolchain/bin/../lib/gcc/avr/5.4.0/avr5\libgcc.a(_udivmodsi4.o)
 .data          0x00000000        0x0 c:/program files (x86)/atmel/studio/7.0/toolchain/avr8/avr8-gnu-toolchain/bin/../lib/gcc/avr/5.4.0/avr5\libgcc.a(_udivmodsi4.o)
 .bss           0x00000000        0x0 c:/program files (x86)/atmel/studio/7.0/toolchain/avr8/avr8-gnu-toolchain/bin/../lib/gcc/avr/5.4.0/avr5\libgcc.a(_udivmodsi4.o)
 .text.libgcc.mul
                0x00000000        0x0 c:/program files (x86)/atmel/studio/7.0/toolchain/avr8/avr8-gnu-toolchain/bin/../lib/gcc/avr/5.4.0/avr5\libgcc.a(_udivmodsi4.o)
 .text.libgcc.div
                0x00000000       0x44 c:/program files (x86)/atmel/studio/7.0/toolchain/avr8/avr8-gnu-toolchain/bin/../lib/gcc/avr/5.4.0/avr5\libgcc.a(_udivmodsi4.o)
 .text.libgcc   0x00000000        0x0 c:/program files (x86)/atmel/studio/7.0/toolchain/avr8/avr8-gnu-toolchain/bin/../lib/gcc/avr/5.4.0/avr5\libgcc.a(_udivmodsi4.o)
 .text.libgcc.prologue
                0x00000000        0x0 c:/program files (x86)/atmel/studio/7.0/toolchain/avr8/avr8-gnu-toolchain/bin/../lib/gcc/avr/5.4.0/avr5\libgcc.a(_udivmodsi4.o)
 .text.libgcc.builtins
                0x00000000        0x0 c:/program files (x86)/atmel/studio/7.0/toolchain/avr8/avr8-gnu-toolchain/bin/../lib/gcc/avr/5.4.0/avr5\libgcc.a(_udivmodsi4.o)
 .text.libgcc.fmul
                0x00000000        0x0 c:/program files (x86)/atmel/studio/7.0/toolchain/avr8/avr8-gnu-toolchain/bin/../lib/gcc/avr/5.4.0/avr5\libgcc.a(_udivmodsi4.o)
 .text.libgcc.fixed
                0x00000000        0x0 c:/program files (x86)/atmel/studio/7.0/toolchain/avr8/avr8-gnu-toolchain/bin/../lib/gcc/avr/5.4.0/avr5\libgcc.a(_udivmodsi4.o)
 .text          0x00000000        0x0 c:/program files (x86)/atmel/studio/7.0/toolchain/avr8/avr8-gnu-toolchain/bin/../lib/gcc/avr/5.4.0/avr5\libgcc.a(_exit.o)
 .data          0x00000000        0x0 c:/program files (x86)/atmel/studio/7.0/toolchain/avr8/avr8-gnu-toolchain/bin/../lib/gcc/avr/5.4.0/avr5\libgcc.a(_exit.o)
 .bss           0x00000000        0x0 c:/program files (x86)/atmel/studio/7.0/toolchain/avr8/avr8-gnu-toolchain/bin/../lib/gcc/avr/5.4.0/avr5\libgcc.a(_exit.o)
 .text.libgcc.mul
                0x00000000        0x0 c:/program files (x86)/atmel/studio/7.0/toolchain/avr8/avr8-gnu-toolchain/bin/../lib/gcc/avr/5.4.0/avr5\libgcc.a(_exit.o)
 .text.libgcc.div
                0x00000000        0x0 c:/program files (x86)/atmel/studio/7.0/toolchain/avr8/avr8-gnu-toolchain/bin/../lib/gcc/avr/5.4.0/avr5\libgcc.a(_exit.o)
 .text.libgcc   0x00000000        0x0 c:/program files (x86)/atmel/studio/7.0/toolchain/avr8/avr8-gnu-toolchain/bin/../lib/gcc/avr/5.4.0/avr5\libgcc.a(_exit.o)
 .text.libgcc.prologue
                0x00000000        0x0 c:/program files (x86)/atmel/studio/7.0/toolchain/avr8/avr8-gnu-toolchain/bin/../lib/gcc/avr/5.4.0/avr5\libgcc.a(_exit.o)
 .text.libgcc.builtins
                0x00000000        0x0 c:/program files (x86)/atmel/studio/7.0/toolchain/avr8/avr8-gnu-toolchain/bin/../lib/gcc/avr/5.4.0/avr5\libgcc.a(_exit.o)
 .text.libgcc.fmul
                0x00000000        0x0 c:/program files (x86)/atmel/studio/7.0/toolchain/avr8/avr8-gnu-toolchain/bin/../lib/gcc/avr/5.4.0/avr5\libgcc.a(_exit.o)
 .text.libgcc.fixed
                0x00000000        0x0 c:/program files (x86)/atmel/studio/7.0/toolchain/avr8/avr8-gnu-toolchain/bin/../lib/gcc/avr/5.4.0/avr5\libgcc.a(_exit.o)
 .text          0x00000000        0x0 c:/program files (x86)/atmel/studio/7.0/toolchain/avr8/avr8-gnu-toolchain/bin/../lib/gcc/avr/5.4.0/avr5\libgcc.a(_copy_data.o)
 .data          0x00000000        0x0 c:/program files (x86)/atmel/studio/7.0/toolchain/avr8/avr8-gnu-toolchain/bin/../lib/gcc/avr/5.4.0/avr5\libgcc.a(_copy_data.o)
 .bss           0x00000000        0x0 c:/program files (x86)/atmel/studio/7.0/toolchain/avr8/avr8-gnu-toolchain/bin/../lib/gcc/avr/5.4.0/avr5\libgcc.a(_copy_data.o)
 .text.libgcc.mul
                0x00000000        0x0 c:/program files (x86)/atmel/studio/7.0/toolchain/avr8/avr8-gnu-toolchain/bin/../lib/gcc/avr/5.4.0/avr5\libgcc.a(_copy_data.o)
 .text.libgcc.div
                0x00000000        0x0 c:/program files (x86)/atmel/studio/7.0/toolchain/avr8/avr8-gnu-toolchain/bin/../lib/gcc/avr/5.4.0/avr5\libgcc.a(_copy_data.o)
 .text.libgcc   0x00000000        0x0 c:/program files (x86)/atmel/studio/7.0/toolchain/avr8/avr8-gnu-toolchain/bin/../lib/gcc/avr/5.4.0/avr5\libgcc.a(_copy_data.o)
 .text.libgcc.prologue
                0x00000000        0x0 c:/program files (x86)/atmel/studio/7.0/toolchain/avr8/avr8-gnu-toolchain/bin/../lib/gcc/avr/5.4.0/avr5\libgcc.a(_copy_data.o)
 .text.libgcc.builtins
                0x00000000        0x0 c:/program files (x86)/atmel/studio/7.0/toolchain/avr8/avr8-gnu-toolchain/bin/../lib/gcc/avr/5.4.0/avr5\libgcc.a(_copy_data.o)
 .text.libgcc.fmul
                0x00000000        0x0 c:/program files (x86)/atmel/studio/7.0/toolchain/avr8/avr8-gnu-toolchain/bin/../lib/gcc/avr/5.4.0/avr5\libgcc.a(_copy_data.o)
 .text.libgcc.fixed
                0x00000000        0x0 c:/program files (x86)/atmel/studio/7.0/toolchain/avr8/avr8-gnu-toolchain/bin/../lib/gcc/avr/5.4.0/avr5\libgcc.a(_copy_data.o)
 .text          0x00000000        0x0 c:/program files (x86)/atmel/studio/7.0/toolchain/avr8/avr8-gnu-toolchain/bin/../lib/gcc/avr/5.4.0/avr5\libgcc.a(_clear_bss.o)
 .data          0x00000000        0x0 c:/program files (x86)/atmel/studio/7.0/toolchain/avr8/avr8-gnu-toolchain/bin/../lib/gcc/avr/5.4.0/avr5\libgcc.a(_clear_bss.o)
 .bss           0x00000000        0x0 c:/program files (x86)/atmel/studio/7.0/toolchain/avr8/avr8-gnu-toolchain/bin/../lib/gcc/avr/5.4.0/avr5\libgcc.a(_clear_bss.o)
 .text.libgcc.mul
                0x00000000        0x0 c:/program files (x86)/atmel/studio/7.0/toolchain/avr8/avr8-gnu-toolchain/bin/../lib/gcc/avr/5.4.0/avr5\libgcc.a(_clear_bss.o)
 .text.libgcc.div
                0x00000000        0x0 c:/program files (x86)/atmel/studio/7.0/toolchain/avr8/avr8-gnu-toolchain/bin/../lib/gcc/avr/5.4.0/avr5\libgcc.a(_clear_bss.o)
 .text.libgcc   0x00000000        0x0 c:/program files (x86)/atmel/studio/7.0/toolchain/avr8/avr8-gnu-toolchain/bin/../lib/gcc/avr/5.4.0/avr5\libgcc.a(_clear_bss.o)
 .text.libgcc.prologue
                0x00000000        0x0 c:/program files (x86)/atmel/studio/7.0/toolchain/avr8/avr8-gnu-toolchain/bin/../lib/gcc/avr/5.4.0/avr5\libgcc.a(_clear_bss.o)
 .text.libgcc.builtins
                0x00000000        0x0 c:/program files (x86)/atmel/studio/7.0/toolchain/avr8/avr8-gnu-toolchain/bin/../lib/gcc/avr/5.4.0/avr5\libgcc.a(_clear_bss.o)
 .text.libgcc.fmul
                0x00000000        0x0 c:/program files (x86)/atmel/studio/7.0/toolchain/avr8/avr8-gnu-toolchain/bin/../lib/gcc/avr/5.4.0/avr5\libgcc.a(_clear_bss.o)
 .text.libgcc.fixed
                0x00000000        0x0 c:/program files (x86)/atmel/studio/7.0/toolchain/avr8/avr8-gnu-toolchain/bin/../lib/gcc/avr/5.4.0/avr5\libgcc.a(_clear_bss.o)
 .text          0x00000000        0x0 c:/program files (x86)/atmel/studio/7.0/toolchain/avr8/avr8-gnu-toolchain/bin/../lib/gcc/avr/5.4.0/avr5\libgcc.a(_umulhisi3.o)
 .data          0x00000000        0x0 c:/program files (x86)/atmel/studio/7.0/toolchain/avr8/avr8-gnu-toolchain/bin/../lib/gcc/avr/5.4.0/avr5\libgcc.a(_umulhisi3.o)
 .bss           0x00000000        0x0 c:/program files (x86)/atmel/studio/7.0/toolchain/avr8/avr8-gnu-toolchain/bin/../lib/gcc/avr/5.4.0/avr5\libgcc.a(_umulhisi3.o)
 .text.libgcc.mul
                0x00000000       0x1e c:/program files (x86)/atmel/studio/7.0/toolchain/avr8/avr8-gnu-toolchain/bin/../lib/gcc/avr/5.4.0/avr5\libgcc.a(_umulhisi3.o)
 .text.libgcc.div
                0x00000000        0x0 c:/program files (x86)/atmel/studio/7.0/toolchain/avr8/avr8-gnu-toolchain/bin/../lib/gcc/avr/5.4.0/avr5\libgcc.a(_umulhisi3.o)
 .text.libgcc   0x00000000        0x0 c:/program files (x86)/atmel/studio/7.0/toolchain/avr8/avr8-gnu-toolchain/bin/../lib/gcc/avr/5.4.0/avr5\libgcc.a(_umulhisi3.o)
 .text.libgcc.prologue
                0x00000000        0x0 c:/program files (x86)/atmel/studio/7.0/toolchain/avr8/avr8-gnu-toolchain/bin/../lib/gcc/avr/5.4.0/avr5\libgcc.a(_umulhisi3.o)
 .text.libgcc.builtins
                0x00000000        0x0 c:/program files (x86)/atmel/studio/7.0/toolchain/avr8/avr8-gnu-toolchain/bin/../lib/gcc/avr/5.4.0/avr5\libgcc.a(_umulhisi3.o)
 .text.libgcc.fmul
                0x00000000        0x0 c:/program files (x86)/atmel/studio/7.0/toolchain/avr8/avr8-gnu-toolchain/bin/../lib/gcc/avr/5.4.0/avr5\libgcc.a(_umulhisi3.o)
 .text.libgcc.fixed
                0x00000000        0x0 c:/program files (x86)/atmel/studio/7.0/toolchain/avr8/avr8-gnu-toolchain/bin/../lib/gcc/avr/5.4.0/avr5\libgcc.a(_umulhisi3.o)

Memory Configuration

Name             Origin             Length             Attributes
text             0x00000000         0x00020000         xr
data             0x00800060         0x0000ffa0         rw !x
eeprom           0x00810000         0x00010000         rw !x
fuse             0x00820000         0x00000003         rw !x
lock             0x00830000         0x00000400         rw !x
signature        0x00840000         0x00000400         rw !x
user_signatures  0x00850000         0x00000400         rw !x
*default*        0x00000000         0xffffffff

Linker script and memory map

Address of section .data set to 0x800100
LOAD c:/program files (x86)/atmel/studio/7.0/toolchain/avr8/avr8-gnu-toolchain/bin/../lib/gcc/avr/5.4.0/../../../../avr/lib/avr5/crtatmega328p.o
LOAD build/ReadWriteBits.o
LOAD build/BiColorLed.o
LOAD build/Spi.o
LOAD build/UartSpi.o
LOAD build/Lis.o
LOAD build/Pwm.o
LOAD build/SensorVis.o
LOAD C:\Users\Mike\AppData\Local\Temp\cciZfbzL.o
LOAD C:\Users\Mike\AppData\Local\Temp\cc4XoI4T.o
START GROUP
LOAD c:/program files (x86)/atmel/studio/7.0/toolchain/avr8/avr8-gnu-toolchain/bin/../lib/gcc/avr/5.4.0/avr5\libgcc.a
LOAD c:/program files (x86)/atmel/studio/7.0/toolchain/avr8/avr8-gnu-toolchain/bin/../lib/gcc/avr/5.4.0/../../../../avr/lib/avr5\libm.a
LOAD c:/program files (x86)/atmel/studio/7.0/toolchain/avr8/avr8-gnu-toolchain/bin/../lib/gcc/avr/5.4.0/../../../../avr/lib/avr5\libc.a
LOAD c:/program files (x86)/atmel/studio/7.0/toolchain/avr8/avr8-gnu-toolchain/bin/../lib/gcc/avr/5.4.0/../../../../avr/lib/avr5\libatmega328p.a
END GROUP
                0x00020000                __TEXT_REGION_LENGTH__ = DEFINED (__TEXT_REGION_LENGTH__)?__TEXT_REGION_LENGTH__:0x20000
                0x0000ffa0                __DATA_REGION_LENGTH__ = DEFINED (__DATA_REGION_LENGTH__)?__DATA_REGION_LENGTH__:0xffa0
                0x00010000                __EEPROM_REGION_LENGTH__ = DEFINED (__EEPROM_REGION_LENGTH__)?__EEPROM_REGION_LENGTH__:0x10000
                [0x00000003]                __FUSE_REGION_LENGTH__ = DEFINED (__FUSE_REGION_LENGTH__)?__FUSE_REGION_LENGTH__:0x400
                0x00000400                __LOCK_REGION_LENGTH__ = DEFINED (__LOCK_REGION_LENGTH__)?__LOCK_REGION_LENGTH__:0x400
                0x00000400                __SIGNATURE_REGION_LENGTH__ = DEFINED (__SIGNATURE_REGION_LENGTH__)?__SIGNATURE_REGION_LENGTH__:0x400
                0x00000400                __USER_SIGNATURE_REGION_LENGTH__ = DEFINED (__USER_SIGNATURE_REGION_LENGTH__)?__USER_SIGNATURE_REGION_LENGTH__:0x400

.hash
 *(.hash)

.dynsym
 *(.dynsym)

.dynstr
 *(.dynstr)

.gnu.version
 *(.gnu.version)

.gnu.version_d
 *(.gnu.version_d)

.gnu.version_r
 *(.gnu.version_r)

.rel.init
 *(.rel.init)

.rela.init
 *(.rela.init)

.rel.text
 *(.rel.text)
 *(.rel.text.*)
 *(.rel.gnu.linkonce.t*)

.rela.text
 *(.rela.text)
 *(.rela.text.*)
 *(.rela.gnu.linkonce.t*)

.rel.fini
 *(.rel.fini)

.rela.fini
 *(.rela.fini)

.rel.rodata
 *(.rel.rodata)
 *(.rel.rodata.*)
 *(.rel.gnu.linkonce.r*)

.rela.rodata
 *(.rela.rodata)
 *(.rela.rodata.*)
 *(.rela.gnu.linkonce.r*)

.rel.data
 *(.rel.data)
 *(.rel.data.*)
 *(.rel.gnu.linkonce.d*)

.rela.data
 *(.rela.data)
 *(.rela.data.*)
 *(.rela.gnu.linkonce.d*)

.rel.ctors
 *(.rel.ctors)

.rela.ctors
 *(.rela.ctors)

.rel.dtors
 *(.rel.dtors)

.rela.dtors
 *(.rela.dtors)

.rel.got
 *(.rel.got)

.rela.got
 *(.rela.got)

.rel.bss
 *(.rel.bss)

.rela.bss
 *(.rela.bss)

.rel.plt
 *(.rel.plt)

.rela.plt
 *(.rela.plt)

.text           0x00000000      0xa22
 *(.vectors)
 .vectors       0x00000000       0x68 c:/program files (x86)/atmel/studio/7.0/toolchain/avr8/avr8-gnu-toolchain/bin/../lib/gcc/avr/5.4.0/../../../../avr/lib/avr5/crtatmega328p.o
                0x00000000                __vector_default
                0x00000000                __vectors
 *(.vectors)
 *(.progmem.gcc*)
                0x00000068                . = ALIGN (0x2)
                0x00000068                __trampolines_start = .
 *(.trampolines)
 .trampolines   0x00000068        0x0 linker stubs
 *(.trampolines*)
                0x00000068                __trampolines_end = .
 *libprintf_flt.a:*(.progmem.data)
 *libc.a:*(.progmem.data)
 *(.progmem*)
                0x00000068                . = ALIGN (0x2)
 *(.jumptables)
 *(.jumptables*)
 *(.lowtext)
 *(.lowtext*)
                0x00000068                __ctors_start = .
 *(.ctors)
                0x00000068                __ctors_end = .
                0x00000068                __dtors_start = .
 *(.dtors)
                0x00000068                __dtors_end = .
 SORT(*)(.ctors)
 SORT(*)(.dtors)
 *(.init0)
 .init0         0x00000068        0x0 c:/program files (x86)/atmel/studio/7.0/toolchain/avr8/avr8-gnu-toolchain/bin/../lib/gcc/avr/5.4.0/../../../../avr/lib/avr5/crtatmega328p.o
                0x00000068                __init
 *(.init0)
 *(.init1)
 *(.init1)
 *(.init2)
 .init2         0x00000068        0xc c:/program files (x86)/atmel/studio/7.0/toolchain/avr8/avr8-gnu-toolchain/bin/../lib/gcc/avr/5.4.0/../../../../avr/lib/avr5/crtatmega328p.o
 *(.init2)
 *(.init3)
 *(.init3)
 *(.init4)
 .init4         0x00000074       0x16 c:/program files (x86)/atmel/studio/7.0/toolchain/avr8/avr8-gnu-toolchain/bin/../lib/gcc/avr/5.4.0/avr5\libgcc.a(_copy_data.o)
                0x00000074                __do_copy_data
 .init4         0x0000008a       0x10 c:/program files (x86)/atmel/studio/7.0/toolchain/avr8/avr8-gnu-toolchain/bin/../lib/gcc/avr/5.4.0/avr5\libgcc.a(_clear_bss.o)
                0x0000008a                __do_clear_bss
 *(.init4)
 *(.init5)
 *(.init5)
 *(.init6)
 *(.init6)
 *(.init7)
 *(.init7)
 *(.init8)
 *(.init8)
 *(.init9)
 .init9         0x0000009a        0x8 c:/program files (x86)/atmel/studio/7.0/toolchain/avr8/avr8-gnu-toolchain/bin/../lib/gcc/avr/5.4.0/../../../../avr/lib/avr5/crtatmega328p.o
 *(.init9)
 *(.text)
 .text          0x000000a2        0x4 c:/program files (x86)/atmel/studio/7.0/toolchain/avr8/avr8-gnu-toolchain/bin/../lib/gcc/avr/5.4.0/../../../../avr/lib/avr5/crtatmega328p.o
                0x000000a2                __vector_22
                0x000000a2                __vector_1
                0x000000a2                __vector_24
                0x000000a2                __vector_12
                0x000000a2                __bad_interrupt
                0x000000a2                __vector_6
                0x000000a2                __vector_3
                0x000000a2                __vector_23
                0x000000a2                __vector_25
                0x000000a2                __vector_11
                0x000000a2                __vector_13
                0x000000a2                __vector_19
                0x000000a2                __vector_7
                0x000000a2                __vector_5
                0x000000a2                __vector_4
                0x000000a2                __vector_9
                0x000000a2                __vector_2
                0x000000a2                __vector_21
                0x000000a2                __vector_8
                0x000000a2                __vector_10
                0x000000a2                __vector_16
                0x000000a2                __vector_18
                0x000000a2                __vector_20
                0x000000a6                . = ALIGN (0x2)
 *(.text.*)
 .text.ClearPendingSpiInterrupt_Implementation
                0x000000a6       0x14 build/Spi.o
 .text.ReadSpiStatusRegister_Implementation
                0x000000ba        0xc build/Spi.o
 .text.DisableSpi_Implementation
                0x000000c6       0x24 build/Spi.o
 .text.EnableSpi_Implementation
                0x000000ea       0x22 build/Spi.o
 .text.SpiTransferIsDone_Implementation
                0x0000010c       0x2c build/Spi.o
 .text.ReadSpiDataRegister_Implementation
                0x00000138        0xc build/Spi.o
 .text.SpiSlaveSignalDataIsReady_Implementation
                0x00000144       0x36 build/Spi.o
 .text.WriteSpiDataRegister_Implementation
                0x0000017a        0xc build/Spi.o
 .text.SpiSlaveInit
                0x00000186       0x4c build/Spi.o
                0x00000186                SpiSlaveInit
 .text.SpiSlaveSendBytes
                0x000001d2       0x5e build/Spi.o
                0x000001d2                SpiSlaveSendBytes
 .text.StartAdcReadout
                0x00000230       0x24 build/UartSpi.o
 .text.UartSpiInit
                0x00000254      0x11a build/UartSpi.o
                0x00000254                UartSpiInit
 .text.LisRunClkAt50kHz_Implementation
                0x0000036e       0x3c build/Lis.o
 .text.LisClkOn_Implementation
                0x000003aa        0xa build/Lis.o
 .text.LisWriteCfg
                0x000003b4      0x1bc build/Lis.o
                0x000003b4                LisWriteCfg
 .text.LisInit  0x00000570       0xa4 build/Lis.o
                0x00000570                LisInit
 .text.ResetCounterAtTop
                0x00000614       0x38 build/Pwm.o
 .text.TopIsOcr0a
                0x0000064c       0x22 build/Pwm.o
 .text.PwmClkIsCpuClk_Implementation
                0x0000066e       0x54 build/Pwm.o
 .text.EnableOutputSetUntilMatch
                0x000006c2       0x3c build/Pwm.o
 .text.NullCommand
                0x000006fe        0x2 build/SensorVis.o
                0x000006fe                NullCommand
 .text.ReadSpiMaster_Implementation
                0x00000700       0x56 build/SensorVis.o
 .text.WriteSpiMaster_Implementation
                0x00000756       0x12 build/SensorVis.o
 .text.GetSensorLED
                0x00000768      0x12e build/SensorVis.o
                0x00000768                GetSensorLED
 .text.SensorCfgLis
                0x00000896       0x30 build/SensorVis.o
                0x00000896                SensorCfgLis
 .text.LookupSensorCmd
                0x000008c6       0x1c build/SensorVis.o
                0x000008c6                LookupSensorCmd
 .text.LedsShowError
                0x000008e2       0x38 build/SensorVis.o
                0x000008e2                LedsShowError
 .text.ReplyCommandInvalid
                0x0000091a       0x28 build/SensorVis.o
                0x0000091a                ReplyCommandInvalid
 .text.startup.main
                0x00000942       0x62 C:\Users\Mike\AppData\Local\Temp\cciZfbzL.o
                0x00000942                main
 .text.__vector_17
                0x000009a4       0x4e C:\Users\Mike\AppData\Local\Temp\cciZfbzL.o
                0x000009a4                __vector_17
 .text.__vector_14
                0x000009f2       0x16 C:\Users\Mike\AppData\Local\Temp\cciZfbzL.o
                0x000009f2                __vector_14
 .text.__vector_15
                0x00000a08       0x16 C:\Users\Mike\AppData\Local\Temp\cciZfbzL.o
                0x00000a08                __vector_15
                0x00000a1e                . = ALIGN (0x2)
 *(.fini9)
 .fini9         0x00000a1e        0x0 c:/program files (x86)/atmel/studio/7.0/toolchain/avr8/avr8-gnu-toolchain/bin/../lib/gcc/avr/5.4.0/avr5\libgcc.a(_exit.o)
                0x00000a1e                _exit
                0x00000a1e                exit
 *(.fini9)
 *(.fini8)
 *(.fini8)
 *(.fini7)
 *(.fini7)
 *(.fini6)
 *(.fini6)
 *(.fini5)
 *(.fini5)
 *(.fini4)
 *(.fini4)
 *(.fini3)
 *(.fini3)
 *(.fini2)
 *(.fini2)
 *(.fini1)
 *(.fini1)
 *(.fini0)
 .fini0         0x00000a1e        0x4 c:/program files (x86)/atmel/studio/7.0/toolchain/avr8/avr8-gnu-toolchain/bin/../lib/gcc/avr/5.4.0/avr5\libgcc.a(_exit.o)
 *(.fini0)
                0x00000a22                _etext = .

.data           0x00800100       0x72 load address 0x00000a22
                0x00800100                PROVIDE (__data_start, .)
 *(.data)
 *(.data*)
 .data.WriteSpiDataRegister
                0x00800100        0x2 build/Spi.o
                0x00800100                WriteSpiDataRegister
 .data.SpiSlaveSignalDataIsReady
                0x00800102        0x2 build/Spi.o
                0x00800102                SpiSlaveSignalDataIsReady
 .data.ReadSpiDataRegister
                0x00800104        0x2 build/Spi.o
                0x00800104                ReadSpiDataRegister
 .data.SpiTransferIsDone
                0x00800106        0x2 build/Spi.o
                0x00800106                SpiTransferIsDone
 .data.EnableSpi
                0x00800108        0x2 build/Spi.o
                0x00800108                EnableSpi
 .data.DisableSpi
                0x0080010a        0x2 build/Spi.o
                0x0080010a                DisableSpi
 .data.ReadSpiStatusRegister
                0x0080010c        0x2 build/Spi.o
                0x0080010c                ReadSpiStatusRegister
 .data.ClearPendingSpiInterrupt
                0x0080010e        0x2 build/Spi.o
                0x0080010e                ClearPendingSpiInterrupt
 .data.LisClkOn
                0x00800110        0x2 build/Lis.o
                0x00800110                LisClkOn
 .data.LisRunClkAt50kHz
                0x00800112        0x2 build/Lis.o
                0x00800112                LisRunClkAt50kHz
 .data.PwmEnableOutputSetUntilMatch
                0x00800114        0x2 build/Pwm.o
                0x00800114                PwmEnableOutputSetUntilMatch
 .data.PwmClkIsCpuClk
                0x00800116        0x2 build/Pwm.o
                0x00800116                PwmClkIsCpuClk
 .data.PwmTopIsOcr0a
                0x00800118        0x2 build/Pwm.o
                0x00800118                PwmTopIsOcr0a
 .data.PwmResetCounterAtTop
                0x0080011a        0x2 build/Pwm.o
                0x0080011a                PwmResetCounterAtTop
 .data.ReadSpiMaster
                0x0080011c        0x2 build/SensorVis.o
                0x0080011c                ReadSpiMaster
 .data.WriteSpiMaster
                0x0080011e        0x2 build/SensorVis.o
                0x0080011e                WriteSpiMaster
 *(.gnu.linkonce.d*)
 *(.rodata)
 *(.rodata*)
 .rodata.pf.2024
                0x00800120        0xa build/SensorVis.o
 .rodata.led_1  0x0080012a        0x1 build/SensorVis.o
                0x0080012a                led_1
 .rodata.led_0  0x0080012b        0x1 build/SensorVis.o
                0x0080012b                led_0
 .rodata.Pwm_Ocf0b
                0x0080012c        0x1 C:\Users\Mike\AppData\Local\Temp\cciZfbzL.o
                0x0080012c                Pwm_Ocf0b
 .rodata.Pwm_Ocf0a
                0x0080012d        0x1 C:\Users\Mike\AppData\Local\Temp\cciZfbzL.o
                0x0080012d                Pwm_Ocf0a
 .rodata.Pwm_Com0b1
                0x0080012e        0x1 C:\Users\Mike\AppData\Local\Temp\cciZfbzL.o
                0x0080012e                Pwm_Com0b1
 .rodata.Pwm_Com0b0
                0x0080012f        0x1 C:\Users\Mike\AppData\Local\Temp\cciZfbzL.o
                0x0080012f                Pwm_Com0b0
 .rodata.Pwm_Cs02
                0x00800130        0x1 C:\Users\Mike\AppData\Local\Temp\cciZfbzL.o
                0x00800130                Pwm_Cs02
 .rodata.Pwm_Cs01
                0x00800131        0x1 C:\Users\Mike\AppData\Local\Temp\cciZfbzL.o
                0x00800131                Pwm_Cs01
 .rodata.Pwm_Cs00
                0x00800132        0x1 C:\Users\Mike\AppData\Local\Temp\cciZfbzL.o
                0x00800132                Pwm_Cs00
 .rodata.Pwm_Wgm02
                0x00800133        0x1 C:\Users\Mike\AppData\Local\Temp\cciZfbzL.o
                0x00800133                Pwm_Wgm02
 .rodata.Pwm_Wgm01
                0x00800134        0x1 C:\Users\Mike\AppData\Local\Temp\cciZfbzL.o
                0x00800134                Pwm_Wgm01
 .rodata.Pwm_Wgm00
                0x00800135        0x1 C:\Users\Mike\AppData\Local\Temp\cciZfbzL.o
                0x00800135                Pwm_Wgm00
 .rodata.Pwm_tifr0
                0x00800136        0x2 C:\Users\Mike\AppData\Local\Temp\cciZfbzL.o
                0x00800136                Pwm_tifr0
 .rodata.Pwm_tccr0b
                0x00800138        0x2 C:\Users\Mike\AppData\Local\Temp\cciZfbzL.o
                0x00800138                Pwm_tccr0b
 .rodata.Pwm_tccr0a
                0x0080013a        0x2 C:\Users\Mike\AppData\Local\Temp\cciZfbzL.o
                0x0080013a                Pwm_tccr0a
 .rodata.Lis_Sync
                0x0080013c        0x1 C:\Users\Mike\AppData\Local\Temp\cciZfbzL.o
                0x0080013c                Lis_Sync
 .rodata.Lis_Rst
                0x0080013d        0x1 C:\Users\Mike\AppData\Local\Temp\cciZfbzL.o
                0x0080013d                Lis_Rst
 .rodata.Lis_Clk
                0x0080013e        0x1 C:\Users\Mike\AppData\Local\Temp\cciZfbzL.o
                0x0080013e                Lis_Clk
 .rodata.Lis_PixSelect
                0x0080013f        0x1 C:\Users\Mike\AppData\Local\Temp\cciZfbzL.o
                0x0080013f                Lis_PixSelect
 .rodata.Lis_clkth
                0x00800140        0x2 C:\Users\Mike\AppData\Local\Temp\cciZfbzL.o
                0x00800140                Lis_clkth
 .rodata.Lis_clktop
                0x00800142        0x2 C:\Users\Mike\AppData\Local\Temp\cciZfbzL.o
                0x00800142                Lis_clktop
 .rodata.Lis_port2
                0x00800144        0x2 C:\Users\Mike\AppData\Local\Temp\cciZfbzL.o
                0x00800144                Lis_port2
 .rodata.Lis_port1
                0x00800146        0x2 C:\Users\Mike\AppData\Local\Temp\cciZfbzL.o
                0x00800146                Lis_port1
 .rodata.Lis_ddr2
                0x00800148        0x2 C:\Users\Mike\AppData\Local\Temp\cciZfbzL.o
                0x00800148                Lis_ddr2
 .rodata.Lis_ddr1
                0x0080014a        0x2 C:\Users\Mike\AppData\Local\Temp\cciZfbzL.o
                0x0080014a                Lis_ddr1
 .rodata.UartSpi_DataOrder
                0x0080014c        0x1 C:\Users\Mike\AppData\Local\Temp\cciZfbzL.o
                0x0080014c                UartSpi_DataOrder
 .rodata.UartSpi_ClockPhase
                0x0080014d        0x1 C:\Users\Mike\AppData\Local\Temp\cciZfbzL.o
                0x0080014d                UartSpi_ClockPhase
 .rodata.UartSpi_ClockPolarity
                0x0080014e        0x1 C:\Users\Mike\AppData\Local\Temp\cciZfbzL.o
                0x0080014e                UartSpi_ClockPolarity
 .rodata.UartSpi_TxEnable
                0x0080014f        0x1 C:\Users\Mike\AppData\Local\Temp\cciZfbzL.o
                0x0080014f                UartSpi_TxEnable
 .rodata.UartSpi_RxEnable
                0x00800150        0x1 C:\Users\Mike\AppData\Local\Temp\cciZfbzL.o
                0x00800150                UartSpi_RxEnable
 .rodata.UartSpi_ModeSelect1
                0x00800151        0x1 C:\Users\Mike\AppData\Local\Temp\cciZfbzL.o
                0x00800151                UartSpi_ModeSelect1
 .rodata.UartSpi_ModeSelect0
                0x00800152        0x1 C:\Users\Mike\AppData\Local\Temp\cciZfbzL.o
                0x00800152                UartSpi_ModeSelect0
 .rodata.UartSpi_Sck
                0x00800153        0x1 C:\Users\Mike\AppData\Local\Temp\cciZfbzL.o
                0x00800153                UartSpi_Sck
 .rodata.UartSpi_AdcConv
                0x00800154        0x1 C:\Users\Mike\AppData\Local\Temp\cciZfbzL.o
                0x00800154                UartSpi_AdcConv
 .rodata.UartSpi_br
                0x00800155        0x2 C:\Users\Mike\AppData\Local\Temp\cciZfbzL.o
                0x00800155                UartSpi_br
 .rodata.UartSpi_csrc
                0x00800157        0x2 C:\Users\Mike\AppData\Local\Temp\cciZfbzL.o
                0x00800157                UartSpi_csrc
 .rodata.UartSpi_csrb
                0x00800159        0x2 C:\Users\Mike\AppData\Local\Temp\cciZfbzL.o
                0x00800159                UartSpi_csrb
 .rodata.UartSpi_port
                0x0080015b        0x2 C:\Users\Mike\AppData\Local\Temp\cciZfbzL.o
                0x0080015b                UartSpi_port
 .rodata.UartSpi_ddr
                0x0080015d        0x2 C:\Users\Mike\AppData\Local\Temp\cciZfbzL.o
                0x0080015d                UartSpi_ddr
 .rodata.Spi_InterruptFlag
                0x0080015f        0x1 C:\Users\Mike\AppData\Local\Temp\cciZfbzL.o
                0x0080015f                Spi_InterruptFlag
 .rodata.Spi_Enable
                0x00800160        0x1 C:\Users\Mike\AppData\Local\Temp\cciZfbzL.o
                0x00800160                Spi_Enable
 .rodata.Spi_Miso
                0x00800161        0x1 C:\Users\Mike\AppData\Local\Temp\cciZfbzL.o
                0x00800161                Spi_Miso
 .rodata.Spi_spdr
                0x00800162        0x2 C:\Users\Mike\AppData\Local\Temp\cciZfbzL.o
                0x00800162                Spi_spdr
 .rodata.Spi_spsr
                0x00800164        0x2 C:\Users\Mike\AppData\Local\Temp\cciZfbzL.o
                0x00800164                Spi_spsr
 .rodata.Spi_spcr
                0x00800166        0x2 C:\Users\Mike\AppData\Local\Temp\cciZfbzL.o
                0x00800166                Spi_spcr
 .rodata.Spi_port
                0x00800168        0x2 C:\Users\Mike\AppData\Local\Temp\cciZfbzL.o
                0x00800168                Spi_port
 .rodata.Spi_ddr
                0x0080016a        0x2 C:\Users\Mike\AppData\Local\Temp\cciZfbzL.o
                0x0080016a                Spi_ddr
 .rodata.led_Done
                0x0080016c        0x1 C:\Users\Mike\AppData\Local\Temp\cciZfbzL.o
                0x0080016c                led_Done
 .rodata.led_TxRx
                0x0080016d        0x1 C:\Users\Mike\AppData\Local\Temp\cciZfbzL.o
                0x0080016d                led_TxRx
 .rodata.BiColorLed_port
                0x0080016e        0x2 C:\Users\Mike\AppData\Local\Temp\cciZfbzL.o
                0x0080016e                BiColorLed_port
 .rodata.BiColorLed_ddr
                0x00800170        0x2 C:\Users\Mike\AppData\Local\Temp\cciZfbzL.o
                0x00800170                BiColorLed_ddr
 *(.gnu.linkonce.r*)
                0x00800172                . = ALIGN (0x2)
                0x00800172                _edata = .
                0x00800172                PROVIDE (__data_end, .)

.bss            0x00800172      0x622
                0x00800172                PROVIDE (__bss_start, .)
 *(.bss)
 *(.bss*)
 *(COMMON)
 COMMON         0x00800172      0x622 C:\Users\Mike\AppData\Local\Temp\cciZfbzL.o
                0x00800172                DoTaskForThisTest
                0x00800174                full_frame
                0x00800794                PROVIDE (__bss_end, .)
                0x00000a22                __data_load_start = LOADADDR (.data)
                0x00000a94                __data_load_end = (__data_load_start + SIZEOF (.data))

.noinit         0x00800794        0x0
                [!provide]                PROVIDE (__noinit_start, .)
 *(.noinit*)
                [!provide]                PROVIDE (__noinit_end, .)
                0x00800794                _end = .
                [!provide]                PROVIDE (__heap_start, .)

.eeprom         0x00810000        0x0
 *(.eeprom*)
                0x00810000                __eeprom_end = .

.fuse
 *(.fuse)
 *(.lfuse)
 *(.hfuse)
 *(.efuse)

.lock
 *(.lock*)

.signature
 *(.signature*)

.user_signatures
 *(.user_signatures*)

.stab
 *(.stab)

.stabstr
 *(.stabstr)

.stab.excl
 *(.stab.excl)

.stab.exclstr
 *(.stab.exclstr)

.stab.index
 *(.stab.index)

.stab.indexstr
 *(.stab.indexstr)

.comment        0x00000000       0x30
 *(.comment)
 .comment       0x00000000       0x30 build/Spi.o
                                 0x31 (size before relaxing)
 .comment       0x00000030       0x31 build/UartSpi.o
 .comment       0x00000030       0x31 build/Lis.o
 .comment       0x00000030       0x31 build/Pwm.o
 .comment       0x00000030       0x31 build/SensorVis.o
 .comment       0x00000030       0x31 C:\Users\Mike\AppData\Local\Temp\cciZfbzL.o

.note.gnu.avr.deviceinfo
                0x00000000       0x40
 .note.gnu.avr.deviceinfo
                0x00000000       0x40 c:/program files (x86)/atmel/studio/7.0/toolchain/avr8/avr8-gnu-toolchain/bin/../lib/gcc/avr/5.4.0/../../../../avr/lib/avr5/crtatmega328p.o

.note.gnu.build-id
 *(.note.gnu.build-id)

.debug
 *(.debug)

.line
 *(.line)

.debug_srcinfo
 *(.debug_srcinfo)

.debug_sfnames
 *(.debug_sfnames)

.debug_aranges  0x00000000      0x428
 *(.debug_aranges)
 .debug_aranges
                0x00000000      0x110 build/Spi.o
 .debug_aranges
                0x00000110       0x60 build/UartSpi.o
 .debug_aranges
                0x00000170       0x60 build/Lis.o
 .debug_aranges
                0x000001d0       0x48 build/Pwm.o
 .debug_aranges
                0x00000218       0x68 build/SensorVis.o
 .debug_aranges
                0x00000280      0x1a8 C:\Users\Mike\AppData\Local\Temp\cciZfbzL.o

.debug_pubnames
 *(.debug_pubnames)

.debug_info     0x00000000     0x7763
 *(.debug_info .gnu.linkonce.wi.*)
 .debug_info    0x00000000      0x5f4 c:/program files (x86)/atmel/studio/7.0/toolchain/avr8/avr8-gnu-toolchain/bin/../lib/gcc/avr/5.4.0/../../../../avr/lib/avr5/crtatmega328p.o
 .debug_info    0x000005f4      0xe06 build/Spi.o
 .debug_info    0x000013fa      0x6b4 build/UartSpi.o
 .debug_info    0x00001aae      0xaa7 build/Lis.o
 .debug_info    0x00002555      0x40f build/Pwm.o
 .debug_info    0x00002964      0x8c9 build/SensorVis.o
 .debug_info    0x0000322d     0x4536 C:\Users\Mike\AppData\Local\Temp\cciZfbzL.o

.debug_abbrev   0x00000000     0x1684
 *(.debug_abbrev)
 .debug_abbrev  0x00000000      0x5a2 c:/program files (x86)/atmel/studio/7.0/toolchain/avr8/avr8-gnu-toolchain/bin/../lib/gcc/avr/5.4.0/../../../../avr/lib/avr5/crtatmega328p.o
 .debug_abbrev  0x000005a2      0x3b2 build/Spi.o
 .debug_abbrev  0x00000954      0x22a build/UartSpi.o
 .debug_abbrev  0x00000b7e      0x23c build/Lis.o
 .debug_abbrev  0x00000dba      0x11d build/Pwm.o
 .debug_abbrev  0x00000ed7      0x288 build/SensorVis.o
 .debug_abbrev  0x0000115f      0x525 C:\Users\Mike\AppData\Local\Temp\cciZfbzL.o

.debug_line     0x00000000     0x2c5d
 *(.debug_line .debug_line.* .debug_line_end)
 .debug_line    0x00000000       0x1a c:/program files (x86)/atmel/studio/7.0/toolchain/avr8/avr8-gnu-toolchain/bin/../lib/gcc/avr/5.4.0/../../../../avr/lib/avr5/crtatmega328p.o
 .debug_line    0x0000001a      0x6ae build/Spi.o
 .debug_line    0x000006c8      0x25d build/UartSpi.o
 .debug_line    0x00000925      0x385 build/Lis.o
 .debug_line    0x00000caa      0x17c build/Pwm.o
 .debug_line    0x00000e26      0x2ed build/SensorVis.o
 .debug_line    0x00001113     0x1b4a C:\Users\Mike\AppData\Local\Temp\cciZfbzL.o

.debug_frame    0x00000000      0xb38
 *(.debug_frame)
 .debug_frame   0x00000000      0x298 build/Spi.o
 .debug_frame   0x00000298       0xd0 build/UartSpi.o
 .debug_frame   0x00000368      0x118 build/Lis.o
 .debug_frame   0x00000480       0x74 build/Pwm.o
 .debug_frame   0x000004f4      0x144 build/SensorVis.o
 .debug_frame   0x00000638      0x500 C:\Users\Mike\AppData\Local\Temp\cciZfbzL.o

.debug_str      0x00000000     0x1bf6
 *(.debug_str)
 .debug_str     0x00000000      0x208 c:/program files (x86)/atmel/studio/7.0/toolchain/avr8/avr8-gnu-toolchain/bin/../lib/gcc/avr/5.4.0/../../../../avr/lib/avr5/crtatmega328p.o
 .debug_str     0x00000208      0x6c8 build/Spi.o
                                0x749 (size before relaxing)
 .debug_str     0x000008d0      0x2e5 build/UartSpi.o
                                0x49f (size before relaxing)
 .debug_str     0x00000bb5      0x24e build/Lis.o
                                0x3bc (size before relaxing)
 .debug_str     0x00000e03       0xcf build/Pwm.o
                                0x2be (size before relaxing)
 .debug_str     0x00000ed2      0x257 build/SensorVis.o
                                0x458 (size before relaxing)
 .debug_str     0x00001129      0xacd C:\Users\Mike\AppData\Local\Temp\cciZfbzL.o
                               0x1146 (size before relaxing)

.debug_loc      0x00000000     0x4abe
 *(.debug_loc)
 .debug_loc     0x00000000      0x6e8 build/Spi.o
 .debug_loc     0x000006e8      0x20f build/UartSpi.o
 .debug_loc     0x000008f7      0x6af build/Lis.o
 .debug_loc     0x00000fa6       0xf0 build/Pwm.o
 .debug_loc     0x00001096      0x575 build/SensorVis.o
 .debug_loc     0x0000160b     0x34b3 C:\Users\Mike\AppData\Local\Temp\cciZfbzL.o

.debug_macinfo
 *(.debug_macinfo)

.debug_weaknames
 *(.debug_weaknames)

.debug_funcnames
 *(.debug_funcnames)

.debug_typenames
 *(.debug_typenames)

.debug_varnames
 *(.debug_varnames)

.debug_pubtypes
 *(.debug_pubtypes)

.debug_ranges   0x00000000      0x570
 *(.debug_ranges)
 .debug_ranges  0x00000000      0x100 build/Spi.o
 .debug_ranges  0x00000100       0x50 build/UartSpi.o
 .debug_ranges  0x00000150       0xc8 build/Lis.o
 .debug_ranges  0x00000218       0x38 build/Pwm.o
 .debug_ranges  0x00000250       0x58 build/SensorVis.o
 .debug_ranges  0x000002a8      0x2c8 C:\Users\Mike\AppData\Local\Temp\cciZfbzL.o

.debug_macro
 *(.debug_macro)
OUTPUT(build/vis-spi-out.elf elf32-avr)
LOAD linker stubs
