Archive member included to satisfy reference by file (symbol)

c:/program files (x86)/atmel/studio/7.0/toolchain/avr8/avr8-gnu-toolchain/bin/../lib/gcc/avr/5.4.0/avr5\libgcc.a(_exit.o)
                              c:/program files (x86)/atmel/studio/7.0/toolchain/avr8/avr8-gnu-toolchain/bin/../lib/gcc/avr/5.4.0/../../../../avr/lib/avr5/crtatmega328p.o (exit)
c:/program files (x86)/atmel/studio/7.0/toolchain/avr8/avr8-gnu-toolchain/bin/../lib/gcc/avr/5.4.0/avr5\libgcc.a(_copy_data.o)
                              build/Spi.o (__do_copy_data)
c:/program files (x86)/atmel/studio/7.0/toolchain/avr8/avr8-gnu-toolchain/bin/../lib/gcc/avr/5.4.0/avr5\libgcc.a(_clear_bss.o)
                              build/Queue.o (__do_clear_bss)

Allocating common symbols
Common symbol       size              file

Queue               0x8               build/Queue.o
SpiFifo             0x2               C:\Users\Mike\AppData\Local\Temp\ccEBsB8l.o
binning             0x1               C:\Users\Mike\AppData\Local\Temp\ccEBsB8l.o
spi_rx_buffer       0x5               C:\Users\Mike\AppData\Local\Temp\ccEBsB8l.o
active_rows         0x1               C:\Users\Mike\AppData\Local\Temp\ccEBsB8l.o
gain                0x1               C:\Users\Mike\AppData\Local\Temp\ccEBsB8l.o

Discarded input sections

 .data          0x00000000        0x0 c:/program files (x86)/atmel/studio/7.0/toolchain/avr8/avr8-gnu-toolchain/bin/../lib/gcc/avr/5.4.0/../../../../avr/lib/avr5/crtatmega328p.o
 .bss           0x00000000        0x0 c:/program files (x86)/atmel/studio/7.0/toolchain/avr8/avr8-gnu-toolchain/bin/../lib/gcc/avr/5.4.0/../../../../avr/lib/avr5/crtatmega328p.o
 .text          0x00000000        0x0 build/ReadWriteBits.o
 .data          0x00000000        0x0 build/ReadWriteBits.o
 .bss           0x00000000        0x0 build/ReadWriteBits.o
 .text.SetBit   0x00000000       0x16 build/ReadWriteBits.o
 .text.ClearBit
                0x00000000       0x18 build/ReadWriteBits.o
 .text.ToggleBit
                0x00000000       0x16 build/ReadWriteBits.o
 .text.BitIsSet
                0x00000000       0x22 build/ReadWriteBits.o
 .text.BitIsClear
                0x00000000       0x1c build/ReadWriteBits.o
 .debug_info    0x00000000      0x1a9 build/ReadWriteBits.o
 .debug_abbrev  0x00000000       0xcd build/ReadWriteBits.o
 .debug_loc     0x00000000       0x50 build/ReadWriteBits.o
 .debug_aranges
                0x00000000       0x40 build/ReadWriteBits.o
 .debug_ranges  0x00000000       0x30 build/ReadWriteBits.o
 .debug_line    0x00000000      0x114 build/ReadWriteBits.o
 .debug_str     0x00000000      0x172 build/ReadWriteBits.o
 .comment       0x00000000       0x31 build/ReadWriteBits.o
 .debug_frame   0x00000000       0x64 build/ReadWriteBits.o
 .text          0x00000000        0x0 build/BiColorLed.o
 .data          0x00000000        0x0 build/BiColorLed.o
 .bss           0x00000000        0x0 build/BiColorLed.o
 .text.BiColorLedGreen
                0x00000000       0x1e build/BiColorLed.o
 .text.BiColorLedRed
                0x00000000       0x1c build/BiColorLed.o
 .text.BiColorLedToggleColor
                0x00000000       0x1c build/BiColorLed.o
 .text.BiColorLedOff
                0x00000000       0x2c build/BiColorLed.o
 .text.BiColorLedOn
                0x00000000       0x1c build/BiColorLed.o
 .text.BiColorLedIsOn
                0x00000000       0x1e build/BiColorLed.o
 .text.BiColorLedIsRed
                0x00000000       0x3e build/BiColorLed.o
 .debug_info    0x00000000      0x3c4 build/BiColorLed.o
 .debug_abbrev  0x00000000      0x132 build/BiColorLed.o
 .debug_loc     0x00000000      0x22e build/BiColorLed.o
 .debug_aranges
                0x00000000       0x50 build/BiColorLed.o
 .debug_ranges  0x00000000       0x40 build/BiColorLed.o
 .debug_line    0x00000000      0x1bf build/BiColorLed.o
 .debug_str     0x00000000      0x1fc build/BiColorLed.o
 .comment       0x00000000       0x31 build/BiColorLed.o
 .debug_frame   0x00000000       0x84 build/BiColorLed.o
 .text          0x00000000        0x0 build/Spi.o
 .data          0x00000000        0x0 build/Spi.o
 .bss           0x00000000        0x0 build/Spi.o
 .text.DisableSpi_Implementation
                0x00000000       0x24 build/Spi.o
 .text.SpiMasterOpenSpi_Implementation
                0x00000000       0x24 build/Spi.o
 .text.SpiMasterCloseSpi_Implementation
                0x00000000       0x22 build/Spi.o
 .text.SpiTransferIsDone_Implementation
                0x00000000       0x2c build/Spi.o
 .text.SpiResponseIsReady_Implementation
                0x00000000       0x26 build/Spi.o
 .text.SpiSlaveSignalDataIsReady_Implementation
                0x00000000        0x2 build/Spi.o
 .text.WriteSpiDataRegister_Implementation
                0x00000000        0xc build/Spi.o
 .text.WaitUntilSpiWriteIsDone
                0x00000000       0x32 build/Spi.o
 .text.OpenSpiSlave
                0x00000000       0x24 build/Spi.o
 .text.CloseSpiSlave
                0x00000000       0x22 build/Spi.o
 .text.SpiLaunchByte
                0x00000000        0xc build/Spi.o
 .text.SpiMasterReadByte
                0x00000000       0x68 build/Spi.o
 .text.SpiMasterWriteByte
                0x00000000       0x64 build/Spi.o
 .text.SpiMasterWriteN_NoInlineHelpers
                0x00000000       0x96 build/Spi.o
 .text.SpiSlaveShowsDataReady
                0x00000000       0x26 build/Spi.o
 .text.IsSpiSlaveReadyToSend
                0x00000000       0x2c build/Spi.o
 .text.SpiMasterWaitForSlaveReady
                0x00000000       0x28 build/Spi.o
 .text.SpiMasterWaitForSlaveReadyReset
                0x00000000       0x28 build/Spi.o
 .text.SpiClearFlagTransferIsDone
                0x00000000        0xc build/Spi.o
 .text.SetDataReadyAsPullupInput
                0x00000000       0x34 build/Spi.o
 .text.SetDataReadyAsOutputIdlesHigh
                0x00000000       0x32 build/Spi.o
 .text.SpiMasterInit
                0x00000000      0x118 build/Spi.o
 .text.SpiMasterDisable
                0x00000000       0x6e build/Spi.o
 .text.SpiMasterWrite
                0x00000000       0x3c build/Spi.o
 .text.SpiMasterRead
                0x00000000       0x42 build/Spi.o
 .text.SpiMasterWaitForResponse
                0x00000000       0x10 build/Spi.o
 .text.SpiEnableInterrupt
                0x00000000       0x3e build/Spi.o
 .text.SpiSlaveRead
                0x00000000       0x18 build/Spi.o
 .text.SpiSlaveSendBytes
                0x00000000       0x5e build/Spi.o
 .data.WriteSpiDataRegister
                0x00000000        0x2 build/Spi.o
 .data.SpiSlaveSignalDataIsReady
                0x00000000        0x2 build/Spi.o
 .data.SpiResponseIsReady
                0x00000000        0x2 build/Spi.o
 .rodata.test_unknown_cmd
                0x00000000        0x1 build/Spi.o
 .rodata.slave_ignore
                0x00000000        0x1 build/Spi.o
 .data.SpiTransferIsDone
                0x00000000        0x2 build/Spi.o
 .data.SpiMasterCloseSpi
                0x00000000        0x2 build/Spi.o
 .data.SpiMasterOpenSpi
                0x00000000        0x2 build/Spi.o
 .data.DisableSpi
                0x00000000        0x2 build/Spi.o
 .text          0x00000000        0x0 build/UartSpi.o
 .data          0x00000000        0x0 build/UartSpi.o
 .bss           0x00000000        0x0 build/UartSpi.o
 .text.StartAdcConversion
                0x00000000       0x22 build/UartSpi.o
 .text.TxBufferIsEmpty
                0x00000000       0x2c build/UartSpi.o
 .text.Received8bits
                0x00000000       0x2c build/UartSpi.o
 .text.ReadDataRegister
                0x00000000        0xc build/UartSpi.o
 .text.Transfer16bits
                0x00000000        0xe build/UartSpi.o
 .text.WaitForConversionToFinish
                0x00000000        0xc build/UartSpi.o
 .text.UartSpiRead
                0x00000000       0x78 build/UartSpi.o
 .data.UartSpiTransfer16bits
                0x00000000        0x2 build/UartSpi.o
 .data.UartSpiReadDataRegister
                0x00000000        0x2 build/UartSpi.o
 .data.UartSpiTransferIsDone
                0x00000000        0x2 build/UartSpi.o
 .data.UartSpiTxBufferIsEmpty
                0x00000000        0x2 build/UartSpi.o
 .data.UartSpiStartAdcConversion
                0x00000000        0x2 build/UartSpi.o
 .data.UartSpiStartAdcReadout
                0x00000000        0x2 build/UartSpi.o
 .text          0x00000000        0x0 build/Lis.o
 .data          0x00000000        0x0 build/Lis.o
 .bss           0x00000000        0x0 build/Lis.o
 .text.OutputCfgByte
                0x00000000       0xd2 build/Lis.o
 .text.LisWriteCfg
                0x00000000      0x1bc build/Lis.o
 .text.LisClkOff
                0x00000000       0x2c build/Lis.o
 .text.LisExpose
                0x00000000        0x2 build/Lis.o
 .data.Lis_exposure_is_done
                0x00000000        0x1 build/Lis.o
 .text          0x00000000        0x0 build/Pwm.o
 .data          0x00000000        0x0 build/Pwm.o
 .bss           0x00000000        0x0 build/Pwm.o
 .text.PwmDisableOutput_Implementation
                0x00000000       0x3e build/Pwm.o
 .text.WaitForPwmOutputRisingEdge
                0x00000000       0x2e build/Pwm.o
 .data.PwmDisableOutput
                0x00000000        0x2 build/Pwm.o
 .text          0x00000000        0x0 build/Queue.o
 .data          0x00000000        0x0 build/Queue.o
 .bss           0x00000000        0x0 build/Queue.o
 .text.QueueLength
                0x00000000        0x8 build/Queue.o
 .text          0x00000000        0x0 build/SensorVis.o
 .data          0x00000000        0x0 build/SensorVis.o
 .bss           0x00000000        0x0 build/SensorVis.o
 .text.ReadSpiMaster_Implementation
                0x00000000       0x56 build/SensorVis.o
 .text.SensorCfgLis
                0x00000000       0x30 build/SensorVis.o
 .text.SpiSlaveWrite_StatusOk
                0x00000000       0x30 build/SensorVis.o
 .text.DEBUG_LedsShowNoError
                0x00000000       0x3e build/SensorVis.o
 .text.SpiSlaveWrite_StatusInvalid
                0x00000000       0x32 build/SensorVis.o
 .data.ReadSpiMaster
                0x00000000        0x2 build/SensorVis.o
 .rodata.SetSensorConfig_key
                0x00000000        0x1 build/SensorVis.o
 .rodata.GetSensorConfig_key
                0x00000000        0x1 build/SensorVis.o
 .rodata.SetSensorLED_key
                0x00000000        0x1 build/SensorVis.o
 .rodata.GetSensorLED_key
                0x00000000        0x1 build/SensorVis.o
 .rodata.NullCommand_key
                0x00000000        0x1 build/SensorVis.o
 .rodata.gain5x
                0x00000000        0x1 build/SensorVis.o
 .rodata.gain4x
                0x00000000        0x1 build/SensorVis.o
 .rodata.gain25x
                0x00000000        0x1 build/SensorVis.o
 .rodata.binning_off
                0x00000000        0x1 build/SensorVis.o
 .rodata.led_red
                0x00000000        0x1 build/SensorVis.o
 .rodata.led_green
                0x00000000        0x1 build/SensorVis.o
 .rodata.led_off
                0x00000000        0x1 build/SensorVis.o
 .rodata.invalid_cmd
                0x00000000        0x1 build/SensorVis.o
 .rodata.error  0x00000000        0x1 build/SensorVis.o
 .rodata.ok     0x00000000        0x1 build/SensorVis.o
 .text          0x00000000        0x0 C:\Users\Mike\AppData\Local\Temp\ccEBsB8l.o
 .data          0x00000000        0x0 C:\Users\Mike\AppData\Local\Temp\ccEBsB8l.o
 .bss           0x00000000        0x0 C:\Users\Mike\AppData\Local\Temp\ccEBsB8l.o
 .rodata.Lis_tccr0b
                0x00000000        0x2 C:\Users\Mike\AppData\Local\Temp\ccEBsB8l.o
 .rodata.Lis_tccr0a
                0x00000000        0x2 C:\Users\Mike\AppData\Local\Temp\ccEBsB8l.o
 .rodata.Lis_pin1
                0x00000000        0x2 C:\Users\Mike\AppData\Local\Temp\ccEBsB8l.o
 .rodata.UartSpi_RxComplete
                0x00000000        0x1 C:\Users\Mike\AppData\Local\Temp\ccEBsB8l.o
 .rodata.UartSpi_DataRegEmpty
                0x00000000        0x1 C:\Users\Mike\AppData\Local\Temp\ccEBsB8l.o
 .rodata.UartSpi_Mosi
                0x00000000        0x1 C:\Users\Mike\AppData\Local\Temp\ccEBsB8l.o
 .rodata.UartSpi_Miso
                0x00000000        0x1 C:\Users\Mike\AppData\Local\Temp\ccEBsB8l.o
 .rodata.UartSpi_data
                0x00000000        0x2 C:\Users\Mike\AppData\Local\Temp\ccEBsB8l.o
 .rodata.UartSpi_csra
                0x00000000        0x2 C:\Users\Mike\AppData\Local\Temp\ccEBsB8l.o
 .rodata.Spi_InterruptFlag
                0x00000000        0x1 C:\Users\Mike\AppData\Local\Temp\ccEBsB8l.o
 .rodata.Spi_DoubleClockRate
                0x00000000        0x1 C:\Users\Mike\AppData\Local\Temp\ccEBsB8l.o
 .rodata.Spi_ClockRateBit1
                0x00000000        0x1 C:\Users\Mike\AppData\Local\Temp\ccEBsB8l.o
 .rodata.Spi_ClockRateBit0
                0x00000000        0x1 C:\Users\Mike\AppData\Local\Temp\ccEBsB8l.o
 .rodata.Spi_MasterSlaveSelect
                0x00000000        0x1 C:\Users\Mike\AppData\Local\Temp\ccEBsB8l.o
 .rodata.Spi_Sck
                0x00000000        0x1 C:\Users\Mike\AppData\Local\Temp\ccEBsB8l.o
 .rodata.Spi_Mosi
                0x00000000        0x1 C:\Users\Mike\AppData\Local\Temp\ccEBsB8l.o
 .rodata.Spi_Ss
                0x00000000        0x1 C:\Users\Mike\AppData\Local\Temp\ccEBsB8l.o
 .rodata.Spi_pin
                0x00000000        0x2 C:\Users\Mike\AppData\Local\Temp\ccEBsB8l.o
 .text          0x00000000        0x0 C:\Users\Mike\AppData\Local\Temp\ccSc7sDL.o
 .data          0x00000000        0x0 C:\Users\Mike\AppData\Local\Temp\ccSc7sDL.o
 .bss           0x00000000        0x0 C:\Users\Mike\AppData\Local\Temp\ccSc7sDL.o
 .text.Delay3CpuCyclesPerTick_Implementation
                0x00000000        0x6 C:\Users\Mike\AppData\Local\Temp\ccSc7sDL.o
 .data.Delay3CpuCyclesPerTick
                0x00000000        0x2 C:\Users\Mike\AppData\Local\Temp\ccSc7sDL.o
 .text          0x00000000        0x0 c:/program files (x86)/atmel/studio/7.0/toolchain/avr8/avr8-gnu-toolchain/bin/../lib/gcc/avr/5.4.0/avr5\libgcc.a(_exit.o)
 .data          0x00000000        0x0 c:/program files (x86)/atmel/studio/7.0/toolchain/avr8/avr8-gnu-toolchain/bin/../lib/gcc/avr/5.4.0/avr5\libgcc.a(_exit.o)
 .bss           0x00000000        0x0 c:/program files (x86)/atmel/studio/7.0/toolchain/avr8/avr8-gnu-toolchain/bin/../lib/gcc/avr/5.4.0/avr5\libgcc.a(_exit.o)
 .text.libgcc.mul
                0x00000000        0x0 c:/program files (x86)/atmel/studio/7.0/toolchain/avr8/avr8-gnu-toolchain/bin/../lib/gcc/avr/5.4.0/avr5\libgcc.a(_exit.o)
 .text.libgcc.div
                0x00000000        0x0 c:/program files (x86)/atmel/studio/7.0/toolchain/avr8/avr8-gnu-toolchain/bin/../lib/gcc/avr/5.4.0/avr5\libgcc.a(_exit.o)
 .text.libgcc   0x00000000        0x0 c:/program files (x86)/atmel/studio/7.0/toolchain/avr8/avr8-gnu-toolchain/bin/../lib/gcc/avr/5.4.0/avr5\libgcc.a(_exit.o)
 .text.libgcc.prologue
                0x00000000        0x0 c:/program files (x86)/atmel/studio/7.0/toolchain/avr8/avr8-gnu-toolchain/bin/../lib/gcc/avr/5.4.0/avr5\libgcc.a(_exit.o)
 .text.libgcc.builtins
                0x00000000        0x0 c:/program files (x86)/atmel/studio/7.0/toolchain/avr8/avr8-gnu-toolchain/bin/../lib/gcc/avr/5.4.0/avr5\libgcc.a(_exit.o)
 .text.libgcc.fmul
                0x00000000        0x0 c:/program files (x86)/atmel/studio/7.0/toolchain/avr8/avr8-gnu-toolchain/bin/../lib/gcc/avr/5.4.0/avr5\libgcc.a(_exit.o)
 .text.libgcc.fixed
                0x00000000        0x0 c:/program files (x86)/atmel/studio/7.0/toolchain/avr8/avr8-gnu-toolchain/bin/../lib/gcc/avr/5.4.0/avr5\libgcc.a(_exit.o)
 .text          0x00000000        0x0 c:/program files (x86)/atmel/studio/7.0/toolchain/avr8/avr8-gnu-toolchain/bin/../lib/gcc/avr/5.4.0/avr5\libgcc.a(_copy_data.o)
 .data          0x00000000        0x0 c:/program files (x86)/atmel/studio/7.0/toolchain/avr8/avr8-gnu-toolchain/bin/../lib/gcc/avr/5.4.0/avr5\libgcc.a(_copy_data.o)
 .bss           0x00000000        0x0 c:/program files (x86)/atmel/studio/7.0/toolchain/avr8/avr8-gnu-toolchain/bin/../lib/gcc/avr/5.4.0/avr5\libgcc.a(_copy_data.o)
 .text.libgcc.mul
                0x00000000        0x0 c:/program files (x86)/atmel/studio/7.0/toolchain/avr8/avr8-gnu-toolchain/bin/../lib/gcc/avr/5.4.0/avr5\libgcc.a(_copy_data.o)
 .text.libgcc.div
                0x00000000        0x0 c:/program files (x86)/atmel/studio/7.0/toolchain/avr8/avr8-gnu-toolchain/bin/../lib/gcc/avr/5.4.0/avr5\libgcc.a(_copy_data.o)
 .text.libgcc   0x00000000        0x0 c:/program files (x86)/atmel/studio/7.0/toolchain/avr8/avr8-gnu-toolchain/bin/../lib/gcc/avr/5.4.0/avr5\libgcc.a(_copy_data.o)
 .text.libgcc.prologue
                0x00000000        0x0 c:/program files (x86)/atmel/studio/7.0/toolchain/avr8/avr8-gnu-toolchain/bin/../lib/gcc/avr/5.4.0/avr5\libgcc.a(_copy_data.o)
 .text.libgcc.builtins
                0x00000000        0x0 c:/program files (x86)/atmel/studio/7.0/toolchain/avr8/avr8-gnu-toolchain/bin/../lib/gcc/avr/5.4.0/avr5\libgcc.a(_copy_data.o)
 .text.libgcc.fmul
                0x00000000        0x0 c:/program files (x86)/atmel/studio/7.0/toolchain/avr8/avr8-gnu-toolchain/bin/../lib/gcc/avr/5.4.0/avr5\libgcc.a(_copy_data.o)
 .text.libgcc.fixed
                0x00000000        0x0 c:/program files (x86)/atmel/studio/7.0/toolchain/avr8/avr8-gnu-toolchain/bin/../lib/gcc/avr/5.4.0/avr5\libgcc.a(_copy_data.o)
 .text          0x00000000        0x0 c:/program files (x86)/atmel/studio/7.0/toolchain/avr8/avr8-gnu-toolchain/bin/../lib/gcc/avr/5.4.0/avr5\libgcc.a(_clear_bss.o)
 .data          0x00000000        0x0 c:/program files (x86)/atmel/studio/7.0/toolchain/avr8/avr8-gnu-toolchain/bin/../lib/gcc/avr/5.4.0/avr5\libgcc.a(_clear_bss.o)
 .bss           0x00000000        0x0 c:/program files (x86)/atmel/studio/7.0/toolchain/avr8/avr8-gnu-toolchain/bin/../lib/gcc/avr/5.4.0/avr5\libgcc.a(_clear_bss.o)
 .text.libgcc.mul
                0x00000000        0x0 c:/program files (x86)/atmel/studio/7.0/toolchain/avr8/avr8-gnu-toolchain/bin/../lib/gcc/avr/5.4.0/avr5\libgcc.a(_clear_bss.o)
 .text.libgcc.div
                0x00000000        0x0 c:/program files (x86)/atmel/studio/7.0/toolchain/avr8/avr8-gnu-toolchain/bin/../lib/gcc/avr/5.4.0/avr5\libgcc.a(_clear_bss.o)
 .text.libgcc   0x00000000        0x0 c:/program files (x86)/atmel/studio/7.0/toolchain/avr8/avr8-gnu-toolchain/bin/../lib/gcc/avr/5.4.0/avr5\libgcc.a(_clear_bss.o)
 .text.libgcc.prologue
                0x00000000        0x0 c:/program files (x86)/atmel/studio/7.0/toolchain/avr8/avr8-gnu-toolchain/bin/../lib/gcc/avr/5.4.0/avr5\libgcc.a(_clear_bss.o)
 .text.libgcc.builtins
                0x00000000        0x0 c:/program files (x86)/atmel/studio/7.0/toolchain/avr8/avr8-gnu-toolchain/bin/../lib/gcc/avr/5.4.0/avr5\libgcc.a(_clear_bss.o)
 .text.libgcc.fmul
                0x00000000        0x0 c:/program files (x86)/atmel/studio/7.0/toolchain/avr8/avr8-gnu-toolchain/bin/../lib/gcc/avr/5.4.0/avr5\libgcc.a(_clear_bss.o)
 .text.libgcc.fixed
                0x00000000        0x0 c:/program files (x86)/atmel/studio/7.0/toolchain/avr8/avr8-gnu-toolchain/bin/../lib/gcc/avr/5.4.0/avr5\libgcc.a(_clear_bss.o)

Memory Configuration

Name             Origin             Length             Attributes
text             0x00000000         0x00020000         xr
data             0x00800060         0x0000ffa0         rw !x
eeprom           0x00810000         0x00010000         rw !x
fuse             0x00820000         0x00000003         rw !x
lock             0x00830000         0x00000400         rw !x
signature        0x00840000         0x00000400         rw !x
user_signatures  0x00850000         0x00000400         rw !x
*default*        0x00000000         0xffffffff

Linker script and memory map

Address of section .data set to 0x800100
LOAD c:/program files (x86)/atmel/studio/7.0/toolchain/avr8/avr8-gnu-toolchain/bin/../lib/gcc/avr/5.4.0/../../../../avr/lib/avr5/crtatmega328p.o
LOAD build/ReadWriteBits.o
LOAD build/BiColorLed.o
LOAD build/Spi.o
LOAD build/UartSpi.o
LOAD build/Lis.o
LOAD build/Pwm.o
LOAD build/Queue.o
LOAD build/SensorVis.o
LOAD C:\Users\Mike\AppData\Local\Temp\ccEBsB8l.o
LOAD C:\Users\Mike\AppData\Local\Temp\ccSc7sDL.o
START GROUP
LOAD c:/program files (x86)/atmel/studio/7.0/toolchain/avr8/avr8-gnu-toolchain/bin/../lib/gcc/avr/5.4.0/avr5\libgcc.a
LOAD c:/program files (x86)/atmel/studio/7.0/toolchain/avr8/avr8-gnu-toolchain/bin/../lib/gcc/avr/5.4.0/../../../../avr/lib/avr5\libm.a
LOAD c:/program files (x86)/atmel/studio/7.0/toolchain/avr8/avr8-gnu-toolchain/bin/../lib/gcc/avr/5.4.0/../../../../avr/lib/avr5\libc.a
LOAD c:/program files (x86)/atmel/studio/7.0/toolchain/avr8/avr8-gnu-toolchain/bin/../lib/gcc/avr/5.4.0/../../../../avr/lib/avr5\libatmega328p.a
END GROUP
                0x00020000                __TEXT_REGION_LENGTH__ = DEFINED (__TEXT_REGION_LENGTH__)?__TEXT_REGION_LENGTH__:0x20000
                0x0000ffa0                __DATA_REGION_LENGTH__ = DEFINED (__DATA_REGION_LENGTH__)?__DATA_REGION_LENGTH__:0xffa0
                0x00010000                __EEPROM_REGION_LENGTH__ = DEFINED (__EEPROM_REGION_LENGTH__)?__EEPROM_REGION_LENGTH__:0x10000
                [0x00000003]                __FUSE_REGION_LENGTH__ = DEFINED (__FUSE_REGION_LENGTH__)?__FUSE_REGION_LENGTH__:0x400
                0x00000400                __LOCK_REGION_LENGTH__ = DEFINED (__LOCK_REGION_LENGTH__)?__LOCK_REGION_LENGTH__:0x400
                0x00000400                __SIGNATURE_REGION_LENGTH__ = DEFINED (__SIGNATURE_REGION_LENGTH__)?__SIGNATURE_REGION_LENGTH__:0x400
                0x00000400                __USER_SIGNATURE_REGION_LENGTH__ = DEFINED (__USER_SIGNATURE_REGION_LENGTH__)?__USER_SIGNATURE_REGION_LENGTH__:0x400

.hash
 *(.hash)

.dynsym
 *(.dynsym)

.dynstr
 *(.dynstr)

.gnu.version
 *(.gnu.version)

.gnu.version_d
 *(.gnu.version_d)

.gnu.version_r
 *(.gnu.version_r)

.rel.init
 *(.rel.init)

.rela.init
 *(.rela.init)

.rel.text
 *(.rel.text)
 *(.rel.text.*)
 *(.rel.gnu.linkonce.t*)

.rela.text
 *(.rela.text)
 *(.rela.text.*)
 *(.rela.gnu.linkonce.t*)

.rel.fini
 *(.rel.fini)

.rela.fini
 *(.rela.fini)

.rel.rodata
 *(.rel.rodata)
 *(.rel.rodata.*)
 *(.rel.gnu.linkonce.r*)

.rela.rodata
 *(.rela.rodata)
 *(.rela.rodata.*)
 *(.rela.gnu.linkonce.r*)

.rel.data
 *(.rel.data)
 *(.rel.data.*)
 *(.rel.gnu.linkonce.d*)

.rela.data
 *(.rela.data)
 *(.rela.data.*)
 *(.rela.gnu.linkonce.d*)

.rel.ctors
 *(.rel.ctors)

.rela.ctors
 *(.rela.ctors)

.rel.dtors
 *(.rel.dtors)

.rela.dtors
 *(.rela.dtors)

.rel.got
 *(.rel.got)

.rela.got
 *(.rela.got)

.rel.bss
 *(.rel.bss)

.rela.bss
 *(.rela.bss)

.rel.plt
 *(.rel.plt)

.rela.plt
 *(.rela.plt)

.text           0x00000000     0x4980
 *(.vectors)
 .vectors       0x00000000       0x68 c:/program files (x86)/atmel/studio/7.0/toolchain/avr8/avr8-gnu-toolchain/bin/../lib/gcc/avr/5.4.0/../../../../avr/lib/avr5/crtatmega328p.o
                0x00000000                __vector_default
                0x00000000                __vectors
 *(.vectors)
 *(.progmem.gcc*)
                0x00000068                . = ALIGN (0x2)
                0x00000068                __trampolines_start = .
 *(.trampolines)
 .trampolines   0x00000068        0x0 linker stubs
 *(.trampolines*)
                0x00000068                __trampolines_end = .
 *libprintf_flt.a:*(.progmem.data)
 *libc.a:*(.progmem.data)
 *(.progmem*)
                0x00000068                . = ALIGN (0x2)
 *(.jumptables)
 *(.jumptables*)
 *(.lowtext)
 *(.lowtext*)
                0x00000068                __ctors_start = .
 *(.ctors)
                0x00000068                __ctors_end = .
                0x00000068                __dtors_start = .
 *(.dtors)
                0x00000068                __dtors_end = .
 SORT(*)(.ctors)
 SORT(*)(.dtors)
 *(.init0)
 .init0         0x00000068        0x0 c:/program files (x86)/atmel/studio/7.0/toolchain/avr8/avr8-gnu-toolchain/bin/../lib/gcc/avr/5.4.0/../../../../avr/lib/avr5/crtatmega328p.o
                0x00000068                __init
 *(.init0)
 *(.init1)
 *(.init1)
 *(.init2)
 .init2         0x00000068        0xc c:/program files (x86)/atmel/studio/7.0/toolchain/avr8/avr8-gnu-toolchain/bin/../lib/gcc/avr/5.4.0/../../../../avr/lib/avr5/crtatmega328p.o
 *(.init2)
 *(.init3)
 *(.init3)
 *(.init4)
 .init4         0x00000074       0x16 c:/program files (x86)/atmel/studio/7.0/toolchain/avr8/avr8-gnu-toolchain/bin/../lib/gcc/avr/5.4.0/avr5\libgcc.a(_copy_data.o)
                0x00000074                __do_copy_data
 .init4         0x0000008a       0x10 c:/program files (x86)/atmel/studio/7.0/toolchain/avr8/avr8-gnu-toolchain/bin/../lib/gcc/avr/5.4.0/avr5\libgcc.a(_clear_bss.o)
                0x0000008a                __do_clear_bss
 *(.init4)
 *(.init5)
 *(.init5)
 *(.init6)
 *(.init6)
 *(.init7)
 *(.init7)
 *(.init8)
 *(.init8)
 *(.init9)
 .init9         0x0000009a        0x8 c:/program files (x86)/atmel/studio/7.0/toolchain/avr8/avr8-gnu-toolchain/bin/../lib/gcc/avr/5.4.0/../../../../avr/lib/avr5/crtatmega328p.o
 *(.init9)
 *(.text)
 .text          0x000000a2        0x4 c:/program files (x86)/atmel/studio/7.0/toolchain/avr8/avr8-gnu-toolchain/bin/../lib/gcc/avr/5.4.0/../../../../avr/lib/avr5/crtatmega328p.o
                0x000000a2                __vector_22
                0x000000a2                __vector_1
                0x000000a2                __vector_24
                0x000000a2                __vector_12
                0x000000a2                __bad_interrupt
                0x000000a2                __vector_6
                0x000000a2                __vector_3
                0x000000a2                __vector_23
                0x000000a2                __vector_25
                0x000000a2                __vector_11
                0x000000a2                __vector_13
                0x000000a2                __vector_19
                0x000000a2                __vector_7
                0x000000a2                __vector_5
                0x000000a2                __vector_4
                0x000000a2                __vector_9
                0x000000a2                __vector_2
                0x000000a2                __vector_21
                0x000000a2                __vector_15
                0x000000a2                __vector_8
                0x000000a2                __vector_14
                0x000000a2                __vector_10
                0x000000a2                __vector_16
                0x000000a2                __vector_18
                0x000000a2                __vector_20
                0x000000a6                . = ALIGN (0x2)
 *(.text.*)
 .text.ClearPendingSpiInterrupt_Implementation
                0x000000a6       0x14 build/Spi.o
 .text.ReadSpiStatusRegister_Implementation
                0x000000ba        0xc build/Spi.o
 .text.EnableSpi_Implementation
                0x000000c6       0x22 build/Spi.o
 .text.ReadSpiDataRegister_Implementation
                0x000000e8        0xc build/Spi.o
 .text.SpiSlaveInit
                0x000000f4       0x9e build/Spi.o
                0x000000f4                SpiSlaveInit
 .text.StartAdcReadout
                0x00000192       0x24 build/UartSpi.o
 .text.UartSpiInit
                0x000001b6      0x11a build/UartSpi.o
                0x000001b6                UartSpiInit
 .text.LisRunClkAt50kHz_Implementation
                0x000002d0       0x3c build/Lis.o
 .text.LisClkOn_Implementation
                0x0000030c        0xa build/Lis.o
 .text.EnterLisProgrammingMode
                0x00000316       0x54 build/Lis.o
                0x00000316                EnterLisProgrammingMode
 .text.ExitLisProgrammingMode
                0x0000036a       0x46 build/Lis.o
                0x0000036a                ExitLisProgrammingMode
 .text.LisInit  0x000003b0       0xa4 build/Lis.o
                0x000003b0                LisInit
 .text.ResetCounterAtTop
                0x00000454       0x38 build/Pwm.o
 .text.TopIsOcr0a
                0x0000048c       0x22 build/Pwm.o
 .text.PwmClkIsCpuClk_Implementation
                0x000004ae       0x54 build/Pwm.o
 .text.EnableOutputSetUntilMatch
                0x00000502       0x3c build/Pwm.o
 .text.QueueInit
                0x0000053e       0x18 build/Queue.o
                0x0000053e                QueueInit
 .text.QueuePush
                0x00000556       0x40 build/Queue.o
                0x00000556                QueuePush
 .text.QueuePop
                0x00000596       0x3e build/Queue.o
                0x00000596                QueuePop
 .text.QueueIsFull
                0x000005d4       0x16 build/Queue.o
                0x000005d4                QueueIsFull
 .text.QueueIsEmpty
                0x000005ea       0x10 build/Queue.o
                0x000005ea                QueueIsEmpty
 .text.NullCommand
                0x000005fa        0x2 build/SensorVis.o
                0x000005fa                NullCommand
 .text.GetSensorConfig
                0x000005fc       0x40 build/SensorVis.o
                0x000005fc                GetSensorConfig
 .text.WriteSpiMaster_Implementation
                0x0000063c       0xa4 build/SensorVis.o
 .text.GetSensorLED
                0x000006e0       0xcc build/SensorVis.o
                0x000006e0                GetSensorLED
 .text.SetSensorLED
                0x000007ac       0xf4 build/SensorVis.o
                0x000007ac                SetSensorLED
 .text.SetSensorConfig
                0x000008a0     0x3e42 build/SensorVis.o
                0x000008a0                SetSensorConfig
 .text.ProgramPhotodiodeArray_Implementation
                0x000046e2      0x104 build/SensorVis.o
 .text.LookupSensorCmd
                0x000047e6       0x1c build/SensorVis.o
                0x000047e6                LookupSensorCmd
 .text.DEBUG_LedsShowError
                0x00004802       0x38 build/SensorVis.o
                0x00004802                DEBUG_LedsShowError
 .text.ReplyCommandInvalid
                0x0000483a       0x28 build/SensorVis.o
                0x0000483a                ReplyCommandInvalid
 .text.startup.main
                0x00004862       0xaa C:\Users\Mike\AppData\Local\Temp\ccEBsB8l.o
                0x00004862                main
 .text.__vector_17
                0x0000490c       0x68 C:\Users\Mike\AppData\Local\Temp\ccEBsB8l.o
                0x0000490c                __vector_17
 .text.GlobalInterruptEnable_Implementation
                0x00004974        0x4 C:\Users\Mike\AppData\Local\Temp\ccSc7sDL.o
 .text.GlobalInterruptDisable_Implementation
                0x00004978        0x4 C:\Users\Mike\AppData\Local\Temp\ccSc7sDL.o
                0x0000497c                . = ALIGN (0x2)
 *(.fini9)
 .fini9         0x0000497c        0x0 c:/program files (x86)/atmel/studio/7.0/toolchain/avr8/avr8-gnu-toolchain/bin/../lib/gcc/avr/5.4.0/avr5\libgcc.a(_exit.o)
                0x0000497c                _exit
                0x0000497c                exit
 *(.fini9)
 *(.fini8)
 *(.fini8)
 *(.fini7)
 *(.fini7)
 *(.fini6)
 *(.fini6)
 *(.fini5)
 *(.fini5)
 *(.fini4)
 *(.fini4)
 *(.fini3)
 *(.fini3)
 *(.fini2)
 *(.fini2)
 *(.fini1)
 *(.fini1)
 *(.fini0)
 .fini0         0x0000497c        0x4 c:/program files (x86)/atmel/studio/7.0/toolchain/avr8/avr8-gnu-toolchain/bin/../lib/gcc/avr/5.4.0/avr5\libgcc.a(_exit.o)
 *(.fini0)
                0x00004980                _etext = .

.data           0x00800100       0x7a load address 0x00004980
                0x00800100                PROVIDE (__data_start, .)
 *(.data)
 *(.data*)
 .data.ReadSpiDataRegister
                0x00800100        0x2 build/Spi.o
                0x00800100                ReadSpiDataRegister
 .data.EnableSpi
                0x00800102        0x2 build/Spi.o
                0x00800102                EnableSpi
 .data.ReadSpiStatusRegister
                0x00800104        0x2 build/Spi.o
                0x00800104                ReadSpiStatusRegister
 .data.ClearPendingSpiInterrupt
                0x00800106        0x2 build/Spi.o
                0x00800106                ClearPendingSpiInterrupt
 .data.LisClkOn
                0x00800108        0x2 build/Lis.o
                0x00800108                LisClkOn
 .data.LisRunClkAt50kHz
                0x0080010a        0x2 build/Lis.o
                0x0080010a                LisRunClkAt50kHz
 .data.PwmEnableOutputSetUntilMatch
                0x0080010c        0x2 build/Pwm.o
                0x0080010c                PwmEnableOutputSetUntilMatch
 .data.PwmClkIsCpuClk
                0x0080010e        0x2 build/Pwm.o
                0x0080010e                PwmClkIsCpuClk
 .data.PwmTopIsOcr0a
                0x00800110        0x2 build/Pwm.o
                0x00800110                PwmTopIsOcr0a
 .data.PwmResetCounterAtTop
                0x00800112        0x2 build/Pwm.o
                0x00800112                PwmResetCounterAtTop
 .data.ProgramPhotodiodeArray
                0x00800114        0x2 build/SensorVis.o
                0x00800114                ProgramPhotodiodeArray
 .data.WriteSpiMaster
                0x00800116        0x2 build/SensorVis.o
                0x00800116                WriteSpiMaster
 .data.GlobalInterruptDisable
                0x00800118        0x2 C:\Users\Mike\AppData\Local\Temp\ccSc7sDL.o
                0x00800118                GlobalInterruptDisable
 .data.GlobalInterruptEnable
                0x0080011a        0x2 C:\Users\Mike\AppData\Local\Temp\ccSc7sDL.o
                0x0080011a                GlobalInterruptEnable
 *(.gnu.linkonce.d*)
 *(.rodata)
 *(.rodata*)
 .rodata.pf.2179
                0x0080011c       0x12 build/SensorVis.o
 .rodata.all_rows_active
                0x0080012e        0x1 build/SensorVis.o
                0x0080012e                all_rows_active
 .rodata.gain1x
                0x0080012f        0x1 build/SensorVis.o
                0x0080012f                gain1x
 .rodata.binning_on
                0x00800130        0x1 build/SensorVis.o
                0x00800130                binning_on
 .rodata.led_1  0x00800131        0x1 build/SensorVis.o
                0x00800131                led_1
 .rodata.led_0  0x00800132        0x1 build/SensorVis.o
                0x00800132                led_0
 .rodata.Pwm_Ocf0b
                0x00800133        0x1 C:\Users\Mike\AppData\Local\Temp\ccEBsB8l.o
                0x00800133                Pwm_Ocf0b
 .rodata.Pwm_Ocf0a
                0x00800134        0x1 C:\Users\Mike\AppData\Local\Temp\ccEBsB8l.o
                0x00800134                Pwm_Ocf0a
 .rodata.Pwm_Com0b1
                0x00800135        0x1 C:\Users\Mike\AppData\Local\Temp\ccEBsB8l.o
                0x00800135                Pwm_Com0b1
 .rodata.Pwm_Com0b0
                0x00800136        0x1 C:\Users\Mike\AppData\Local\Temp\ccEBsB8l.o
                0x00800136                Pwm_Com0b0
 .rodata.Pwm_Cs02
                0x00800137        0x1 C:\Users\Mike\AppData\Local\Temp\ccEBsB8l.o
                0x00800137                Pwm_Cs02
 .rodata.Pwm_Cs01
                0x00800138        0x1 C:\Users\Mike\AppData\Local\Temp\ccEBsB8l.o
                0x00800138                Pwm_Cs01
 .rodata.Pwm_Cs00
                0x00800139        0x1 C:\Users\Mike\AppData\Local\Temp\ccEBsB8l.o
                0x00800139                Pwm_Cs00
 .rodata.Pwm_Wgm02
                0x0080013a        0x1 C:\Users\Mike\AppData\Local\Temp\ccEBsB8l.o
                0x0080013a                Pwm_Wgm02
 .rodata.Pwm_Wgm01
                0x0080013b        0x1 C:\Users\Mike\AppData\Local\Temp\ccEBsB8l.o
                0x0080013b                Pwm_Wgm01
 .rodata.Pwm_Wgm00
                0x0080013c        0x1 C:\Users\Mike\AppData\Local\Temp\ccEBsB8l.o
                0x0080013c                Pwm_Wgm00
 .rodata.Pwm_tifr0
                0x0080013d        0x2 C:\Users\Mike\AppData\Local\Temp\ccEBsB8l.o
                0x0080013d                Pwm_tifr0
 .rodata.Pwm_tccr0b
                0x0080013f        0x2 C:\Users\Mike\AppData\Local\Temp\ccEBsB8l.o
                0x0080013f                Pwm_tccr0b
 .rodata.Pwm_tccr0a
                0x00800141        0x2 C:\Users\Mike\AppData\Local\Temp\ccEBsB8l.o
                0x00800141                Pwm_tccr0a
 .rodata.Lis_Sync
                0x00800143        0x1 C:\Users\Mike\AppData\Local\Temp\ccEBsB8l.o
                0x00800143                Lis_Sync
 .rodata.Lis_Rst
                0x00800144        0x1 C:\Users\Mike\AppData\Local\Temp\ccEBsB8l.o
                0x00800144                Lis_Rst
 .rodata.Lis_Clk
                0x00800145        0x1 C:\Users\Mike\AppData\Local\Temp\ccEBsB8l.o
                0x00800145                Lis_Clk
 .rodata.Lis_PixSelect
                0x00800146        0x1 C:\Users\Mike\AppData\Local\Temp\ccEBsB8l.o
                0x00800146                Lis_PixSelect
 .rodata.Lis_clkth
                0x00800147        0x2 C:\Users\Mike\AppData\Local\Temp\ccEBsB8l.o
                0x00800147                Lis_clkth
 .rodata.Lis_clktop
                0x00800149        0x2 C:\Users\Mike\AppData\Local\Temp\ccEBsB8l.o
                0x00800149                Lis_clktop
 .rodata.Lis_port2
                0x0080014b        0x2 C:\Users\Mike\AppData\Local\Temp\ccEBsB8l.o
                0x0080014b                Lis_port2
 .rodata.Lis_port1
                0x0080014d        0x2 C:\Users\Mike\AppData\Local\Temp\ccEBsB8l.o
                0x0080014d                Lis_port1
 .rodata.Lis_ddr2
                0x0080014f        0x2 C:\Users\Mike\AppData\Local\Temp\ccEBsB8l.o
                0x0080014f                Lis_ddr2
 .rodata.Lis_ddr1
                0x00800151        0x2 C:\Users\Mike\AppData\Local\Temp\ccEBsB8l.o
                0x00800151                Lis_ddr1
 .rodata.UartSpi_DataOrder
                0x00800153        0x1 C:\Users\Mike\AppData\Local\Temp\ccEBsB8l.o
                0x00800153                UartSpi_DataOrder
 .rodata.UartSpi_ClockPhase
                0x00800154        0x1 C:\Users\Mike\AppData\Local\Temp\ccEBsB8l.o
                0x00800154                UartSpi_ClockPhase
 .rodata.UartSpi_ClockPolarity
                0x00800155        0x1 C:\Users\Mike\AppData\Local\Temp\ccEBsB8l.o
                0x00800155                UartSpi_ClockPolarity
 .rodata.UartSpi_TxEnable
                0x00800156        0x1 C:\Users\Mike\AppData\Local\Temp\ccEBsB8l.o
                0x00800156                UartSpi_TxEnable
 .rodata.UartSpi_RxEnable
                0x00800157        0x1 C:\Users\Mike\AppData\Local\Temp\ccEBsB8l.o
                0x00800157                UartSpi_RxEnable
 .rodata.UartSpi_ModeSelect1
                0x00800158        0x1 C:\Users\Mike\AppData\Local\Temp\ccEBsB8l.o
                0x00800158                UartSpi_ModeSelect1
 .rodata.UartSpi_ModeSelect0
                0x00800159        0x1 C:\Users\Mike\AppData\Local\Temp\ccEBsB8l.o
                0x00800159                UartSpi_ModeSelect0
 .rodata.UartSpi_Sck
                0x0080015a        0x1 C:\Users\Mike\AppData\Local\Temp\ccEBsB8l.o
                0x0080015a                UartSpi_Sck
 .rodata.UartSpi_AdcConv
                0x0080015b        0x1 C:\Users\Mike\AppData\Local\Temp\ccEBsB8l.o
                0x0080015b                UartSpi_AdcConv
 .rodata.UartSpi_br
                0x0080015c        0x2 C:\Users\Mike\AppData\Local\Temp\ccEBsB8l.o
                0x0080015c                UartSpi_br
 .rodata.UartSpi_csrc
                0x0080015e        0x2 C:\Users\Mike\AppData\Local\Temp\ccEBsB8l.o
                0x0080015e                UartSpi_csrc
 .rodata.UartSpi_csrb
                0x00800160        0x2 C:\Users\Mike\AppData\Local\Temp\ccEBsB8l.o
                0x00800160                UartSpi_csrb
 .rodata.UartSpi_port
                0x00800162        0x2 C:\Users\Mike\AppData\Local\Temp\ccEBsB8l.o
                0x00800162                UartSpi_port
 .rodata.UartSpi_ddr
                0x00800164        0x2 C:\Users\Mike\AppData\Local\Temp\ccEBsB8l.o
                0x00800164                UartSpi_ddr
 .rodata.Spi_InterruptEnable
                0x00800166        0x1 C:\Users\Mike\AppData\Local\Temp\ccEBsB8l.o
                0x00800166                Spi_InterruptEnable
 .rodata.Spi_Enable
                0x00800167        0x1 C:\Users\Mike\AppData\Local\Temp\ccEBsB8l.o
                0x00800167                Spi_Enable
 .rodata.Spi_DataReady
                0x00800168        0x1 C:\Users\Mike\AppData\Local\Temp\ccEBsB8l.o
                0x00800168                Spi_DataReady
 .rodata.Spi_Miso
                0x00800169        0x1 C:\Users\Mike\AppData\Local\Temp\ccEBsB8l.o
                0x00800169                Spi_Miso
 .rodata.Spi_spdr
                0x0080016a        0x2 C:\Users\Mike\AppData\Local\Temp\ccEBsB8l.o
                0x0080016a                Spi_spdr
 .rodata.Spi_spsr
                0x0080016c        0x2 C:\Users\Mike\AppData\Local\Temp\ccEBsB8l.o
                0x0080016c                Spi_spsr
 .rodata.Spi_spcr
                0x0080016e        0x2 C:\Users\Mike\AppData\Local\Temp\ccEBsB8l.o
                0x0080016e                Spi_spcr
 .rodata.Spi_port
                0x00800170        0x2 C:\Users\Mike\AppData\Local\Temp\ccEBsB8l.o
                0x00800170                Spi_port
 .rodata.Spi_ddr
                0x00800172        0x2 C:\Users\Mike\AppData\Local\Temp\ccEBsB8l.o
                0x00800172                Spi_ddr
 .rodata.led_Done
                0x00800174        0x1 C:\Users\Mike\AppData\Local\Temp\ccEBsB8l.o
                0x00800174                led_Done
 .rodata.led_TxRx
                0x00800175        0x1 C:\Users\Mike\AppData\Local\Temp\ccEBsB8l.o
                0x00800175                led_TxRx
 .rodata.BiColorLed_port
                0x00800176        0x2 C:\Users\Mike\AppData\Local\Temp\ccEBsB8l.o
                0x00800176                BiColorLed_port
 .rodata.BiColorLed_ddr
                0x00800178        0x2 C:\Users\Mike\AppData\Local\Temp\ccEBsB8l.o
                0x00800178                BiColorLed_ddr
 *(.gnu.linkonce.r*)
                0x0080017a                . = ALIGN (0x2)
                0x0080017a                _edata = .
                0x0080017a                PROVIDE (__data_end, .)

.bss            0x0080017a       0x12
                0x0080017a                PROVIDE (__bss_start, .)
 *(.bss)
 *(.bss*)
 *(COMMON)
 COMMON         0x0080017a        0x8 build/Queue.o
                0x0080017a                Queue
 COMMON         0x00800182        0xa C:\Users\Mike\AppData\Local\Temp\ccEBsB8l.o
                0x00800182                SpiFifo
                0x00800184                binning
                0x00800185                spi_rx_buffer
                0x0080018a                active_rows
                0x0080018b                gain
                0x0080018c                PROVIDE (__bss_end, .)
                0x00004980                __data_load_start = LOADADDR (.data)
                0x000049fa                __data_load_end = (__data_load_start + SIZEOF (.data))

.noinit         0x0080018c        0x0
                [!provide]                PROVIDE (__noinit_start, .)
 *(.noinit*)
                [!provide]                PROVIDE (__noinit_end, .)
                0x0080018c                _end = .
                [!provide]                PROVIDE (__heap_start, .)

.eeprom         0x00810000        0x0
 *(.eeprom*)
                0x00810000                __eeprom_end = .

.fuse
 *(.fuse)
 *(.lfuse)
 *(.hfuse)
 *(.efuse)

.lock
 *(.lock*)

.signature
 *(.signature*)

.user_signatures
 *(.user_signatures*)

.stab
 *(.stab)

.stabstr
 *(.stabstr)

.stab.excl
 *(.stab.excl)

.stab.exclstr
 *(.stab.exclstr)

.stab.index
 *(.stab.index)

.stab.indexstr
 *(.stab.indexstr)

.comment        0x00000000       0x30
 *(.comment)
 .comment       0x00000000       0x30 build/Spi.o
                                 0x31 (size before relaxing)
 .comment       0x00000030       0x31 build/UartSpi.o
 .comment       0x00000030       0x31 build/Lis.o
 .comment       0x00000030       0x31 build/Pwm.o
 .comment       0x00000030       0x31 build/Queue.o
 .comment       0x00000030       0x31 build/SensorVis.o
 .comment       0x00000030       0x31 C:\Users\Mike\AppData\Local\Temp\ccEBsB8l.o
 .comment       0x00000030       0x31 C:\Users\Mike\AppData\Local\Temp\ccSc7sDL.o

.note.gnu.avr.deviceinfo
                0x00000000       0x40
 .note.gnu.avr.deviceinfo
                0x00000000       0x40 c:/program files (x86)/atmel/studio/7.0/toolchain/avr8/avr8-gnu-toolchain/bin/../lib/gcc/avr/5.4.0/../../../../avr/lib/avr5/crtatmega328p.o

.note.gnu.build-id
 *(.note.gnu.build-id)

.debug
 *(.debug)

.line
 *(.line)

.debug_srcinfo
 *(.debug_srcinfo)

.debug_sfnames
 *(.debug_sfnames)

.debug_aranges  0x00000000      0x360
 *(.debug_aranges)
 .debug_aranges
                0x00000000      0x128 build/Spi.o
 .debug_aranges
                0x00000128       0x60 build/UartSpi.o
 .debug_aranges
                0x00000188       0x60 build/Lis.o
 .debug_aranges
                0x000001e8       0x48 build/Pwm.o
 .debug_aranges
                0x00000230       0x48 build/Queue.o
 .debug_aranges
                0x00000278       0x90 build/SensorVis.o
 .debug_aranges
                0x00000308       0x28 C:\Users\Mike\AppData\Local\Temp\ccEBsB8l.o
 .debug_aranges
                0x00000330       0x30 C:\Users\Mike\AppData\Local\Temp\ccSc7sDL.o

.debug_pubnames
 *(.debug_pubnames)

.debug_info     0x00000000     0x490b
 *(.debug_info .gnu.linkonce.wi.*)
 .debug_info    0x00000000      0x5f4 c:/program files (x86)/atmel/studio/7.0/toolchain/avr8/avr8-gnu-toolchain/bin/../lib/gcc/avr/5.4.0/../../../../avr/lib/avr5/crtatmega328p.o
 .debug_info    0x000005f4      0xf71 build/Spi.o
 .debug_info    0x00001565      0x6b4 build/UartSpi.o
 .debug_info    0x00001c19      0xaa7 build/Lis.o
 .debug_info    0x000026c0      0x40f build/Pwm.o
 .debug_info    0x00002acf      0x29c build/Queue.o
 .debug_info    0x00002d6b      0xff6 build/SensorVis.o
 .debug_info    0x00003d61      0xa68 C:\Users\Mike\AppData\Local\Temp\ccEBsB8l.o
 .debug_info    0x000047c9      0x142 C:\Users\Mike\AppData\Local\Temp\ccSc7sDL.o

.debug_abbrev   0x00000000     0x1603
 *(.debug_abbrev)
 .debug_abbrev  0x00000000      0x5a2 c:/program files (x86)/atmel/studio/7.0/toolchain/avr8/avr8-gnu-toolchain/bin/../lib/gcc/avr/5.4.0/../../../../avr/lib/avr5/crtatmega328p.o
 .debug_abbrev  0x000005a2      0x3da build/Spi.o
 .debug_abbrev  0x0000097c      0x22a build/UartSpi.o
 .debug_abbrev  0x00000ba6      0x23c build/Lis.o
 .debug_abbrev  0x00000de2      0x11d build/Pwm.o
 .debug_abbrev  0x00000eff      0x13d build/Queue.o
 .debug_abbrev  0x0000103c      0x349 build/SensorVis.o
 .debug_abbrev  0x00001385      0x1a1 C:\Users\Mike\AppData\Local\Temp\ccEBsB8l.o
 .debug_abbrev  0x00001526       0xdd C:\Users\Mike\AppData\Local\Temp\ccSc7sDL.o

.debug_line     0x00000000     0x1956
 *(.debug_line .debug_line.* .debug_line_end)
 .debug_line    0x00000000       0x1a c:/program files (x86)/atmel/studio/7.0/toolchain/avr8/avr8-gnu-toolchain/bin/../lib/gcc/avr/5.4.0/../../../../avr/lib/avr5/crtatmega328p.o
 .debug_line    0x0000001a      0x73e build/Spi.o
 .debug_line    0x00000758      0x25d build/UartSpi.o
 .debug_line    0x000009b5      0x385 build/Lis.o
 .debug_line    0x00000d3a      0x17c build/Pwm.o
 .debug_line    0x00000eb6      0x195 build/Queue.o
 .debug_line    0x0000104b      0x5d8 build/SensorVis.o
 .debug_line    0x00001623      0x1f2 C:\Users\Mike\AppData\Local\Temp\ccEBsB8l.o
 .debug_line    0x00001815      0x141 C:\Users\Mike\AppData\Local\Temp\ccSc7sDL.o

.debug_frame    0x00000000      0x8e4
 *(.debug_frame)
 .debug_frame   0x00000000      0x2c8 build/Spi.o
 .debug_frame   0x000002c8       0xd0 build/UartSpi.o
 .debug_frame   0x00000398      0x118 build/Lis.o
 .debug_frame   0x000004b0       0x74 build/Pwm.o
 .debug_frame   0x00000524       0x74 build/Queue.o
 .debug_frame   0x00000598      0x28c build/SensorVis.o
 .debug_frame   0x00000824       0x7c C:\Users\Mike\AppData\Local\Temp\ccEBsB8l.o
 .debug_frame   0x000008a0       0x44 C:\Users\Mike\AppData\Local\Temp\ccSc7sDL.o

.debug_str      0x00000000     0x1506
 *(.debug_str)
 .debug_str     0x00000000      0x208 c:/program files (x86)/atmel/studio/7.0/toolchain/avr8/avr8-gnu-toolchain/bin/../lib/gcc/avr/5.4.0/../../../../avr/lib/avr5/crtatmega328p.o
 .debug_str     0x00000208      0x72e build/Spi.o
                                0x7af (size before relaxing)
 .debug_str     0x00000936      0x2e5 build/UartSpi.o
                                0x49f (size before relaxing)
 .debug_str     0x00000c1b      0x25f build/Lis.o
                                0x3bc (size before relaxing)
 .debug_str     0x00000e7a       0xcf build/Pwm.o
                                0x2be (size before relaxing)
 .debug_str     0x00000f49       0x87 build/Queue.o
                                0x1c7 (size before relaxing)
 .debug_str     0x00000fd0      0x40a build/SensorVis.o
                                0x6ae (size before relaxing)
 .debug_str     0x000013da       0x92 C:\Users\Mike\AppData\Local\Temp\ccEBsB8l.o
                                0x691 (size before relaxing)
 .debug_str     0x0000146c       0x9a C:\Users\Mike\AppData\Local\Temp\ccSc7sDL.o
                                0x202 (size before relaxing)

.debug_loc      0x00000000     0x20a1
 *(.debug_loc)
 .debug_loc     0x00000000      0x790 build/Spi.o
 .debug_loc     0x00000790      0x20f build/UartSpi.o
 .debug_loc     0x0000099f      0x6af build/Lis.o
 .debug_loc     0x0000104e       0xf0 build/Pwm.o
 .debug_loc     0x0000113e      0x15c build/Queue.o
 .debug_loc     0x0000129a      0xc30 build/SensorVis.o
 .debug_loc     0x00001eca      0x1a3 C:\Users\Mike\AppData\Local\Temp\ccEBsB8l.o
 .debug_loc     0x0000206d       0x34 C:\Users\Mike\AppData\Local\Temp\ccSc7sDL.o

.debug_macinfo
 *(.debug_macinfo)

.debug_weaknames
 *(.debug_weaknames)

.debug_funcnames
 *(.debug_funcnames)

.debug_typenames
 *(.debug_typenames)

.debug_varnames
 *(.debug_varnames)

.debug_pubtypes
 *(.debug_pubtypes)

.debug_ranges   0x00000000      0x3a0
 *(.debug_ranges)
 .debug_ranges  0x00000000      0x130 build/Spi.o
 .debug_ranges  0x00000130       0x50 build/UartSpi.o
 .debug_ranges  0x00000180       0xc8 build/Lis.o
 .debug_ranges  0x00000248       0x38 build/Pwm.o
 .debug_ranges  0x00000280       0x38 build/Queue.o
 .debug_ranges  0x000002b8       0xb0 build/SensorVis.o
 .debug_ranges  0x00000368       0x18 C:\Users\Mike\AppData\Local\Temp\ccEBsB8l.o
 .debug_ranges  0x00000380       0x20 C:\Users\Mike\AppData\Local\Temp\ccSc7sDL.o

.debug_macro
 *(.debug_macro)
OUTPUT(build/vis-spi-out.elf elf32-avr)
LOAD linker stubs
