Archive member included to satisfy reference by file (symbol)

c:/program files (x86)/atmel/studio/7.0/toolchain/avr8/avr8-gnu-toolchain/bin/../lib/gcc/avr/5.4.0/avr5\libgcc.a(_exit.o)
                              c:/program files (x86)/atmel/studio/7.0/toolchain/avr8/avr8-gnu-toolchain/bin/../lib/gcc/avr/5.4.0/../../../../avr/lib/avr5/crtatmega328p.o (exit)
c:/program files (x86)/atmel/studio/7.0/toolchain/avr8/avr8-gnu-toolchain/bin/../lib/gcc/avr/5.4.0/avr5\libgcc.a(_copy_data.o)
                              build/DebugLed.o (__do_copy_data)
c:/program files (x86)/atmel/studio/7.0/toolchain/avr8/avr8-gnu-toolchain/bin/../lib/gcc/avr/5.4.0/avr5\libgcc.a(_clear_bss.o)
                              build/DebugLed.o (__do_clear_bss)

Discarded input sections

 .data          0x00000000        0x0 c:/program files (x86)/atmel/studio/7.0/toolchain/avr8/avr8-gnu-toolchain/bin/../lib/gcc/avr/5.4.0/../../../../avr/lib/avr5/crtatmega328p.o
 .bss           0x00000000        0x0 c:/program files (x86)/atmel/studio/7.0/toolchain/avr8/avr8-gnu-toolchain/bin/../lib/gcc/avr/5.4.0/../../../../avr/lib/avr5/crtatmega328p.o
 .text          0x00000000        0x0 build/ReadWriteBits.o
 .data          0x00000000        0x0 build/ReadWriteBits.o
 .bss           0x00000000        0x0 build/ReadWriteBits.o
 .text.ToggleBit
                0x00000000       0x18 build/ReadWriteBits.o
 .text          0x00000000        0x0 build/DebugLed.o
 .data          0x00000000        0x0 build/DebugLed.o
 .bss           0x00000000        0x0 build/DebugLed.o
 .text.DebugLedTurnOff
                0x00000000       0x12 build/DebugLed.o
 .text.DebugLedToggleColor
                0x00000000       0x12 build/DebugLed.o
 .text.DebugLedIsRed
                0x00000000       0x12 build/DebugLed.o
 .text.DebugLedIsGreen
                0x00000000       0x12 build/DebugLed.o
 .text          0x00000000        0x0 build/Ft1248.o
 .data          0x00000000        0x0 build/Ft1248.o
 .bss           0x00000000        0x0 build/Ft1248.o
 .text.FtRead_Implementation
                0x00000000       0x44 build/Ft1248.o
 .text.FtReadData_Implementation
                0x00000000        0xc build/Ft1248.o
 .text.FtHasRoomToWrite_Implementation
                0x00000000       0x12 build/Ft1248.o
 .data.FtReadData
                0x00000000        0x2 build/Ft1248.o
 .data.FtHasRoomToWrite
                0x00000000        0x2 build/Ft1248.o
 .data.FtHasDataToRead
                0x00000000        0x2 build/Ft1248.o
 .data.FtRead   0x00000000        0x2 build/Ft1248.o
 .rodata.FtCmd_Read
                0x00000000        0x1 build/Ft1248.o
 .text          0x00000000        0x0 build/Usb.o
 .data          0x00000000        0x0 build/Usb.o
 .bss           0x00000000        0x0 build/Usb.o
 .text.UsbRead  0x00000000       0x72 build/Usb.o
 .text.UsbHasDataToRead
                0x00000000        0xc build/Usb.o
 .text.UsbHasRoomToWrite
                0x00000000        0xc build/Usb.o
 .text          0x00000000        0x0 build/Spi.o
 .data          0x00000000        0x0 build/Spi.o
 .bss           0x00000000        0x0 build/Spi.o
 .text.SpiEnableInterrupt
                0x00000000       0x3a build/Spi.o
 .text.SpiSlaveSignalDataIsReady
                0x00000000       0x12 build/Spi.o
 .text.SpiSlaveSignalDataIsNotReady
                0x00000000       0x12 build/Spi.o
 .text.SpiSlaveInit
                0x00000000       0x26 build/Spi.o
 .text.SpiSlaveRead
                0x00000000       0x1a build/Spi.o
 .text          0x00000000        0x0 C:\Users\Mike\AppData\Local\Temp\ccGvP9fL.o
 .data          0x00000000        0x0 C:\Users\Mike\AppData\Local\Temp\ccGvP9fL.o
 .bss           0x00000000        0x0 C:\Users\Mike\AppData\Local\Temp\ccGvP9fL.o
 .rodata        0x00000000        0x6 C:\Users\Mike\AppData\Local\Temp\ccGvP9fL.o
 .text.operate_UsbWrite
                0x00000000       0x3e C:\Users\Mike\AppData\Local\Temp\ccGvP9fL.o
 .text.UsbWrite_called_before_UsbInit_turns_debug_led_red
                0x00000000        0x6 C:\Users\Mike\AppData\Local\Temp\ccGvP9fL.o
 .text.UsbWrite_took_the_happy_path_if_debug_led_is_green
                0x00000000        0xa C:\Users\Mike\AppData\Local\Temp\ccGvP9fL.o
 .text.UsbWrite_sends_bytes_to_the_USB_host
                0x00000000        0x6 C:\Users\Mike\AppData\Local\Temp\ccGvP9fL.o
 .text.test_UsbWrite
                0x00000000        0x2 C:\Users\Mike\AppData\Local\Temp\ccGvP9fL.o
 .text.Turn_debug_led_red_when_there_is_a_byte_to_read
                0x00000000        0xe C:\Users\Mike\AppData\Local\Temp\ccGvP9fL.o
 .text.Turn_debug_led_red_when_rx_byte_is_0x01
                0x00000000       0x2c C:\Users\Mike\AppData\Local\Temp\ccGvP9fL.o
 .text.test_UsbRead
                0x00000000        0x2 C:\Users\Mike\AppData\Local\Temp\ccGvP9fL.o
 .text.EchoByte
                0x00000000       0x24 C:\Users\Mike\AppData\Local\Temp\ccGvP9fL.o
 .text.EchoByte_reads_a_byte_and_writes_it_back_to_the_host
                0x00000000       0x12 C:\Users\Mike\AppData\Local\Temp\ccGvP9fL.o
 .text.test_EchoByte
                0x00000000        0x4 C:\Users\Mike\AppData\Local\Temp\ccGvP9fL.o
 .text.SpiMaster_sends_a_byte_and_slave_debug_leds_show_lower_nibble
                0x00000000        0xc C:\Users\Mike\AppData\Local\Temp\ccGvP9fL.o
 .text.Slave_receives_request_and_sends_response_when_ready
                0x00000000       0x1c C:\Users\Mike\AppData\Local\Temp\ccGvP9fL.o
 .text.test_SpiMaster
                0x00000000        0x6 C:\Users\Mike\AppData\Local\Temp\ccGvP9fL.o
 .rodata.cmd_send_dummy_data_0xDB
                0x00000000        0x1 C:\Users\Mike\AppData\Local\Temp\ccGvP9fL.o
 .rodata.Spi_pin
                0x00000000        0x2 C:\Users\Mike\AppData\Local\Temp\ccGvP9fL.o
 .rodata.FtMiosio7
                0x00000000        0x1 C:\Users\Mike\AppData\Local\Temp\ccGvP9fL.o
 .rodata.FtMiosio6
                0x00000000        0x1 C:\Users\Mike\AppData\Local\Temp\ccGvP9fL.o
 .rodata.FtMiosio5
                0x00000000        0x1 C:\Users\Mike\AppData\Local\Temp\ccGvP9fL.o
 .rodata.FtMiosio4
                0x00000000        0x1 C:\Users\Mike\AppData\Local\Temp\ccGvP9fL.o
 .rodata.FtMiosio3
                0x00000000        0x1 C:\Users\Mike\AppData\Local\Temp\ccGvP9fL.o
 .rodata.FtMiosio2
                0x00000000        0x1 C:\Users\Mike\AppData\Local\Temp\ccGvP9fL.o
 .rodata.FtMiosio1
                0x00000000        0x1 C:\Users\Mike\AppData\Local\Temp\ccGvP9fL.o
 .rodata.FtMiosio0
                0x00000000        0x1 C:\Users\Mike\AppData\Local\Temp\ccGvP9fL.o
 .rodata.FtMiosio_pin
                0x00000000        0x2 C:\Users\Mike\AppData\Local\Temp\ccGvP9fL.o
 .rodata.debug_led
                0x00000000        0x1 C:\Users\Mike\AppData\Local\Temp\ccGvP9fL.o
 .rodata.DebugLed_pin
                0x00000000        0x2 C:\Users\Mike\AppData\Local\Temp\ccGvP9fL.o
 .rodata.DebugLed_port
                0x00000000        0x2 C:\Users\Mike\AppData\Local\Temp\ccGvP9fL.o
 .rodata.DebugLed_ddr
                0x00000000        0x2 C:\Users\Mike\AppData\Local\Temp\ccGvP9fL.o
 .text          0x00000000        0x0 C:\Users\Mike\AppData\Local\Temp\ccZWKi3Q.o
 .data          0x00000000        0x0 C:\Users\Mike\AppData\Local\Temp\ccZWKi3Q.o
 .bss           0x00000000        0x0 C:\Users\Mike\AppData\Local\Temp\ccZWKi3Q.o
 .text.GlobalInterruptEnable_Implementation
                0x00000000        0x4 C:\Users\Mike\AppData\Local\Temp\ccZWKi3Q.o
 .text.GlobalInterruptDisable_Implementation
                0x00000000        0x4 C:\Users\Mike\AppData\Local\Temp\ccZWKi3Q.o
 .data.GlobalInterruptDisable
                0x00000000        0x2 C:\Users\Mike\AppData\Local\Temp\ccZWKi3Q.o
 .data.GlobalInterruptEnable
                0x00000000        0x2 C:\Users\Mike\AppData\Local\Temp\ccZWKi3Q.o
 .debug_info    0x00000000       0xb8 C:\Users\Mike\AppData\Local\Temp\ccZWKi3Q.o
 .debug_abbrev  0x00000000       0x63 C:\Users\Mike\AppData\Local\Temp\ccZWKi3Q.o
 .debug_aranges
                0x00000000       0x28 C:\Users\Mike\AppData\Local\Temp\ccZWKi3Q.o
 .debug_ranges  0x00000000       0x18 C:\Users\Mike\AppData\Local\Temp\ccZWKi3Q.o
 .debug_line    0x00000000       0x5a C:\Users\Mike\AppData\Local\Temp\ccZWKi3Q.o
 .debug_str     0x00000000      0x18e C:\Users\Mike\AppData\Local\Temp\ccZWKi3Q.o
 .comment       0x00000000       0x31 C:\Users\Mike\AppData\Local\Temp\ccZWKi3Q.o
 .debug_frame   0x00000000       0x34 C:\Users\Mike\AppData\Local\Temp\ccZWKi3Q.o
 .text          0x00000000        0x0 c:/program files (x86)/atmel/studio/7.0/toolchain/avr8/avr8-gnu-toolchain/bin/../lib/gcc/avr/5.4.0/avr5\libgcc.a(_exit.o)
 .data          0x00000000        0x0 c:/program files (x86)/atmel/studio/7.0/toolchain/avr8/avr8-gnu-toolchain/bin/../lib/gcc/avr/5.4.0/avr5\libgcc.a(_exit.o)
 .bss           0x00000000        0x0 c:/program files (x86)/atmel/studio/7.0/toolchain/avr8/avr8-gnu-toolchain/bin/../lib/gcc/avr/5.4.0/avr5\libgcc.a(_exit.o)
 .text.libgcc.mul
                0x00000000        0x0 c:/program files (x86)/atmel/studio/7.0/toolchain/avr8/avr8-gnu-toolchain/bin/../lib/gcc/avr/5.4.0/avr5\libgcc.a(_exit.o)
 .text.libgcc.div
                0x00000000        0x0 c:/program files (x86)/atmel/studio/7.0/toolchain/avr8/avr8-gnu-toolchain/bin/../lib/gcc/avr/5.4.0/avr5\libgcc.a(_exit.o)
 .text.libgcc   0x00000000        0x0 c:/program files (x86)/atmel/studio/7.0/toolchain/avr8/avr8-gnu-toolchain/bin/../lib/gcc/avr/5.4.0/avr5\libgcc.a(_exit.o)
 .text.libgcc.prologue
                0x00000000        0x0 c:/program files (x86)/atmel/studio/7.0/toolchain/avr8/avr8-gnu-toolchain/bin/../lib/gcc/avr/5.4.0/avr5\libgcc.a(_exit.o)
 .text.libgcc.builtins
                0x00000000        0x0 c:/program files (x86)/atmel/studio/7.0/toolchain/avr8/avr8-gnu-toolchain/bin/../lib/gcc/avr/5.4.0/avr5\libgcc.a(_exit.o)
 .text.libgcc.fmul
                0x00000000        0x0 c:/program files (x86)/atmel/studio/7.0/toolchain/avr8/avr8-gnu-toolchain/bin/../lib/gcc/avr/5.4.0/avr5\libgcc.a(_exit.o)
 .text.libgcc.fixed
                0x00000000        0x0 c:/program files (x86)/atmel/studio/7.0/toolchain/avr8/avr8-gnu-toolchain/bin/../lib/gcc/avr/5.4.0/avr5\libgcc.a(_exit.o)
 .text          0x00000000        0x0 c:/program files (x86)/atmel/studio/7.0/toolchain/avr8/avr8-gnu-toolchain/bin/../lib/gcc/avr/5.4.0/avr5\libgcc.a(_copy_data.o)
 .data          0x00000000        0x0 c:/program files (x86)/atmel/studio/7.0/toolchain/avr8/avr8-gnu-toolchain/bin/../lib/gcc/avr/5.4.0/avr5\libgcc.a(_copy_data.o)
 .bss           0x00000000        0x0 c:/program files (x86)/atmel/studio/7.0/toolchain/avr8/avr8-gnu-toolchain/bin/../lib/gcc/avr/5.4.0/avr5\libgcc.a(_copy_data.o)
 .text.libgcc.mul
                0x00000000        0x0 c:/program files (x86)/atmel/studio/7.0/toolchain/avr8/avr8-gnu-toolchain/bin/../lib/gcc/avr/5.4.0/avr5\libgcc.a(_copy_data.o)
 .text.libgcc.div
                0x00000000        0x0 c:/program files (x86)/atmel/studio/7.0/toolchain/avr8/avr8-gnu-toolchain/bin/../lib/gcc/avr/5.4.0/avr5\libgcc.a(_copy_data.o)
 .text.libgcc   0x00000000        0x0 c:/program files (x86)/atmel/studio/7.0/toolchain/avr8/avr8-gnu-toolchain/bin/../lib/gcc/avr/5.4.0/avr5\libgcc.a(_copy_data.o)
 .text.libgcc.prologue
                0x00000000        0x0 c:/program files (x86)/atmel/studio/7.0/toolchain/avr8/avr8-gnu-toolchain/bin/../lib/gcc/avr/5.4.0/avr5\libgcc.a(_copy_data.o)
 .text.libgcc.builtins
                0x00000000        0x0 c:/program files (x86)/atmel/studio/7.0/toolchain/avr8/avr8-gnu-toolchain/bin/../lib/gcc/avr/5.4.0/avr5\libgcc.a(_copy_data.o)
 .text.libgcc.fmul
                0x00000000        0x0 c:/program files (x86)/atmel/studio/7.0/toolchain/avr8/avr8-gnu-toolchain/bin/../lib/gcc/avr/5.4.0/avr5\libgcc.a(_copy_data.o)
 .text.libgcc.fixed
                0x00000000        0x0 c:/program files (x86)/atmel/studio/7.0/toolchain/avr8/avr8-gnu-toolchain/bin/../lib/gcc/avr/5.4.0/avr5\libgcc.a(_copy_data.o)
 .text          0x00000000        0x0 c:/program files (x86)/atmel/studio/7.0/toolchain/avr8/avr8-gnu-toolchain/bin/../lib/gcc/avr/5.4.0/avr5\libgcc.a(_clear_bss.o)
 .data          0x00000000        0x0 c:/program files (x86)/atmel/studio/7.0/toolchain/avr8/avr8-gnu-toolchain/bin/../lib/gcc/avr/5.4.0/avr5\libgcc.a(_clear_bss.o)
 .bss           0x00000000        0x0 c:/program files (x86)/atmel/studio/7.0/toolchain/avr8/avr8-gnu-toolchain/bin/../lib/gcc/avr/5.4.0/avr5\libgcc.a(_clear_bss.o)
 .text.libgcc.mul
                0x00000000        0x0 c:/program files (x86)/atmel/studio/7.0/toolchain/avr8/avr8-gnu-toolchain/bin/../lib/gcc/avr/5.4.0/avr5\libgcc.a(_clear_bss.o)
 .text.libgcc.div
                0x00000000        0x0 c:/program files (x86)/atmel/studio/7.0/toolchain/avr8/avr8-gnu-toolchain/bin/../lib/gcc/avr/5.4.0/avr5\libgcc.a(_clear_bss.o)
 .text.libgcc   0x00000000        0x0 c:/program files (x86)/atmel/studio/7.0/toolchain/avr8/avr8-gnu-toolchain/bin/../lib/gcc/avr/5.4.0/avr5\libgcc.a(_clear_bss.o)
 .text.libgcc.prologue
                0x00000000        0x0 c:/program files (x86)/atmel/studio/7.0/toolchain/avr8/avr8-gnu-toolchain/bin/../lib/gcc/avr/5.4.0/avr5\libgcc.a(_clear_bss.o)
 .text.libgcc.builtins
                0x00000000        0x0 c:/program files (x86)/atmel/studio/7.0/toolchain/avr8/avr8-gnu-toolchain/bin/../lib/gcc/avr/5.4.0/avr5\libgcc.a(_clear_bss.o)
 .text.libgcc.fmul
                0x00000000        0x0 c:/program files (x86)/atmel/studio/7.0/toolchain/avr8/avr8-gnu-toolchain/bin/../lib/gcc/avr/5.4.0/avr5\libgcc.a(_clear_bss.o)
 .text.libgcc.fixed
                0x00000000        0x0 c:/program files (x86)/atmel/studio/7.0/toolchain/avr8/avr8-gnu-toolchain/bin/../lib/gcc/avr/5.4.0/avr5\libgcc.a(_clear_bss.o)

Memory Configuration

Name             Origin             Length             Attributes
text             0x00000000         0x00020000         xr
data             0x00800060         0x0000ffa0         rw !x
eeprom           0x00810000         0x00010000         rw !x
fuse             0x00820000         0x00000003         rw !x
lock             0x00830000         0x00000400         rw !x
signature        0x00840000         0x00000400         rw !x
user_signatures  0x00850000         0x00000400         rw !x
*default*        0x00000000         0xffffffff

Linker script and memory map

Address of section .data set to 0x800100
LOAD c:/program files (x86)/atmel/studio/7.0/toolchain/avr8/avr8-gnu-toolchain/bin/../lib/gcc/avr/5.4.0/../../../../avr/lib/avr5/crtatmega328p.o
LOAD build/ReadWriteBits.o
LOAD build/DebugLed.o
LOAD build/Ft1248.o
LOAD build/Usb.o
LOAD build/Spi.o
LOAD C:\Users\Mike\AppData\Local\Temp\ccGvP9fL.o
LOAD C:\Users\Mike\AppData\Local\Temp\ccZWKi3Q.o
START GROUP
LOAD c:/program files (x86)/atmel/studio/7.0/toolchain/avr8/avr8-gnu-toolchain/bin/../lib/gcc/avr/5.4.0/avr5\libgcc.a
LOAD c:/program files (x86)/atmel/studio/7.0/toolchain/avr8/avr8-gnu-toolchain/bin/../lib/gcc/avr/5.4.0/../../../../avr/lib/avr5\libm.a
LOAD c:/program files (x86)/atmel/studio/7.0/toolchain/avr8/avr8-gnu-toolchain/bin/../lib/gcc/avr/5.4.0/../../../../avr/lib/avr5\libc.a
LOAD c:/program files (x86)/atmel/studio/7.0/toolchain/avr8/avr8-gnu-toolchain/bin/../lib/gcc/avr/5.4.0/../../../../avr/lib/avr5\libatmega328p.a
END GROUP
                0x00020000                __TEXT_REGION_LENGTH__ = DEFINED (__TEXT_REGION_LENGTH__)?__TEXT_REGION_LENGTH__:0x20000
                0x0000ffa0                __DATA_REGION_LENGTH__ = DEFINED (__DATA_REGION_LENGTH__)?__DATA_REGION_LENGTH__:0xffa0
                0x00010000                __EEPROM_REGION_LENGTH__ = DEFINED (__EEPROM_REGION_LENGTH__)?__EEPROM_REGION_LENGTH__:0x10000
                [0x00000003]                __FUSE_REGION_LENGTH__ = DEFINED (__FUSE_REGION_LENGTH__)?__FUSE_REGION_LENGTH__:0x400
                0x00000400                __LOCK_REGION_LENGTH__ = DEFINED (__LOCK_REGION_LENGTH__)?__LOCK_REGION_LENGTH__:0x400
                0x00000400                __SIGNATURE_REGION_LENGTH__ = DEFINED (__SIGNATURE_REGION_LENGTH__)?__SIGNATURE_REGION_LENGTH__:0x400
                0x00000400                __USER_SIGNATURE_REGION_LENGTH__ = DEFINED (__USER_SIGNATURE_REGION_LENGTH__)?__USER_SIGNATURE_REGION_LENGTH__:0x400

.hash
 *(.hash)

.dynsym
 *(.dynsym)

.dynstr
 *(.dynstr)

.gnu.version
 *(.gnu.version)

.gnu.version_d
 *(.gnu.version_d)

.gnu.version_r
 *(.gnu.version_r)

.rel.init
 *(.rel.init)

.rela.init
 *(.rela.init)

.rel.text
 *(.rel.text)
 *(.rel.text.*)
 *(.rel.gnu.linkonce.t*)

.rela.text
 *(.rela.text)
 *(.rela.text.*)
 *(.rela.gnu.linkonce.t*)

.rel.fini
 *(.rel.fini)

.rela.fini
 *(.rela.fini)

.rel.rodata
 *(.rel.rodata)
 *(.rel.rodata.*)
 *(.rel.gnu.linkonce.r*)

.rela.rodata
 *(.rela.rodata)
 *(.rela.rodata.*)
 *(.rela.gnu.linkonce.r*)

.rel.data
 *(.rel.data)
 *(.rel.data.*)
 *(.rel.gnu.linkonce.d*)

.rela.data
 *(.rela.data)
 *(.rela.data.*)
 *(.rela.gnu.linkonce.d*)

.rel.ctors
 *(.rel.ctors)

.rela.ctors
 *(.rela.ctors)

.rel.dtors
 *(.rel.dtors)

.rela.dtors
 *(.rela.dtors)

.rel.got
 *(.rel.got)

.rela.got
 *(.rela.got)

.rel.bss
 *(.rel.bss)

.rela.bss
 *(.rela.bss)

.rel.plt
 *(.rel.plt)

.rela.plt
 *(.rela.plt)

.text           0x00000000      0x55a
 *(.vectors)
 .vectors       0x00000000       0x68 c:/program files (x86)/atmel/studio/7.0/toolchain/avr8/avr8-gnu-toolchain/bin/../lib/gcc/avr/5.4.0/../../../../avr/lib/avr5/crtatmega328p.o
                0x00000000                __vector_default
                0x00000000                __vectors
 *(.vectors)
 *(.progmem.gcc*)
                0x00000068                . = ALIGN (0x2)
                0x00000068                __trampolines_start = .
 *(.trampolines)
 .trampolines   0x00000068        0x0 linker stubs
 *(.trampolines*)
                0x00000068                __trampolines_end = .
 *libprintf_flt.a:*(.progmem.data)
 *libc.a:*(.progmem.data)
 *(.progmem*)
                0x00000068                . = ALIGN (0x2)
 *(.jumptables)
 *(.jumptables*)
 *(.lowtext)
 *(.lowtext*)
                0x00000068                __ctors_start = .
 *(.ctors)
                0x00000068                __ctors_end = .
                0x00000068                __dtors_start = .
 *(.dtors)
                0x00000068                __dtors_end = .
 SORT(*)(.ctors)
 SORT(*)(.dtors)
 *(.init0)
 .init0         0x00000068        0x0 c:/program files (x86)/atmel/studio/7.0/toolchain/avr8/avr8-gnu-toolchain/bin/../lib/gcc/avr/5.4.0/../../../../avr/lib/avr5/crtatmega328p.o
                0x00000068                __init
 *(.init0)
 *(.init1)
 *(.init1)
 *(.init2)
 .init2         0x00000068        0xc c:/program files (x86)/atmel/studio/7.0/toolchain/avr8/avr8-gnu-toolchain/bin/../lib/gcc/avr/5.4.0/../../../../avr/lib/avr5/crtatmega328p.o
 *(.init2)
 *(.init3)
 *(.init3)
 *(.init4)
 .init4         0x00000074       0x16 c:/program files (x86)/atmel/studio/7.0/toolchain/avr8/avr8-gnu-toolchain/bin/../lib/gcc/avr/5.4.0/avr5\libgcc.a(_copy_data.o)
                0x00000074                __do_copy_data
 .init4         0x0000008a       0x10 c:/program files (x86)/atmel/studio/7.0/toolchain/avr8/avr8-gnu-toolchain/bin/../lib/gcc/avr/5.4.0/avr5\libgcc.a(_clear_bss.o)
                0x0000008a                __do_clear_bss
 *(.init4)
 *(.init5)
 *(.init5)
 *(.init6)
 *(.init6)
 *(.init7)
 *(.init7)
 *(.init8)
 *(.init8)
 *(.init9)
 .init9         0x0000009a        0x8 c:/program files (x86)/atmel/studio/7.0/toolchain/avr8/avr8-gnu-toolchain/bin/../lib/gcc/avr/5.4.0/../../../../avr/lib/avr5/crtatmega328p.o
 *(.init9)
 *(.text)
 .text          0x000000a2        0x4 c:/program files (x86)/atmel/studio/7.0/toolchain/avr8/avr8-gnu-toolchain/bin/../lib/gcc/avr/5.4.0/../../../../avr/lib/avr5/crtatmega328p.o
                0x000000a2                __vector_22
                0x000000a2                __vector_1
                0x000000a2                __vector_24
                0x000000a2                __vector_12
                0x000000a2                __bad_interrupt
                0x000000a2                __vector_6
                0x000000a2                __vector_3
                0x000000a2                __vector_23
                0x000000a2                __vector_25
                0x000000a2                __vector_11
                0x000000a2                __vector_13
                0x000000a2                __vector_17
                0x000000a2                __vector_19
                0x000000a2                __vector_7
                0x000000a2                __vector_5
                0x000000a2                __vector_4
                0x000000a2                __vector_9
                0x000000a2                __vector_2
                0x000000a2                __vector_21
                0x000000a2                __vector_15
                0x000000a2                __vector_8
                0x000000a2                __vector_14
                0x000000a2                __vector_10
                0x000000a2                __vector_16
                0x000000a2                __vector_18
                0x000000a2                __vector_20
                0x000000a6                . = ALIGN (0x2)
 *(.text.*)
 .text.SetBit   0x000000a6       0x18 build/ReadWriteBits.o
                0x000000a6                SetBit
 .text.ClearBit
                0x000000be       0x1a build/ReadWriteBits.o
                0x000000be                ClearBit
 .text.BitIsSet
                0x000000d8       0x22 build/ReadWriteBits.o
                0x000000d8                BitIsSet
 .text.BitIsClear
                0x000000fa       0x18 build/ReadWriteBits.o
                0x000000fa                BitIsClear
 .text.DebugLedTurnOn_Implementation
                0x00000112       0x12 build/DebugLed.o
 .text.DebugLedTurnRed
                0x00000124       0x12 build/DebugLed.o
                0x00000124                DebugLedTurnRed
 .text.DebugLedTurnGreen_Implementation
                0x00000136       0x12 build/DebugLed.o
 .text.DebugLedInit
                0x00000148       0x32 build/DebugLed.o
                0x00000148                DebugLedInit
 .text.FtSendCommand_Implementation
                0x0000017a       0x3c build/Ft1248.o
 .text.FtBusTurnaround_Implementation
                0x000001b6       0x2a build/Ft1248.o
 .text.FtWrite_Implementation
                0x000001e0       0x40 build/Ft1248.o
 .text.FtOutputByte_Implementation
                0x00000220        0xc build/Ft1248.o
 .text.FtLetMasterDriveBus_Implementation
                0x0000022c        0xe build/Ft1248.o
 .text.FtLetSlaveDriveBus_Implementation
                0x0000023a        0xc build/Ft1248.o
 .text.FtWriteData_Implementation
                0x00000246        0xc build/Ft1248.o
 .text.FtActivateInterface_Implementation
                0x00000252       0x12 build/Ft1248.o
 .text.FtPullData_Implementation
                0x00000264       0x12 build/Ft1248.o
 .text.FtDeactivateInterface_Implementation
                0x00000276       0x12 build/Ft1248.o
 .text.FtPushData_Implementation
                0x00000288       0x12 build/Ft1248.o
 .text.FtIsBusOk_Implementation
                0x0000029a       0x12 build/Ft1248.o
 .text.FtSetMisoAsInput
                0x000002ac       0x12 build/Ft1248.o
                0x000002ac                FtSetMisoAsInput
 .text.FtEnablePullupOnMiso
                0x000002be       0x12 build/Ft1248.o
                0x000002be                FtEnablePullupOnMiso
 .text.FtSetMiosioAsInputs
                0x000002d0        0xc build/Ft1248.o
                0x000002d0                FtSetMiosioAsInputs
 .text.FtEnablePullupsOnMiosio
                0x000002dc        0xe build/Ft1248.o
                0x000002dc                FtEnablePullupsOnMiosio
 .text.FtSckLow
                0x000002ea       0x26 build/Ft1248.o
                0x000002ea                FtSckLow
 .text.FtSsHigh
                0x00000310       0x26 build/Ft1248.o
                0x00000310                FtSsHigh
 .text.FtInit   0x00000336       0x1a build/Ft1248.o
                0x00000336                FtInit
 .text.UsbInit  0x00000350        0x6 build/Usb.o
                0x00000350                UsbInit
 .text.UsbWrite
                0x00000356       0x80 build/Usb.o
                0x00000356                UsbWrite
 .text.ReadSpiDataRegister_Implementation
                0x000003d6        0xc build/Spi.o
 .text.SpiMasterOpenSpi_Implementation
                0x000003e2       0x12 build/Spi.o
 .text.SpiMasterCloseSpi_Implementation
                0x000003f4       0x12 build/Spi.o
 .text.SpiTransferIsDone_Implementation
                0x00000406       0x12 build/Spi.o
 .text.SpiResponseIsReady_Implementation
                0x00000418       0x12 build/Spi.o
 .text.SpiMasterInit
                0x0000042a       0x74 build/Spi.o
                0x0000042a                SpiMasterInit
 .text.SpiMasterWrite
                0x0000049e       0x34 build/Spi.o
                0x0000049e                SpiMasterWrite
 .text.SpiMasterRead
                0x000004d2       0x12 build/Spi.o
                0x000004d2                SpiMasterRead
 .text.SpiMasterWaitForResponse
                0x000004e4       0x10 build/Spi.o
                0x000004e4                SpiMasterWaitForResponse
 .text.SetupDebugLed
                0x000004f4       0x14 C:\Users\Mike\AppData\Local\Temp\ccGvP9fL.o
                0x000004f4                SetupDebugLed
 .text.Get_dummy_byte_from_slave_and_write_dummy_byte_to_USB_host
                0x00000508       0x40 C:\Users\Mike\AppData\Local\Temp\ccGvP9fL.o
                0x00000508                Get_dummy_byte_from_slave_and_write_dummy_byte_to_USB_host
 .text.main     0x00000548        0xe C:\Users\Mike\AppData\Local\Temp\ccGvP9fL.o
                0x00000548                main
                0x00000556                . = ALIGN (0x2)
 *(.fini9)
 .fini9         0x00000556        0x0 c:/program files (x86)/atmel/studio/7.0/toolchain/avr8/avr8-gnu-toolchain/bin/../lib/gcc/avr/5.4.0/avr5\libgcc.a(_exit.o)
                0x00000556                _exit
                0x00000556                exit
 *(.fini9)
 *(.fini8)
 *(.fini8)
 *(.fini7)
 *(.fini7)
 *(.fini6)
 *(.fini6)
 *(.fini5)
 *(.fini5)
 *(.fini4)
 *(.fini4)
 *(.fini3)
 *(.fini3)
 *(.fini2)
 *(.fini2)
 *(.fini1)
 *(.fini1)
 *(.fini0)
 .fini0         0x00000556        0x4 c:/program files (x86)/atmel/studio/7.0/toolchain/avr8/avr8-gnu-toolchain/bin/../lib/gcc/avr/5.4.0/avr5\libgcc.a(_exit.o)
 *(.fini0)
                0x0000055a                _etext = .

.data           0x00800100       0x4a load address 0x0000055a
                0x00800100                PROVIDE (__data_start, .)
 *(.data)
 *(.data*)
 .data.DebugLedTurnRedToShowError
                0x00800100        0x2 build/DebugLed.o
                0x00800100                DebugLedTurnRedToShowError
 .data.DebugLedTurnGreen
                0x00800102        0x2 build/DebugLed.o
                0x00800102                DebugLedTurnGreen
 .data.DebugLedTurnOn
                0x00800104        0x2 build/DebugLed.o
                0x00800104                DebugLedTurnOn
 .data.FtWriteData
                0x00800106        0x2 build/Ft1248.o
                0x00800106                FtWriteData
 .data.FtIsBusOk
                0x00800108        0x2 build/Ft1248.o
                0x00800108                FtIsBusOk
 .data.FtLetSlaveDriveBus
                0x0080010a        0x2 build/Ft1248.o
                0x0080010a                FtLetSlaveDriveBus
 .data.FtLetMasterDriveBus
                0x0080010c        0x2 build/Ft1248.o
                0x0080010c                FtLetMasterDriveBus
 .data.FtPullData
                0x0080010e        0x2 build/Ft1248.o
                0x0080010e                FtPullData
 .data.FtOutputByte
                0x00800110        0x2 build/Ft1248.o
                0x00800110                FtOutputByte
 .data.FtPushData
                0x00800112        0x2 build/Ft1248.o
                0x00800112                FtPushData
 .data.FtDeactivateInterface
                0x00800114        0x2 build/Ft1248.o
                0x00800114                FtDeactivateInterface
 .data.FtActivateInterface
                0x00800116        0x2 build/Ft1248.o
                0x00800116                FtActivateInterface
 .data.FtWrite  0x00800118        0x2 build/Ft1248.o
                0x00800118                FtWrite
 .data.FtBusTurnaround
                0x0080011a        0x2 build/Ft1248.o
                0x0080011a                FtBusTurnaround
 .data.FtSendCommand
                0x0080011c        0x2 build/Ft1248.o
                0x0080011c                FtSendCommand
 .data.SpiResponseIsReady
                0x0080011e        0x2 build/Spi.o
                0x0080011e                SpiResponseIsReady
 .data.ReadSpiDataRegister
                0x00800120        0x2 build/Spi.o
                0x00800120                ReadSpiDataRegister
 .data.SpiTransferIsDone
                0x00800122        0x2 build/Spi.o
                0x00800122                SpiTransferIsDone
 .data.SpiMasterCloseSpi
                0x00800124        0x2 build/Spi.o
                0x00800124                SpiMasterCloseSpi
 .data.SpiMasterOpenSpi
                0x00800126        0x2 build/Spi.o
                0x00800126                SpiMasterOpenSpi
 *(.gnu.linkonce.d*)
 *(.rodata)
 *(.rodata*)
 .rodata.FtCmd_Write
                0x00800128        0x1 build/Ft1248.o
                0x00800128                FtCmd_Write
 .rodata.Spi_InterruptFlag
                0x00800129        0x1 C:\Users\Mike\AppData\Local\Temp\ccGvP9fL.o
                0x00800129                Spi_InterruptFlag
 .rodata.Spi_DoubleClockRate
                0x0080012a        0x1 C:\Users\Mike\AppData\Local\Temp\ccGvP9fL.o
                0x0080012a                Spi_DoubleClockRate
 .rodata.Spi_Enable
                0x0080012b        0x1 C:\Users\Mike\AppData\Local\Temp\ccGvP9fL.o
                0x0080012b                Spi_Enable
 .rodata.Spi_ClockRateBit1
                0x0080012c        0x1 C:\Users\Mike\AppData\Local\Temp\ccGvP9fL.o
                0x0080012c                Spi_ClockRateBit1
 .rodata.Spi_ClockRateBit0
                0x0080012d        0x1 C:\Users\Mike\AppData\Local\Temp\ccGvP9fL.o
                0x0080012d                Spi_ClockRateBit0
 .rodata.Spi_MasterSlaveSelect
                0x0080012e        0x1 C:\Users\Mike\AppData\Local\Temp\ccGvP9fL.o
                0x0080012e                Spi_MasterSlaveSelect
 .rodata.Spi_Sck
                0x0080012f        0x1 C:\Users\Mike\AppData\Local\Temp\ccGvP9fL.o
                0x0080012f                Spi_Sck
 .rodata.Spi_Miso
                0x00800130        0x1 C:\Users\Mike\AppData\Local\Temp\ccGvP9fL.o
                0x00800130                Spi_Miso
 .rodata.Spi_Mosi
                0x00800131        0x1 C:\Users\Mike\AppData\Local\Temp\ccGvP9fL.o
                0x00800131                Spi_Mosi
 .rodata.Spi_Ss
                0x00800132        0x1 C:\Users\Mike\AppData\Local\Temp\ccGvP9fL.o
                0x00800132                Spi_Ss
 .rodata.Spi_spdr
                0x00800133        0x2 C:\Users\Mike\AppData\Local\Temp\ccGvP9fL.o
                0x00800133                Spi_spdr
 .rodata.Spi_spsr
                0x00800135        0x2 C:\Users\Mike\AppData\Local\Temp\ccGvP9fL.o
                0x00800135                Spi_spsr
 .rodata.Spi_spcr
                0x00800137        0x2 C:\Users\Mike\AppData\Local\Temp\ccGvP9fL.o
                0x00800137                Spi_spcr
 .rodata.Spi_port
                0x00800139        0x2 C:\Users\Mike\AppData\Local\Temp\ccGvP9fL.o
                0x00800139                Spi_port
 .rodata.Spi_ddr
                0x0080013b        0x2 C:\Users\Mike\AppData\Local\Temp\ccGvP9fL.o
                0x0080013b                Spi_ddr
 .rodata.Ft1248_Miso
                0x0080013d        0x1 C:\Users\Mike\AppData\Local\Temp\ccGvP9fL.o
                0x0080013d                Ft1248_Miso
 .rodata.Ft1248_Sck
                0x0080013e        0x1 C:\Users\Mike\AppData\Local\Temp\ccGvP9fL.o
                0x0080013e                Ft1248_Sck
 .rodata.Ft1248_Ss
                0x0080013f        0x1 C:\Users\Mike\AppData\Local\Temp\ccGvP9fL.o
                0x0080013f                Ft1248_Ss
 .rodata.FtMiosio_port
                0x00800140        0x2 C:\Users\Mike\AppData\Local\Temp\ccGvP9fL.o
                0x00800140                FtMiosio_port
 .rodata.FtMiosio_ddr
                0x00800142        0x2 C:\Users\Mike\AppData\Local\Temp\ccGvP9fL.o
                0x00800142                FtMiosio_ddr
 .rodata.Ft1248_pin
                0x00800144        0x2 C:\Users\Mike\AppData\Local\Temp\ccGvP9fL.o
                0x00800144                Ft1248_pin
 .rodata.Ft1248_port
                0x00800146        0x2 C:\Users\Mike\AppData\Local\Temp\ccGvP9fL.o
                0x00800146                Ft1248_port
 .rodata.Ft1248_ddr
                0x00800148        0x2 C:\Users\Mike\AppData\Local\Temp\ccGvP9fL.o
                0x00800148                Ft1248_ddr
 *(.gnu.linkonce.r*)
                0x0080014a                . = ALIGN (0x2)
                0x0080014a                _edata = .
                0x0080014a                PROVIDE (__data_end, .)

.bss            0x0080014a        0x7
                0x0080014a                PROVIDE (__bss_start, .)
 *(.bss)
 *(.bss*)
 .bss.debug_led_
                0x0080014a        0x1 build/DebugLed.o
 .bss.pin_register_
                0x0080014b        0x2 build/DebugLed.o
 .bss.port_register_
                0x0080014d        0x2 build/DebugLed.o
 .bss.ddr_register_
                0x0080014f        0x2 build/DebugLed.o
 *(COMMON)
                0x00800151                PROVIDE (__bss_end, .)
                0x0000055a                __data_load_start = LOADADDR (.data)
                0x000005a4                __data_load_end = (__data_load_start + SIZEOF (.data))

.noinit         0x00800151        0x0
                [!provide]                PROVIDE (__noinit_start, .)
 *(.noinit*)
                [!provide]                PROVIDE (__noinit_end, .)
                0x00800151                _end = .
                [!provide]                PROVIDE (__heap_start, .)

.eeprom         0x00810000        0x0
 *(.eeprom*)
                0x00810000                __eeprom_end = .

.fuse
 *(.fuse)
 *(.lfuse)
 *(.hfuse)
 *(.efuse)

.lock
 *(.lock*)

.signature
 *(.signature*)

.user_signatures
 *(.user_signatures*)

.stab
 *(.stab)

.stabstr
 *(.stabstr)

.stab.excl
 *(.stab.excl)

.stab.exclstr
 *(.stab.exclstr)

.stab.index
 *(.stab.index)

.stab.indexstr
 *(.stab.indexstr)

.comment        0x00000000       0x30
 *(.comment)
 .comment       0x00000000       0x30 build/ReadWriteBits.o
                                 0x31 (size before relaxing)
 .comment       0x00000030       0x31 build/DebugLed.o
 .comment       0x00000030       0x31 build/Ft1248.o
 .comment       0x00000030       0x31 build/Usb.o
 .comment       0x00000030       0x31 build/Spi.o
 .comment       0x00000030       0x31 C:\Users\Mike\AppData\Local\Temp\ccGvP9fL.o

.note.gnu.avr.deviceinfo
                0x00000000       0x40
 .note.gnu.avr.deviceinfo
                0x00000000       0x40 c:/program files (x86)/atmel/studio/7.0/toolchain/avr8/avr8-gnu-toolchain/bin/../lib/gcc/avr/5.4.0/../../../../avr/lib/avr5/crtatmega328p.o

.note.gnu.build-id
 *(.note.gnu.build-id)

.debug
 *(.debug)

.line
 *(.line)

.debug_srcinfo
 *(.debug_srcinfo)

.debug_sfnames
 *(.debug_sfnames)

.debug_aranges  0x00000000      0x2c8
 *(.debug_aranges)
 .debug_aranges
                0x00000000       0x40 build/ReadWriteBits.o
 .debug_aranges
                0x00000040       0x58 build/DebugLed.o
 .debug_aranges
                0x00000098       0xc8 build/Ft1248.o
 .debug_aranges
                0x00000160       0x40 build/Usb.o
 .debug_aranges
                0x000001a0       0x88 build/Spi.o
 .debug_aranges
                0x00000228       0xa0 C:\Users\Mike\AppData\Local\Temp\ccGvP9fL.o

.debug_pubnames
 *(.debug_pubnames)

.debug_info     0x00000000     0x2143
 *(.debug_info .gnu.linkonce.wi.*)
 .debug_info    0x00000000      0x5f4 c:/program files (x86)/atmel/studio/7.0/toolchain/avr8/avr8-gnu-toolchain/bin/../lib/gcc/avr/5.4.0/../../../../avr/lib/avr5/crtatmega328p.o
 .debug_info    0x000005f4      0x1a9 build/ReadWriteBits.o
 .debug_info    0x0000079d      0x2a5 build/DebugLed.o
 .debug_info    0x00000a42      0x61a build/Ft1248.o
 .debug_info    0x0000105c      0x28b build/Usb.o
 .debug_info    0x000012e7      0x5f4 build/Spi.o
 .debug_info    0x000018db      0x868 C:\Users\Mike\AppData\Local\Temp\ccGvP9fL.o

.debug_abbrev   0x00000000      0xee9
 *(.debug_abbrev)
 .debug_abbrev  0x00000000      0x5a2 c:/program files (x86)/atmel/studio/7.0/toolchain/avr8/avr8-gnu-toolchain/bin/../lib/gcc/avr/5.4.0/../../../../avr/lib/avr5/crtatmega328p.o
 .debug_abbrev  0x000005a2       0xcd build/ReadWriteBits.o
 .debug_abbrev  0x0000066f      0x10b build/DebugLed.o
 .debug_abbrev  0x0000077a      0x1fb build/Ft1248.o
 .debug_abbrev  0x00000975      0x125 build/Usb.o
 .debug_abbrev  0x00000a9a      0x22e build/Spi.o
 .debug_abbrev  0x00000cc8      0x221 C:\Users\Mike\AppData\Local\Temp\ccGvP9fL.o

.debug_line     0x00000000      0xd86
 *(.debug_line .debug_line.* .debug_line_end)
 .debug_line    0x00000000       0x1a c:/program files (x86)/atmel/studio/7.0/toolchain/avr8/avr8-gnu-toolchain/bin/../lib/gcc/avr/5.4.0/../../../../avr/lib/avr5/crtatmega328p.o
 .debug_line    0x0000001a      0x110 build/ReadWriteBits.o
 .debug_line    0x0000012a      0x182 build/DebugLed.o
 .debug_line    0x000002ac      0x357 build/Ft1248.o
 .debug_line    0x00000603      0x192 build/Usb.o
 .debug_line    0x00000795      0x292 build/Spi.o
 .debug_line    0x00000a27      0x35f C:\Users\Mike\AppData\Local\Temp\ccGvP9fL.o

.debug_frame    0x00000000      0x5a4
 *(.debug_frame)
 .debug_frame   0x00000000       0x64 build/ReadWriteBits.o
 .debug_frame   0x00000064       0x94 build/DebugLed.o
 .debug_frame   0x000000f8      0x1a8 build/Ft1248.o
 .debug_frame   0x000002a0       0x98 build/Usb.o
 .debug_frame   0x00000338      0x108 build/Spi.o
 .debug_frame   0x00000440      0x164 C:\Users\Mike\AppData\Local\Temp\ccGvP9fL.o

.debug_str      0x00000000      0xf87
 *(.debug_str)
 .debug_str     0x00000000      0x208 c:/program files (x86)/atmel/studio/7.0/toolchain/avr8/avr8-gnu-toolchain/bin/../lib/gcc/avr/5.4.0/../../../../avr/lib/avr5/crtatmega328p.o
 .debug_str     0x00000208      0x126 build/ReadWriteBits.o
                                0x15f (size before relaxing)
 .debug_str     0x0000032e      0x158 build/DebugLed.o
                                0x297 (size before relaxing)
 .debug_str     0x00000486      0x3cf build/Ft1248.o
                                0x4fb (size before relaxing)
 .debug_str     0x00000855       0x8e build/Usb.o
                                0x266 (size before relaxing)
 .debug_str     0x000008e3      0x394 build/Spi.o
                                0x4c9 (size before relaxing)
 .debug_str     0x00000c77      0x310 C:\Users\Mike\AppData\Local\Temp\ccGvP9fL.o
                                0x633 (size before relaxing)

.debug_loc      0x00000000      0x6a9
 *(.debug_loc)
 .debug_loc     0x00000000       0x50 build/ReadWriteBits.o
 .debug_loc     0x00000050       0x93 build/DebugLed.o
 .debug_loc     0x000000e3      0x169 build/Ft1248.o
 .debug_loc     0x0000024c      0x271 build/Usb.o
 .debug_loc     0x000004bd       0x7d build/Spi.o
 .debug_loc     0x0000053a      0x16f C:\Users\Mike\AppData\Local\Temp\ccGvP9fL.o

.debug_macinfo
 *(.debug_macinfo)

.debug_weaknames
 *(.debug_weaknames)

.debug_funcnames
 *(.debug_funcnames)

.debug_typenames
 *(.debug_typenames)

.debug_varnames
 *(.debug_varnames)

.debug_pubtypes
 *(.debug_pubtypes)

.debug_ranges   0x00000000      0x268
 *(.debug_ranges)
 .debug_ranges  0x00000000       0x30 build/ReadWriteBits.o
 .debug_ranges  0x00000030       0x48 build/DebugLed.o
 .debug_ranges  0x00000078       0xb8 build/Ft1248.o
 .debug_ranges  0x00000130       0x30 build/Usb.o
 .debug_ranges  0x00000160       0x78 build/Spi.o
 .debug_ranges  0x000001d8       0x90 C:\Users\Mike\AppData\Local\Temp\ccGvP9fL.o

.debug_macro
 *(.debug_macro)
OUTPUT(build/simBrd.elf elf32-avr)
LOAD linker stubs
