Archive member included to satisfy reference by file (symbol)

c:/program files (x86)/atmel/studio/7.0/toolchain/avr8/avr8-gnu-toolchain/bin/../lib/gcc/avr/5.4.0/avr5\libgcc.a(_exit.o)
                              c:/program files (x86)/atmel/studio/7.0/toolchain/avr8/avr8-gnu-toolchain/bin/../lib/gcc/avr/5.4.0/../../../../avr/lib/avr5/crtatmega328p.o (exit)
c:/program files (x86)/atmel/studio/7.0/toolchain/avr8/avr8-gnu-toolchain/bin/../lib/gcc/avr/5.4.0/avr5\libgcc.a(_copy_data.o)
                              build/DebugLed.o (__do_copy_data)
c:/program files (x86)/atmel/studio/7.0/toolchain/avr8/avr8-gnu-toolchain/bin/../lib/gcc/avr/5.4.0/avr5\libgcc.a(_clear_bss.o)
                              build/DebugLed.o (__do_clear_bss)
c:/program files (x86)/atmel/studio/7.0/toolchain/avr8/avr8-gnu-toolchain/bin/../lib/gcc/avr/5.4.0/../../../../avr/lib/avr5\libc.a(snprintf.o)
                              C:\Users\Mike\AppData\Local\Temp\cciIiI4R.o (snprintf)
c:/program files (x86)/atmel/studio/7.0/toolchain/avr8/avr8-gnu-toolchain/bin/../lib/gcc/avr/5.4.0/../../../../avr/lib/avr5\libc.a(vfprintf_std.o)
                              c:/program files (x86)/atmel/studio/7.0/toolchain/avr8/avr8-gnu-toolchain/bin/../lib/gcc/avr/5.4.0/../../../../avr/lib/avr5\libc.a(snprintf.o) (vfprintf)
c:/program files (x86)/atmel/studio/7.0/toolchain/avr8/avr8-gnu-toolchain/bin/../lib/gcc/avr/5.4.0/../../../../avr/lib/avr5\libc.a(strnlen_P.o)
                              c:/program files (x86)/atmel/studio/7.0/toolchain/avr8/avr8-gnu-toolchain/bin/../lib/gcc/avr/5.4.0/../../../../avr/lib/avr5\libc.a(vfprintf_std.o) (strnlen_P)
c:/program files (x86)/atmel/studio/7.0/toolchain/avr8/avr8-gnu-toolchain/bin/../lib/gcc/avr/5.4.0/../../../../avr/lib/avr5\libc.a(strnlen.o)
                              c:/program files (x86)/atmel/studio/7.0/toolchain/avr8/avr8-gnu-toolchain/bin/../lib/gcc/avr/5.4.0/../../../../avr/lib/avr5\libc.a(vfprintf_std.o) (strnlen)
c:/program files (x86)/atmel/studio/7.0/toolchain/avr8/avr8-gnu-toolchain/bin/../lib/gcc/avr/5.4.0/../../../../avr/lib/avr5\libc.a(fputc.o)
                              c:/program files (x86)/atmel/studio/7.0/toolchain/avr8/avr8-gnu-toolchain/bin/../lib/gcc/avr/5.4.0/../../../../avr/lib/avr5\libc.a(vfprintf_std.o) (fputc)
c:/program files (x86)/atmel/studio/7.0/toolchain/avr8/avr8-gnu-toolchain/bin/../lib/gcc/avr/5.4.0/../../../../avr/lib/avr5\libc.a(ultoa_invert.o)
                              c:/program files (x86)/atmel/studio/7.0/toolchain/avr8/avr8-gnu-toolchain/bin/../lib/gcc/avr/5.4.0/../../../../avr/lib/avr5\libc.a(vfprintf_std.o) (__ultoa_invert)
c:/program files (x86)/atmel/studio/7.0/toolchain/avr8/avr8-gnu-toolchain/bin/../lib/gcc/avr/5.4.0/avr5\libgcc.a(_prologue.o)
                              c:/program files (x86)/atmel/studio/7.0/toolchain/avr8/avr8-gnu-toolchain/bin/../lib/gcc/avr/5.4.0/../../../../avr/lib/avr5\libc.a(snprintf.o) (__prologue_saves__)
c:/program files (x86)/atmel/studio/7.0/toolchain/avr8/avr8-gnu-toolchain/bin/../lib/gcc/avr/5.4.0/avr5\libgcc.a(_epilogue.o)
                              c:/program files (x86)/atmel/studio/7.0/toolchain/avr8/avr8-gnu-toolchain/bin/../lib/gcc/avr/5.4.0/../../../../avr/lib/avr5\libc.a(snprintf.o) (__epilogue_restores__)

Allocating common symbols
Common symbol       size              file

full_frame          0x620             C:\Users\Mike\AppData\Local\Temp\cciIiI4R.o
nbytes_in_frame     0x2               C:\Users\Mike\AppData\Local\Temp\cciIiI4R.o

Discarded input sections

 .data          0x00000000        0x0 c:/program files (x86)/atmel/studio/7.0/toolchain/avr8/avr8-gnu-toolchain/bin/../lib/gcc/avr/5.4.0/../../../../avr/lib/avr5/crtatmega328p.o
 .bss           0x00000000        0x0 c:/program files (x86)/atmel/studio/7.0/toolchain/avr8/avr8-gnu-toolchain/bin/../lib/gcc/avr/5.4.0/../../../../avr/lib/avr5/crtatmega328p.o
 .text          0x00000000        0x0 build/ReadWriteBits.o
 .data          0x00000000        0x0 build/ReadWriteBits.o
 .bss           0x00000000        0x0 build/ReadWriteBits.o
 .text.ToggleBit
                0x00000000       0x16 build/ReadWriteBits.o
 .text          0x00000000        0x0 build/DebugLed.o
 .data          0x00000000        0x0 build/DebugLed.o
 .bss           0x00000000        0x0 build/DebugLed.o
 .text.DebugLedTurnOff
                0x00000000       0x10 build/DebugLed.o
 .text.DebugLedToggleColor
                0x00000000       0x10 build/DebugLed.o
 .text.DebugLedIsRed
                0x00000000       0x10 build/DebugLed.o
 .text.DebugLedIsGreen
                0x00000000       0x10 build/DebugLed.o
 .text          0x00000000        0x0 build/Ft1248.o
 .data          0x00000000        0x0 build/Ft1248.o
 .bss           0x00000000        0x0 build/Ft1248.o
 .text.FtHasRoomToWrite_Implementation
                0x00000000       0x10 build/Ft1248.o
 .text.FtSetMisoAsInput
                0x00000000       0x10 build/Ft1248.o
 .text.FtEnablePullupOnMiso
                0x00000000       0x10 build/Ft1248.o
 .text.FtSetMiosioAsInputs
                0x00000000        0xc build/Ft1248.o
 .text.FtEnablePullupsOnMiosio
                0x00000000        0xe build/Ft1248.o
 .text.FtSckLow
                0x00000000       0x24 build/Ft1248.o
 .text.FtSsHigh
                0x00000000       0x24 build/Ft1248.o
 .data.FtHasRoomToWrite
                0x00000000        0x2 build/Ft1248.o
 .text          0x00000000        0x0 build/Usb.o
 .data          0x00000000        0x0 build/Usb.o
 .bss           0x00000000        0x0 build/Usb.o
 .text.UsbHasRoomToWrite
                0x00000000        0xa build/Usb.o
 .text          0x00000000        0x0 build/Spi.o
 .data          0x00000000        0x0 build/Spi.o
 .bss           0x00000000        0x0 build/Spi.o
 .text.WriteSpiDataRegister_Implementation
                0x00000000        0xc build/Spi.o
 .text.SpiSlaveSignalDataIsReady_Implementation
                0x00000000       0x24 build/Spi.o
 .text.SpiClearFlagTransferIsDone
                0x00000000        0xc build/Spi.o
 .text.SpiSlaveInit
                0x00000000       0x24 build/Spi.o
 .text.SpiEnableInterrupt
                0x00000000       0x2e build/Spi.o
 .text.SpiSlaveRead
                0x00000000       0x18 build/Spi.o
 .text.SpiSlaveSendBytes
                0x00000000       0x5e build/Spi.o
 .data.WriteSpiDataRegister
                0x00000000        0x2 build/Spi.o
 .data.SpiSlaveSignalDataIsReady
                0x00000000        0x2 build/Spi.o
 .rodata.test_unknown_cmd
                0x00000000        0x1 build/Spi.o
 .text          0x00000000        0x0 C:\Users\Mike\AppData\Local\Temp\cciIiI4R.o
 .data          0x00000000        0x0 C:\Users\Mike\AppData\Local\Temp\cciIiI4R.o
 .bss           0x00000000        0x0 C:\Users\Mike\AppData\Local\Temp\cciIiI4R.o
 .rodata.str1.1
                0x00000000       0xe8 C:\Users\Mike\AppData\Local\Temp\cciIiI4R.o
 .text.RunTest  0x00000000      0x156 C:\Users\Mike\AppData\Local\Temp\cciIiI4R.o
 .text.Failed   0x00000000        0xe C:\Users\Mike\AppData\Local\Temp\cciIiI4R.o
 .text.PassFailColor
                0x00000000       0x26 C:\Users\Mike\AppData\Local\Temp\cciIiI4R.o
 .text.AddTestResultStringLengths
                0x00000000       0x42 C:\Users\Mike\AppData\Local\Temp\cciIiI4R.o
 .text.PrintTestResultInMono
                0x00000000      0x110 C:\Users\Mike\AppData\Local\Temp\cciIiI4R.o
 .text.PrintTestResultInColor
                0x00000000      0x152 C:\Users\Mike\AppData\Local\Temp\cciIiI4R.o
 .text.PrintSpiSlaveResponseInMono
                0x00000000       0x6e C:\Users\Mike\AppData\Local\Temp\cciIiI4R.o
 .text.PrintSizeOfSpiSlaveResponse
                0x00000000       0x86 C:\Users\Mike\AppData\Local\Temp\cciIiI4R.o
 .text.PrintAdcReading
                0x00000000       0x86 C:\Users\Mike\AppData\Local\Temp\cciIiI4R.o
 .text.PrintSpiSlaveResponseInColor
                0x00000000       0x86 C:\Users\Mike\AppData\Local\Temp\cciIiI4R.o
 .text.EchoByte
                0x00000000       0x24 C:\Users\Mike\AppData\Local\Temp\cciIiI4R.o
 .text.EchoByte_reads_a_byte_and_writes_it_back_to_the_host
                0x00000000       0x2a C:\Users\Mike\AppData\Local\Temp\cciIiI4R.o
 .text.test_EchoByte
                0x00000000        0x4 C:\Users\Mike\AppData\Local\Temp\cciIiI4R.o
 .text.SetupDebugLed
                0x00000000       0x12 C:\Users\Mike\AppData\Local\Temp\cciIiI4R.o
 .text.SpiMaster_detects_when_slave_is_ready_to_send_data
                0x00000000       0x14 C:\Users\Mike\AppData\Local\Temp\cciIiI4R.o
 .text.Slave_receives_request_and_sends_response_when_ready
                0x00000000       0x1c C:\Users\Mike\AppData\Local\Temp\cciIiI4R.o
 .rodata        0x00000000      0x247 C:\Users\Mike\AppData\Local\Temp\cciIiI4R.o
 .text.Get_dummy_byte_from_slave_and_write_dummy_byte_to_USB_host
                0x00000000      0x1fe C:\Users\Mike\AppData\Local\Temp\cciIiI4R.o
 .text.Get_several_bytes_from_slave_and_write_bytes_to_USB_host
                0x00000000      0x27a C:\Users\Mike\AppData\Local\Temp\cciIiI4R.o
 .text.SpiMasterReadFakeSensorData
                0x00000000       0x26 C:\Users\Mike\AppData\Local\Temp\cciIiI4R.o
 .text.Get_a_frame_from_slave_and_write_frame_to_USB_host
                0x00000000      0x1c8 C:\Users\Mike\AppData\Local\Temp\cciIiI4R.o
 .text.Slave_ignores_cmd_slave_ignore
                0x00000000       0x14 C:\Users\Mike\AppData\Local\Temp\cciIiI4R.o
 .text.Slave_indicates_unknown_cmd_on_led_4
                0x00000000       0x14 C:\Users\Mike\AppData\Local\Temp\cciIiI4R.o
 .text.test_SpiMaster
                0x00000000        0x2 C:\Users\Mike\AppData\Local\Temp\cciIiI4R.o
 .text.SpiMaster_get_dummy_byte_from_slave_and_write_dummy_byte_to_USB_host
                0x00000000      0x252 C:\Users\Mike\AppData\Local\Temp\cciIiI4R.o
 .text.SpiMaster_get_a_frame_from_slave_and_write_frame_to_USB_host
                0x00000000      0x1c4 C:\Users\Mike\AppData\Local\Temp\cciIiI4R.o
 .text.SpiMaster_get_adc_reading_from_slave_and_write_to_USB_host
                0x00000000      0x240 C:\Users\Mike\AppData\Local\Temp\cciIiI4R.o
 .text.SpiMaster_get_fake_adc_reading_from_slave_and_write_to_USB_host
                0x00000000      0x27c C:\Users\Mike\AppData\Local\Temp\cciIiI4R.o
 .text.SpiMaster_get_frame_of_adc_readings_and_write_to_USB_host
                0x00000000      0x1c4 C:\Users\Mike\AppData\Local\Temp\cciIiI4R.o
 .text.DoCmdSendFourDummyBytes
                0x00000000       0x62 C:\Users\Mike\AppData\Local\Temp\cciIiI4R.o
 .text.slowSetExposureTime
                0x00000000       0x24 C:\Users\Mike\AppData\Local\Temp\cciIiI4R.o
 .text.SpiMasterPassFakeSensorData
                0x00000000       0x5a C:\Users\Mike\AppData\Local\Temp\cciIiI4R.o
 .text.SpiMasterPassAdcFrame
                0x00000000       0x5a C:\Users\Mike\AppData\Local\Temp\cciIiI4R.o
 .text.SpiMaster_get_Lis_frame_and_write_to_USB_host
                0x00000000        0xc C:\Users\Mike\AppData\Local\Temp\cciIiI4R.o
 .rodata.text_color_magenta
                0x00000000        0x6 C:\Users\Mike\AppData\Local\Temp\cciIiI4R.o
 .rodata.text_color_yellow
                0x00000000        0x6 C:\Users\Mike\AppData\Local\Temp\cciIiI4R.o
 .rodata.text_color_red
                0x00000000        0x6 C:\Users\Mike\AppData\Local\Temp\cciIiI4R.o
 .rodata.text_color_cyan
                0x00000000        0x6 C:\Users\Mike\AppData\Local\Temp\cciIiI4R.o
 .rodata.text_color_white
                0x00000000        0x6 C:\Users\Mike\AppData\Local\Temp\cciIiI4R.o
 .rodata.text_color_grey
                0x00000000        0x6 C:\Users\Mike\AppData\Local\Temp\cciIiI4R.o
 .rodata.text_color_reset
                0x00000000        0x6 C:\Users\Mike\AppData\Local\Temp\cciIiI4R.o
 .rodata.sizeof_half_frame
                0x00000000        0x2 C:\Users\Mike\AppData\Local\Temp\cciIiI4R.o
 .rodata.sizeof_full_frame
                0x00000000        0x2 C:\Users\Mike\AppData\Local\Temp\cciIiI4R.o
 .rodata.fake_adc_reading
                0x00000000        0x2 C:\Users\Mike\AppData\Local\Temp\cciIiI4R.o
 .rodata.cmd_cfg_lis_rowselect_124
                0x00000000        0x1 C:\Users\Mike\AppData\Local\Temp\cciIiI4R.o
 .rodata.cmd_auto_expose
                0x00000000        0x1 C:\Users\Mike\AppData\Local\Temp\cciIiI4R.o
 .rodata.cmd_cfg_lis_rowselect_1234
                0x00000000        0x1 C:\Users\Mike\AppData\Local\Temp\cciIiI4R.o
 .rodata.cmd_cfg_lis_rowselect_123
                0x00000000        0x1 C:\Users\Mike\AppData\Local\Temp\cciIiI4R.o
 .rodata.cmd_cfg_lis_rowselect_12
                0x00000000        0x1 C:\Users\Mike\AppData\Local\Temp\cciIiI4R.o
 .rodata.cmd_cfg_lis_rowselect_5
                0x00000000        0x1 C:\Users\Mike\AppData\Local\Temp\cciIiI4R.o
 .rodata.cmd_cfg_lis_rowselect_4
                0x00000000        0x1 C:\Users\Mike\AppData\Local\Temp\cciIiI4R.o
 .rodata.cmd_cfg_lis_rowselect_3
                0x00000000        0x1 C:\Users\Mike\AppData\Local\Temp\cciIiI4R.o
 .rodata.cmd_cfg_lis_rowselect_2
                0x00000000        0x1 C:\Users\Mike\AppData\Local\Temp\cciIiI4R.o
 .rodata.cmd_cfg_lis_rowselect_1
                0x00000000        0x1 C:\Users\Mike\AppData\Local\Temp\cciIiI4R.o
 .rodata.cmd_cfg_lis_rowselect_12345
                0x00000000        0x1 C:\Users\Mike\AppData\Local\Temp\cciIiI4R.o
 .rodata.cmd_cfg_lis_gain_1x
                0x00000000        0x1 C:\Users\Mike\AppData\Local\Temp\cciIiI4R.o
 .rodata.cmd_cfg_lis_gain_2pt5x
                0x00000000        0x1 C:\Users\Mike\AppData\Local\Temp\cciIiI4R.o
 .rodata.cmd_cfg_lis_gain_4x
                0x00000000        0x1 C:\Users\Mike\AppData\Local\Temp\cciIiI4R.o
 .rodata.cmd_cfg_lis_gain_5x
                0x00000000        0x1 C:\Users\Mike\AppData\Local\Temp\cciIiI4R.o
 .rodata.cmd_write_cfg_to_lis
                0x00000000        0x1 C:\Users\Mike\AppData\Local\Temp\cciIiI4R.o
 .rodata.cmd_cfg_summing_mode_on
                0x00000000        0x1 C:\Users\Mike\AppData\Local\Temp\cciIiI4R.o
 .rodata.cmd_cfg_summing_mode_off
                0x00000000        0x1 C:\Users\Mike\AppData\Local\Temp\cciIiI4R.o
 .rodata.cmd_enable_spi_master
                0x00000000        0x1 C:\Users\Mike\AppData\Local\Temp\cciIiI4R.o
 .rodata.cmd_disable_spi_master
                0x00000000        0x1 C:\Users\Mike\AppData\Local\Temp\cciIiI4R.o
 .rodata.cmd_set_exposure_time
                0x00000000        0x1 C:\Users\Mike\AppData\Local\Temp\cciIiI4R.o
 .rodata.cmd_send_lis_frame
                0x00000000        0x1 C:\Users\Mike\AppData\Local\Temp\cciIiI4R.o
 .rodata.cmd_send_adc_frame
                0x00000000        0x1 C:\Users\Mike\AppData\Local\Temp\cciIiI4R.o
 .rodata.cmd_send_fake_adc_reading
                0x00000000        0x1 C:\Users\Mike\AppData\Local\Temp\cciIiI4R.o
 .rodata.cmd_send_adc_reading
                0x00000000        0x1 C:\Users\Mike\AppData\Local\Temp\cciIiI4R.o
 .rodata.cmd_send_dummy_frame
                0x00000000        0x1 C:\Users\Mike\AppData\Local\Temp\cciIiI4R.o
 .rodata.cmd_send_four_dummy_bytes
                0x00000000        0x1 C:\Users\Mike\AppData\Local\Temp\cciIiI4R.o
 .rodata.cmd_send_dummy_byte
                0x00000000        0x1 C:\Users\Mike\AppData\Local\Temp\cciIiI4R.o
 .rodata.Spi_InterruptEnable
                0x00000000        0x1 C:\Users\Mike\AppData\Local\Temp\cciIiI4R.o
 .rodata.FtMiosio7
                0x00000000        0x1 C:\Users\Mike\AppData\Local\Temp\cciIiI4R.o
 .rodata.FtMiosio6
                0x00000000        0x1 C:\Users\Mike\AppData\Local\Temp\cciIiI4R.o
 .rodata.FtMiosio5
                0x00000000        0x1 C:\Users\Mike\AppData\Local\Temp\cciIiI4R.o
 .rodata.FtMiosio4
                0x00000000        0x1 C:\Users\Mike\AppData\Local\Temp\cciIiI4R.o
 .rodata.FtMiosio3
                0x00000000        0x1 C:\Users\Mike\AppData\Local\Temp\cciIiI4R.o
 .rodata.FtMiosio2
                0x00000000        0x1 C:\Users\Mike\AppData\Local\Temp\cciIiI4R.o
 .rodata.FtMiosio1
                0x00000000        0x1 C:\Users\Mike\AppData\Local\Temp\cciIiI4R.o
 .rodata.FtMiosio0
                0x00000000        0x1 C:\Users\Mike\AppData\Local\Temp\cciIiI4R.o
 .rodata.debug_led
                0x00000000        0x1 C:\Users\Mike\AppData\Local\Temp\cciIiI4R.o
 .rodata.DebugLed_pin
                0x00000000        0x2 C:\Users\Mike\AppData\Local\Temp\cciIiI4R.o
 .rodata.DebugLed_port
                0x00000000        0x2 C:\Users\Mike\AppData\Local\Temp\cciIiI4R.o
 .rodata.DebugLed_ddr
                0x00000000        0x2 C:\Users\Mike\AppData\Local\Temp\cciIiI4R.o
 .text          0x00000000        0x0 C:\Users\Mike\AppData\Local\Temp\ccfVCtxZ.o
 .data          0x00000000        0x0 C:\Users\Mike\AppData\Local\Temp\ccfVCtxZ.o
 .bss           0x00000000        0x0 C:\Users\Mike\AppData\Local\Temp\ccfVCtxZ.o
 .text.GlobalInterruptEnable_Implementation
                0x00000000        0x4 C:\Users\Mike\AppData\Local\Temp\ccfVCtxZ.o
 .text.GlobalInterruptDisable_Implementation
                0x00000000        0x4 C:\Users\Mike\AppData\Local\Temp\ccfVCtxZ.o
 .data.GlobalInterruptDisable
                0x00000000        0x2 C:\Users\Mike\AppData\Local\Temp\ccfVCtxZ.o
 .data.GlobalInterruptEnable
                0x00000000        0x2 C:\Users\Mike\AppData\Local\Temp\ccfVCtxZ.o
 .text          0x00000000        0x0 c:/program files (x86)/atmel/studio/7.0/toolchain/avr8/avr8-gnu-toolchain/bin/../lib/gcc/avr/5.4.0/avr5\libgcc.a(_exit.o)
 .data          0x00000000        0x0 c:/program files (x86)/atmel/studio/7.0/toolchain/avr8/avr8-gnu-toolchain/bin/../lib/gcc/avr/5.4.0/avr5\libgcc.a(_exit.o)
 .bss           0x00000000        0x0 c:/program files (x86)/atmel/studio/7.0/toolchain/avr8/avr8-gnu-toolchain/bin/../lib/gcc/avr/5.4.0/avr5\libgcc.a(_exit.o)
 .text.libgcc.mul
                0x00000000        0x0 c:/program files (x86)/atmel/studio/7.0/toolchain/avr8/avr8-gnu-toolchain/bin/../lib/gcc/avr/5.4.0/avr5\libgcc.a(_exit.o)
 .text.libgcc.div
                0x00000000        0x0 c:/program files (x86)/atmel/studio/7.0/toolchain/avr8/avr8-gnu-toolchain/bin/../lib/gcc/avr/5.4.0/avr5\libgcc.a(_exit.o)
 .text.libgcc   0x00000000        0x0 c:/program files (x86)/atmel/studio/7.0/toolchain/avr8/avr8-gnu-toolchain/bin/../lib/gcc/avr/5.4.0/avr5\libgcc.a(_exit.o)
 .text.libgcc.prologue
                0x00000000        0x0 c:/program files (x86)/atmel/studio/7.0/toolchain/avr8/avr8-gnu-toolchain/bin/../lib/gcc/avr/5.4.0/avr5\libgcc.a(_exit.o)
 .text.libgcc.builtins
                0x00000000        0x0 c:/program files (x86)/atmel/studio/7.0/toolchain/avr8/avr8-gnu-toolchain/bin/../lib/gcc/avr/5.4.0/avr5\libgcc.a(_exit.o)
 .text.libgcc.fmul
                0x00000000        0x0 c:/program files (x86)/atmel/studio/7.0/toolchain/avr8/avr8-gnu-toolchain/bin/../lib/gcc/avr/5.4.0/avr5\libgcc.a(_exit.o)
 .text.libgcc.fixed
                0x00000000        0x0 c:/program files (x86)/atmel/studio/7.0/toolchain/avr8/avr8-gnu-toolchain/bin/../lib/gcc/avr/5.4.0/avr5\libgcc.a(_exit.o)
 .text          0x00000000        0x0 c:/program files (x86)/atmel/studio/7.0/toolchain/avr8/avr8-gnu-toolchain/bin/../lib/gcc/avr/5.4.0/avr5\libgcc.a(_copy_data.o)
 .data          0x00000000        0x0 c:/program files (x86)/atmel/studio/7.0/toolchain/avr8/avr8-gnu-toolchain/bin/../lib/gcc/avr/5.4.0/avr5\libgcc.a(_copy_data.o)
 .bss           0x00000000        0x0 c:/program files (x86)/atmel/studio/7.0/toolchain/avr8/avr8-gnu-toolchain/bin/../lib/gcc/avr/5.4.0/avr5\libgcc.a(_copy_data.o)
 .text.libgcc.mul
                0x00000000        0x0 c:/program files (x86)/atmel/studio/7.0/toolchain/avr8/avr8-gnu-toolchain/bin/../lib/gcc/avr/5.4.0/avr5\libgcc.a(_copy_data.o)
 .text.libgcc.div
                0x00000000        0x0 c:/program files (x86)/atmel/studio/7.0/toolchain/avr8/avr8-gnu-toolchain/bin/../lib/gcc/avr/5.4.0/avr5\libgcc.a(_copy_data.o)
 .text.libgcc   0x00000000        0x0 c:/program files (x86)/atmel/studio/7.0/toolchain/avr8/avr8-gnu-toolchain/bin/../lib/gcc/avr/5.4.0/avr5\libgcc.a(_copy_data.o)
 .text.libgcc.prologue
                0x00000000        0x0 c:/program files (x86)/atmel/studio/7.0/toolchain/avr8/avr8-gnu-toolchain/bin/../lib/gcc/avr/5.4.0/avr5\libgcc.a(_copy_data.o)
 .text.libgcc.builtins
                0x00000000        0x0 c:/program files (x86)/atmel/studio/7.0/toolchain/avr8/avr8-gnu-toolchain/bin/../lib/gcc/avr/5.4.0/avr5\libgcc.a(_copy_data.o)
 .text.libgcc.fmul
                0x00000000        0x0 c:/program files (x86)/atmel/studio/7.0/toolchain/avr8/avr8-gnu-toolchain/bin/../lib/gcc/avr/5.4.0/avr5\libgcc.a(_copy_data.o)
 .text.libgcc.fixed
                0x00000000        0x0 c:/program files (x86)/atmel/studio/7.0/toolchain/avr8/avr8-gnu-toolchain/bin/../lib/gcc/avr/5.4.0/avr5\libgcc.a(_copy_data.o)
 .text          0x00000000        0x0 c:/program files (x86)/atmel/studio/7.0/toolchain/avr8/avr8-gnu-toolchain/bin/../lib/gcc/avr/5.4.0/avr5\libgcc.a(_clear_bss.o)
 .data          0x00000000        0x0 c:/program files (x86)/atmel/studio/7.0/toolchain/avr8/avr8-gnu-toolchain/bin/../lib/gcc/avr/5.4.0/avr5\libgcc.a(_clear_bss.o)
 .bss           0x00000000        0x0 c:/program files (x86)/atmel/studio/7.0/toolchain/avr8/avr8-gnu-toolchain/bin/../lib/gcc/avr/5.4.0/avr5\libgcc.a(_clear_bss.o)
 .text.libgcc.mul
                0x00000000        0x0 c:/program files (x86)/atmel/studio/7.0/toolchain/avr8/avr8-gnu-toolchain/bin/../lib/gcc/avr/5.4.0/avr5\libgcc.a(_clear_bss.o)
 .text.libgcc.div
                0x00000000        0x0 c:/program files (x86)/atmel/studio/7.0/toolchain/avr8/avr8-gnu-toolchain/bin/../lib/gcc/avr/5.4.0/avr5\libgcc.a(_clear_bss.o)
 .text.libgcc   0x00000000        0x0 c:/program files (x86)/atmel/studio/7.0/toolchain/avr8/avr8-gnu-toolchain/bin/../lib/gcc/avr/5.4.0/avr5\libgcc.a(_clear_bss.o)
 .text.libgcc.prologue
                0x00000000        0x0 c:/program files (x86)/atmel/studio/7.0/toolchain/avr8/avr8-gnu-toolchain/bin/../lib/gcc/avr/5.4.0/avr5\libgcc.a(_clear_bss.o)
 .text.libgcc.builtins
                0x00000000        0x0 c:/program files (x86)/atmel/studio/7.0/toolchain/avr8/avr8-gnu-toolchain/bin/../lib/gcc/avr/5.4.0/avr5\libgcc.a(_clear_bss.o)
 .text.libgcc.fmul
                0x00000000        0x0 c:/program files (x86)/atmel/studio/7.0/toolchain/avr8/avr8-gnu-toolchain/bin/../lib/gcc/avr/5.4.0/avr5\libgcc.a(_clear_bss.o)
 .text.libgcc.fixed
                0x00000000        0x0 c:/program files (x86)/atmel/studio/7.0/toolchain/avr8/avr8-gnu-toolchain/bin/../lib/gcc/avr/5.4.0/avr5\libgcc.a(_clear_bss.o)
 .text          0x00000000        0x0 c:/program files (x86)/atmel/studio/7.0/toolchain/avr8/avr8-gnu-toolchain/bin/../lib/gcc/avr/5.4.0/../../../../avr/lib/avr5\libc.a(snprintf.o)
 .data          0x00000000        0x0 c:/program files (x86)/atmel/studio/7.0/toolchain/avr8/avr8-gnu-toolchain/bin/../lib/gcc/avr/5.4.0/../../../../avr/lib/avr5\libc.a(snprintf.o)
 .bss           0x00000000        0x0 c:/program files (x86)/atmel/studio/7.0/toolchain/avr8/avr8-gnu-toolchain/bin/../lib/gcc/avr/5.4.0/../../../../avr/lib/avr5\libc.a(snprintf.o)
 .text.avr-libc
                0x00000000       0x60 c:/program files (x86)/atmel/studio/7.0/toolchain/avr8/avr8-gnu-toolchain/bin/../lib/gcc/avr/5.4.0/../../../../avr/lib/avr5\libc.a(snprintf.o)
 .comment       0x00000000       0x31 c:/program files (x86)/atmel/studio/7.0/toolchain/avr8/avr8-gnu-toolchain/bin/../lib/gcc/avr/5.4.0/../../../../avr/lib/avr5\libc.a(snprintf.o)
 .text          0x00000000        0x0 c:/program files (x86)/atmel/studio/7.0/toolchain/avr8/avr8-gnu-toolchain/bin/../lib/gcc/avr/5.4.0/../../../../avr/lib/avr5\libc.a(vfprintf_std.o)
 .data          0x00000000        0x0 c:/program files (x86)/atmel/studio/7.0/toolchain/avr8/avr8-gnu-toolchain/bin/../lib/gcc/avr/5.4.0/../../../../avr/lib/avr5\libc.a(vfprintf_std.o)
 .bss           0x00000000        0x0 c:/program files (x86)/atmel/studio/7.0/toolchain/avr8/avr8-gnu-toolchain/bin/../lib/gcc/avr/5.4.0/../../../../avr/lib/avr5\libc.a(vfprintf_std.o)
 .text.avr-libc
                0x00000000      0x3c2 c:/program files (x86)/atmel/studio/7.0/toolchain/avr8/avr8-gnu-toolchain/bin/../lib/gcc/avr/5.4.0/../../../../avr/lib/avr5\libc.a(vfprintf_std.o)
 .comment       0x00000000       0x2d c:/program files (x86)/atmel/studio/7.0/toolchain/avr8/avr8-gnu-toolchain/bin/../lib/gcc/avr/5.4.0/../../../../avr/lib/avr5\libc.a(vfprintf_std.o)
 .text          0x00000000        0x0 c:/program files (x86)/atmel/studio/7.0/toolchain/avr8/avr8-gnu-toolchain/bin/../lib/gcc/avr/5.4.0/../../../../avr/lib/avr5\libc.a(strnlen_P.o)
 .data          0x00000000        0x0 c:/program files (x86)/atmel/studio/7.0/toolchain/avr8/avr8-gnu-toolchain/bin/../lib/gcc/avr/5.4.0/../../../../avr/lib/avr5\libc.a(strnlen_P.o)
 .bss           0x00000000        0x0 c:/program files (x86)/atmel/studio/7.0/toolchain/avr8/avr8-gnu-toolchain/bin/../lib/gcc/avr/5.4.0/../../../../avr/lib/avr5\libc.a(strnlen_P.o)
 .text.avr-libc
                0x00000000       0x16 c:/program files (x86)/atmel/studio/7.0/toolchain/avr8/avr8-gnu-toolchain/bin/../lib/gcc/avr/5.4.0/../../../../avr/lib/avr5\libc.a(strnlen_P.o)
 .text          0x00000000        0x0 c:/program files (x86)/atmel/studio/7.0/toolchain/avr8/avr8-gnu-toolchain/bin/../lib/gcc/avr/5.4.0/../../../../avr/lib/avr5\libc.a(strnlen.o)
 .data          0x00000000        0x0 c:/program files (x86)/atmel/studio/7.0/toolchain/avr8/avr8-gnu-toolchain/bin/../lib/gcc/avr/5.4.0/../../../../avr/lib/avr5\libc.a(strnlen.o)
 .bss           0x00000000        0x0 c:/program files (x86)/atmel/studio/7.0/toolchain/avr8/avr8-gnu-toolchain/bin/../lib/gcc/avr/5.4.0/../../../../avr/lib/avr5\libc.a(strnlen.o)
 .text.avr-libc
                0x00000000       0x16 c:/program files (x86)/atmel/studio/7.0/toolchain/avr8/avr8-gnu-toolchain/bin/../lib/gcc/avr/5.4.0/../../../../avr/lib/avr5\libc.a(strnlen.o)
 .text          0x00000000        0x0 c:/program files (x86)/atmel/studio/7.0/toolchain/avr8/avr8-gnu-toolchain/bin/../lib/gcc/avr/5.4.0/../../../../avr/lib/avr5\libc.a(fputc.o)
 .data          0x00000000        0x0 c:/program files (x86)/atmel/studio/7.0/toolchain/avr8/avr8-gnu-toolchain/bin/../lib/gcc/avr/5.4.0/../../../../avr/lib/avr5\libc.a(fputc.o)
 .bss           0x00000000        0x0 c:/program files (x86)/atmel/studio/7.0/toolchain/avr8/avr8-gnu-toolchain/bin/../lib/gcc/avr/5.4.0/../../../../avr/lib/avr5\libc.a(fputc.o)
 .text.avr-libc
                0x00000000       0x78 c:/program files (x86)/atmel/studio/7.0/toolchain/avr8/avr8-gnu-toolchain/bin/../lib/gcc/avr/5.4.0/../../../../avr/lib/avr5\libc.a(fputc.o)
 .comment       0x00000000       0x31 c:/program files (x86)/atmel/studio/7.0/toolchain/avr8/avr8-gnu-toolchain/bin/../lib/gcc/avr/5.4.0/../../../../avr/lib/avr5\libc.a(fputc.o)
 .text          0x00000000        0x0 c:/program files (x86)/atmel/studio/7.0/toolchain/avr8/avr8-gnu-toolchain/bin/../lib/gcc/avr/5.4.0/../../../../avr/lib/avr5\libc.a(ultoa_invert.o)
 .data          0x00000000        0x0 c:/program files (x86)/atmel/studio/7.0/toolchain/avr8/avr8-gnu-toolchain/bin/../lib/gcc/avr/5.4.0/../../../../avr/lib/avr5\libc.a(ultoa_invert.o)
 .bss           0x00000000        0x0 c:/program files (x86)/atmel/studio/7.0/toolchain/avr8/avr8-gnu-toolchain/bin/../lib/gcc/avr/5.4.0/../../../../avr/lib/avr5\libc.a(ultoa_invert.o)
 .text.avr-libc
                0x00000000       0xbc c:/program files (x86)/atmel/studio/7.0/toolchain/avr8/avr8-gnu-toolchain/bin/../lib/gcc/avr/5.4.0/../../../../avr/lib/avr5\libc.a(ultoa_invert.o)
 .text          0x00000000        0x0 c:/program files (x86)/atmel/studio/7.0/toolchain/avr8/avr8-gnu-toolchain/bin/../lib/gcc/avr/5.4.0/avr5\libgcc.a(_prologue.o)
 .data          0x00000000        0x0 c:/program files (x86)/atmel/studio/7.0/toolchain/avr8/avr8-gnu-toolchain/bin/../lib/gcc/avr/5.4.0/avr5\libgcc.a(_prologue.o)
 .bss           0x00000000        0x0 c:/program files (x86)/atmel/studio/7.0/toolchain/avr8/avr8-gnu-toolchain/bin/../lib/gcc/avr/5.4.0/avr5\libgcc.a(_prologue.o)
 .text.libgcc.mul
                0x00000000        0x0 c:/program files (x86)/atmel/studio/7.0/toolchain/avr8/avr8-gnu-toolchain/bin/../lib/gcc/avr/5.4.0/avr5\libgcc.a(_prologue.o)
 .text.libgcc.div
                0x00000000        0x0 c:/program files (x86)/atmel/studio/7.0/toolchain/avr8/avr8-gnu-toolchain/bin/../lib/gcc/avr/5.4.0/avr5\libgcc.a(_prologue.o)
 .text.libgcc   0x00000000        0x0 c:/program files (x86)/atmel/studio/7.0/toolchain/avr8/avr8-gnu-toolchain/bin/../lib/gcc/avr/5.4.0/avr5\libgcc.a(_prologue.o)
 .text.libgcc.prologue
                0x00000000       0x38 c:/program files (x86)/atmel/studio/7.0/toolchain/avr8/avr8-gnu-toolchain/bin/../lib/gcc/avr/5.4.0/avr5\libgcc.a(_prologue.o)
 .text.libgcc.builtins
                0x00000000        0x0 c:/program files (x86)/atmel/studio/7.0/toolchain/avr8/avr8-gnu-toolchain/bin/../lib/gcc/avr/5.4.0/avr5\libgcc.a(_prologue.o)
 .text.libgcc.fmul
                0x00000000        0x0 c:/program files (x86)/atmel/studio/7.0/toolchain/avr8/avr8-gnu-toolchain/bin/../lib/gcc/avr/5.4.0/avr5\libgcc.a(_prologue.o)
 .text.libgcc.fixed
                0x00000000        0x0 c:/program files (x86)/atmel/studio/7.0/toolchain/avr8/avr8-gnu-toolchain/bin/../lib/gcc/avr/5.4.0/avr5\libgcc.a(_prologue.o)
 .text          0x00000000        0x0 c:/program files (x86)/atmel/studio/7.0/toolchain/avr8/avr8-gnu-toolchain/bin/../lib/gcc/avr/5.4.0/avr5\libgcc.a(_epilogue.o)
 .data          0x00000000        0x0 c:/program files (x86)/atmel/studio/7.0/toolchain/avr8/avr8-gnu-toolchain/bin/../lib/gcc/avr/5.4.0/avr5\libgcc.a(_epilogue.o)
 .bss           0x00000000        0x0 c:/program files (x86)/atmel/studio/7.0/toolchain/avr8/avr8-gnu-toolchain/bin/../lib/gcc/avr/5.4.0/avr5\libgcc.a(_epilogue.o)
 .text.libgcc.mul
                0x00000000        0x0 c:/program files (x86)/atmel/studio/7.0/toolchain/avr8/avr8-gnu-toolchain/bin/../lib/gcc/avr/5.4.0/avr5\libgcc.a(_epilogue.o)
 .text.libgcc.div
                0x00000000        0x0 c:/program files (x86)/atmel/studio/7.0/toolchain/avr8/avr8-gnu-toolchain/bin/../lib/gcc/avr/5.4.0/avr5\libgcc.a(_epilogue.o)
 .text.libgcc   0x00000000        0x0 c:/program files (x86)/atmel/studio/7.0/toolchain/avr8/avr8-gnu-toolchain/bin/../lib/gcc/avr/5.4.0/avr5\libgcc.a(_epilogue.o)
 .text.libgcc.prologue
                0x00000000       0x36 c:/program files (x86)/atmel/studio/7.0/toolchain/avr8/avr8-gnu-toolchain/bin/../lib/gcc/avr/5.4.0/avr5\libgcc.a(_epilogue.o)
 .text.libgcc.builtins
                0x00000000        0x0 c:/program files (x86)/atmel/studio/7.0/toolchain/avr8/avr8-gnu-toolchain/bin/../lib/gcc/avr/5.4.0/avr5\libgcc.a(_epilogue.o)
 .text.libgcc.fmul
                0x00000000        0x0 c:/program files (x86)/atmel/studio/7.0/toolchain/avr8/avr8-gnu-toolchain/bin/../lib/gcc/avr/5.4.0/avr5\libgcc.a(_epilogue.o)
 .text.libgcc.fixed
                0x00000000        0x0 c:/program files (x86)/atmel/studio/7.0/toolchain/avr8/avr8-gnu-toolchain/bin/../lib/gcc/avr/5.4.0/avr5\libgcc.a(_epilogue.o)

Memory Configuration

Name             Origin             Length             Attributes
text             0x00000000         0x00020000         xr
data             0x00800060         0x0000ffa0         rw !x
eeprom           0x00810000         0x00010000         rw !x
fuse             0x00820000         0x00000003         rw !x
lock             0x00830000         0x00000400         rw !x
signature        0x00840000         0x00000400         rw !x
user_signatures  0x00850000         0x00000400         rw !x
*default*        0x00000000         0xffffffff

Linker script and memory map

Address of section .data set to 0x800100
LOAD c:/program files (x86)/atmel/studio/7.0/toolchain/avr8/avr8-gnu-toolchain/bin/../lib/gcc/avr/5.4.0/../../../../avr/lib/avr5/crtatmega328p.o
LOAD build/ReadWriteBits.o
LOAD build/DebugLed.o
LOAD build/Ft1248.o
LOAD build/Usb.o
LOAD build/Spi.o
LOAD C:\Users\Mike\AppData\Local\Temp\cciIiI4R.o
LOAD C:\Users\Mike\AppData\Local\Temp\ccfVCtxZ.o
START GROUP
LOAD c:/program files (x86)/atmel/studio/7.0/toolchain/avr8/avr8-gnu-toolchain/bin/../lib/gcc/avr/5.4.0/avr5\libgcc.a
LOAD c:/program files (x86)/atmel/studio/7.0/toolchain/avr8/avr8-gnu-toolchain/bin/../lib/gcc/avr/5.4.0/../../../../avr/lib/avr5\libm.a
LOAD c:/program files (x86)/atmel/studio/7.0/toolchain/avr8/avr8-gnu-toolchain/bin/../lib/gcc/avr/5.4.0/../../../../avr/lib/avr5\libc.a
LOAD c:/program files (x86)/atmel/studio/7.0/toolchain/avr8/avr8-gnu-toolchain/bin/../lib/gcc/avr/5.4.0/../../../../avr/lib/avr5\libatmega328p.a
END GROUP
                0x00020000                __TEXT_REGION_LENGTH__ = DEFINED (__TEXT_REGION_LENGTH__)?__TEXT_REGION_LENGTH__:0x20000
                0x0000ffa0                __DATA_REGION_LENGTH__ = DEFINED (__DATA_REGION_LENGTH__)?__DATA_REGION_LENGTH__:0xffa0
                0x00010000                __EEPROM_REGION_LENGTH__ = DEFINED (__EEPROM_REGION_LENGTH__)?__EEPROM_REGION_LENGTH__:0x10000
                [0x00000003]                __FUSE_REGION_LENGTH__ = DEFINED (__FUSE_REGION_LENGTH__)?__FUSE_REGION_LENGTH__:0x400
                0x00000400                __LOCK_REGION_LENGTH__ = DEFINED (__LOCK_REGION_LENGTH__)?__LOCK_REGION_LENGTH__:0x400
                0x00000400                __SIGNATURE_REGION_LENGTH__ = DEFINED (__SIGNATURE_REGION_LENGTH__)?__SIGNATURE_REGION_LENGTH__:0x400
                0x00000400                __USER_SIGNATURE_REGION_LENGTH__ = DEFINED (__USER_SIGNATURE_REGION_LENGTH__)?__USER_SIGNATURE_REGION_LENGTH__:0x400

.hash
 *(.hash)

.dynsym
 *(.dynsym)

.dynstr
 *(.dynstr)

.gnu.version
 *(.gnu.version)

.gnu.version_d
 *(.gnu.version_d)

.gnu.version_r
 *(.gnu.version_r)

.rel.init
 *(.rel.init)

.rela.init
 *(.rela.init)

.rel.text
 *(.rel.text)
 *(.rel.text.*)
 *(.rel.gnu.linkonce.t*)

.rela.text
 *(.rela.text)
 *(.rela.text.*)
 *(.rela.gnu.linkonce.t*)

.rel.fini
 *(.rel.fini)

.rela.fini
 *(.rela.fini)

.rel.rodata
 *(.rel.rodata)
 *(.rel.rodata.*)
 *(.rel.gnu.linkonce.r*)

.rela.rodata
 *(.rela.rodata)
 *(.rela.rodata.*)
 *(.rela.gnu.linkonce.r*)

.rel.data
 *(.rel.data)
 *(.rel.data.*)
 *(.rel.gnu.linkonce.d*)

.rela.data
 *(.rela.data)
 *(.rela.data.*)
 *(.rela.gnu.linkonce.d*)

.rel.ctors
 *(.rel.ctors)

.rela.ctors
 *(.rela.ctors)

.rel.dtors
 *(.rel.dtors)

.rela.dtors
 *(.rela.dtors)

.rel.got
 *(.rel.got)

.rela.got
 *(.rela.got)

.rel.bss
 *(.rel.bss)

.rela.bss
 *(.rela.bss)

.rel.plt
 *(.rel.plt)

.rela.plt
 *(.rela.plt)

.text           0x00000000      0xba4
 *(.vectors)
 .vectors       0x00000000       0x68 c:/program files (x86)/atmel/studio/7.0/toolchain/avr8/avr8-gnu-toolchain/bin/../lib/gcc/avr/5.4.0/../../../../avr/lib/avr5/crtatmega328p.o
                0x00000000                __vector_default
                0x00000000                __vectors
 *(.vectors)
 *(.progmem.gcc*)
                0x00000068                . = ALIGN (0x2)
                0x00000068                __trampolines_start = .
 *(.trampolines)
 .trampolines   0x00000068        0x0 linker stubs
 *(.trampolines*)
                0x00000068                __trampolines_end = .
 *libprintf_flt.a:*(.progmem.data)
 *libc.a:*(.progmem.data)
 *(.progmem*)
                0x00000068                . = ALIGN (0x2)
 *(.jumptables)
 *(.jumptables*)
 *(.lowtext)
 *(.lowtext*)
                0x00000068                __ctors_start = .
 *(.ctors)
                0x00000068                __ctors_end = .
                0x00000068                __dtors_start = .
 *(.dtors)
                0x00000068                __dtors_end = .
 SORT(*)(.ctors)
 SORT(*)(.dtors)
 *(.init0)
 .init0         0x00000068        0x0 c:/program files (x86)/atmel/studio/7.0/toolchain/avr8/avr8-gnu-toolchain/bin/../lib/gcc/avr/5.4.0/../../../../avr/lib/avr5/crtatmega328p.o
                0x00000068                __init
 *(.init0)
 *(.init1)
 *(.init1)
 *(.init2)
 .init2         0x00000068        0xc c:/program files (x86)/atmel/studio/7.0/toolchain/avr8/avr8-gnu-toolchain/bin/../lib/gcc/avr/5.4.0/../../../../avr/lib/avr5/crtatmega328p.o
 *(.init2)
 *(.init3)
 *(.init3)
 *(.init4)
 .init4         0x00000074       0x16 c:/program files (x86)/atmel/studio/7.0/toolchain/avr8/avr8-gnu-toolchain/bin/../lib/gcc/avr/5.4.0/avr5\libgcc.a(_copy_data.o)
                0x00000074                __do_copy_data
 .init4         0x0000008a       0x10 c:/program files (x86)/atmel/studio/7.0/toolchain/avr8/avr8-gnu-toolchain/bin/../lib/gcc/avr/5.4.0/avr5\libgcc.a(_clear_bss.o)
                0x0000008a                __do_clear_bss
 *(.init4)
 *(.init5)
 *(.init5)
 *(.init6)
 *(.init6)
 *(.init7)
 *(.init7)
 *(.init8)
 *(.init8)
 *(.init9)
 .init9         0x0000009a        0x8 c:/program files (x86)/atmel/studio/7.0/toolchain/avr8/avr8-gnu-toolchain/bin/../lib/gcc/avr/5.4.0/../../../../avr/lib/avr5/crtatmega328p.o
 *(.init9)
 *(.text)
 .text          0x000000a2        0x4 c:/program files (x86)/atmel/studio/7.0/toolchain/avr8/avr8-gnu-toolchain/bin/../lib/gcc/avr/5.4.0/../../../../avr/lib/avr5/crtatmega328p.o
                0x000000a2                __vector_22
                0x000000a2                __vector_1
                0x000000a2                __vector_24
                0x000000a2                __vector_12
                0x000000a2                __bad_interrupt
                0x000000a2                __vector_6
                0x000000a2                __vector_3
                0x000000a2                __vector_23
                0x000000a2                __vector_25
                0x000000a2                __vector_11
                0x000000a2                __vector_13
                0x000000a2                __vector_17
                0x000000a2                __vector_19
                0x000000a2                __vector_7
                0x000000a2                __vector_5
                0x000000a2                __vector_4
                0x000000a2                __vector_9
                0x000000a2                __vector_2
                0x000000a2                __vector_21
                0x000000a2                __vector_15
                0x000000a2                __vector_8
                0x000000a2                __vector_14
                0x000000a2                __vector_10
                0x000000a2                __vector_16
                0x000000a2                __vector_18
                0x000000a2                __vector_20
                0x000000a6                . = ALIGN (0x2)
 *(.text.*)
 .text.SetBit   0x000000a6       0x16 build/ReadWriteBits.o
                0x000000a6                SetBit
 .text.ClearBit
                0x000000bc       0x18 build/ReadWriteBits.o
                0x000000bc                ClearBit
 .text.BitIsSet
                0x000000d4       0x22 build/ReadWriteBits.o
                0x000000d4                BitIsSet
 .text.BitIsClear
                0x000000f6       0x1c build/ReadWriteBits.o
                0x000000f6                BitIsClear
 .text.DebugLedTurnOn_Implementation
                0x00000112       0x10 build/DebugLed.o
 .text.DebugLedTurnRed
                0x00000122       0x10 build/DebugLed.o
                0x00000122                DebugLedTurnRed
 .text.DebugLedTurnGreen_Implementation
                0x00000132       0x10 build/DebugLed.o
 .text.DebugLedInit
                0x00000142       0x30 build/DebugLed.o
                0x00000142                DebugLedInit
 .text.FtSendCommand_Implementation
                0x00000172       0x3a build/Ft1248.o
 .text.FtBusTurnaround_Implementation
                0x000001ac       0x28 build/Ft1248.o
 .text.FtWrite_Implementation
                0x000001d4       0x3e build/Ft1248.o
 .text.FtLetMasterDriveBus_Implementation
                0x00000212        0xe build/Ft1248.o
 .text.FtLetSlaveDriveBus_Implementation
                0x00000220        0xc build/Ft1248.o
 .text.FtReadData_Implementation
                0x0000022c        0xc build/Ft1248.o
 .text.FtWriteData_Implementation
                0x00000238        0xc build/Ft1248.o
 .text.FtActivateInterface_Implementation
                0x00000244       0x10 build/Ft1248.o
 .text.FtPullData_Implementation
                0x00000254       0x10 build/Ft1248.o
 .text.FtDeactivateInterface_Implementation
                0x00000264       0x10 build/Ft1248.o
 .text.FtPushData_Implementation
                0x00000274       0x10 build/Ft1248.o
 .text.FtIsBusOk_Implementation
                0x00000284       0x10 build/Ft1248.o
 .text.FtRead_Implementation
                0x00000294       0x44 build/Ft1248.o
 .text.FtOutputByte_Implementation
                0x000002d8        0xc build/Ft1248.o
 .text.FtInit   0x000002e4       0x76 build/Ft1248.o
                0x000002e4                FtInit
 .text.UsbInit  0x0000035a        0x4 build/Usb.o
                0x0000035a                UsbInit
 .text.UsbRead  0x0000035e       0x7c build/Usb.o
                0x0000035e                UsbRead
 .text.UsbWrite
                0x000003da       0x90 build/Usb.o
                0x000003da                UsbWrite
 .text.UsbHasDataToRead
                0x0000046a        0xa build/Usb.o
                0x0000046a                UsbHasDataToRead
 .text.ClearPendingSpiInterrupt_Implementation
                0x00000474       0x14 build/Spi.o
 .text.ReadSpiStatusRegister_Implementation
                0x00000488        0xc build/Spi.o
 .text.ReadSpiDataRegister_Implementation
                0x00000494        0xc build/Spi.o
 .text.DisableSpi_Implementation
                0x000004a0       0x10 build/Spi.o
 .text.SpiMasterOpenSpi_Implementation
                0x000004b0       0x10 build/Spi.o
 .text.EnableSpi_Implementation
                0x000004c0       0x10 build/Spi.o
 .text.SpiMasterCloseSpi_Implementation
                0x000004d0       0x10 build/Spi.o
 .text.SpiTransferIsDone_Implementation
                0x000004e0       0x10 build/Spi.o
 .text.SpiResponseIsReady_Implementation
                0x000004f0       0x10 build/Spi.o
 .text.SpiMasterInit
                0x00000500       0x9a build/Spi.o
                0x00000500                SpiMasterInit
 .text.SpiMasterDisable
                0x0000059a       0x4c build/Spi.o
                0x0000059a                SpiMasterDisable
 .text.SpiMasterWrite
                0x000005e6       0x3c build/Spi.o
                0x000005e6                SpiMasterWrite
 .text.SpiMasterRead
                0x00000622       0x42 build/Spi.o
                0x00000622                SpiMasterRead
 .text.SpiMasterWaitForResponse
                0x00000664       0x10 build/Spi.o
                0x00000664                SpiMasterWaitForResponse
 .text.AutoExpose
                0x00000674       0x70 C:\Users\Mike\AppData\Local\Temp\cciIiI4R.o
                0x00000674                AutoExpose
 .text.SetExposureTime
                0x000006e4       0x9c C:\Users\Mike\AppData\Local\Temp\cciIiI4R.o
                0x000006e4                SetExposureTime
 .text.SpiMasterPassLisFrame
                0x00000780       0xf4 C:\Users\Mike\AppData\Local\Temp\cciIiI4R.o
                0x00000780                SpiMasterPassLisFrame
 .text.SpiMaster_pass_commands_from_USB_Host_pass_data_from_slave
                0x00000874      0x2f8 C:\Users\Mike\AppData\Local\Temp\cciIiI4R.o
                0x00000874                SpiMaster_pass_commands_from_USB_Host_pass_data_from_slave
 .text.startup.main
                0x00000b6c       0x2e C:\Users\Mike\AppData\Local\Temp\cciIiI4R.o
                0x00000b6c                main
 .text.Delay3CpuCyclesPerTick_Implementation
                0x00000b9a        0x6 C:\Users\Mike\AppData\Local\Temp\ccfVCtxZ.o
                0x00000ba0                . = ALIGN (0x2)
 *(.fini9)
 .fini9         0x00000ba0        0x0 c:/program files (x86)/atmel/studio/7.0/toolchain/avr8/avr8-gnu-toolchain/bin/../lib/gcc/avr/5.4.0/avr5\libgcc.a(_exit.o)
                0x00000ba0                _exit
                0x00000ba0                exit
 *(.fini9)
 *(.fini8)
 *(.fini8)
 *(.fini7)
 *(.fini7)
 *(.fini6)
 *(.fini6)
 *(.fini5)
 *(.fini5)
 *(.fini4)
 *(.fini4)
 *(.fini3)
 *(.fini3)
 *(.fini2)
 *(.fini2)
 *(.fini1)
 *(.fini1)
 *(.fini0)
 .fini0         0x00000ba0        0x4 c:/program files (x86)/atmel/studio/7.0/toolchain/avr8/avr8-gnu-toolchain/bin/../lib/gcc/avr/5.4.0/avr5\libgcc.a(_exit.o)
 *(.fini0)
                0x00000ba4                _etext = .

.data           0x00800100       0x60 load address 0x00000ba4
                0x00800100                PROVIDE (__data_start, .)
 *(.data)
 *(.data*)
 .data.DebugLedTurnRedToShowError
                0x00800100        0x2 build/DebugLed.o
                0x00800100                DebugLedTurnRedToShowError
 .data.DebugLedTurnGreen
                0x00800102        0x2 build/DebugLed.o
                0x00800102                DebugLedTurnGreen
 .data.DebugLedTurnOn
                0x00800104        0x2 build/DebugLed.o
                0x00800104                DebugLedTurnOn
 .data.FtWriteData
                0x00800106        0x2 build/Ft1248.o
                0x00800106                FtWriteData
 .data.FtReadData
                0x00800108        0x2 build/Ft1248.o
                0x00800108                FtReadData
 .data.FtHasDataToRead
                0x0080010a        0x2 build/Ft1248.o
                0x0080010a                FtHasDataToRead
 .data.FtIsBusOk
                0x0080010c        0x2 build/Ft1248.o
                0x0080010c                FtIsBusOk
 .data.FtLetSlaveDriveBus
                0x0080010e        0x2 build/Ft1248.o
                0x0080010e                FtLetSlaveDriveBus
 .data.FtLetMasterDriveBus
                0x00800110        0x2 build/Ft1248.o
                0x00800110                FtLetMasterDriveBus
 .data.FtPullData
                0x00800112        0x2 build/Ft1248.o
                0x00800112                FtPullData
 .data.FtOutputByte
                0x00800114        0x2 build/Ft1248.o
                0x00800114                FtOutputByte
 .data.FtPushData
                0x00800116        0x2 build/Ft1248.o
                0x00800116                FtPushData
 .data.FtDeactivateInterface
                0x00800118        0x2 build/Ft1248.o
                0x00800118                FtDeactivateInterface
 .data.FtActivateInterface
                0x0080011a        0x2 build/Ft1248.o
                0x0080011a                FtActivateInterface
 .data.FtWrite  0x0080011c        0x2 build/Ft1248.o
                0x0080011c                FtWrite
 .data.FtRead   0x0080011e        0x2 build/Ft1248.o
                0x0080011e                FtRead
 .data.FtBusTurnaround
                0x00800120        0x2 build/Ft1248.o
                0x00800120                FtBusTurnaround
 .data.FtSendCommand
                0x00800122        0x2 build/Ft1248.o
                0x00800122                FtSendCommand
 .data.SpiResponseIsReady
                0x00800124        0x2 build/Spi.o
                0x00800124                SpiResponseIsReady
 .data.ReadSpiDataRegister
                0x00800126        0x2 build/Spi.o
                0x00800126                ReadSpiDataRegister
 .data.SpiTransferIsDone
                0x00800128        0x2 build/Spi.o
                0x00800128                SpiTransferIsDone
 .data.SpiMasterCloseSpi
                0x0080012a        0x2 build/Spi.o
                0x0080012a                SpiMasterCloseSpi
 .data.SpiMasterOpenSpi
                0x0080012c        0x2 build/Spi.o
                0x0080012c                SpiMasterOpenSpi
 .data.EnableSpi
                0x0080012e        0x2 build/Spi.o
                0x0080012e                EnableSpi
 .data.DisableSpi
                0x00800130        0x2 build/Spi.o
                0x00800130                DisableSpi
 .data.ReadSpiStatusRegister
                0x00800132        0x2 build/Spi.o
                0x00800132                ReadSpiStatusRegister
 .data.ClearPendingSpiInterrupt
                0x00800134        0x2 build/Spi.o
                0x00800134                ClearPendingSpiInterrupt
 .data.Delay3CpuCyclesPerTick
                0x00800136        0x2 C:\Users\Mike\AppData\Local\Temp\ccfVCtxZ.o
                0x00800136                Delay3CpuCyclesPerTick
 *(.gnu.linkonce.d*)
 *(.rodata)
 *(.rodata*)
 .rodata.FtCmd_Write
                0x00800138        0x1 build/Ft1248.o
                0x00800138                FtCmd_Write
 .rodata.FtCmd_Read
                0x00800139        0x1 build/Ft1248.o
                0x00800139                FtCmd_Read
 .rodata.slave_ignore
                0x0080013a        0x1 build/Spi.o
                0x0080013a                slave_ignore
 .rodata.Spi_InterruptFlag
                0x0080013b        0x1 C:\Users\Mike\AppData\Local\Temp\cciIiI4R.o
                0x0080013b                Spi_InterruptFlag
 .rodata.Spi_DoubleClockRate
                0x0080013c        0x1 C:\Users\Mike\AppData\Local\Temp\cciIiI4R.o
                0x0080013c                Spi_DoubleClockRate
 .rodata.Spi_Enable
                0x0080013d        0x1 C:\Users\Mike\AppData\Local\Temp\cciIiI4R.o
                0x0080013d                Spi_Enable
 .rodata.Spi_ClockRateBit1
                0x0080013e        0x1 C:\Users\Mike\AppData\Local\Temp\cciIiI4R.o
                0x0080013e                Spi_ClockRateBit1
 .rodata.Spi_ClockRateBit0
                0x0080013f        0x1 C:\Users\Mike\AppData\Local\Temp\cciIiI4R.o
                0x0080013f                Spi_ClockRateBit0
 .rodata.Spi_MasterSlaveSelect
                0x00800140        0x1 C:\Users\Mike\AppData\Local\Temp\cciIiI4R.o
                0x00800140                Spi_MasterSlaveSelect
 .rodata.Spi_Sck
                0x00800141        0x1 C:\Users\Mike\AppData\Local\Temp\cciIiI4R.o
                0x00800141                Spi_Sck
 .rodata.Spi_Miso
                0x00800142        0x1 C:\Users\Mike\AppData\Local\Temp\cciIiI4R.o
                0x00800142                Spi_Miso
 .rodata.Spi_Mosi
                0x00800143        0x1 C:\Users\Mike\AppData\Local\Temp\cciIiI4R.o
                0x00800143                Spi_Mosi
 .rodata.Spi_Ss
                0x00800144        0x1 C:\Users\Mike\AppData\Local\Temp\cciIiI4R.o
                0x00800144                Spi_Ss
 .rodata.Spi_spdr
                0x00800145        0x2 C:\Users\Mike\AppData\Local\Temp\cciIiI4R.o
                0x00800145                Spi_spdr
 .rodata.Spi_spsr
                0x00800147        0x2 C:\Users\Mike\AppData\Local\Temp\cciIiI4R.o
                0x00800147                Spi_spsr
 .rodata.Spi_spcr
                0x00800149        0x2 C:\Users\Mike\AppData\Local\Temp\cciIiI4R.o
                0x00800149                Spi_spcr
 .rodata.Spi_pin
                0x0080014b        0x2 C:\Users\Mike\AppData\Local\Temp\cciIiI4R.o
                0x0080014b                Spi_pin
 .rodata.Spi_port
                0x0080014d        0x2 C:\Users\Mike\AppData\Local\Temp\cciIiI4R.o
                0x0080014d                Spi_port
 .rodata.Spi_ddr
                0x0080014f        0x2 C:\Users\Mike\AppData\Local\Temp\cciIiI4R.o
                0x0080014f                Spi_ddr
 .rodata.Ft1248_Miso
                0x00800151        0x1 C:\Users\Mike\AppData\Local\Temp\cciIiI4R.o
                0x00800151                Ft1248_Miso
 .rodata.Ft1248_Sck
                0x00800152        0x1 C:\Users\Mike\AppData\Local\Temp\cciIiI4R.o
                0x00800152                Ft1248_Sck
 .rodata.Ft1248_Ss
                0x00800153        0x1 C:\Users\Mike\AppData\Local\Temp\cciIiI4R.o
                0x00800153                Ft1248_Ss
 .rodata.FtMiosio_pin
                0x00800154        0x2 C:\Users\Mike\AppData\Local\Temp\cciIiI4R.o
                0x00800154                FtMiosio_pin
 .rodata.FtMiosio_port
                0x00800156        0x2 C:\Users\Mike\AppData\Local\Temp\cciIiI4R.o
                0x00800156                FtMiosio_port
 .rodata.FtMiosio_ddr
                0x00800158        0x2 C:\Users\Mike\AppData\Local\Temp\cciIiI4R.o
                0x00800158                FtMiosio_ddr
 .rodata.Ft1248_pin
                0x0080015a        0x2 C:\Users\Mike\AppData\Local\Temp\cciIiI4R.o
                0x0080015a                Ft1248_pin
 .rodata.Ft1248_port
                0x0080015c        0x2 C:\Users\Mike\AppData\Local\Temp\cciIiI4R.o
                0x0080015c                Ft1248_port
 .rodata.Ft1248_ddr
                0x0080015e        0x2 C:\Users\Mike\AppData\Local\Temp\cciIiI4R.o
                0x0080015e                Ft1248_ddr
 *(.gnu.linkonce.r*)
                0x00800160                . = ALIGN (0x2)
                0x00800160                _edata = .
                0x00800160                PROVIDE (__data_end, .)

.bss            0x00800160      0x629
                0x00800160                PROVIDE (__bss_start, .)
 *(.bss)
 *(.bss*)
 .bss.debug_led_
                0x00800160        0x1 build/DebugLed.o
 .bss.pin_register_
                0x00800161        0x2 build/DebugLed.o
 .bss.port_register_
                0x00800163        0x2 build/DebugLed.o
 .bss.ddr_register_
                0x00800165        0x2 build/DebugLed.o
 *(COMMON)
 COMMON         0x00800167      0x622 C:\Users\Mike\AppData\Local\Temp\cciIiI4R.o
                0x00800167                full_frame
                0x00800787                nbytes_in_frame
                0x00800789                PROVIDE (__bss_end, .)
                0x00000ba4                __data_load_start = LOADADDR (.data)
                0x00000c04                __data_load_end = (__data_load_start + SIZEOF (.data))

.noinit         0x00800789        0x0
                [!provide]                PROVIDE (__noinit_start, .)
 *(.noinit*)
                [!provide]                PROVIDE (__noinit_end, .)
                0x00800789                _end = .
                [!provide]                PROVIDE (__heap_start, .)

.eeprom         0x00810000        0x0
 *(.eeprom*)
                0x00810000                __eeprom_end = .

.fuse
 *(.fuse)
 *(.lfuse)
 *(.hfuse)
 *(.efuse)

.lock
 *(.lock*)

.signature
 *(.signature*)

.user_signatures
 *(.user_signatures*)

.stab
 *(.stab)

.stabstr
 *(.stabstr)

.stab.excl
 *(.stab.excl)

.stab.exclstr
 *(.stab.exclstr)

.stab.index
 *(.stab.index)

.stab.indexstr
 *(.stab.indexstr)

.comment        0x00000000       0x30
 *(.comment)
 .comment       0x00000000       0x30 build/ReadWriteBits.o
                                 0x31 (size before relaxing)
 .comment       0x00000030       0x31 build/DebugLed.o
 .comment       0x00000030       0x31 build/Ft1248.o
 .comment       0x00000030       0x31 build/Usb.o
 .comment       0x00000030       0x31 build/Spi.o
 .comment       0x00000030       0x31 C:\Users\Mike\AppData\Local\Temp\cciIiI4R.o
 .comment       0x00000030       0x31 C:\Users\Mike\AppData\Local\Temp\ccfVCtxZ.o

.note.gnu.avr.deviceinfo
                0x00000000       0x40
 .note.gnu.avr.deviceinfo
                0x00000000       0x40 c:/program files (x86)/atmel/studio/7.0/toolchain/avr8/avr8-gnu-toolchain/bin/../lib/gcc/avr/5.4.0/../../../../avr/lib/avr5/crtatmega328p.o

.note.gnu.build-id
 *(.note.gnu.build-id)

.debug
 *(.debug)

.line
 *(.line)

.debug_srcinfo
 *(.debug_srcinfo)

.debug_sfnames
 *(.debug_sfnames)

.debug_aranges  0x00000000      0x3c8
 *(.debug_aranges)
 .debug_aranges
                0x00000000       0x40 build/ReadWriteBits.o
 .debug_aranges
                0x00000040       0x58 build/DebugLed.o
 .debug_aranges
                0x00000098       0xb8 build/Ft1248.o
 .debug_aranges
                0x00000150       0x40 build/Usb.o
 .debug_aranges
                0x00000190       0xc0 build/Spi.o
 .debug_aranges
                0x00000250      0x148 C:\Users\Mike\AppData\Local\Temp\cciIiI4R.o
 .debug_aranges
                0x00000398       0x30 C:\Users\Mike\AppData\Local\Temp\ccfVCtxZ.o

.debug_pubnames
 *(.debug_pubnames)

.debug_info     0x00000000     0x4370
 *(.debug_info .gnu.linkonce.wi.*)
 .debug_info    0x00000000      0x5f4 c:/program files (x86)/atmel/studio/7.0/toolchain/avr8/avr8-gnu-toolchain/bin/../lib/gcc/avr/5.4.0/../../../../avr/lib/avr5/crtatmega328p.o
 .debug_info    0x000005f4      0x1a9 build/ReadWriteBits.o
 .debug_info    0x0000079d      0x2ab build/DebugLed.o
 .debug_info    0x00000a48      0x704 build/Ft1248.o
 .debug_info    0x0000114c      0x28a build/Usb.o
 .debug_info    0x000013d6      0x819 build/Spi.o
 .debug_info    0x00001bef     0x263f C:\Users\Mike\AppData\Local\Temp\cciIiI4R.o
 .debug_info    0x0000422e      0x142 C:\Users\Mike\AppData\Local\Temp\ccfVCtxZ.o

.debug_abbrev   0x00000000     0x135b
 *(.debug_abbrev)
 .debug_abbrev  0x00000000      0x5a2 c:/program files (x86)/atmel/studio/7.0/toolchain/avr8/avr8-gnu-toolchain/bin/../lib/gcc/avr/5.4.0/../../../../avr/lib/avr5/crtatmega328p.o
 .debug_abbrev  0x000005a2       0xcd build/ReadWriteBits.o
 .debug_abbrev  0x0000066f      0x10b build/DebugLed.o
 .debug_abbrev  0x0000077a      0x295 build/Ft1248.o
 .debug_abbrev  0x00000a0f      0x125 build/Usb.o
 .debug_abbrev  0x00000b34      0x2b6 build/Spi.o
 .debug_abbrev  0x00000dea      0x494 C:\Users\Mike\AppData\Local\Temp\cciIiI4R.o
 .debug_abbrev  0x0000127e       0xdd C:\Users\Mike\AppData\Local\Temp\ccfVCtxZ.o

.debug_line     0x00000000     0x1f7c
 *(.debug_line .debug_line.* .debug_line_end)
 .debug_line    0x00000000       0x1a c:/program files (x86)/atmel/studio/7.0/toolchain/avr8/avr8-gnu-toolchain/bin/../lib/gcc/avr/5.4.0/../../../../avr/lib/avr5/crtatmega328p.o
 .debug_line    0x0000001a      0x110 build/ReadWriteBits.o
 .debug_line    0x0000012a      0x176 build/DebugLed.o
 .debug_line    0x000002a0      0x34e build/Ft1248.o
 .debug_line    0x000005ee      0x19c build/Usb.o
 .debug_line    0x0000078a      0x3c1 build/Spi.o
 .debug_line    0x00000b4b     0x12f0 C:\Users\Mike\AppData\Local\Temp\cciIiI4R.o
 .debug_line    0x00001e3b      0x141 C:\Users\Mike\AppData\Local\Temp\ccfVCtxZ.o

.debug_frame    0x00000000      0xb50
 *(.debug_frame)
 .debug_frame   0x00000000       0x64 build/ReadWriteBits.o
 .debug_frame   0x00000064       0x94 build/DebugLed.o
 .debug_frame   0x000000f8      0x1c4 build/Ft1248.o
 .debug_frame   0x000002bc       0x98 build/Usb.o
 .debug_frame   0x00000354      0x1c0 build/Spi.o
 .debug_frame   0x00000514      0x5f8 C:\Users\Mike\AppData\Local\Temp\cciIiI4R.o
 .debug_frame   0x00000b0c       0x44 C:\Users\Mike\AppData\Local\Temp\ccfVCtxZ.o

.debug_str      0x00000000     0x17df
 *(.debug_str)
 .debug_str     0x00000000      0x208 c:/program files (x86)/atmel/studio/7.0/toolchain/avr8/avr8-gnu-toolchain/bin/../lib/gcc/avr/5.4.0/../../../../avr/lib/avr5/crtatmega328p.o
 .debug_str     0x00000208      0x126 build/ReadWriteBits.o
                                0x15f (size before relaxing)
 .debug_str     0x0000032e      0x158 build/DebugLed.o
                                0x297 (size before relaxing)
 .debug_str     0x00000486      0x3b3 build/Ft1248.o
                                0x4df (size before relaxing)
 .debug_str     0x00000839       0x9f build/Usb.o
                                0x266 (size before relaxing)
 .debug_str     0x000008d8      0x4e9 build/Spi.o
                                0x64f (size before relaxing)
 .debug_str     0x00000dc1      0x984 C:\Users\Mike\AppData\Local\Temp\cciIiI4R.o
                                0xd4f (size before relaxing)
 .debug_str     0x00001745       0x9a C:\Users\Mike\AppData\Local\Temp\ccfVCtxZ.o
                                0x1ef (size before relaxing)

.debug_loc      0x00000000     0x2310
 *(.debug_loc)
 .debug_loc     0x00000000       0x50 build/ReadWriteBits.o
 .debug_loc     0x00000050       0x93 build/DebugLed.o
 .debug_loc     0x000000e3      0x1d7 build/Ft1248.o
 .debug_loc     0x000002ba      0x313 build/Usb.o
 .debug_loc     0x000005cd      0x21b build/Spi.o
 .debug_loc     0x000007e8     0x1af4 C:\Users\Mike\AppData\Local\Temp\cciIiI4R.o
 .debug_loc     0x000022dc       0x34 C:\Users\Mike\AppData\Local\Temp\ccfVCtxZ.o

.debug_macinfo
 *(.debug_macinfo)

.debug_weaknames
 *(.debug_weaknames)

.debug_funcnames
 *(.debug_funcnames)

.debug_typenames
 *(.debug_typenames)

.debug_varnames
 *(.debug_varnames)

.debug_pubtypes
 *(.debug_pubtypes)

.debug_ranges   0x00000000      0x580
 *(.debug_ranges)
 .debug_ranges  0x00000000       0x30 build/ReadWriteBits.o
 .debug_ranges  0x00000030       0x48 build/DebugLed.o
 .debug_ranges  0x00000078       0xc0 build/Ft1248.o
 .debug_ranges  0x00000138       0x30 build/Usb.o
 .debug_ranges  0x00000168       0xb0 build/Spi.o
 .debug_ranges  0x00000218      0x348 C:\Users\Mike\AppData\Local\Temp\cciIiI4R.o
 .debug_ranges  0x00000560       0x20 C:\Users\Mike\AppData\Local\Temp\ccfVCtxZ.o

.debug_macro
 *(.debug_macro)
OUTPUT(build/simBrd.elf elf32-avr)
LOAD linker stubs
