Archive member included to satisfy reference by file (symbol)

c:/program files (x86)/atmel/studio/7.0/toolchain/avr8/avr8-gnu-toolchain/bin/../lib/gcc/avr/5.4.0/avr5\libgcc.a(_exit.o)
                              c:/program files (x86)/atmel/studio/7.0/toolchain/avr8/avr8-gnu-toolchain/bin/../lib/gcc/avr/5.4.0/../../../../avr/lib/avr5/crtatmega328p.o (exit)
c:/program files (x86)/atmel/studio/7.0/toolchain/avr8/avr8-gnu-toolchain/bin/../lib/gcc/avr/5.4.0/avr5\libgcc.a(_copy_data.o)
                              build/Ft1248.o (__do_copy_data)
c:/program files (x86)/atmel/studio/7.0/toolchain/avr8/avr8-gnu-toolchain/bin/../lib/gcc/avr/5.4.0/avr5\libgcc.a(_clear_bss.o)
                              C:\Users\Mike\AppData\Local\Temp\ccmeyCJr.o (__do_clear_bss)

Allocating common symbols
Common symbol       size              file

full_frame          0x620             C:\Users\Mike\AppData\Local\Temp\ccmeyCJr.o
nbytes_in_frame     0x2               C:\Users\Mike\AppData\Local\Temp\ccmeyCJr.o

Discarded input sections

 .data          0x00000000        0x0 c:/program files (x86)/atmel/studio/7.0/toolchain/avr8/avr8-gnu-toolchain/bin/../lib/gcc/avr/5.4.0/../../../../avr/lib/avr5/crtatmega328p.o
 .bss           0x00000000        0x0 c:/program files (x86)/atmel/studio/7.0/toolchain/avr8/avr8-gnu-toolchain/bin/../lib/gcc/avr/5.4.0/../../../../avr/lib/avr5/crtatmega328p.o
 .text          0x00000000        0x0 build/ReadWriteBits.o
 .data          0x00000000        0x0 build/ReadWriteBits.o
 .bss           0x00000000        0x0 build/ReadWriteBits.o
 .text.SetBit   0x00000000       0x16 build/ReadWriteBits.o
 .text.ClearBit
                0x00000000       0x18 build/ReadWriteBits.o
 .text.ToggleBit
                0x00000000       0x16 build/ReadWriteBits.o
 .text.BitIsSet
                0x00000000       0x22 build/ReadWriteBits.o
 .text.BitIsClear
                0x00000000       0x1c build/ReadWriteBits.o
 .debug_info    0x00000000      0x1a9 build/ReadWriteBits.o
 .debug_abbrev  0x00000000       0xcd build/ReadWriteBits.o
 .debug_loc     0x00000000       0x50 build/ReadWriteBits.o
 .debug_aranges
                0x00000000       0x40 build/ReadWriteBits.o
 .debug_ranges  0x00000000       0x30 build/ReadWriteBits.o
 .debug_line    0x00000000      0x114 build/ReadWriteBits.o
 .debug_str     0x00000000      0x15f build/ReadWriteBits.o
 .comment       0x00000000       0x31 build/ReadWriteBits.o
 .debug_frame   0x00000000       0x64 build/ReadWriteBits.o
 .text          0x00000000        0x0 build/BiColorLed.o
 .data          0x00000000        0x0 build/BiColorLed.o
 .bss           0x00000000        0x0 build/BiColorLed.o
 .text.BiColorLedGreen
                0x00000000       0x1e build/BiColorLed.o
 .text.BiColorLedRed
                0x00000000       0x1c build/BiColorLed.o
 .text.BiColorLedToggleColor
                0x00000000       0x1c build/BiColorLed.o
 .text.BiColorLedOff
                0x00000000       0x2c build/BiColorLed.o
 .text.BiColorLedOn
                0x00000000       0x1c build/BiColorLed.o
 .debug_info    0x00000000      0x2a5 build/BiColorLed.o
 .debug_abbrev  0x00000000       0xef build/BiColorLed.o
 .debug_loc     0x00000000      0x131 build/BiColorLed.o
 .debug_aranges
                0x00000000       0x40 build/BiColorLed.o
 .debug_ranges  0x00000000       0x30 build/BiColorLed.o
 .debug_line    0x00000000      0x150 build/BiColorLed.o
 .debug_str     0x00000000      0x1b9 build/BiColorLed.o
 .comment       0x00000000       0x31 build/BiColorLed.o
 .debug_frame   0x00000000       0x64 build/BiColorLed.o
 .text          0x00000000        0x0 build/Ft1248.o
 .data          0x00000000        0x0 build/Ft1248.o
 .bss           0x00000000        0x0 build/Ft1248.o
 .text.FtHasRoomToWrite_Implementation
                0x00000000       0x26 build/Ft1248.o
 .text.FtSetMisoAsInput
                0x00000000       0x24 build/Ft1248.o
 .text.FtEnablePullupOnMiso
                0x00000000       0x22 build/Ft1248.o
 .text.FtSetMiosioAsInputs
                0x00000000        0xc build/Ft1248.o
 .text.FtEnablePullupsOnMiosio
                0x00000000        0xe build/Ft1248.o
 .text.FtSckLow
                0x00000000       0x34 build/Ft1248.o
 .text.FtSsHigh
                0x00000000       0x32 build/Ft1248.o
 .data.FtHasRoomToWrite
                0x00000000        0x2 build/Ft1248.o
 .data.FtHasDataToRead
                0x00000000        0x2 build/Ft1248.o
 .text          0x00000000        0x0 build/Usb.o
 .data          0x00000000        0x0 build/Usb.o
 .bss           0x00000000        0x0 build/Usb.o
 .text.CfgTurnsOffAllPixels
                0x00000000       0x46 build/Usb.o
 .text.XOR      0x00000000        0xe build/Usb.o
 .text.AllPixelsAreOff
                0x00000000       0x36 build/Usb.o
 .text.AllPixelsAreOn
                0x00000000       0x66 build/Usb.o
 .text.CfgTurnsRowPartiallyOn
                0x00000000       0xc4 build/Usb.o
 .text.UsbReadN
                0x00000000       0xa6 build/Usb.o
 .text.UsbRead  0x00000000       0x92 build/Usb.o
 .text.UsbWriteStatusOk
                0x00000000       0x88 build/Usb.o
 .text.UsbWriteStatusBadArgs
                0x00000000       0xac build/Usb.o
 .text.UsbWriteStatusMissingArgs
                0x00000000       0xac build/Usb.o
 .text.UsbWrite
                0x00000000       0xa6 build/Usb.o
 .text.UsbHasDataToRead
                0x00000000        0xa build/Usb.o
 .text.UsbHasRoomToWrite
                0x00000000        0xa build/Usb.o
 .rodata.row1_mask.1968
                0x00000000        0x4 build/Usb.o
 .rodata.row2_mask.1969
                0x00000000        0x4 build/Usb.o
 .rodata.row3_mask.1970
                0x00000000        0x4 build/Usb.o
 .rodata.row4_mask.1971
                0x00000000        0x4 build/Usb.o
 .rodata.row5_mask.1972
                0x00000000        0x4 build/Usb.o
 .rodata.pm.1973
                0x00000000        0xa build/Usb.o
 .rodata.CmdCfgLis_key
                0x00000000        0x1 build/Usb.o
 .rodata.CmdLedGreen_key
                0x00000000        0x1 build/Usb.o
 .rodata.CmdLedRed_key
                0x00000000        0x1 build/Usb.o
 .text          0x00000000        0x0 build/Spi.o
 .data          0x00000000        0x0 build/Spi.o
 .bss           0x00000000        0x0 build/Spi.o
 .text.DisableSpi_Implementation
                0x00000000       0x24 build/Spi.o
 .text.SpiMasterOpenSpi_Implementation
                0x00000000       0x24 build/Spi.o
 .text.SpiTransferIsDone_Implementation
                0x00000000       0x2c build/Spi.o
 .text.SpiResponseIsReady_Implementation
                0x00000000       0x26 build/Spi.o
 .text.SpiSlaveSignalDataIsReady_Implementation
                0x00000000       0x36 build/Spi.o
 .text.WriteSpiDataRegister_Implementation
                0x00000000        0xc build/Spi.o
 .text.spi_LedGreen
                0x00000000       0x84 build/Spi.o
 .text.spi_LedRed
                0x00000000       0x84 build/Spi.o
 .text.SpiMasterWriteN
                0x00000000       0x96 build/Spi.o
 .text.spi_LookupCmd
                0x00000000       0x1c build/Spi.o
 .text.SpiSlaveWrite_StatusOk
                0x00000000       0x80 build/Spi.o
 .text.SpiSlaveWrite_StatusInvalid
                0x00000000       0x86 build/Spi.o
 .text.SpiClearFlagTransferIsDone
                0x00000000        0xc build/Spi.o
 .text.SpiMasterDisable
                0x00000000       0x6e build/Spi.o
 .text.SpiMasterWrite
                0x00000000       0x3c build/Spi.o
 .text.SpiMasterRead
                0x00000000       0x42 build/Spi.o
 .text.SpiMasterWaitForResponse
                0x00000000       0x10 build/Spi.o
 .text.SpiSlaveInit
                0x00000000       0x4c build/Spi.o
 .text.SpiEnableInterrupt
                0x00000000       0x3e build/Spi.o
 .text.SpiSlaveRead
                0x00000000       0x18 build/Spi.o
 .text.SpiSlaveSendBytes
                0x00000000       0x5e build/Spi.o
 .rodata.pf.1899
                0x00000000        0x4 build/Spi.o
 .data.WriteSpiDataRegister
                0x00000000        0x2 build/Spi.o
 .data.SpiSlaveSignalDataIsReady
                0x00000000        0x2 build/Spi.o
 .data.SpiResponseIsReady
                0x00000000        0x2 build/Spi.o
 .rodata.test_unknown_cmd
                0x00000000        0x1 build/Spi.o
 .rodata.slave_ignore
                0x00000000        0x1 build/Spi.o
 .data.SpiTransferIsDone
                0x00000000        0x2 build/Spi.o
 .data.SpiMasterCloseSpi
                0x00000000        0x2 build/Spi.o
 .data.SpiMasterOpenSpi
                0x00000000        0x2 build/Spi.o
 .data.DisableSpi
                0x00000000        0x2 build/Spi.o
 .rodata.spi_LedGreen_key
                0x00000000        0x1 build/Spi.o
 .rodata.spi_LedRed_key
                0x00000000        0x1 build/Spi.o
 .text          0x00000000        0x0 C:\Users\Mike\AppData\Local\Temp\ccmeyCJr.o
 .data          0x00000000        0x0 C:\Users\Mike\AppData\Local\Temp\ccmeyCJr.o
 .bss           0x00000000        0x0 C:\Users\Mike\AppData\Local\Temp\ccmeyCJr.o
 .text.AutoExpose
                0x00000000       0x70 C:\Users\Mike\AppData\Local\Temp\ccmeyCJr.o
 .text.Bridge_data_flow_between_USB_Host_and_SpiSlave
                0x00000000       0x3c C:\Users\Mike\AppData\Local\Temp\ccmeyCJr.o
 .text.SetExposureTime
                0x00000000       0x9c C:\Users\Mike\AppData\Local\Temp\ccmeyCJr.o
 .text.SpiMasterPassLisFrame
                0x00000000       0xf4 C:\Users\Mike\AppData\Local\Temp\ccmeyCJr.o
 .text.DoCmdSendFourDummyBytes
                0x00000000       0x60 C:\Users\Mike\AppData\Local\Temp\ccmeyCJr.o
 .text.SpiMaster_pass_commands_from_USB_Host_pass_data_from_slave_old
                0x00000000      0x2f6 C:\Users\Mike\AppData\Local\Temp\ccmeyCJr.o
 .rodata.sizeof_half_frame
                0x00000000        0x2 C:\Users\Mike\AppData\Local\Temp\ccmeyCJr.o
 .rodata.sizeof_full_frame
                0x00000000        0x2 C:\Users\Mike\AppData\Local\Temp\ccmeyCJr.o
 .rodata.fake_adc_reading
                0x00000000        0x2 C:\Users\Mike\AppData\Local\Temp\ccmeyCJr.o
 .rodata.cmd_cfg_lis_rowselect_124
                0x00000000        0x1 C:\Users\Mike\AppData\Local\Temp\ccmeyCJr.o
 .rodata.cmd_auto_expose
                0x00000000        0x1 C:\Users\Mike\AppData\Local\Temp\ccmeyCJr.o
 .rodata.cmd_cfg_lis_rowselect_1234
                0x00000000        0x1 C:\Users\Mike\AppData\Local\Temp\ccmeyCJr.o
 .rodata.cmd_cfg_lis_rowselect_123
                0x00000000        0x1 C:\Users\Mike\AppData\Local\Temp\ccmeyCJr.o
 .rodata.cmd_cfg_lis_rowselect_12
                0x00000000        0x1 C:\Users\Mike\AppData\Local\Temp\ccmeyCJr.o
 .rodata.cmd_cfg_lis_rowselect_5
                0x00000000        0x1 C:\Users\Mike\AppData\Local\Temp\ccmeyCJr.o
 .rodata.cmd_cfg_lis_rowselect_4
                0x00000000        0x1 C:\Users\Mike\AppData\Local\Temp\ccmeyCJr.o
 .rodata.cmd_cfg_lis_rowselect_3
                0x00000000        0x1 C:\Users\Mike\AppData\Local\Temp\ccmeyCJr.o
 .rodata.cmd_cfg_lis_rowselect_2
                0x00000000        0x1 C:\Users\Mike\AppData\Local\Temp\ccmeyCJr.o
 .rodata.cmd_cfg_lis_rowselect_1
                0x00000000        0x1 C:\Users\Mike\AppData\Local\Temp\ccmeyCJr.o
 .rodata.cmd_cfg_lis_rowselect_12345
                0x00000000        0x1 C:\Users\Mike\AppData\Local\Temp\ccmeyCJr.o
 .rodata.cmd_cfg_lis_gain_1x
                0x00000000        0x1 C:\Users\Mike\AppData\Local\Temp\ccmeyCJr.o
 .rodata.cmd_cfg_lis_gain_2pt5x
                0x00000000        0x1 C:\Users\Mike\AppData\Local\Temp\ccmeyCJr.o
 .rodata.cmd_cfg_lis_gain_4x
                0x00000000        0x1 C:\Users\Mike\AppData\Local\Temp\ccmeyCJr.o
 .rodata.cmd_cfg_lis_gain_5x
                0x00000000        0x1 C:\Users\Mike\AppData\Local\Temp\ccmeyCJr.o
 .rodata.cmd_write_cfg_to_lis
                0x00000000        0x1 C:\Users\Mike\AppData\Local\Temp\ccmeyCJr.o
 .rodata.cmd_cfg_summing_mode_on
                0x00000000        0x1 C:\Users\Mike\AppData\Local\Temp\ccmeyCJr.o
 .rodata.cmd_cfg_summing_mode_off
                0x00000000        0x1 C:\Users\Mike\AppData\Local\Temp\ccmeyCJr.o
 .rodata.cmd_enable_spi_master
                0x00000000        0x1 C:\Users\Mike\AppData\Local\Temp\ccmeyCJr.o
 .rodata.cmd_disable_spi_master
                0x00000000        0x1 C:\Users\Mike\AppData\Local\Temp\ccmeyCJr.o
 .rodata.cmd_set_exposure_time
                0x00000000        0x1 C:\Users\Mike\AppData\Local\Temp\ccmeyCJr.o
 .rodata.cmd_send_lis_frame
                0x00000000        0x1 C:\Users\Mike\AppData\Local\Temp\ccmeyCJr.o
 .rodata.cmd_send_adc_frame
                0x00000000        0x1 C:\Users\Mike\AppData\Local\Temp\ccmeyCJr.o
 .rodata.cmd_send_fake_adc_reading
                0x00000000        0x1 C:\Users\Mike\AppData\Local\Temp\ccmeyCJr.o
 .rodata.cmd_send_adc_reading
                0x00000000        0x1 C:\Users\Mike\AppData\Local\Temp\ccmeyCJr.o
 .rodata.cmd_send_dummy_frame
                0x00000000        0x1 C:\Users\Mike\AppData\Local\Temp\ccmeyCJr.o
 .rodata.cmd_send_four_dummy_bytes
                0x00000000        0x1 C:\Users\Mike\AppData\Local\Temp\ccmeyCJr.o
 .rodata.cmd_send_dummy_byte
                0x00000000        0x1 C:\Users\Mike\AppData\Local\Temp\ccmeyCJr.o
 .rodata.Spi_InterruptFlag
                0x00000000        0x1 C:\Users\Mike\AppData\Local\Temp\ccmeyCJr.o
 .rodata.Spi_InterruptEnable
                0x00000000        0x1 C:\Users\Mike\AppData\Local\Temp\ccmeyCJr.o
 .rodata.Spi_pin
                0x00000000        0x2 C:\Users\Mike\AppData\Local\Temp\ccmeyCJr.o
 .rodata.FtMiosio7
                0x00000000        0x1 C:\Users\Mike\AppData\Local\Temp\ccmeyCJr.o
 .rodata.FtMiosio6
                0x00000000        0x1 C:\Users\Mike\AppData\Local\Temp\ccmeyCJr.o
 .rodata.FtMiosio5
                0x00000000        0x1 C:\Users\Mike\AppData\Local\Temp\ccmeyCJr.o
 .rodata.FtMiosio4
                0x00000000        0x1 C:\Users\Mike\AppData\Local\Temp\ccmeyCJr.o
 .rodata.FtMiosio3
                0x00000000        0x1 C:\Users\Mike\AppData\Local\Temp\ccmeyCJr.o
 .rodata.FtMiosio2
                0x00000000        0x1 C:\Users\Mike\AppData\Local\Temp\ccmeyCJr.o
 .rodata.FtMiosio1
                0x00000000        0x1 C:\Users\Mike\AppData\Local\Temp\ccmeyCJr.o
 .rodata.FtMiosio0
                0x00000000        0x1 C:\Users\Mike\AppData\Local\Temp\ccmeyCJr.o
 .rodata.BiColorLed_ddr
                0x00000000        0x2 C:\Users\Mike\AppData\Local\Temp\ccmeyCJr.o
 .text          0x00000000        0x0 C:\Users\Mike\AppData\Local\Temp\ccswUmOR.o
 .data          0x00000000        0x0 C:\Users\Mike\AppData\Local\Temp\ccswUmOR.o
 .bss           0x00000000        0x0 C:\Users\Mike\AppData\Local\Temp\ccswUmOR.o
 .text.GlobalInterruptEnable_Implementation
                0x00000000        0x4 C:\Users\Mike\AppData\Local\Temp\ccswUmOR.o
 .text.GlobalInterruptDisable_Implementation
                0x00000000        0x4 C:\Users\Mike\AppData\Local\Temp\ccswUmOR.o
 .text.Delay3CpuCyclesPerTick_Implementation
                0x00000000        0x6 C:\Users\Mike\AppData\Local\Temp\ccswUmOR.o
 .data.Delay3CpuCyclesPerTick
                0x00000000        0x2 C:\Users\Mike\AppData\Local\Temp\ccswUmOR.o
 .data.GlobalInterruptDisable
                0x00000000        0x2 C:\Users\Mike\AppData\Local\Temp\ccswUmOR.o
 .data.GlobalInterruptEnable
                0x00000000        0x2 C:\Users\Mike\AppData\Local\Temp\ccswUmOR.o
 .debug_info    0x00000000      0x142 C:\Users\Mike\AppData\Local\Temp\ccswUmOR.o
 .debug_abbrev  0x00000000       0xdd C:\Users\Mike\AppData\Local\Temp\ccswUmOR.o
 .debug_loc     0x00000000       0x34 C:\Users\Mike\AppData\Local\Temp\ccswUmOR.o
 .debug_aranges
                0x00000000       0x30 C:\Users\Mike\AppData\Local\Temp\ccswUmOR.o
 .debug_ranges  0x00000000       0x20 C:\Users\Mike\AppData\Local\Temp\ccswUmOR.o
 .debug_line    0x00000000      0x141 C:\Users\Mike\AppData\Local\Temp\ccswUmOR.o
 .debug_str     0x00000000      0x1ef C:\Users\Mike\AppData\Local\Temp\ccswUmOR.o
 .comment       0x00000000       0x31 C:\Users\Mike\AppData\Local\Temp\ccswUmOR.o
 .debug_frame   0x00000000       0x44 C:\Users\Mike\AppData\Local\Temp\ccswUmOR.o
 .text          0x00000000        0x0 c:/program files (x86)/atmel/studio/7.0/toolchain/avr8/avr8-gnu-toolchain/bin/../lib/gcc/avr/5.4.0/avr5\libgcc.a(_exit.o)
 .data          0x00000000        0x0 c:/program files (x86)/atmel/studio/7.0/toolchain/avr8/avr8-gnu-toolchain/bin/../lib/gcc/avr/5.4.0/avr5\libgcc.a(_exit.o)
 .bss           0x00000000        0x0 c:/program files (x86)/atmel/studio/7.0/toolchain/avr8/avr8-gnu-toolchain/bin/../lib/gcc/avr/5.4.0/avr5\libgcc.a(_exit.o)
 .text.libgcc.mul
                0x00000000        0x0 c:/program files (x86)/atmel/studio/7.0/toolchain/avr8/avr8-gnu-toolchain/bin/../lib/gcc/avr/5.4.0/avr5\libgcc.a(_exit.o)
 .text.libgcc.div
                0x00000000        0x0 c:/program files (x86)/atmel/studio/7.0/toolchain/avr8/avr8-gnu-toolchain/bin/../lib/gcc/avr/5.4.0/avr5\libgcc.a(_exit.o)
 .text.libgcc   0x00000000        0x0 c:/program files (x86)/atmel/studio/7.0/toolchain/avr8/avr8-gnu-toolchain/bin/../lib/gcc/avr/5.4.0/avr5\libgcc.a(_exit.o)
 .text.libgcc.prologue
                0x00000000        0x0 c:/program files (x86)/atmel/studio/7.0/toolchain/avr8/avr8-gnu-toolchain/bin/../lib/gcc/avr/5.4.0/avr5\libgcc.a(_exit.o)
 .text.libgcc.builtins
                0x00000000        0x0 c:/program files (x86)/atmel/studio/7.0/toolchain/avr8/avr8-gnu-toolchain/bin/../lib/gcc/avr/5.4.0/avr5\libgcc.a(_exit.o)
 .text.libgcc.fmul
                0x00000000        0x0 c:/program files (x86)/atmel/studio/7.0/toolchain/avr8/avr8-gnu-toolchain/bin/../lib/gcc/avr/5.4.0/avr5\libgcc.a(_exit.o)
 .text.libgcc.fixed
                0x00000000        0x0 c:/program files (x86)/atmel/studio/7.0/toolchain/avr8/avr8-gnu-toolchain/bin/../lib/gcc/avr/5.4.0/avr5\libgcc.a(_exit.o)
 .text          0x00000000        0x0 c:/program files (x86)/atmel/studio/7.0/toolchain/avr8/avr8-gnu-toolchain/bin/../lib/gcc/avr/5.4.0/avr5\libgcc.a(_copy_data.o)
 .data          0x00000000        0x0 c:/program files (x86)/atmel/studio/7.0/toolchain/avr8/avr8-gnu-toolchain/bin/../lib/gcc/avr/5.4.0/avr5\libgcc.a(_copy_data.o)
 .bss           0x00000000        0x0 c:/program files (x86)/atmel/studio/7.0/toolchain/avr8/avr8-gnu-toolchain/bin/../lib/gcc/avr/5.4.0/avr5\libgcc.a(_copy_data.o)
 .text.libgcc.mul
                0x00000000        0x0 c:/program files (x86)/atmel/studio/7.0/toolchain/avr8/avr8-gnu-toolchain/bin/../lib/gcc/avr/5.4.0/avr5\libgcc.a(_copy_data.o)
 .text.libgcc.div
                0x00000000        0x0 c:/program files (x86)/atmel/studio/7.0/toolchain/avr8/avr8-gnu-toolchain/bin/../lib/gcc/avr/5.4.0/avr5\libgcc.a(_copy_data.o)
 .text.libgcc   0x00000000        0x0 c:/program files (x86)/atmel/studio/7.0/toolchain/avr8/avr8-gnu-toolchain/bin/../lib/gcc/avr/5.4.0/avr5\libgcc.a(_copy_data.o)
 .text.libgcc.prologue
                0x00000000        0x0 c:/program files (x86)/atmel/studio/7.0/toolchain/avr8/avr8-gnu-toolchain/bin/../lib/gcc/avr/5.4.0/avr5\libgcc.a(_copy_data.o)
 .text.libgcc.builtins
                0x00000000        0x0 c:/program files (x86)/atmel/studio/7.0/toolchain/avr8/avr8-gnu-toolchain/bin/../lib/gcc/avr/5.4.0/avr5\libgcc.a(_copy_data.o)
 .text.libgcc.fmul
                0x00000000        0x0 c:/program files (x86)/atmel/studio/7.0/toolchain/avr8/avr8-gnu-toolchain/bin/../lib/gcc/avr/5.4.0/avr5\libgcc.a(_copy_data.o)
 .text.libgcc.fixed
                0x00000000        0x0 c:/program files (x86)/atmel/studio/7.0/toolchain/avr8/avr8-gnu-toolchain/bin/../lib/gcc/avr/5.4.0/avr5\libgcc.a(_copy_data.o)
 .text          0x00000000        0x0 c:/program files (x86)/atmel/studio/7.0/toolchain/avr8/avr8-gnu-toolchain/bin/../lib/gcc/avr/5.4.0/avr5\libgcc.a(_clear_bss.o)
 .data          0x00000000        0x0 c:/program files (x86)/atmel/studio/7.0/toolchain/avr8/avr8-gnu-toolchain/bin/../lib/gcc/avr/5.4.0/avr5\libgcc.a(_clear_bss.o)
 .bss           0x00000000        0x0 c:/program files (x86)/atmel/studio/7.0/toolchain/avr8/avr8-gnu-toolchain/bin/../lib/gcc/avr/5.4.0/avr5\libgcc.a(_clear_bss.o)
 .text.libgcc.mul
                0x00000000        0x0 c:/program files (x86)/atmel/studio/7.0/toolchain/avr8/avr8-gnu-toolchain/bin/../lib/gcc/avr/5.4.0/avr5\libgcc.a(_clear_bss.o)
 .text.libgcc.div
                0x00000000        0x0 c:/program files (x86)/atmel/studio/7.0/toolchain/avr8/avr8-gnu-toolchain/bin/../lib/gcc/avr/5.4.0/avr5\libgcc.a(_clear_bss.o)
 .text.libgcc   0x00000000        0x0 c:/program files (x86)/atmel/studio/7.0/toolchain/avr8/avr8-gnu-toolchain/bin/../lib/gcc/avr/5.4.0/avr5\libgcc.a(_clear_bss.o)
 .text.libgcc.prologue
                0x00000000        0x0 c:/program files (x86)/atmel/studio/7.0/toolchain/avr8/avr8-gnu-toolchain/bin/../lib/gcc/avr/5.4.0/avr5\libgcc.a(_clear_bss.o)
 .text.libgcc.builtins
                0x00000000        0x0 c:/program files (x86)/atmel/studio/7.0/toolchain/avr8/avr8-gnu-toolchain/bin/../lib/gcc/avr/5.4.0/avr5\libgcc.a(_clear_bss.o)
 .text.libgcc.fmul
                0x00000000        0x0 c:/program files (x86)/atmel/studio/7.0/toolchain/avr8/avr8-gnu-toolchain/bin/../lib/gcc/avr/5.4.0/avr5\libgcc.a(_clear_bss.o)
 .text.libgcc.fixed
                0x00000000        0x0 c:/program files (x86)/atmel/studio/7.0/toolchain/avr8/avr8-gnu-toolchain/bin/../lib/gcc/avr/5.4.0/avr5\libgcc.a(_clear_bss.o)

Memory Configuration

Name             Origin             Length             Attributes
text             0x00000000         0x00020000         xr
data             0x00800060         0x0000ffa0         rw !x
eeprom           0x00810000         0x00010000         rw !x
fuse             0x00820000         0x00000003         rw !x
lock             0x00830000         0x00000400         rw !x
signature        0x00840000         0x00000400         rw !x
user_signatures  0x00850000         0x00000400         rw !x
*default*        0x00000000         0xffffffff

Linker script and memory map

Address of section .data set to 0x800100
LOAD c:/program files (x86)/atmel/studio/7.0/toolchain/avr8/avr8-gnu-toolchain/bin/../lib/gcc/avr/5.4.0/../../../../avr/lib/avr5/crtatmega328p.o
LOAD build/ReadWriteBits.o
LOAD build/BiColorLed.o
LOAD build/Ft1248.o
LOAD build/Usb.o
LOAD build/Spi.o
LOAD C:\Users\Mike\AppData\Local\Temp\ccmeyCJr.o
LOAD C:\Users\Mike\AppData\Local\Temp\ccswUmOR.o
START GROUP
LOAD c:/program files (x86)/atmel/studio/7.0/toolchain/avr8/avr8-gnu-toolchain/bin/../lib/gcc/avr/5.4.0/avr5\libgcc.a
LOAD c:/program files (x86)/atmel/studio/7.0/toolchain/avr8/avr8-gnu-toolchain/bin/../lib/gcc/avr/5.4.0/../../../../avr/lib/avr5\libm.a
LOAD c:/program files (x86)/atmel/studio/7.0/toolchain/avr8/avr8-gnu-toolchain/bin/../lib/gcc/avr/5.4.0/../../../../avr/lib/avr5\libc.a
LOAD c:/program files (x86)/atmel/studio/7.0/toolchain/avr8/avr8-gnu-toolchain/bin/../lib/gcc/avr/5.4.0/../../../../avr/lib/avr5\libatmega328p.a
END GROUP
                0x00020000                __TEXT_REGION_LENGTH__ = DEFINED (__TEXT_REGION_LENGTH__)?__TEXT_REGION_LENGTH__:0x20000
                0x0000ffa0                __DATA_REGION_LENGTH__ = DEFINED (__DATA_REGION_LENGTH__)?__DATA_REGION_LENGTH__:0xffa0
                0x00010000                __EEPROM_REGION_LENGTH__ = DEFINED (__EEPROM_REGION_LENGTH__)?__EEPROM_REGION_LENGTH__:0x10000
                [0x00000003]                __FUSE_REGION_LENGTH__ = DEFINED (__FUSE_REGION_LENGTH__)?__FUSE_REGION_LENGTH__:0x400
                0x00000400                __LOCK_REGION_LENGTH__ = DEFINED (__LOCK_REGION_LENGTH__)?__LOCK_REGION_LENGTH__:0x400
                0x00000400                __SIGNATURE_REGION_LENGTH__ = DEFINED (__SIGNATURE_REGION_LENGTH__)?__SIGNATURE_REGION_LENGTH__:0x400
                0x00000400                __USER_SIGNATURE_REGION_LENGTH__ = DEFINED (__USER_SIGNATURE_REGION_LENGTH__)?__USER_SIGNATURE_REGION_LENGTH__:0x400

.hash
 *(.hash)

.dynsym
 *(.dynsym)

.dynstr
 *(.dynstr)

.gnu.version
 *(.gnu.version)

.gnu.version_d
 *(.gnu.version_d)

.gnu.version_r
 *(.gnu.version_r)

.rel.init
 *(.rel.init)

.rela.init
 *(.rela.init)

.rel.text
 *(.rel.text)
 *(.rel.text.*)
 *(.rel.gnu.linkonce.t*)

.rela.text
 *(.rela.text)
 *(.rela.text.*)
 *(.rela.gnu.linkonce.t*)

.rel.fini
 *(.rel.fini)

.rela.fini
 *(.rela.fini)

.rel.rodata
 *(.rel.rodata)
 *(.rel.rodata.*)
 *(.rel.gnu.linkonce.r*)

.rela.rodata
 *(.rela.rodata)
 *(.rela.rodata.*)
 *(.rela.gnu.linkonce.r*)

.rel.data
 *(.rel.data)
 *(.rel.data.*)
 *(.rel.gnu.linkonce.d*)

.rela.data
 *(.rela.data)
 *(.rela.data.*)
 *(.rela.gnu.linkonce.d*)

.rel.ctors
 *(.rel.ctors)

.rela.ctors
 *(.rela.ctors)

.rel.dtors
 *(.rel.dtors)

.rela.dtors
 *(.rela.dtors)

.rel.got
 *(.rel.got)

.rela.got
 *(.rela.got)

.rel.bss
 *(.rel.bss)

.rela.bss
 *(.rela.bss)

.rel.plt
 *(.rel.plt)

.rela.plt
 *(.rela.plt)

.text           0x00000000      0xb2c
 *(.vectors)
 .vectors       0x00000000       0x68 c:/program files (x86)/atmel/studio/7.0/toolchain/avr8/avr8-gnu-toolchain/bin/../lib/gcc/avr/5.4.0/../../../../avr/lib/avr5/crtatmega328p.o
                0x00000000                __vector_default
                0x00000000                __vectors
 *(.vectors)
 *(.progmem.gcc*)
                0x00000068                . = ALIGN (0x2)
                0x00000068                __trampolines_start = .
 *(.trampolines)
 .trampolines   0x00000068        0x0 linker stubs
 *(.trampolines*)
                0x00000068                __trampolines_end = .
 *libprintf_flt.a:*(.progmem.data)
 *libc.a:*(.progmem.data)
 *(.progmem*)
                0x00000068                . = ALIGN (0x2)
 *(.jumptables)
 *(.jumptables*)
 *(.lowtext)
 *(.lowtext*)
                0x00000068                __ctors_start = .
 *(.ctors)
                0x00000068                __ctors_end = .
                0x00000068                __dtors_start = .
 *(.dtors)
                0x00000068                __dtors_end = .
 SORT(*)(.ctors)
 SORT(*)(.dtors)
 *(.init0)
 .init0         0x00000068        0x0 c:/program files (x86)/atmel/studio/7.0/toolchain/avr8/avr8-gnu-toolchain/bin/../lib/gcc/avr/5.4.0/../../../../avr/lib/avr5/crtatmega328p.o
                0x00000068                __init
 *(.init0)
 *(.init1)
 *(.init1)
 *(.init2)
 .init2         0x00000068        0xc c:/program files (x86)/atmel/studio/7.0/toolchain/avr8/avr8-gnu-toolchain/bin/../lib/gcc/avr/5.4.0/../../../../avr/lib/avr5/crtatmega328p.o
 *(.init2)
 *(.init3)
 *(.init3)
 *(.init4)
 .init4         0x00000074       0x16 c:/program files (x86)/atmel/studio/7.0/toolchain/avr8/avr8-gnu-toolchain/bin/../lib/gcc/avr/5.4.0/avr5\libgcc.a(_copy_data.o)
                0x00000074                __do_copy_data
 .init4         0x0000008a       0x10 c:/program files (x86)/atmel/studio/7.0/toolchain/avr8/avr8-gnu-toolchain/bin/../lib/gcc/avr/5.4.0/avr5\libgcc.a(_clear_bss.o)
                0x0000008a                __do_clear_bss
 *(.init4)
 *(.init5)
 *(.init5)
 *(.init6)
 *(.init6)
 *(.init7)
 *(.init7)
 *(.init8)
 *(.init8)
 *(.init9)
 .init9         0x0000009a        0x8 c:/program files (x86)/atmel/studio/7.0/toolchain/avr8/avr8-gnu-toolchain/bin/../lib/gcc/avr/5.4.0/../../../../avr/lib/avr5/crtatmega328p.o
 *(.init9)
 *(.text)
 .text          0x000000a2        0x4 c:/program files (x86)/atmel/studio/7.0/toolchain/avr8/avr8-gnu-toolchain/bin/../lib/gcc/avr/5.4.0/../../../../avr/lib/avr5/crtatmega328p.o
                0x000000a2                __vector_22
                0x000000a2                __vector_1
                0x000000a2                __vector_24
                0x000000a2                __vector_12
                0x000000a2                __bad_interrupt
                0x000000a2                __vector_6
                0x000000a2                __vector_3
                0x000000a2                __vector_23
                0x000000a2                __vector_25
                0x000000a2                __vector_11
                0x000000a2                __vector_13
                0x000000a2                __vector_17
                0x000000a2                __vector_19
                0x000000a2                __vector_7
                0x000000a2                __vector_5
                0x000000a2                __vector_4
                0x000000a2                __vector_9
                0x000000a2                __vector_2
                0x000000a2                __vector_21
                0x000000a2                __vector_15
                0x000000a2                __vector_8
                0x000000a2                __vector_14
                0x000000a2                __vector_10
                0x000000a2                __vector_16
                0x000000a2                __vector_18
                0x000000a2                __vector_20
                0x000000a6                . = ALIGN (0x2)
 *(.text.*)
 .text.FtSendCommand_Implementation
                0x000000a6       0x3a build/Ft1248.o
 .text.FtBusTurnaround_Implementation
                0x000000e0       0x28 build/Ft1248.o
 .text.FtWrite_Implementation
                0x00000108       0x3e build/Ft1248.o
 .text.FtActivateInterface_Implementation
                0x00000146       0x24 build/Ft1248.o
 .text.FtDeactivateInterface_Implementation
                0x0000016a       0x22 build/Ft1248.o
 .text.FtPushData_Implementation
                0x0000018c       0x22 build/Ft1248.o
 .text.FtPullData_Implementation
                0x000001ae       0x24 build/Ft1248.o
 .text.FtLetMasterDriveBus_Implementation
                0x000001d2        0xe build/Ft1248.o
 .text.FtLetSlaveDriveBus_Implementation
                0x000001e0        0xc build/Ft1248.o
 .text.FtIsBusOk_Implementation
                0x000001ec       0x26 build/Ft1248.o
 .text.FtReadData_Implementation
                0x00000212        0xc build/Ft1248.o
 .text.FtWriteData_Implementation
                0x0000021e        0xc build/Ft1248.o
 .text.FtRead_Implementation
                0x0000022a       0x44 build/Ft1248.o
 .text.FtOutputByte_Implementation
                0x0000026e        0xc build/Ft1248.o
 .text.FtInit   0x0000027a       0x90 build/Ft1248.o
                0x0000027a                FtInit
 .text.CmdLedRed
                0x0000030a       0x9c build/Usb.o
                0x0000030a                CmdLedRed
 .text.CmdLedGreen
                0x000003a6       0xa0 build/Usb.o
                0x000003a6                CmdLedGreen
 .text.UsbInit  0x00000446        0x4 build/Usb.o
                0x00000446                UsbInit
 .text.LookupCmd
                0x0000044a       0x1c build/Usb.o
                0x0000044a                LookupCmd
 .text.CfgBytesAreValid
                0x00000466      0x1ba build/Usb.o
                0x00000466                CfgBytesAreValid
 .text.CmdCfgLis
                0x00000620      0x25a build/Usb.o
                0x00000620                CmdCfgLis
 .text.UsbReadOneByte
                0x0000087a       0x52 build/Usb.o
                0x0000087a                UsbReadOneByte
 .text.UsbWriteStatusInvalid
                0x000008cc       0xac build/Usb.o
                0x000008cc                UsbWriteStatusInvalid
 .text.ClearPendingSpiInterrupt_Implementation
                0x00000978       0x14 build/Spi.o
 .text.ReadSpiStatusRegister_Implementation
                0x0000098c        0xc build/Spi.o
 .text.EnableSpi_Implementation
                0x00000998       0x22 build/Spi.o
 .text.SpiMasterCloseSpi_Implementation
                0x000009ba       0x22 build/Spi.o
 .text.ReadSpiDataRegister_Implementation
                0x000009dc        0xc build/Spi.o
 .text.SpiMasterInit
                0x000009e8       0xf8 build/Spi.o
                0x000009e8                SpiMasterInit
 .text.startup.main
                0x00000ae0       0x48 C:\Users\Mike\AppData\Local\Temp\ccmeyCJr.o
                0x00000ae0                main
                0x00000b28                . = ALIGN (0x2)
 *(.fini9)
 .fini9         0x00000b28        0x0 c:/program files (x86)/atmel/studio/7.0/toolchain/avr8/avr8-gnu-toolchain/bin/../lib/gcc/avr/5.4.0/avr5\libgcc.a(_exit.o)
                0x00000b28                _exit
                0x00000b28                exit
 *(.fini9)
 *(.fini8)
 *(.fini8)
 *(.fini7)
 *(.fini7)
 *(.fini6)
 *(.fini6)
 *(.fini5)
 *(.fini5)
 *(.fini4)
 *(.fini4)
 *(.fini3)
 *(.fini3)
 *(.fini2)
 *(.fini2)
 *(.fini1)
 *(.fini1)
 *(.fini0)
 .fini0         0x00000b28        0x4 c:/program files (x86)/atmel/studio/7.0/toolchain/avr8/avr8-gnu-toolchain/bin/../lib/gcc/avr/5.4.0/avr5\libgcc.a(_exit.o)
 *(.fini0)
                0x00000b2c                _etext = .

.data           0x00800100       0x52 load address 0x00000b2c
                0x00800100                PROVIDE (__data_start, .)
 *(.data)
 *(.data*)
 .data.FtWriteData
                0x00800100        0x2 build/Ft1248.o
                0x00800100                FtWriteData
 .data.FtReadData
                0x00800102        0x2 build/Ft1248.o
                0x00800102                FtReadData
 .data.FtIsBusOk
                0x00800104        0x2 build/Ft1248.o
                0x00800104                FtIsBusOk
 .data.FtLetSlaveDriveBus
                0x00800106        0x2 build/Ft1248.o
                0x00800106                FtLetSlaveDriveBus
 .data.FtLetMasterDriveBus
                0x00800108        0x2 build/Ft1248.o
                0x00800108                FtLetMasterDriveBus
 .data.FtPullData
                0x0080010a        0x2 build/Ft1248.o
                0x0080010a                FtPullData
 .data.FtOutputByte
                0x0080010c        0x2 build/Ft1248.o
                0x0080010c                FtOutputByte
 .data.FtPushData
                0x0080010e        0x2 build/Ft1248.o
                0x0080010e                FtPushData
 .data.FtDeactivateInterface
                0x00800110        0x2 build/Ft1248.o
                0x00800110                FtDeactivateInterface
 .data.FtActivateInterface
                0x00800112        0x2 build/Ft1248.o
                0x00800112                FtActivateInterface
 .data.FtWrite  0x00800114        0x2 build/Ft1248.o
                0x00800114                FtWrite
 .data.FtRead   0x00800116        0x2 build/Ft1248.o
                0x00800116                FtRead
 .data.FtBusTurnaround
                0x00800118        0x2 build/Ft1248.o
                0x00800118                FtBusTurnaround
 .data.FtSendCommand
                0x0080011a        0x2 build/Ft1248.o
                0x0080011a                FtSendCommand
 .data.ReadSpiDataRegister
                0x0080011c        0x2 build/Spi.o
                0x0080011c                ReadSpiDataRegister
 .data.EnableSpi
                0x0080011e        0x2 build/Spi.o
                0x0080011e                EnableSpi
 .data.ReadSpiStatusRegister
                0x00800120        0x2 build/Spi.o
                0x00800120                ReadSpiStatusRegister
 .data.ClearPendingSpiInterrupt
                0x00800122        0x2 build/Spi.o
                0x00800122                ClearPendingSpiInterrupt
 *(.gnu.linkonce.d*)
 *(.rodata)
 *(.rodata*)
 .rodata.FtCmd_Write
                0x00800124        0x1 build/Ft1248.o
                0x00800124                FtCmd_Write
 .rodata.FtCmd_Read
                0x00800125        0x1 build/Ft1248.o
                0x00800125                FtCmd_Read
 .rodata.pf.1925
                0x00800126        0x6 build/Usb.o
 .rodata.Spi_DoubleClockRate
                0x0080012c        0x1 C:\Users\Mike\AppData\Local\Temp\ccmeyCJr.o
                0x0080012c                Spi_DoubleClockRate
 .rodata.Spi_Enable
                0x0080012d        0x1 C:\Users\Mike\AppData\Local\Temp\ccmeyCJr.o
                0x0080012d                Spi_Enable
 .rodata.Spi_ClockRateBit1
                0x0080012e        0x1 C:\Users\Mike\AppData\Local\Temp\ccmeyCJr.o
                0x0080012e                Spi_ClockRateBit1
 .rodata.Spi_ClockRateBit0
                0x0080012f        0x1 C:\Users\Mike\AppData\Local\Temp\ccmeyCJr.o
                0x0080012f                Spi_ClockRateBit0
 .rodata.Spi_MasterSlaveSelect
                0x00800130        0x1 C:\Users\Mike\AppData\Local\Temp\ccmeyCJr.o
                0x00800130                Spi_MasterSlaveSelect
 .rodata.Spi_Sck
                0x00800131        0x1 C:\Users\Mike\AppData\Local\Temp\ccmeyCJr.o
                0x00800131                Spi_Sck
 .rodata.Spi_Miso
                0x00800132        0x1 C:\Users\Mike\AppData\Local\Temp\ccmeyCJr.o
                0x00800132                Spi_Miso
 .rodata.Spi_Mosi
                0x00800133        0x1 C:\Users\Mike\AppData\Local\Temp\ccmeyCJr.o
                0x00800133                Spi_Mosi
 .rodata.Spi_Ss
                0x00800134        0x1 C:\Users\Mike\AppData\Local\Temp\ccmeyCJr.o
                0x00800134                Spi_Ss
 .rodata.Spi_spdr
                0x00800135        0x2 C:\Users\Mike\AppData\Local\Temp\ccmeyCJr.o
                0x00800135                Spi_spdr
 .rodata.Spi_spsr
                0x00800137        0x2 C:\Users\Mike\AppData\Local\Temp\ccmeyCJr.o
                0x00800137                Spi_spsr
 .rodata.Spi_spcr
                0x00800139        0x2 C:\Users\Mike\AppData\Local\Temp\ccmeyCJr.o
                0x00800139                Spi_spcr
 .rodata.Spi_port
                0x0080013b        0x2 C:\Users\Mike\AppData\Local\Temp\ccmeyCJr.o
                0x0080013b                Spi_port
 .rodata.Spi_ddr
                0x0080013d        0x2 C:\Users\Mike\AppData\Local\Temp\ccmeyCJr.o
                0x0080013d                Spi_ddr
 .rodata.Ft1248_Miso
                0x0080013f        0x1 C:\Users\Mike\AppData\Local\Temp\ccmeyCJr.o
                0x0080013f                Ft1248_Miso
 .rodata.Ft1248_Sck
                0x00800140        0x1 C:\Users\Mike\AppData\Local\Temp\ccmeyCJr.o
                0x00800140                Ft1248_Sck
 .rodata.Ft1248_Ss
                0x00800141        0x1 C:\Users\Mike\AppData\Local\Temp\ccmeyCJr.o
                0x00800141                Ft1248_Ss
 .rodata.FtMiosio_pin
                0x00800142        0x2 C:\Users\Mike\AppData\Local\Temp\ccmeyCJr.o
                0x00800142                FtMiosio_pin
 .rodata.FtMiosio_port
                0x00800144        0x2 C:\Users\Mike\AppData\Local\Temp\ccmeyCJr.o
                0x00800144                FtMiosio_port
 .rodata.FtMiosio_ddr
                0x00800146        0x2 C:\Users\Mike\AppData\Local\Temp\ccmeyCJr.o
                0x00800146                FtMiosio_ddr
 .rodata.Ft1248_pin
                0x00800148        0x2 C:\Users\Mike\AppData\Local\Temp\ccmeyCJr.o
                0x00800148                Ft1248_pin
 .rodata.Ft1248_port
                0x0080014a        0x2 C:\Users\Mike\AppData\Local\Temp\ccmeyCJr.o
                0x0080014a                Ft1248_port
 .rodata.Ft1248_ddr
                0x0080014c        0x2 C:\Users\Mike\AppData\Local\Temp\ccmeyCJr.o
                0x0080014c                Ft1248_ddr
 .rodata.status_led
                0x0080014e        0x1 C:\Users\Mike\AppData\Local\Temp\ccmeyCJr.o
                0x0080014e                status_led
 .rodata.BiColorLed_port
                0x0080014f        0x2 C:\Users\Mike\AppData\Local\Temp\ccmeyCJr.o
                0x0080014f                BiColorLed_port
 *(.gnu.linkonce.r*)
                0x00800152                . = ALIGN (0x2)
 *fill*         0x00800151        0x1 
                0x00800152                _edata = .
                0x00800152                PROVIDE (__data_end, .)

.bss            0x00800152      0x622
                0x00800152                PROVIDE (__bss_start, .)
 *(.bss)
 *(.bss*)
 *(COMMON)
 COMMON         0x00800152      0x622 C:\Users\Mike\AppData\Local\Temp\ccmeyCJr.o
                0x00800152                full_frame
                0x00800772                nbytes_in_frame
                0x00800774                PROVIDE (__bss_end, .)
                0x00000b2c                __data_load_start = LOADADDR (.data)
                0x00000b7e                __data_load_end = (__data_load_start + SIZEOF (.data))

.noinit         0x00800774        0x0
                [!provide]                PROVIDE (__noinit_start, .)
 *(.noinit*)
                [!provide]                PROVIDE (__noinit_end, .)
                0x00800774                _end = .
                [!provide]                PROVIDE (__heap_start, .)

.eeprom         0x00810000        0x0
 *(.eeprom*)
                0x00810000                __eeprom_end = .

.fuse
 *(.fuse)
 *(.lfuse)
 *(.hfuse)
 *(.efuse)

.lock
 *(.lock*)

.signature
 *(.signature*)

.user_signatures
 *(.user_signatures*)

.stab
 *(.stab)

.stabstr
 *(.stabstr)

.stab.excl
 *(.stab.excl)

.stab.exclstr
 *(.stab.exclstr)

.stab.index
 *(.stab.index)

.stab.indexstr
 *(.stab.indexstr)

.comment        0x00000000       0x30
 *(.comment)
 .comment       0x00000000       0x30 build/Ft1248.o
                                 0x31 (size before relaxing)
 .comment       0x00000030       0x31 build/Usb.o
 .comment       0x00000030       0x31 build/Spi.o
 .comment       0x00000030       0x31 C:\Users\Mike\AppData\Local\Temp\ccmeyCJr.o

.note.gnu.avr.deviceinfo
                0x00000000       0x40
 .note.gnu.avr.deviceinfo
                0x00000000       0x40 c:/program files (x86)/atmel/studio/7.0/toolchain/avr8/avr8-gnu-toolchain/bin/../lib/gcc/avr/5.4.0/../../../../avr/lib/avr5/crtatmega328p.o

.note.gnu.build-id
 *(.note.gnu.build-id)

.debug
 *(.debug)

.line
 *(.line)

.debug_srcinfo
 *(.debug_srcinfo)

.debug_sfnames
 *(.debug_sfnames)

.debug_aranges  0x00000000      0x2b8
 *(.debug_aranges)
 .debug_aranges
                0x00000000       0xb8 build/Ft1248.o
 .debug_aranges
                0x000000b8       0xc0 build/Usb.o
 .debug_aranges
                0x00000178       0xf0 build/Spi.o
 .debug_aranges
                0x00000268       0x50 C:\Users\Mike\AppData\Local\Temp\ccmeyCJr.o

.debug_pubnames
 *(.debug_pubnames)

.debug_info     0x00000000     0x512b
 *(.debug_info .gnu.linkonce.wi.*)
 .debug_info    0x00000000      0x5f4 c:/program files (x86)/atmel/studio/7.0/toolchain/avr8/avr8-gnu-toolchain/bin/../lib/gcc/avr/5.4.0/../../../../avr/lib/avr5/crtatmega328p.o
 .debug_info    0x000005f4      0x88d build/Ft1248.o
 .debug_info    0x00000e81     0x1d02 build/Usb.o
 .debug_info    0x00002b83      0xd87 build/Spi.o
 .debug_info    0x0000390a     0x1821 C:\Users\Mike\AppData\Local\Temp\ccmeyCJr.o

.debug_abbrev   0x00000000     0x1260
 *(.debug_abbrev)
 .debug_abbrev  0x00000000      0x5a2 c:/program files (x86)/atmel/studio/7.0/toolchain/avr8/avr8-gnu-toolchain/bin/../lib/gcc/avr/5.4.0/../../../../avr/lib/avr5/crtatmega328p.o
 .debug_abbrev  0x000005a2      0x287 build/Ft1248.o
 .debug_abbrev  0x00000829      0x3a2 build/Usb.o
 .debug_abbrev  0x00000bcb      0x3b0 build/Spi.o
 .debug_abbrev  0x00000f7b      0x2e5 C:\Users\Mike\AppData\Local\Temp\ccmeyCJr.o

.debug_line     0x00000000     0x1f49
 *(.debug_line .debug_line.* .debug_line_end)
 .debug_line    0x00000000       0x1a c:/program files (x86)/atmel/studio/7.0/toolchain/avr8/avr8-gnu-toolchain/bin/../lib/gcc/avr/5.4.0/../../../../avr/lib/avr5/crtatmega328p.o
 .debug_line    0x0000001a      0x3d4 build/Ft1248.o
 .debug_line    0x000003ee      0x82a build/Usb.o
 .debug_line    0x00000c18      0x607 build/Spi.o
 .debug_line    0x0000121f      0xd2a C:\Users\Mike\AppData\Local\Temp\ccmeyCJr.o

.debug_frame    0x00000000      0x868
 *(.debug_frame)
 .debug_frame   0x00000000      0x1a4 build/Ft1248.o
 .debug_frame   0x000001a4      0x2b0 build/Usb.o
 .debug_frame   0x00000454      0x300 build/Spi.o
 .debug_frame   0x00000754      0x114 C:\Users\Mike\AppData\Local\Temp\ccmeyCJr.o

.debug_str      0x00000000     0x13cb
 *(.debug_str)
 .debug_str     0x00000000      0x208 c:/program files (x86)/atmel/studio/7.0/toolchain/avr8/avr8-gnu-toolchain/bin/../lib/gcc/avr/5.4.0/../../../../avr/lib/avr5/crtatmega328p.o
 .debug_str     0x00000208      0x4ca build/Ft1248.o
                                0x503 (size before relaxing)
 .debug_str     0x000006d2      0x2e5 build/Usb.o
                                0x506 (size before relaxing)
 .debug_str     0x000009b7      0x5c9 build/Spi.o
                                0x759 (size before relaxing)
 .debug_str     0x00000f80      0x44b C:\Users\Mike\AppData\Local\Temp\ccmeyCJr.o
                                0x88d (size before relaxing)

.debug_loc      0x00000000     0x3e13
 *(.debug_loc)
 .debug_loc     0x00000000      0x31c build/Ft1248.o
 .debug_loc     0x0000031c     0x203d build/Usb.o
 .debug_loc     0x00002359      0xa4f build/Spi.o
 .debug_loc     0x00002da8     0x106b C:\Users\Mike\AppData\Local\Temp\ccmeyCJr.o

.debug_macinfo
 *(.debug_macinfo)

.debug_weaknames
 *(.debug_weaknames)

.debug_funcnames
 *(.debug_funcnames)

.debug_typenames
 *(.debug_typenames)

.debug_varnames
 *(.debug_varnames)

.debug_pubtypes
 *(.debug_pubtypes)

.debug_ranges   0x00000000      0x6b8
 *(.debug_ranges)
 .debug_ranges  0x00000000       0xa8 build/Ft1248.o
 .debug_ranges  0x000000a8      0x420 build/Usb.o
 .debug_ranges  0x000004c8       0xe0 build/Spi.o
 .debug_ranges  0x000005a8      0x110 C:\Users\Mike\AppData\Local\Temp\ccmeyCJr.o

.debug_macro
 *(.debug_macro)
OUTPUT(build/simBrd.elf elf32-avr)
LOAD linker stubs
