Archive member included to satisfy reference by file (symbol)

c:/program files (x86)/atmel/studio/7.0/toolchain/avr8/avr8-gnu-toolchain/bin/../lib/gcc/avr/5.4.0/avr5\libgcc.a(_exit.o)
                              c:/program files (x86)/atmel/studio/7.0/toolchain/avr8/avr8-gnu-toolchain/bin/../lib/gcc/avr/5.4.0/../../../../avr/lib/avr5/crtatmega328p.o (exit)
c:/program files (x86)/atmel/studio/7.0/toolchain/avr8/avr8-gnu-toolchain/bin/../lib/gcc/avr/5.4.0/avr5\libgcc.a(_copy_data.o)
                              build/Spi.o (__do_copy_data)
c:/program files (x86)/atmel/studio/7.0/toolchain/avr8/avr8-gnu-toolchain/bin/../lib/gcc/avr/5.4.0/avr5\libgcc.a(_clear_bss.o)
                              C:\Users\Mike\AppData\Local\Temp\ccHUVJLA.o (__do_clear_bss)
c:/program files (x86)/atmel/studio/7.0/toolchain/avr8/avr8-gnu-toolchain/bin/../lib/gcc/avr/5.4.0/avr5\libgcc.a(_umulhisi3.o)
                              C:\Users\Mike\AppData\Local\Temp\ccHUVJLA.o (__umulhisi3)

Allocating common symbols
Common symbol       size              file

DoTaskForThisTest   0x2               C:\Users\Mike\AppData\Local\Temp\ccHUVJLA.o
dummy_frame         0x604             C:\Users\Mike\AppData\Local\Temp\ccHUVJLA.o

Discarded input sections

 .data          0x00000000        0x0 c:/program files (x86)/atmel/studio/7.0/toolchain/avr8/avr8-gnu-toolchain/bin/../lib/gcc/avr/5.4.0/../../../../avr/lib/avr5/crtatmega328p.o
 .bss           0x00000000        0x0 c:/program files (x86)/atmel/studio/7.0/toolchain/avr8/avr8-gnu-toolchain/bin/../lib/gcc/avr/5.4.0/../../../../avr/lib/avr5/crtatmega328p.o
 .text          0x00000000        0x0 build/ReadWriteBits.o
 .data          0x00000000        0x0 build/ReadWriteBits.o
 .bss           0x00000000        0x0 build/ReadWriteBits.o
 .text.ToggleBit
                0x00000000       0x16 build/ReadWriteBits.o
 .text.BitIsSet
                0x00000000       0x22 build/ReadWriteBits.o
 .text.BitIsClear
                0x00000000       0x1c build/ReadWriteBits.o
 .text          0x00000000        0x0 build/DebugLeds.o
 .data          0x00000000        0x0 build/DebugLeds.o
 .bss           0x00000000        0x0 build/DebugLeds.o
 .text.DebugLedsTurnOn
                0x00000000        0xe build/DebugLeds.o
 .text.DebugLedsTurnRed
                0x00000000        0xe build/DebugLeds.o
 .text.DebugLedsTurnGreen
                0x00000000        0xe build/DebugLeds.o
 .text.DebugLedsTurnAllRed
                0x00000000       0x38 build/DebugLeds.o
 .text          0x00000000        0x0 build/Spi.o
 .data          0x00000000        0x0 build/Spi.o
 .bss           0x00000000        0x0 build/Spi.o
 .text.ClearPendingSpiInterrupt_Implementation
                0x00000000       0x14 build/Spi.o
 .text.ReadSpiStatusRegister_Implementation
                0x00000000        0xc build/Spi.o
 .text.ReadSpiDataRegister_Implementation
                0x00000000        0xc build/Spi.o
 .text.WriteSpiDataRegister_Implementation
                0x00000000        0xc build/Spi.o
 .text.DisableSpi_Implementation
                0x00000000       0x10 build/Spi.o
 .text.SpiMasterOpenSpi_Implementation
                0x00000000       0x10 build/Spi.o
 .text.SpiSlaveSignalDataIsReady_Implementation
                0x00000000       0x24 build/Spi.o
 .text.EnableSpi_Implementation
                0x00000000       0x10 build/Spi.o
 .text.SpiMasterCloseSpi_Implementation
                0x00000000       0x10 build/Spi.o
 .text.SpiTransferIsDone_Implementation
                0x00000000       0x10 build/Spi.o
 .text.SpiResponseIsReady_Implementation
                0x00000000       0x10 build/Spi.o
 .text.SpiMasterInit
                0x00000000       0x9a build/Spi.o
 .text.SpiMasterWrite
                0x00000000       0x32 build/Spi.o
 .text.SpiMasterRead
                0x00000000       0x38 build/Spi.o
 .text.SpiMasterWaitForResponse
                0x00000000       0x10 build/Spi.o
 .text.SpiSlaveInit
                0x00000000       0x24 build/Spi.o
 .text.SpiEnableInterrupt
                0x00000000       0x2e build/Spi.o
 .text.SpiSlaveRead
                0x00000000       0x18 build/Spi.o
 .text.SpiSlaveSendBytes
                0x00000000       0x4a build/Spi.o
 .data.WriteSpiDataRegister
                0x00000000        0x2 build/Spi.o
 .data.SpiSlaveSignalDataIsReady
                0x00000000        0x2 build/Spi.o
 .data.SpiResponseIsReady
                0x00000000        0x2 build/Spi.o
 .rodata.test_unknown_cmd
                0x00000000        0x1 build/Spi.o
 .rodata.slave_ignore
                0x00000000        0x1 build/Spi.o
 .data.ReadSpiDataRegister
                0x00000000        0x2 build/Spi.o
 .data.SpiTransferIsDone
                0x00000000        0x2 build/Spi.o
 .data.SpiMasterCloseSpi
                0x00000000        0x2 build/Spi.o
 .data.SpiMasterOpenSpi
                0x00000000        0x2 build/Spi.o
 .data.EnableSpi
                0x00000000        0x2 build/Spi.o
 .data.DisableSpi
                0x00000000        0x2 build/Spi.o
 .data.ReadSpiStatusRegister
                0x00000000        0x2 build/Spi.o
 .data.ClearPendingSpiInterrupt
                0x00000000        0x2 build/Spi.o
 .debug_info    0x00000000      0x755 build/Spi.o
 .debug_abbrev  0x00000000      0x286 build/Spi.o
 .debug_loc     0x00000000      0x17c build/Spi.o
 .debug_aranges
                0x00000000       0xb0 build/Spi.o
 .debug_ranges  0x00000000       0xa0 build/Spi.o
 .debug_line    0x00000000      0x356 build/Spi.o
 .debug_str     0x00000000      0x621 build/Spi.o
 .comment       0x00000000       0x31 build/Spi.o
 .debug_frame   0x00000000      0x170 build/Spi.o
 .text          0x00000000        0x0 build/UartSpi.o
 .data          0x00000000        0x0 build/UartSpi.o
 .bss           0x00000000        0x0 build/UartSpi.o
 .text.ReadDataRegister
                0x00000000        0xc build/UartSpi.o
 .text.Transfer16bits
                0x00000000        0xe build/UartSpi.o
 .text.StartAdcReadout
                0x00000000       0x10 build/UartSpi.o
 .text.StartAdcConversion
                0x00000000       0x10 build/UartSpi.o
 .text.TxBufferIsEmpty
                0x00000000       0x10 build/UartSpi.o
 .text.Received8bits
                0x00000000       0x10 build/UartSpi.o
 .text.UartSpiInit
                0x00000000       0x9c build/UartSpi.o
 .text.WaitForConversionToFinish
                0x00000000        0xc build/UartSpi.o
 .text.UartSpiRead
                0x00000000       0x78 build/UartSpi.o
 .data.UartSpiTransfer16bits
                0x00000000        0x2 build/UartSpi.o
 .data.UartSpiReadDataRegister
                0x00000000        0x2 build/UartSpi.o
 .data.UartSpiTransferIsDone
                0x00000000        0x2 build/UartSpi.o
 .data.UartSpiTxBufferIsEmpty
                0x00000000        0x2 build/UartSpi.o
 .data.UartSpiStartAdcConversion
                0x00000000        0x2 build/UartSpi.o
 .data.UartSpiStartAdcReadout
                0x00000000        0x2 build/UartSpi.o
 .debug_info    0x00000000      0x5c7 build/UartSpi.o
 .debug_abbrev  0x00000000      0x223 build/UartSpi.o
 .debug_loc     0x00000000       0xbd build/UartSpi.o
 .debug_aranges
                0x00000000       0x60 build/UartSpi.o
 .debug_ranges  0x00000000       0x50 build/UartSpi.o
 .debug_line    0x00000000      0x217 build/UartSpi.o
 .debug_str     0x00000000      0x485 build/UartSpi.o
 .comment       0x00000000       0x31 build/UartSpi.o
 .debug_frame   0x00000000       0xc4 build/UartSpi.o
 .text          0x00000000        0x0 build/Lis.o
 .data          0x00000000        0x0 build/Lis.o
 .bss           0x00000000        0x0 build/Lis.o
 .text.LisClkOff
                0x00000000       0x1a build/Lis.o
 .text.LisExpose
                0x00000000        0x2 build/Lis.o
 .data.Lis_exposure_is_done
                0x00000000        0x1 build/Lis.o
 .text          0x00000000        0x0 build/Pwm.o
 .data          0x00000000        0x0 build/Pwm.o
 .bss           0x00000000        0x0 build/Pwm.o
 .text.PwmDisableOutput_Implementation
                0x00000000       0x24 build/Pwm.o
 .data.PwmDisableOutput
                0x00000000        0x2 build/Pwm.o
 .text          0x00000000        0x0 C:\Users\Mike\AppData\Local\Temp\ccHUVJLA.o
 .data          0x00000000        0x0 C:\Users\Mike\AppData\Local\Temp\ccHUVJLA.o
 .bss           0x00000000        0x0 C:\Users\Mike\AppData\Local\Temp\ccHUVJLA.o
 .text.Turn_led1_red_and_the_rest_green
                0x00000000        0xe C:\Users\Mike\AppData\Local\Temp\ccHUVJLA.o
 .text.ShowSpiDataOnDebugLeds
                0x00000000       0x6c C:\Users\Mike\AppData\Local\Temp\ccHUVJLA.o
 .text.IndicateUnknownCommand
                0x00000000        0x6 C:\Users\Mike\AppData\Local\Temp\ccHUVJLA.o
 .text.DoNothing
                0x00000000        0x2 C:\Users\Mike\AppData\Local\Temp\ccHUVJLA.o
 .text.Output_100kHz_PWM
                0x00000000       0x60 C:\Users\Mike\AppData\Local\Temp\ccHUVJLA.o
 .text.oldLisRunClkAt50kHz
                0x00000000       0x58 C:\Users\Mike\AppData\Local\Temp\ccHUVJLA.o
 .text.DemoFastestRstResponseToClk
                0x00000000        0x4 C:\Users\Mike\AppData\Local\Temp\ccHUVJLA.o
 .text.DemoIsrForRstResponseToClk
                0x00000000       0x3e C:\Users\Mike\AppData\Local\Temp\ccHUVJLA.o
 .text.DemoFailinglySlowRstResponseToClk
                0x00000000       0x46 C:\Users\Mike\AppData\Local\Temp\ccHUVJLA.o
 .text.App_version_of_Slave_RespondToRequestsForData
                0x00000000      0x15c C:\Users\Mike\AppData\Local\Temp\ccHUVJLA.o
 .text.SendDataMasterAskedFor
                0x00000000      0x148 C:\Users\Mike\AppData\Local\Temp\ccHUVJLA.o
 .text.RespondToRequestsForData
                0x00000000       0x14 C:\Users\Mike\AppData\Local\Temp\ccHUVJLA.o
 .text.SetupDebugLeds
                0x00000000        0x8 C:\Users\Mike\AppData\Local\Temp\ccHUVJLA.o
 .text.SendDummyByte
                0x00000000       0x14 C:\Users\Mike\AppData\Local\Temp\ccHUVJLA.o
 .text.SendFourDummyBytes
                0x00000000       0x3c C:\Users\Mike\AppData\Local\Temp\ccHUVJLA.o
 .text.FillDummyFrameWithAlphabet
                0x00000000       0x42 C:\Users\Mike\AppData\Local\Temp\ccHUVJLA.o
 .text.FillDummyFrameWithAdcReadings
                0x00000000       0x1e C:\Users\Mike\AppData\Local\Temp\ccHUVJLA.o
 .text.SendDummyFrame
                0x00000000       0x52 C:\Users\Mike\AppData\Local\Temp\ccHUVJLA.o
 .text.SendAdcReading
                0x00000000       0x32 C:\Users\Mike\AppData\Local\Temp\ccHUVJLA.o
 .text.SendFakeAdcReading
                0x00000000       0x2e C:\Users\Mike\AppData\Local\Temp\ccHUVJLA.o
 .text.SendAdcFrame
                0x00000000       0x2e C:\Users\Mike\AppData\Local\Temp\ccHUVJLA.o
 .text.All_debug_leds_turn_on_and_turn_green
                0x00000000        0x8 C:\Users\Mike\AppData\Local\Temp\ccHUVJLA.o
 .text.All_debug_leds_turn_on_and_turn_red
                0x00000000        0x8 C:\Users\Mike\AppData\Local\Temp\ccHUVJLA.o
 .text.Show_data_on_debug_leds
                0x00000000       0x6a C:\Users\Mike\AppData\Local\Temp\ccHUVJLA.o
 .text.SPI_interrupt_routine_turns_debug_led1_red
                0x00000000       0x16 C:\Users\Mike\AppData\Local\Temp\ccHUVJLA.o
 .text.SPI_read_in_ISR_and_show_data_on_debug_leds
                0x00000000       0x16 C:\Users\Mike\AppData\Local\Temp\ccHUVJLA.o
 .text.SpiSlaveRead_and_show_received_data_on_debug_leds
                0x00000000       0x72 C:\Users\Mike\AppData\Local\Temp\ccHUVJLA.o
 .text.Slave_receives_request_and_sends_response_when_ready
                0x00000000       0x28 C:\Users\Mike\AppData\Local\Temp\ccHUVJLA.o
 .text.test_DebugLeds
                0x00000000        0x2 C:\Users\Mike\AppData\Local\Temp\ccHUVJLA.o
 .text.test_SpiSlave
                0x00000000        0x4 C:\Users\Mike\AppData\Local\Temp\ccHUVJLA.o
 .text.Show_four_MSB_of_adc_reading_on_debug_leds
                0x00000000       0x86 C:\Users\Mike\AppData\Local\Temp\ccHUVJLA.o
 .text.test_UartSpi
                0x00000000       0x86 C:\Users\Mike\AppData\Local\Temp\ccHUVJLA.o
 .text.Miso_measures_3V_when_it_outputs_a_hard_high
                0x00000000       0x14 C:\Users\Mike\AppData\Local\Temp\ccHUVJLA.o
 .text.Miso_measures_0V_when_it_outputs_a_hard_low
                0x00000000       0x14 C:\Users\Mike\AppData\Local\Temp\ccHUVJLA.o
 .text.SpiSlaveInit_should_make_Miso_output_a_hard_high
                0x00000000        0x4 C:\Users\Mike\AppData\Local\Temp\ccHUVJLA.o
 .text.SpiSlaveSignalDataIsReady_outputs_a_hard_low
                0x00000000        0xe C:\Users\Mike\AppData\Local\Temp\ccHUVJLA.o
 .text.test_Atmel_ice_quirk_requires_flipping_SW2_to_SPI
                0x00000000        0x8 C:\Users\Mike\AppData\Local\Temp\ccHUVJLA.o
 .rodata.Lis_tccr0b
                0x00000000        0x2 C:\Users\Mike\AppData\Local\Temp\ccHUVJLA.o
 .rodata.Lis_tccr0a
                0x00000000        0x2 C:\Users\Mike\AppData\Local\Temp\ccHUVJLA.o
 .rodata.UartSpi_RxComplete
                0x00000000        0x1 C:\Users\Mike\AppData\Local\Temp\ccHUVJLA.o
 .rodata.UartSpi_DataRegEmpty
                0x00000000        0x1 C:\Users\Mike\AppData\Local\Temp\ccHUVJLA.o
 .rodata.UartSpi_DataOrder
                0x00000000        0x1 C:\Users\Mike\AppData\Local\Temp\ccHUVJLA.o
 .rodata.UartSpi_ClockPhase
                0x00000000        0x1 C:\Users\Mike\AppData\Local\Temp\ccHUVJLA.o
 .rodata.UartSpi_ClockPolarity
                0x00000000        0x1 C:\Users\Mike\AppData\Local\Temp\ccHUVJLA.o
 .rodata.UartSpi_TxEnable
                0x00000000        0x1 C:\Users\Mike\AppData\Local\Temp\ccHUVJLA.o
 .rodata.UartSpi_RxEnable
                0x00000000        0x1 C:\Users\Mike\AppData\Local\Temp\ccHUVJLA.o
 .rodata.UartSpi_ModeSelect1
                0x00000000        0x1 C:\Users\Mike\AppData\Local\Temp\ccHUVJLA.o
 .rodata.UartSpi_ModeSelect0
                0x00000000        0x1 C:\Users\Mike\AppData\Local\Temp\ccHUVJLA.o
 .rodata.UartSpi_Sck
                0x00000000        0x1 C:\Users\Mike\AppData\Local\Temp\ccHUVJLA.o
 .rodata.UartSpi_AdcConv
                0x00000000        0x1 C:\Users\Mike\AppData\Local\Temp\ccHUVJLA.o
 .rodata.UartSpi_Mosi
                0x00000000        0x1 C:\Users\Mike\AppData\Local\Temp\ccHUVJLA.o
 .rodata.UartSpi_Miso
                0x00000000        0x1 C:\Users\Mike\AppData\Local\Temp\ccHUVJLA.o
 .rodata.UartSpi_br
                0x00000000        0x2 C:\Users\Mike\AppData\Local\Temp\ccHUVJLA.o
 .rodata.UartSpi_data
                0x00000000        0x2 C:\Users\Mike\AppData\Local\Temp\ccHUVJLA.o
 .rodata.UartSpi_csrc
                0x00000000        0x2 C:\Users\Mike\AppData\Local\Temp\ccHUVJLA.o
 .rodata.UartSpi_csrb
                0x00000000        0x2 C:\Users\Mike\AppData\Local\Temp\ccHUVJLA.o
 .rodata.UartSpi_csra
                0x00000000        0x2 C:\Users\Mike\AppData\Local\Temp\ccHUVJLA.o
 .rodata.UartSpi_port
                0x00000000        0x2 C:\Users\Mike\AppData\Local\Temp\ccHUVJLA.o
 .rodata.UartSpi_ddr
                0x00000000        0x2 C:\Users\Mike\AppData\Local\Temp\ccHUVJLA.o
 .rodata.sizeof_dummy_frame
                0x00000000        0x2 C:\Users\Mike\AppData\Local\Temp\ccHUVJLA.o
 .rodata.fake_adc_reading
                0x00000000        0x2 C:\Users\Mike\AppData\Local\Temp\ccHUVJLA.o
 .rodata.cmd_send_adc_frame
                0x00000000        0x1 C:\Users\Mike\AppData\Local\Temp\ccHUVJLA.o
 .rodata.cmd_send_fake_adc_reading
                0x00000000        0x1 C:\Users\Mike\AppData\Local\Temp\ccHUVJLA.o
 .rodata.cmd_send_adc_reading
                0x00000000        0x1 C:\Users\Mike\AppData\Local\Temp\ccHUVJLA.o
 .rodata.cmd_send_dummy_frame
                0x00000000        0x1 C:\Users\Mike\AppData\Local\Temp\ccHUVJLA.o
 .rodata.cmd_send_four_dummy_bytes
                0x00000000        0x1 C:\Users\Mike\AppData\Local\Temp\ccHUVJLA.o
 .rodata.cmd_send_dummy_byte
                0x00000000        0x1 C:\Users\Mike\AppData\Local\Temp\ccHUVJLA.o
 .rodata.Spi_InterruptFlag
                0x00000000        0x1 C:\Users\Mike\AppData\Local\Temp\ccHUVJLA.o
 .rodata.Spi_DoubleClockRate
                0x00000000        0x1 C:\Users\Mike\AppData\Local\Temp\ccHUVJLA.o
 .rodata.Spi_InterruptEnable
                0x00000000        0x1 C:\Users\Mike\AppData\Local\Temp\ccHUVJLA.o
 .rodata.Spi_Enable
                0x00000000        0x1 C:\Users\Mike\AppData\Local\Temp\ccHUVJLA.o
 .rodata.Spi_ClockRateBit1
                0x00000000        0x1 C:\Users\Mike\AppData\Local\Temp\ccHUVJLA.o
 .rodata.Spi_ClockRateBit0
                0x00000000        0x1 C:\Users\Mike\AppData\Local\Temp\ccHUVJLA.o
 .rodata.Spi_MasterSlaveSelect
                0x00000000        0x1 C:\Users\Mike\AppData\Local\Temp\ccHUVJLA.o
 .rodata.Spi_Sck
                0x00000000        0x1 C:\Users\Mike\AppData\Local\Temp\ccHUVJLA.o
 .rodata.Spi_Miso
                0x00000000        0x1 C:\Users\Mike\AppData\Local\Temp\ccHUVJLA.o
 .rodata.Spi_Mosi
                0x00000000        0x1 C:\Users\Mike\AppData\Local\Temp\ccHUVJLA.o
 .rodata.Spi_Ss
                0x00000000        0x1 C:\Users\Mike\AppData\Local\Temp\ccHUVJLA.o
 .rodata.Spi_spdr
                0x00000000        0x2 C:\Users\Mike\AppData\Local\Temp\ccHUVJLA.o
 .rodata.Spi_spsr
                0x00000000        0x2 C:\Users\Mike\AppData\Local\Temp\ccHUVJLA.o
 .rodata.Spi_spcr
                0x00000000        0x2 C:\Users\Mike\AppData\Local\Temp\ccHUVJLA.o
 .rodata.Spi_pin
                0x00000000        0x2 C:\Users\Mike\AppData\Local\Temp\ccHUVJLA.o
 .rodata.Spi_port
                0x00000000        0x2 C:\Users\Mike\AppData\Local\Temp\ccHUVJLA.o
 .rodata.Spi_ddr
                0x00000000        0x2 C:\Users\Mike\AppData\Local\Temp\ccHUVJLA.o
 .rodata.DebugLeds_pin
                0x00000000        0x2 C:\Users\Mike\AppData\Local\Temp\ccHUVJLA.o
 .text          0x00000000        0x0 C:\Users\Mike\AppData\Local\Temp\ccYqtLC3.o
 .data          0x00000000        0x0 C:\Users\Mike\AppData\Local\Temp\ccYqtLC3.o
 .bss           0x00000000        0x0 C:\Users\Mike\AppData\Local\Temp\ccYqtLC3.o
 .text.GlobalInterruptEnable_Implementation
                0x00000000        0x4 C:\Users\Mike\AppData\Local\Temp\ccYqtLC3.o
 .text.GlobalInterruptDisable_Implementation
                0x00000000        0x4 C:\Users\Mike\AppData\Local\Temp\ccYqtLC3.o
 .text.Delay3CpuCyclesPerTick_Implementation
                0x00000000        0x6 C:\Users\Mike\AppData\Local\Temp\ccYqtLC3.o
 .data.Delay3CpuCyclesPerTick
                0x00000000        0x2 C:\Users\Mike\AppData\Local\Temp\ccYqtLC3.o
 .data.GlobalInterruptDisable
                0x00000000        0x2 C:\Users\Mike\AppData\Local\Temp\ccYqtLC3.o
 .data.GlobalInterruptEnable
                0x00000000        0x2 C:\Users\Mike\AppData\Local\Temp\ccYqtLC3.o
 .debug_info    0x00000000      0x142 C:\Users\Mike\AppData\Local\Temp\ccYqtLC3.o
 .debug_abbrev  0x00000000       0xdd C:\Users\Mike\AppData\Local\Temp\ccYqtLC3.o
 .debug_loc     0x00000000       0x34 C:\Users\Mike\AppData\Local\Temp\ccYqtLC3.o
 .debug_aranges
                0x00000000       0x30 C:\Users\Mike\AppData\Local\Temp\ccYqtLC3.o
 .debug_ranges  0x00000000       0x20 C:\Users\Mike\AppData\Local\Temp\ccYqtLC3.o
 .debug_line    0x00000000      0x141 C:\Users\Mike\AppData\Local\Temp\ccYqtLC3.o
 .debug_str     0x00000000      0x1ed C:\Users\Mike\AppData\Local\Temp\ccYqtLC3.o
 .comment       0x00000000       0x31 C:\Users\Mike\AppData\Local\Temp\ccYqtLC3.o
 .debug_frame   0x00000000       0x44 C:\Users\Mike\AppData\Local\Temp\ccYqtLC3.o
 .text          0x00000000        0x0 c:/program files (x86)/atmel/studio/7.0/toolchain/avr8/avr8-gnu-toolchain/bin/../lib/gcc/avr/5.4.0/avr5\libgcc.a(_exit.o)
 .data          0x00000000        0x0 c:/program files (x86)/atmel/studio/7.0/toolchain/avr8/avr8-gnu-toolchain/bin/../lib/gcc/avr/5.4.0/avr5\libgcc.a(_exit.o)
 .bss           0x00000000        0x0 c:/program files (x86)/atmel/studio/7.0/toolchain/avr8/avr8-gnu-toolchain/bin/../lib/gcc/avr/5.4.0/avr5\libgcc.a(_exit.o)
 .text.libgcc.mul
                0x00000000        0x0 c:/program files (x86)/atmel/studio/7.0/toolchain/avr8/avr8-gnu-toolchain/bin/../lib/gcc/avr/5.4.0/avr5\libgcc.a(_exit.o)
 .text.libgcc.div
                0x00000000        0x0 c:/program files (x86)/atmel/studio/7.0/toolchain/avr8/avr8-gnu-toolchain/bin/../lib/gcc/avr/5.4.0/avr5\libgcc.a(_exit.o)
 .text.libgcc   0x00000000        0x0 c:/program files (x86)/atmel/studio/7.0/toolchain/avr8/avr8-gnu-toolchain/bin/../lib/gcc/avr/5.4.0/avr5\libgcc.a(_exit.o)
 .text.libgcc.prologue
                0x00000000        0x0 c:/program files (x86)/atmel/studio/7.0/toolchain/avr8/avr8-gnu-toolchain/bin/../lib/gcc/avr/5.4.0/avr5\libgcc.a(_exit.o)
 .text.libgcc.builtins
                0x00000000        0x0 c:/program files (x86)/atmel/studio/7.0/toolchain/avr8/avr8-gnu-toolchain/bin/../lib/gcc/avr/5.4.0/avr5\libgcc.a(_exit.o)
 .text.libgcc.fmul
                0x00000000        0x0 c:/program files (x86)/atmel/studio/7.0/toolchain/avr8/avr8-gnu-toolchain/bin/../lib/gcc/avr/5.4.0/avr5\libgcc.a(_exit.o)
 .text.libgcc.fixed
                0x00000000        0x0 c:/program files (x86)/atmel/studio/7.0/toolchain/avr8/avr8-gnu-toolchain/bin/../lib/gcc/avr/5.4.0/avr5\libgcc.a(_exit.o)
 .text          0x00000000        0x0 c:/program files (x86)/atmel/studio/7.0/toolchain/avr8/avr8-gnu-toolchain/bin/../lib/gcc/avr/5.4.0/avr5\libgcc.a(_copy_data.o)
 .data          0x00000000        0x0 c:/program files (x86)/atmel/studio/7.0/toolchain/avr8/avr8-gnu-toolchain/bin/../lib/gcc/avr/5.4.0/avr5\libgcc.a(_copy_data.o)
 .bss           0x00000000        0x0 c:/program files (x86)/atmel/studio/7.0/toolchain/avr8/avr8-gnu-toolchain/bin/../lib/gcc/avr/5.4.0/avr5\libgcc.a(_copy_data.o)
 .text.libgcc.mul
                0x00000000        0x0 c:/program files (x86)/atmel/studio/7.0/toolchain/avr8/avr8-gnu-toolchain/bin/../lib/gcc/avr/5.4.0/avr5\libgcc.a(_copy_data.o)
 .text.libgcc.div
                0x00000000        0x0 c:/program files (x86)/atmel/studio/7.0/toolchain/avr8/avr8-gnu-toolchain/bin/../lib/gcc/avr/5.4.0/avr5\libgcc.a(_copy_data.o)
 .text.libgcc   0x00000000        0x0 c:/program files (x86)/atmel/studio/7.0/toolchain/avr8/avr8-gnu-toolchain/bin/../lib/gcc/avr/5.4.0/avr5\libgcc.a(_copy_data.o)
 .text.libgcc.prologue
                0x00000000        0x0 c:/program files (x86)/atmel/studio/7.0/toolchain/avr8/avr8-gnu-toolchain/bin/../lib/gcc/avr/5.4.0/avr5\libgcc.a(_copy_data.o)
 .text.libgcc.builtins
                0x00000000        0x0 c:/program files (x86)/atmel/studio/7.0/toolchain/avr8/avr8-gnu-toolchain/bin/../lib/gcc/avr/5.4.0/avr5\libgcc.a(_copy_data.o)
 .text.libgcc.fmul
                0x00000000        0x0 c:/program files (x86)/atmel/studio/7.0/toolchain/avr8/avr8-gnu-toolchain/bin/../lib/gcc/avr/5.4.0/avr5\libgcc.a(_copy_data.o)
 .text.libgcc.fixed
                0x00000000        0x0 c:/program files (x86)/atmel/studio/7.0/toolchain/avr8/avr8-gnu-toolchain/bin/../lib/gcc/avr/5.4.0/avr5\libgcc.a(_copy_data.o)
 .text          0x00000000        0x0 c:/program files (x86)/atmel/studio/7.0/toolchain/avr8/avr8-gnu-toolchain/bin/../lib/gcc/avr/5.4.0/avr5\libgcc.a(_clear_bss.o)
 .data          0x00000000        0x0 c:/program files (x86)/atmel/studio/7.0/toolchain/avr8/avr8-gnu-toolchain/bin/../lib/gcc/avr/5.4.0/avr5\libgcc.a(_clear_bss.o)
 .bss           0x00000000        0x0 c:/program files (x86)/atmel/studio/7.0/toolchain/avr8/avr8-gnu-toolchain/bin/../lib/gcc/avr/5.4.0/avr5\libgcc.a(_clear_bss.o)
 .text.libgcc.mul
                0x00000000        0x0 c:/program files (x86)/atmel/studio/7.0/toolchain/avr8/avr8-gnu-toolchain/bin/../lib/gcc/avr/5.4.0/avr5\libgcc.a(_clear_bss.o)
 .text.libgcc.div
                0x00000000        0x0 c:/program files (x86)/atmel/studio/7.0/toolchain/avr8/avr8-gnu-toolchain/bin/../lib/gcc/avr/5.4.0/avr5\libgcc.a(_clear_bss.o)
 .text.libgcc   0x00000000        0x0 c:/program files (x86)/atmel/studio/7.0/toolchain/avr8/avr8-gnu-toolchain/bin/../lib/gcc/avr/5.4.0/avr5\libgcc.a(_clear_bss.o)
 .text.libgcc.prologue
                0x00000000        0x0 c:/program files (x86)/atmel/studio/7.0/toolchain/avr8/avr8-gnu-toolchain/bin/../lib/gcc/avr/5.4.0/avr5\libgcc.a(_clear_bss.o)
 .text.libgcc.builtins
                0x00000000        0x0 c:/program files (x86)/atmel/studio/7.0/toolchain/avr8/avr8-gnu-toolchain/bin/../lib/gcc/avr/5.4.0/avr5\libgcc.a(_clear_bss.o)
 .text.libgcc.fmul
                0x00000000        0x0 c:/program files (x86)/atmel/studio/7.0/toolchain/avr8/avr8-gnu-toolchain/bin/../lib/gcc/avr/5.4.0/avr5\libgcc.a(_clear_bss.o)
 .text.libgcc.fixed
                0x00000000        0x0 c:/program files (x86)/atmel/studio/7.0/toolchain/avr8/avr8-gnu-toolchain/bin/../lib/gcc/avr/5.4.0/avr5\libgcc.a(_clear_bss.o)
 .text          0x00000000        0x0 c:/program files (x86)/atmel/studio/7.0/toolchain/avr8/avr8-gnu-toolchain/bin/../lib/gcc/avr/5.4.0/avr5\libgcc.a(_umulhisi3.o)
 .data          0x00000000        0x0 c:/program files (x86)/atmel/studio/7.0/toolchain/avr8/avr8-gnu-toolchain/bin/../lib/gcc/avr/5.4.0/avr5\libgcc.a(_umulhisi3.o)
 .bss           0x00000000        0x0 c:/program files (x86)/atmel/studio/7.0/toolchain/avr8/avr8-gnu-toolchain/bin/../lib/gcc/avr/5.4.0/avr5\libgcc.a(_umulhisi3.o)
 .text.libgcc.mul
                0x00000000       0x1e c:/program files (x86)/atmel/studio/7.0/toolchain/avr8/avr8-gnu-toolchain/bin/../lib/gcc/avr/5.4.0/avr5\libgcc.a(_umulhisi3.o)
 .text.libgcc.div
                0x00000000        0x0 c:/program files (x86)/atmel/studio/7.0/toolchain/avr8/avr8-gnu-toolchain/bin/../lib/gcc/avr/5.4.0/avr5\libgcc.a(_umulhisi3.o)
 .text.libgcc   0x00000000        0x0 c:/program files (x86)/atmel/studio/7.0/toolchain/avr8/avr8-gnu-toolchain/bin/../lib/gcc/avr/5.4.0/avr5\libgcc.a(_umulhisi3.o)
 .text.libgcc.prologue
                0x00000000        0x0 c:/program files (x86)/atmel/studio/7.0/toolchain/avr8/avr8-gnu-toolchain/bin/../lib/gcc/avr/5.4.0/avr5\libgcc.a(_umulhisi3.o)
 .text.libgcc.builtins
                0x00000000        0x0 c:/program files (x86)/atmel/studio/7.0/toolchain/avr8/avr8-gnu-toolchain/bin/../lib/gcc/avr/5.4.0/avr5\libgcc.a(_umulhisi3.o)
 .text.libgcc.fmul
                0x00000000        0x0 c:/program files (x86)/atmel/studio/7.0/toolchain/avr8/avr8-gnu-toolchain/bin/../lib/gcc/avr/5.4.0/avr5\libgcc.a(_umulhisi3.o)
 .text.libgcc.fixed
                0x00000000        0x0 c:/program files (x86)/atmel/studio/7.0/toolchain/avr8/avr8-gnu-toolchain/bin/../lib/gcc/avr/5.4.0/avr5\libgcc.a(_umulhisi3.o)

Memory Configuration

Name             Origin             Length             Attributes
text             0x00000000         0x00020000         xr
data             0x00800060         0x0000ffa0         rw !x
eeprom           0x00810000         0x00010000         rw !x
fuse             0x00820000         0x00000003         rw !x
lock             0x00830000         0x00000400         rw !x
signature        0x00840000         0x00000400         rw !x
user_signatures  0x00850000         0x00000400         rw !x
*default*        0x00000000         0xffffffff

Linker script and memory map

Address of section .data set to 0x800100
LOAD c:/program files (x86)/atmel/studio/7.0/toolchain/avr8/avr8-gnu-toolchain/bin/../lib/gcc/avr/5.4.0/../../../../avr/lib/avr5/crtatmega328p.o
LOAD build/ReadWriteBits.o
LOAD build/DebugLeds.o
LOAD build/Spi.o
LOAD build/UartSpi.o
LOAD build/Lis.o
LOAD build/Pwm.o
LOAD C:\Users\Mike\AppData\Local\Temp\ccHUVJLA.o
LOAD C:\Users\Mike\AppData\Local\Temp\ccYqtLC3.o
START GROUP
LOAD c:/program files (x86)/atmel/studio/7.0/toolchain/avr8/avr8-gnu-toolchain/bin/../lib/gcc/avr/5.4.0/avr5\libgcc.a
LOAD c:/program files (x86)/atmel/studio/7.0/toolchain/avr8/avr8-gnu-toolchain/bin/../lib/gcc/avr/5.4.0/../../../../avr/lib/avr5\libm.a
LOAD c:/program files (x86)/atmel/studio/7.0/toolchain/avr8/avr8-gnu-toolchain/bin/../lib/gcc/avr/5.4.0/../../../../avr/lib/avr5\libc.a
LOAD c:/program files (x86)/atmel/studio/7.0/toolchain/avr8/avr8-gnu-toolchain/bin/../lib/gcc/avr/5.4.0/../../../../avr/lib/avr5\libatmega328p.a
END GROUP
                0x00020000                __TEXT_REGION_LENGTH__ = DEFINED (__TEXT_REGION_LENGTH__)?__TEXT_REGION_LENGTH__:0x20000
                0x0000ffa0                __DATA_REGION_LENGTH__ = DEFINED (__DATA_REGION_LENGTH__)?__DATA_REGION_LENGTH__:0xffa0
                0x00010000                __EEPROM_REGION_LENGTH__ = DEFINED (__EEPROM_REGION_LENGTH__)?__EEPROM_REGION_LENGTH__:0x10000
                [0x00000003]                __FUSE_REGION_LENGTH__ = DEFINED (__FUSE_REGION_LENGTH__)?__FUSE_REGION_LENGTH__:0x400
                0x00000400                __LOCK_REGION_LENGTH__ = DEFINED (__LOCK_REGION_LENGTH__)?__LOCK_REGION_LENGTH__:0x400
                0x00000400                __SIGNATURE_REGION_LENGTH__ = DEFINED (__SIGNATURE_REGION_LENGTH__)?__SIGNATURE_REGION_LENGTH__:0x400
                0x00000400                __USER_SIGNATURE_REGION_LENGTH__ = DEFINED (__USER_SIGNATURE_REGION_LENGTH__)?__USER_SIGNATURE_REGION_LENGTH__:0x400

.hash
 *(.hash)

.dynsym
 *(.dynsym)

.dynstr
 *(.dynstr)

.gnu.version
 *(.gnu.version)

.gnu.version_d
 *(.gnu.version_d)

.gnu.version_r
 *(.gnu.version_r)

.rel.init
 *(.rel.init)

.rela.init
 *(.rela.init)

.rel.text
 *(.rel.text)
 *(.rel.text.*)
 *(.rel.gnu.linkonce.t*)

.rela.text
 *(.rela.text)
 *(.rela.text.*)
 *(.rela.gnu.linkonce.t*)

.rel.fini
 *(.rel.fini)

.rela.fini
 *(.rela.fini)

.rel.rodata
 *(.rel.rodata)
 *(.rel.rodata.*)
 *(.rel.gnu.linkonce.r*)

.rela.rodata
 *(.rela.rodata)
 *(.rela.rodata.*)
 *(.rela.gnu.linkonce.r*)

.rel.data
 *(.rel.data)
 *(.rel.data.*)
 *(.rel.gnu.linkonce.d*)

.rela.data
 *(.rela.data)
 *(.rela.data.*)
 *(.rela.gnu.linkonce.d*)

.rel.ctors
 *(.rel.ctors)

.rela.ctors
 *(.rela.ctors)

.rel.dtors
 *(.rel.dtors)

.rela.dtors
 *(.rela.dtors)

.rel.got
 *(.rel.got)

.rela.got
 *(.rela.got)

.rel.bss
 *(.rel.bss)

.rela.bss
 *(.rela.bss)

.rel.plt
 *(.rel.plt)

.rela.plt
 *(.rela.plt)

.text           0x00000000      0x326
 *(.vectors)
 .vectors       0x00000000       0x68 c:/program files (x86)/atmel/studio/7.0/toolchain/avr8/avr8-gnu-toolchain/bin/../lib/gcc/avr/5.4.0/../../../../avr/lib/avr5/crtatmega328p.o
                0x00000000                __vector_default
                0x00000000                __vectors
 *(.vectors)
 *(.progmem.gcc*)
                0x00000068                . = ALIGN (0x2)
                0x00000068                __trampolines_start = .
 *(.trampolines)
 .trampolines   0x00000068        0x0 linker stubs
 *(.trampolines*)
                0x00000068                __trampolines_end = .
 *libprintf_flt.a:*(.progmem.data)
 *libc.a:*(.progmem.data)
 *(.progmem*)
                0x00000068                . = ALIGN (0x2)
 *(.jumptables)
 *(.jumptables*)
 *(.lowtext)
 *(.lowtext*)
                0x00000068                __ctors_start = .
 *(.ctors)
                0x00000068                __ctors_end = .
                0x00000068                __dtors_start = .
 *(.dtors)
                0x00000068                __dtors_end = .
 SORT(*)(.ctors)
 SORT(*)(.dtors)
 *(.init0)
 .init0         0x00000068        0x0 c:/program files (x86)/atmel/studio/7.0/toolchain/avr8/avr8-gnu-toolchain/bin/../lib/gcc/avr/5.4.0/../../../../avr/lib/avr5/crtatmega328p.o
                0x00000068                __init
 *(.init0)
 *(.init1)
 *(.init1)
 *(.init2)
 .init2         0x00000068        0xc c:/program files (x86)/atmel/studio/7.0/toolchain/avr8/avr8-gnu-toolchain/bin/../lib/gcc/avr/5.4.0/../../../../avr/lib/avr5/crtatmega328p.o
 *(.init2)
 *(.init3)
 *(.init3)
 *(.init4)
 .init4         0x00000074       0x16 c:/program files (x86)/atmel/studio/7.0/toolchain/avr8/avr8-gnu-toolchain/bin/../lib/gcc/avr/5.4.0/avr5\libgcc.a(_copy_data.o)
                0x00000074                __do_copy_data
 .init4         0x0000008a       0x10 c:/program files (x86)/atmel/studio/7.0/toolchain/avr8/avr8-gnu-toolchain/bin/../lib/gcc/avr/5.4.0/avr5\libgcc.a(_clear_bss.o)
                0x0000008a                __do_clear_bss
 *(.init4)
 *(.init5)
 *(.init5)
 *(.init6)
 *(.init6)
 *(.init7)
 *(.init7)
 *(.init8)
 *(.init8)
 *(.init9)
 .init9         0x0000009a        0x8 c:/program files (x86)/atmel/studio/7.0/toolchain/avr8/avr8-gnu-toolchain/bin/../lib/gcc/avr/5.4.0/../../../../avr/lib/avr5/crtatmega328p.o
 *(.init9)
 *(.text)
 .text          0x000000a2        0x4 c:/program files (x86)/atmel/studio/7.0/toolchain/avr8/avr8-gnu-toolchain/bin/../lib/gcc/avr/5.4.0/../../../../avr/lib/avr5/crtatmega328p.o
                0x000000a2                __vector_22
                0x000000a2                __vector_1
                0x000000a2                __vector_24
                0x000000a2                __vector_12
                0x000000a2                __bad_interrupt
                0x000000a2                __vector_6
                0x000000a2                __vector_3
                0x000000a2                __vector_23
                0x000000a2                __vector_25
                0x000000a2                __vector_11
                0x000000a2                __vector_13
                0x000000a2                __vector_19
                0x000000a2                __vector_7
                0x000000a2                __vector_5
                0x000000a2                __vector_4
                0x000000a2                __vector_9
                0x000000a2                __vector_2
                0x000000a2                __vector_21
                0x000000a2                __vector_8
                0x000000a2                __vector_10
                0x000000a2                __vector_16
                0x000000a2                __vector_18
                0x000000a2                __vector_20
                0x000000a6                . = ALIGN (0x2)
 *(.text.*)
 .text.SetBit   0x000000a6       0x16 build/ReadWriteBits.o
                0x000000a6                SetBit
 .text.ClearBit
                0x000000bc       0x18 build/ReadWriteBits.o
                0x000000bc                ClearBit
 .text.DebugLedsTurnAllOn
                0x000000d4       0x38 build/DebugLeds.o
                0x000000d4                DebugLedsTurnAllOn
 .text.DebugLedsTurnAllGreen
                0x0000010c       0x38 build/DebugLeds.o
                0x0000010c                DebugLedsTurnAllGreen
 .text.LisRunClkAt50kHz_Implementation
                0x00000144       0x3c build/Lis.o
 .text.LisClkOn_Implementation
                0x00000180        0xa build/Lis.o
 .text.LisInit  0x0000018a       0x76 build/Lis.o
                0x0000018a                LisInit
 .text.ResetCounterAtTop
                0x00000200       0x24 build/Pwm.o
 .text.TopIsOcr0a
                0x00000224       0x10 build/Pwm.o
 .text.PwmClkIsCpuClk_Implementation
                0x00000234       0x2e build/Pwm.o
 .text.EnableOutputSetUntilMatch
                0x00000262       0x24 build/Pwm.o
 .text.DemoInlineRstResponseToClk
                0x00000286       0x12 C:\Users\Mike\AppData\Local\Temp\ccHUVJLA.o
                0x00000286                DemoInlineRstResponseToClk
 .text.startup.main
                0x00000298       0x10 C:\Users\Mike\AppData\Local\Temp\ccHUVJLA.o
                0x00000298                main
 .text.__vector_17
                0x000002a8       0x4e C:\Users\Mike\AppData\Local\Temp\ccHUVJLA.o
                0x000002a8                __vector_17
 .text.__vector_14
                0x000002f6       0x16 C:\Users\Mike\AppData\Local\Temp\ccHUVJLA.o
                0x000002f6                __vector_14
 .text.__vector_15
                0x0000030c       0x16 C:\Users\Mike\AppData\Local\Temp\ccHUVJLA.o
                0x0000030c                __vector_15
                0x00000322                . = ALIGN (0x2)
 *(.fini9)
 .fini9         0x00000322        0x0 c:/program files (x86)/atmel/studio/7.0/toolchain/avr8/avr8-gnu-toolchain/bin/../lib/gcc/avr/5.4.0/avr5\libgcc.a(_exit.o)
                0x00000322                _exit
                0x00000322                exit
 *(.fini9)
 *(.fini8)
 *(.fini8)
 *(.fini7)
 *(.fini7)
 *(.fini6)
 *(.fini6)
 *(.fini5)
 *(.fini5)
 *(.fini4)
 *(.fini4)
 *(.fini3)
 *(.fini3)
 *(.fini2)
 *(.fini2)
 *(.fini1)
 *(.fini1)
 *(.fini0)
 .fini0         0x00000322        0x4 c:/program files (x86)/atmel/studio/7.0/toolchain/avr8/avr8-gnu-toolchain/bin/../lib/gcc/avr/5.4.0/avr5\libgcc.a(_exit.o)
 *(.fini0)
                0x00000326                _etext = .

.data           0x00800100       0x30 load address 0x00000326
                0x00800100                PROVIDE (__data_start, .)
 *(.data)
 *(.data*)
 .data.LisClkOn
                0x00800100        0x2 build/Lis.o
                0x00800100                LisClkOn
 .data.LisRunClkAt50kHz
                0x00800102        0x2 build/Lis.o
                0x00800102                LisRunClkAt50kHz
 .data.PwmEnableOutputSetUntilMatch
                0x00800104        0x2 build/Pwm.o
                0x00800104                PwmEnableOutputSetUntilMatch
 .data.PwmClkIsCpuClk
                0x00800106        0x2 build/Pwm.o
                0x00800106                PwmClkIsCpuClk
 .data.PwmTopIsOcr0a
                0x00800108        0x2 build/Pwm.o
                0x00800108                PwmTopIsOcr0a
 .data.PwmResetCounterAtTop
                0x0080010a        0x2 build/Pwm.o
                0x0080010a                PwmResetCounterAtTop
 *(.gnu.linkonce.d*)
 *(.rodata)
 *(.rodata*)
 .rodata.Pwm_Com0b1
                0x0080010c        0x1 C:\Users\Mike\AppData\Local\Temp\ccHUVJLA.o
                0x0080010c                Pwm_Com0b1
 .rodata.Pwm_Com0b0
                0x0080010d        0x1 C:\Users\Mike\AppData\Local\Temp\ccHUVJLA.o
                0x0080010d                Pwm_Com0b0
 .rodata.Pwm_Cs02
                0x0080010e        0x1 C:\Users\Mike\AppData\Local\Temp\ccHUVJLA.o
                0x0080010e                Pwm_Cs02
 .rodata.Pwm_Cs01
                0x0080010f        0x1 C:\Users\Mike\AppData\Local\Temp\ccHUVJLA.o
                0x0080010f                Pwm_Cs01
 .rodata.Pwm_Cs00
                0x00800110        0x1 C:\Users\Mike\AppData\Local\Temp\ccHUVJLA.o
                0x00800110                Pwm_Cs00
 .rodata.Pwm_Wgm02
                0x00800111        0x1 C:\Users\Mike\AppData\Local\Temp\ccHUVJLA.o
                0x00800111                Pwm_Wgm02
 .rodata.Pwm_Wgm01
                0x00800112        0x1 C:\Users\Mike\AppData\Local\Temp\ccHUVJLA.o
                0x00800112                Pwm_Wgm01
 .rodata.Pwm_Wgm00
                0x00800113        0x1 C:\Users\Mike\AppData\Local\Temp\ccHUVJLA.o
                0x00800113                Pwm_Wgm00
 .rodata.Pwm_tccr0b
                0x00800114        0x2 C:\Users\Mike\AppData\Local\Temp\ccHUVJLA.o
                0x00800114                Pwm_tccr0b
 .rodata.Pwm_tccr0a
                0x00800116        0x2 C:\Users\Mike\AppData\Local\Temp\ccHUVJLA.o
                0x00800116                Pwm_tccr0a
 .rodata.Lis_Sync
                0x00800118        0x1 C:\Users\Mike\AppData\Local\Temp\ccHUVJLA.o
                0x00800118                Lis_Sync
 .rodata.Lis_Rst
                0x00800119        0x1 C:\Users\Mike\AppData\Local\Temp\ccHUVJLA.o
                0x00800119                Lis_Rst
 .rodata.Lis_Clk
                0x0080011a        0x1 C:\Users\Mike\AppData\Local\Temp\ccHUVJLA.o
                0x0080011a                Lis_Clk
 .rodata.Lis_PixSelect
                0x0080011b        0x1 C:\Users\Mike\AppData\Local\Temp\ccHUVJLA.o
                0x0080011b                Lis_PixSelect
 .rodata.Lis_clkth
                0x0080011c        0x2 C:\Users\Mike\AppData\Local\Temp\ccHUVJLA.o
                0x0080011c                Lis_clkth
 .rodata.Lis_clktop
                0x0080011e        0x2 C:\Users\Mike\AppData\Local\Temp\ccHUVJLA.o
                0x0080011e                Lis_clktop
 .rodata.Lis_port2
                0x00800120        0x2 C:\Users\Mike\AppData\Local\Temp\ccHUVJLA.o
                0x00800120                Lis_port2
 .rodata.Lis_port1
                0x00800122        0x2 C:\Users\Mike\AppData\Local\Temp\ccHUVJLA.o
                0x00800122                Lis_port1
 .rodata.Lis_ddr2
                0x00800124        0x2 C:\Users\Mike\AppData\Local\Temp\ccHUVJLA.o
                0x00800124                Lis_ddr2
 .rodata.Lis_ddr1
                0x00800126        0x2 C:\Users\Mike\AppData\Local\Temp\ccHUVJLA.o
                0x00800126                Lis_ddr1
 .rodata.debug_led4
                0x00800128        0x1 C:\Users\Mike\AppData\Local\Temp\ccHUVJLA.o
                0x00800128                debug_led4
 .rodata.debug_led3
                0x00800129        0x1 C:\Users\Mike\AppData\Local\Temp\ccHUVJLA.o
                0x00800129                debug_led3
 .rodata.debug_led2
                0x0080012a        0x1 C:\Users\Mike\AppData\Local\Temp\ccHUVJLA.o
                0x0080012a                debug_led2
 .rodata.debug_led1
                0x0080012b        0x1 C:\Users\Mike\AppData\Local\Temp\ccHUVJLA.o
                0x0080012b                debug_led1
 .rodata.DebugLeds_port
                0x0080012c        0x2 C:\Users\Mike\AppData\Local\Temp\ccHUVJLA.o
                0x0080012c                DebugLeds_port
 .rodata.DebugLeds_ddr
                0x0080012e        0x2 C:\Users\Mike\AppData\Local\Temp\ccHUVJLA.o
                0x0080012e                DebugLeds_ddr
 *(.gnu.linkonce.r*)
                0x00800130                . = ALIGN (0x2)
                0x00800130                _edata = .
                0x00800130                PROVIDE (__data_end, .)

.bss            0x00800130      0x606
                0x00800130                PROVIDE (__bss_start, .)
 *(.bss)
 *(.bss*)
 *(COMMON)
 COMMON         0x00800130      0x606 C:\Users\Mike\AppData\Local\Temp\ccHUVJLA.o
                0x00800130                DoTaskForThisTest
                0x00800132                dummy_frame
                0x00800736                PROVIDE (__bss_end, .)
                0x00000326                __data_load_start = LOADADDR (.data)
                0x00000356                __data_load_end = (__data_load_start + SIZEOF (.data))

.noinit         0x00800736        0x0
                [!provide]                PROVIDE (__noinit_start, .)
 *(.noinit*)
                [!provide]                PROVIDE (__noinit_end, .)
                0x00800736                _end = .
                [!provide]                PROVIDE (__heap_start, .)

.eeprom         0x00810000        0x0
 *(.eeprom*)
                0x00810000                __eeprom_end = .

.fuse
 *(.fuse)
 *(.lfuse)
 *(.hfuse)
 *(.efuse)

.lock
 *(.lock*)

.signature
 *(.signature*)

.user_signatures
 *(.user_signatures*)

.stab
 *(.stab)

.stabstr
 *(.stabstr)

.stab.excl
 *(.stab.excl)

.stab.exclstr
 *(.stab.exclstr)

.stab.index
 *(.stab.index)

.stab.indexstr
 *(.stab.indexstr)

.comment        0x00000000       0x30
 *(.comment)
 .comment       0x00000000       0x30 build/ReadWriteBits.o
                                 0x31 (size before relaxing)
 .comment       0x00000030       0x31 build/DebugLeds.o
 .comment       0x00000030       0x31 build/Lis.o
 .comment       0x00000030       0x31 build/Pwm.o
 .comment       0x00000030       0x31 C:\Users\Mike\AppData\Local\Temp\ccHUVJLA.o

.note.gnu.avr.deviceinfo
                0x00000000       0x40
 .note.gnu.avr.deviceinfo
                0x00000000       0x40 c:/program files (x86)/atmel/studio/7.0/toolchain/avr8/avr8-gnu-toolchain/bin/../lib/gcc/avr/5.4.0/../../../../avr/lib/avr5/crtatmega328p.o

.note.gnu.build-id
 *(.note.gnu.build-id)

.debug
 *(.debug)

.line
 *(.line)

.debug_srcinfo
 *(.debug_srcinfo)

.debug_sfnames
 *(.debug_sfnames)

.debug_aranges  0x00000000      0x258
 *(.debug_aranges)
 .debug_aranges
                0x00000000       0x40 build/ReadWriteBits.o
 .debug_aranges
                0x00000040       0x48 build/DebugLeds.o
 .debug_aranges
                0x00000088       0x40 build/Lis.o
 .debug_aranges
                0x000000c8       0x40 build/Pwm.o
 .debug_aranges
                0x00000108      0x150 C:\Users\Mike\AppData\Local\Temp\ccHUVJLA.o

.debug_pubnames
 *(.debug_pubnames)

.debug_info     0x00000000     0x2f7d
 *(.debug_info .gnu.linkonce.wi.*)
 .debug_info    0x00000000      0x5f4 c:/program files (x86)/atmel/studio/7.0/toolchain/avr8/avr8-gnu-toolchain/bin/../lib/gcc/avr/5.4.0/../../../../avr/lib/avr5/crtatmega328p.o
 .debug_info    0x000005f4      0x1a9 build/ReadWriteBits.o
 .debug_info    0x0000079d      0x2f5 build/DebugLeds.o
 .debug_info    0x00000a92      0x377 build/Lis.o
 .debug_info    0x00000e09      0x2b8 build/Pwm.o
 .debug_info    0x000010c1     0x1ebc C:\Users\Mike\AppData\Local\Temp\ccHUVJLA.o

.debug_abbrev   0x00000000      0xd5a
 *(.debug_abbrev)
 .debug_abbrev  0x00000000      0x5a2 c:/program files (x86)/atmel/studio/7.0/toolchain/avr8/avr8-gnu-toolchain/bin/../lib/gcc/avr/5.4.0/../../../../avr/lib/avr5/crtatmega328p.o
 .debug_abbrev  0x000005a2       0xcd build/ReadWriteBits.o
 .debug_abbrev  0x0000066f       0xeb build/DebugLeds.o
 .debug_abbrev  0x0000075a      0x15c build/Lis.o
 .debug_abbrev  0x000008b6       0xe2 build/Pwm.o
 .debug_abbrev  0x00000998      0x3c2 C:\Users\Mike\AppData\Local\Temp\ccHUVJLA.o

.debug_line     0x00000000      0xf64
 *(.debug_line .debug_line.* .debug_line_end)
 .debug_line    0x00000000       0x1a c:/program files (x86)/atmel/studio/7.0/toolchain/avr8/avr8-gnu-toolchain/bin/../lib/gcc/avr/5.4.0/../../../../avr/lib/avr5/crtatmega328p.o
 .debug_line    0x0000001a      0x110 build/ReadWriteBits.o
 .debug_line    0x0000012a      0x194 build/DebugLeds.o
 .debug_line    0x000002be      0x172 build/Lis.o
 .debug_line    0x00000430      0x166 build/Pwm.o
 .debug_line    0x00000596      0x9ce C:\Users\Mike\AppData\Local\Temp\ccHUVJLA.o

.debug_frame    0x00000000      0x5f0
 *(.debug_frame)
 .debug_frame   0x00000000       0x64 build/ReadWriteBits.o
 .debug_frame   0x00000064       0x98 build/DebugLeds.o
 .debug_frame   0x000000fc       0x74 build/Lis.o
 .debug_frame   0x00000170       0x94 build/Pwm.o
 .debug_frame   0x00000204      0x3ec C:\Users\Mike\AppData\Local\Temp\ccHUVJLA.o

.debug_str      0x00000000      0xec5
 *(.debug_str)
 .debug_str     0x00000000      0x208 c:/program files (x86)/atmel/studio/7.0/toolchain/avr8/avr8-gnu-toolchain/bin/../lib/gcc/avr/5.4.0/../../../../avr/lib/avr5/crtatmega328p.o
 .debug_str     0x00000208      0x124 build/ReadWriteBits.o
                                0x15d (size before relaxing)
 .debug_str     0x0000032c       0xdb build/DebugLeds.o
                                0x1fa (size before relaxing)
 .debug_str     0x00000407      0x1ca build/Lis.o
                                0x2fa (size before relaxing)
 .debug_str     0x000005d1       0xb4 build/Pwm.o
                                0x26a (size before relaxing)
 .debug_str     0x00000685      0x840 C:\Users\Mike\AppData\Local\Temp\ccHUVJLA.o
                                0xb59 (size before relaxing)

.debug_loc      0x00000000      0xc11
 *(.debug_loc)
 .debug_loc     0x00000000       0x50 build/ReadWriteBits.o
 .debug_loc     0x00000050      0x111 build/DebugLeds.o
 .debug_loc     0x00000161       0x61 build/Lis.o
 .debug_loc     0x000001c2       0xbc build/Pwm.o
 .debug_loc     0x0000027e      0x993 C:\Users\Mike\AppData\Local\Temp\ccHUVJLA.o

.debug_macinfo
 *(.debug_macinfo)

.debug_weaknames
 *(.debug_weaknames)

.debug_funcnames
 *(.debug_funcnames)

.debug_typenames
 *(.debug_typenames)

.debug_varnames
 *(.debug_varnames)

.debug_pubtypes
 *(.debug_pubtypes)

.debug_ranges   0x00000000      0x300
 *(.debug_ranges)
 .debug_ranges  0x00000000       0x30 build/ReadWriteBits.o
 .debug_ranges  0x00000030       0x38 build/DebugLeds.o
 .debug_ranges  0x00000068       0x30 build/Lis.o
 .debug_ranges  0x00000098       0x30 build/Pwm.o
 .debug_ranges  0x000000c8      0x238 C:\Users\Mike\AppData\Local\Temp\ccHUVJLA.o

.debug_macro
 *(.debug_macro)
OUTPUT(build/mBrd.elf elf32-avr)
LOAD linker stubs
