Archive member included to satisfy reference by file (symbol)

c:/program files (x86)/atmel/studio/7.0/toolchain/avr8/avr8-gnu-toolchain/bin/../lib/gcc/avr/5.4.0/avr5\libgcc.a(_exit.o)
                              c:/program files (x86)/atmel/studio/7.0/toolchain/avr8/avr8-gnu-toolchain/bin/../lib/gcc/avr/5.4.0/../../../../avr/lib/avr5/crtatmega328p.o (exit)
c:/program files (x86)/atmel/studio/7.0/toolchain/avr8/avr8-gnu-toolchain/bin/../lib/gcc/avr/5.4.0/avr5\libgcc.a(_copy_data.o)
                              build/Spi.o (__do_copy_data)
c:/program files (x86)/atmel/studio/7.0/toolchain/avr8/avr8-gnu-toolchain/bin/../lib/gcc/avr/5.4.0/avr5\libgcc.a(_clear_bss.o)
                              C:\Users\Mike\AppData\Local\Temp\cce6UGXW.o (__do_clear_bss)
c:/program files (x86)/atmel/studio/7.0/toolchain/avr8/avr8-gnu-toolchain/bin/../lib/gcc/avr/5.4.0/avr5\libgcc.a(_umulhisi3.o)
                              C:\Users\Mike\AppData\Local\Temp\cce6UGXW.o (__umulhisi3)

Allocating common symbols
Common symbol       size              file

DoTaskForThisTest   0x2               C:\Users\Mike\AppData\Local\Temp\cce6UGXW.o
dummy_frame         0x604             C:\Users\Mike\AppData\Local\Temp\cce6UGXW.o

Discarded input sections

 .data          0x00000000        0x0 c:/program files (x86)/atmel/studio/7.0/toolchain/avr8/avr8-gnu-toolchain/bin/../lib/gcc/avr/5.4.0/../../../../avr/lib/avr5/crtatmega328p.o
 .bss           0x00000000        0x0 c:/program files (x86)/atmel/studio/7.0/toolchain/avr8/avr8-gnu-toolchain/bin/../lib/gcc/avr/5.4.0/../../../../avr/lib/avr5/crtatmega328p.o
 .text          0x00000000        0x0 build/ReadWriteBits.o
 .data          0x00000000        0x0 build/ReadWriteBits.o
 .bss           0x00000000        0x0 build/ReadWriteBits.o
 .text.ToggleBit
                0x00000000       0x18 build/ReadWriteBits.o
 .text.BitIsClear
                0x00000000       0x18 build/ReadWriteBits.o
 .text          0x00000000        0x0 build/DebugLeds.o
 .data          0x00000000        0x0 build/DebugLeds.o
 .bss           0x00000000        0x0 build/DebugLeds.o
 .text.DebugLedsTurnOn
                0x00000000       0x10 build/DebugLeds.o
 .text.DebugLedsTurnGreen
                0x00000000       0x10 build/DebugLeds.o
 .text.DebugLedsTurnAllRed
                0x00000000       0x3a build/DebugLeds.o
 .text          0x00000000        0x0 build/Spi.o
 .data          0x00000000        0x0 build/Spi.o
 .bss           0x00000000        0x0 build/Spi.o
 .text.SpiMasterOpenSpi_Implementation
                0x00000000       0x12 build/Spi.o
 .text.SpiMasterCloseSpi_Implementation
                0x00000000       0x12 build/Spi.o
 .text.SpiResponseIsReady_Implementation
                0x00000000       0x12 build/Spi.o
 .text.SpiMasterInit
                0x00000000       0x9c build/Spi.o
 .text.SpiMasterWrite
                0x00000000       0x34 build/Spi.o
 .text.SpiMasterRead
                0x00000000       0x12 build/Spi.o
 .text.SpiMasterWaitForResponse
                0x00000000       0x10 build/Spi.o
 .text.SpiEnableInterrupt
                0x00000000       0x30 build/Spi.o
 .data.SpiResponseIsReady
                0x00000000        0x2 build/Spi.o
 .rodata.test_unknown_cmd
                0x00000000        0x1 build/Spi.o
 .data.SpiMasterCloseSpi
                0x00000000        0x2 build/Spi.o
 .data.SpiMasterOpenSpi
                0x00000000        0x2 build/Spi.o
 .text          0x00000000        0x0 build/UartSpi.o
 .data          0x00000000        0x0 build/UartSpi.o
 .bss           0x00000000        0x0 build/UartSpi.o
 .text          0x00000000        0x0 C:\Users\Mike\AppData\Local\Temp\cce6UGXW.o
 .data          0x00000000        0x0 C:\Users\Mike\AppData\Local\Temp\cce6UGXW.o
 .bss           0x00000000        0x0 C:\Users\Mike\AppData\Local\Temp\cce6UGXW.o
 .text.Turn_led1_red_and_the_rest_green
                0x00000000       0x10 C:\Users\Mike\AppData\Local\Temp\cce6UGXW.o
 .text.DoNothing
                0x00000000        0x2 C:\Users\Mike\AppData\Local\Temp\cce6UGXW.o
 .text.All_debug_leds_turn_on_and_turn_green
                0x00000000        0xa C:\Users\Mike\AppData\Local\Temp\cce6UGXW.o
 .text.All_debug_leds_turn_on_and_turn_red
                0x00000000        0xa C:\Users\Mike\AppData\Local\Temp\cce6UGXW.o
 .text.Show_data_on_debug_leds
                0x00000000       0x64 C:\Users\Mike\AppData\Local\Temp\cce6UGXW.o
 .text.ShowSpiDataOnDebugLeds
                0x00000000        0x8 C:\Users\Mike\AppData\Local\Temp\cce6UGXW.o
 .text.SPI_interrupt_routine_turns_debug_led1_red
                0x00000000       0x16 C:\Users\Mike\AppData\Local\Temp\cce6UGXW.o
 .text.SPI_read_in_ISR_and_show_data_on_debug_leds
                0x00000000       0x16 C:\Users\Mike\AppData\Local\Temp\cce6UGXW.o
 .text.SpiSlaveRead_and_show_received_data_on_debug_leds
                0x00000000        0xe C:\Users\Mike\AppData\Local\Temp\cce6UGXW.o
 .text.Slave_receives_request_and_sends_response_when_ready
                0x00000000       0x28 C:\Users\Mike\AppData\Local\Temp\cce6UGXW.o
 .text.test_DebugLeds
                0x00000000        0x2 C:\Users\Mike\AppData\Local\Temp\cce6UGXW.o
 .text.test_SpiSlave
                0x00000000        0x4 C:\Users\Mike\AppData\Local\Temp\cce6UGXW.o
 .text.Show_four_MSB_of_adc_reading_on_debug_leds
                0x00000000       0x2e C:\Users\Mike\AppData\Local\Temp\cce6UGXW.o
 .text.test_UartSpi
                0x00000000        0x6 C:\Users\Mike\AppData\Local\Temp\cce6UGXW.o
 .text.Miso_measures_3V_when_it_outputs_a_hard_high
                0x00000000       0x16 C:\Users\Mike\AppData\Local\Temp\cce6UGXW.o
 .text.Miso_measures_0V_when_it_outputs_a_hard_low
                0x00000000       0x16 C:\Users\Mike\AppData\Local\Temp\cce6UGXW.o
 .text.SpiSlaveInit_should_make_Miso_output_a_hard_high
                0x00000000        0x6 C:\Users\Mike\AppData\Local\Temp\cce6UGXW.o
 .text.SpiSlaveSignalDataIsReady_outputs_a_hard_low
                0x00000000       0x10 C:\Users\Mike\AppData\Local\Temp\cce6UGXW.o
 .text.test_Atmel_ice_quirk_requires_flipping_SW2_to_SPI
                0x00000000        0x8 C:\Users\Mike\AppData\Local\Temp\cce6UGXW.o
 .rodata.UartSpi_Mosi
                0x00000000        0x1 C:\Users\Mike\AppData\Local\Temp\cce6UGXW.o
 .rodata.UartSpi_Miso
                0x00000000        0x1 C:\Users\Mike\AppData\Local\Temp\cce6UGXW.o
 .rodata.sizeof_dummy_frame
                0x00000000        0x2 C:\Users\Mike\AppData\Local\Temp\cce6UGXW.o
 .rodata.fake_adc_reading
                0x00000000        0x2 C:\Users\Mike\AppData\Local\Temp\cce6UGXW.o
 .rodata.cmd_send_adc_frame
                0x00000000        0x1 C:\Users\Mike\AppData\Local\Temp\cce6UGXW.o
 .rodata.cmd_send_fake_adc_reading
                0x00000000        0x1 C:\Users\Mike\AppData\Local\Temp\cce6UGXW.o
 .rodata.cmd_send_adc_reading
                0x00000000        0x1 C:\Users\Mike\AppData\Local\Temp\cce6UGXW.o
 .rodata.cmd_send_dummy_frame
                0x00000000        0x1 C:\Users\Mike\AppData\Local\Temp\cce6UGXW.o
 .rodata.cmd_send_four_dummy_bytes
                0x00000000        0x1 C:\Users\Mike\AppData\Local\Temp\cce6UGXW.o
 .rodata.cmd_send_dummy_byte
                0x00000000        0x1 C:\Users\Mike\AppData\Local\Temp\cce6UGXW.o
 .rodata.Spi_DoubleClockRate
                0x00000000        0x1 C:\Users\Mike\AppData\Local\Temp\cce6UGXW.o
 .rodata.Spi_InterruptEnable
                0x00000000        0x1 C:\Users\Mike\AppData\Local\Temp\cce6UGXW.o
 .rodata.Spi_ClockRateBit1
                0x00000000        0x1 C:\Users\Mike\AppData\Local\Temp\cce6UGXW.o
 .rodata.Spi_ClockRateBit0
                0x00000000        0x1 C:\Users\Mike\AppData\Local\Temp\cce6UGXW.o
 .rodata.Spi_MasterSlaveSelect
                0x00000000        0x1 C:\Users\Mike\AppData\Local\Temp\cce6UGXW.o
 .rodata.Spi_Sck
                0x00000000        0x1 C:\Users\Mike\AppData\Local\Temp\cce6UGXW.o
 .rodata.Spi_Mosi
                0x00000000        0x1 C:\Users\Mike\AppData\Local\Temp\cce6UGXW.o
 .rodata.Spi_Ss
                0x00000000        0x1 C:\Users\Mike\AppData\Local\Temp\cce6UGXW.o
 .rodata.Spi_pin
                0x00000000        0x2 C:\Users\Mike\AppData\Local\Temp\cce6UGXW.o
 .rodata.DebugLeds_pin
                0x00000000        0x2 C:\Users\Mike\AppData\Local\Temp\cce6UGXW.o
 .text          0x00000000        0x0 C:\Users\Mike\AppData\Local\Temp\ccvYjWd1.o
 .data          0x00000000        0x0 C:\Users\Mike\AppData\Local\Temp\ccvYjWd1.o
 .bss           0x00000000        0x0 C:\Users\Mike\AppData\Local\Temp\ccvYjWd1.o
 .text.GlobalInterruptEnable_Implementation
                0x00000000        0x4 C:\Users\Mike\AppData\Local\Temp\ccvYjWd1.o
 .text.GlobalInterruptDisable_Implementation
                0x00000000        0x4 C:\Users\Mike\AppData\Local\Temp\ccvYjWd1.o
 .data.GlobalInterruptDisable
                0x00000000        0x2 C:\Users\Mike\AppData\Local\Temp\ccvYjWd1.o
 .data.GlobalInterruptEnable
                0x00000000        0x2 C:\Users\Mike\AppData\Local\Temp\ccvYjWd1.o
 .text          0x00000000        0x0 c:/program files (x86)/atmel/studio/7.0/toolchain/avr8/avr8-gnu-toolchain/bin/../lib/gcc/avr/5.4.0/avr5\libgcc.a(_exit.o)
 .data          0x00000000        0x0 c:/program files (x86)/atmel/studio/7.0/toolchain/avr8/avr8-gnu-toolchain/bin/../lib/gcc/avr/5.4.0/avr5\libgcc.a(_exit.o)
 .bss           0x00000000        0x0 c:/program files (x86)/atmel/studio/7.0/toolchain/avr8/avr8-gnu-toolchain/bin/../lib/gcc/avr/5.4.0/avr5\libgcc.a(_exit.o)
 .text.libgcc.mul
                0x00000000        0x0 c:/program files (x86)/atmel/studio/7.0/toolchain/avr8/avr8-gnu-toolchain/bin/../lib/gcc/avr/5.4.0/avr5\libgcc.a(_exit.o)
 .text.libgcc.div
                0x00000000        0x0 c:/program files (x86)/atmel/studio/7.0/toolchain/avr8/avr8-gnu-toolchain/bin/../lib/gcc/avr/5.4.0/avr5\libgcc.a(_exit.o)
 .text.libgcc   0x00000000        0x0 c:/program files (x86)/atmel/studio/7.0/toolchain/avr8/avr8-gnu-toolchain/bin/../lib/gcc/avr/5.4.0/avr5\libgcc.a(_exit.o)
 .text.libgcc.prologue
                0x00000000        0x0 c:/program files (x86)/atmel/studio/7.0/toolchain/avr8/avr8-gnu-toolchain/bin/../lib/gcc/avr/5.4.0/avr5\libgcc.a(_exit.o)
 .text.libgcc.builtins
                0x00000000        0x0 c:/program files (x86)/atmel/studio/7.0/toolchain/avr8/avr8-gnu-toolchain/bin/../lib/gcc/avr/5.4.0/avr5\libgcc.a(_exit.o)
 .text.libgcc.fmul
                0x00000000        0x0 c:/program files (x86)/atmel/studio/7.0/toolchain/avr8/avr8-gnu-toolchain/bin/../lib/gcc/avr/5.4.0/avr5\libgcc.a(_exit.o)
 .text.libgcc.fixed
                0x00000000        0x0 c:/program files (x86)/atmel/studio/7.0/toolchain/avr8/avr8-gnu-toolchain/bin/../lib/gcc/avr/5.4.0/avr5\libgcc.a(_exit.o)
 .text          0x00000000        0x0 c:/program files (x86)/atmel/studio/7.0/toolchain/avr8/avr8-gnu-toolchain/bin/../lib/gcc/avr/5.4.0/avr5\libgcc.a(_copy_data.o)
 .data          0x00000000        0x0 c:/program files (x86)/atmel/studio/7.0/toolchain/avr8/avr8-gnu-toolchain/bin/../lib/gcc/avr/5.4.0/avr5\libgcc.a(_copy_data.o)
 .bss           0x00000000        0x0 c:/program files (x86)/atmel/studio/7.0/toolchain/avr8/avr8-gnu-toolchain/bin/../lib/gcc/avr/5.4.0/avr5\libgcc.a(_copy_data.o)
 .text.libgcc.mul
                0x00000000        0x0 c:/program files (x86)/atmel/studio/7.0/toolchain/avr8/avr8-gnu-toolchain/bin/../lib/gcc/avr/5.4.0/avr5\libgcc.a(_copy_data.o)
 .text.libgcc.div
                0x00000000        0x0 c:/program files (x86)/atmel/studio/7.0/toolchain/avr8/avr8-gnu-toolchain/bin/../lib/gcc/avr/5.4.0/avr5\libgcc.a(_copy_data.o)
 .text.libgcc   0x00000000        0x0 c:/program files (x86)/atmel/studio/7.0/toolchain/avr8/avr8-gnu-toolchain/bin/../lib/gcc/avr/5.4.0/avr5\libgcc.a(_copy_data.o)
 .text.libgcc.prologue
                0x00000000        0x0 c:/program files (x86)/atmel/studio/7.0/toolchain/avr8/avr8-gnu-toolchain/bin/../lib/gcc/avr/5.4.0/avr5\libgcc.a(_copy_data.o)
 .text.libgcc.builtins
                0x00000000        0x0 c:/program files (x86)/atmel/studio/7.0/toolchain/avr8/avr8-gnu-toolchain/bin/../lib/gcc/avr/5.4.0/avr5\libgcc.a(_copy_data.o)
 .text.libgcc.fmul
                0x00000000        0x0 c:/program files (x86)/atmel/studio/7.0/toolchain/avr8/avr8-gnu-toolchain/bin/../lib/gcc/avr/5.4.0/avr5\libgcc.a(_copy_data.o)
 .text.libgcc.fixed
                0x00000000        0x0 c:/program files (x86)/atmel/studio/7.0/toolchain/avr8/avr8-gnu-toolchain/bin/../lib/gcc/avr/5.4.0/avr5\libgcc.a(_copy_data.o)
 .text          0x00000000        0x0 c:/program files (x86)/atmel/studio/7.0/toolchain/avr8/avr8-gnu-toolchain/bin/../lib/gcc/avr/5.4.0/avr5\libgcc.a(_clear_bss.o)
 .data          0x00000000        0x0 c:/program files (x86)/atmel/studio/7.0/toolchain/avr8/avr8-gnu-toolchain/bin/../lib/gcc/avr/5.4.0/avr5\libgcc.a(_clear_bss.o)
 .bss           0x00000000        0x0 c:/program files (x86)/atmel/studio/7.0/toolchain/avr8/avr8-gnu-toolchain/bin/../lib/gcc/avr/5.4.0/avr5\libgcc.a(_clear_bss.o)
 .text.libgcc.mul
                0x00000000        0x0 c:/program files (x86)/atmel/studio/7.0/toolchain/avr8/avr8-gnu-toolchain/bin/../lib/gcc/avr/5.4.0/avr5\libgcc.a(_clear_bss.o)
 .text.libgcc.div
                0x00000000        0x0 c:/program files (x86)/atmel/studio/7.0/toolchain/avr8/avr8-gnu-toolchain/bin/../lib/gcc/avr/5.4.0/avr5\libgcc.a(_clear_bss.o)
 .text.libgcc   0x00000000        0x0 c:/program files (x86)/atmel/studio/7.0/toolchain/avr8/avr8-gnu-toolchain/bin/../lib/gcc/avr/5.4.0/avr5\libgcc.a(_clear_bss.o)
 .text.libgcc.prologue
                0x00000000        0x0 c:/program files (x86)/atmel/studio/7.0/toolchain/avr8/avr8-gnu-toolchain/bin/../lib/gcc/avr/5.4.0/avr5\libgcc.a(_clear_bss.o)
 .text.libgcc.builtins
                0x00000000        0x0 c:/program files (x86)/atmel/studio/7.0/toolchain/avr8/avr8-gnu-toolchain/bin/../lib/gcc/avr/5.4.0/avr5\libgcc.a(_clear_bss.o)
 .text.libgcc.fmul
                0x00000000        0x0 c:/program files (x86)/atmel/studio/7.0/toolchain/avr8/avr8-gnu-toolchain/bin/../lib/gcc/avr/5.4.0/avr5\libgcc.a(_clear_bss.o)
 .text.libgcc.fixed
                0x00000000        0x0 c:/program files (x86)/atmel/studio/7.0/toolchain/avr8/avr8-gnu-toolchain/bin/../lib/gcc/avr/5.4.0/avr5\libgcc.a(_clear_bss.o)
 .text          0x00000000        0x0 c:/program files (x86)/atmel/studio/7.0/toolchain/avr8/avr8-gnu-toolchain/bin/../lib/gcc/avr/5.4.0/avr5\libgcc.a(_umulhisi3.o)
 .data          0x00000000        0x0 c:/program files (x86)/atmel/studio/7.0/toolchain/avr8/avr8-gnu-toolchain/bin/../lib/gcc/avr/5.4.0/avr5\libgcc.a(_umulhisi3.o)
 .bss           0x00000000        0x0 c:/program files (x86)/atmel/studio/7.0/toolchain/avr8/avr8-gnu-toolchain/bin/../lib/gcc/avr/5.4.0/avr5\libgcc.a(_umulhisi3.o)
 .text.libgcc.div
                0x00000000        0x0 c:/program files (x86)/atmel/studio/7.0/toolchain/avr8/avr8-gnu-toolchain/bin/../lib/gcc/avr/5.4.0/avr5\libgcc.a(_umulhisi3.o)
 .text.libgcc   0x00000000        0x0 c:/program files (x86)/atmel/studio/7.0/toolchain/avr8/avr8-gnu-toolchain/bin/../lib/gcc/avr/5.4.0/avr5\libgcc.a(_umulhisi3.o)
 .text.libgcc.prologue
                0x00000000        0x0 c:/program files (x86)/atmel/studio/7.0/toolchain/avr8/avr8-gnu-toolchain/bin/../lib/gcc/avr/5.4.0/avr5\libgcc.a(_umulhisi3.o)
 .text.libgcc.builtins
                0x00000000        0x0 c:/program files (x86)/atmel/studio/7.0/toolchain/avr8/avr8-gnu-toolchain/bin/../lib/gcc/avr/5.4.0/avr5\libgcc.a(_umulhisi3.o)
 .text.libgcc.fmul
                0x00000000        0x0 c:/program files (x86)/atmel/studio/7.0/toolchain/avr8/avr8-gnu-toolchain/bin/../lib/gcc/avr/5.4.0/avr5\libgcc.a(_umulhisi3.o)
 .text.libgcc.fixed
                0x00000000        0x0 c:/program files (x86)/atmel/studio/7.0/toolchain/avr8/avr8-gnu-toolchain/bin/../lib/gcc/avr/5.4.0/avr5\libgcc.a(_umulhisi3.o)

Memory Configuration

Name             Origin             Length             Attributes
text             0x00000000         0x00020000         xr
data             0x00800060         0x0000ffa0         rw !x
eeprom           0x00810000         0x00010000         rw !x
fuse             0x00820000         0x00000003         rw !x
lock             0x00830000         0x00000400         rw !x
signature        0x00840000         0x00000400         rw !x
user_signatures  0x00850000         0x00000400         rw !x
*default*        0x00000000         0xffffffff

Linker script and memory map

Address of section .data set to 0x800100
LOAD c:/program files (x86)/atmel/studio/7.0/toolchain/avr8/avr8-gnu-toolchain/bin/../lib/gcc/avr/5.4.0/../../../../avr/lib/avr5/crtatmega328p.o
LOAD build/ReadWriteBits.o
LOAD build/DebugLeds.o
LOAD build/Spi.o
LOAD build/UartSpi.o
LOAD C:\Users\Mike\AppData\Local\Temp\cce6UGXW.o
LOAD C:\Users\Mike\AppData\Local\Temp\ccvYjWd1.o
START GROUP
LOAD c:/program files (x86)/atmel/studio/7.0/toolchain/avr8/avr8-gnu-toolchain/bin/../lib/gcc/avr/5.4.0/avr5\libgcc.a
LOAD c:/program files (x86)/atmel/studio/7.0/toolchain/avr8/avr8-gnu-toolchain/bin/../lib/gcc/avr/5.4.0/../../../../avr/lib/avr5\libm.a
LOAD c:/program files (x86)/atmel/studio/7.0/toolchain/avr8/avr8-gnu-toolchain/bin/../lib/gcc/avr/5.4.0/../../../../avr/lib/avr5\libc.a
LOAD c:/program files (x86)/atmel/studio/7.0/toolchain/avr8/avr8-gnu-toolchain/bin/../lib/gcc/avr/5.4.0/../../../../avr/lib/avr5\libatmega328p.a
END GROUP
                0x00020000                __TEXT_REGION_LENGTH__ = DEFINED (__TEXT_REGION_LENGTH__)?__TEXT_REGION_LENGTH__:0x20000
                0x0000ffa0                __DATA_REGION_LENGTH__ = DEFINED (__DATA_REGION_LENGTH__)?__DATA_REGION_LENGTH__:0xffa0
                0x00010000                __EEPROM_REGION_LENGTH__ = DEFINED (__EEPROM_REGION_LENGTH__)?__EEPROM_REGION_LENGTH__:0x10000
                [0x00000003]                __FUSE_REGION_LENGTH__ = DEFINED (__FUSE_REGION_LENGTH__)?__FUSE_REGION_LENGTH__:0x400
                0x00000400                __LOCK_REGION_LENGTH__ = DEFINED (__LOCK_REGION_LENGTH__)?__LOCK_REGION_LENGTH__:0x400
                0x00000400                __SIGNATURE_REGION_LENGTH__ = DEFINED (__SIGNATURE_REGION_LENGTH__)?__SIGNATURE_REGION_LENGTH__:0x400
                0x00000400                __USER_SIGNATURE_REGION_LENGTH__ = DEFINED (__USER_SIGNATURE_REGION_LENGTH__)?__USER_SIGNATURE_REGION_LENGTH__:0x400

.hash
 *(.hash)

.dynsym
 *(.dynsym)

.dynstr
 *(.dynstr)

.gnu.version
 *(.gnu.version)

.gnu.version_d
 *(.gnu.version_d)

.gnu.version_r
 *(.gnu.version_r)

.rel.init
 *(.rel.init)

.rela.init
 *(.rela.init)

.rel.text
 *(.rel.text)
 *(.rel.text.*)
 *(.rel.gnu.linkonce.t*)

.rela.text
 *(.rela.text)
 *(.rela.text.*)
 *(.rela.gnu.linkonce.t*)

.rel.fini
 *(.rel.fini)

.rela.fini
 *(.rela.fini)

.rel.rodata
 *(.rel.rodata)
 *(.rel.rodata.*)
 *(.rel.gnu.linkonce.r*)

.rela.rodata
 *(.rela.rodata)
 *(.rela.rodata.*)
 *(.rela.gnu.linkonce.r*)

.rel.data
 *(.rel.data)
 *(.rel.data.*)
 *(.rel.gnu.linkonce.d*)

.rela.data
 *(.rela.data)
 *(.rela.data.*)
 *(.rela.gnu.linkonce.d*)

.rel.ctors
 *(.rel.ctors)

.rela.ctors
 *(.rela.ctors)

.rel.dtors
 *(.rel.dtors)

.rela.dtors
 *(.rela.dtors)

.rel.got
 *(.rel.got)

.rela.got
 *(.rela.got)

.rel.bss
 *(.rel.bss)

.rela.bss
 *(.rela.bss)

.rel.plt
 *(.rel.plt)

.rela.plt
 *(.rela.plt)

.text           0x00000000      0x67e
 *(.vectors)
 .vectors       0x00000000       0x68 c:/program files (x86)/atmel/studio/7.0/toolchain/avr8/avr8-gnu-toolchain/bin/../lib/gcc/avr/5.4.0/../../../../avr/lib/avr5/crtatmega328p.o
                0x00000000                __vector_default
                0x00000000                __vectors
 *(.vectors)
 *(.progmem.gcc*)
                0x00000068                . = ALIGN (0x2)
                0x00000068                __trampolines_start = .
 *(.trampolines)
 .trampolines   0x00000068        0x0 linker stubs
 *(.trampolines*)
                0x00000068                __trampolines_end = .
 *libprintf_flt.a:*(.progmem.data)
 *libc.a:*(.progmem.data)
 *(.progmem*)
                0x00000068                . = ALIGN (0x2)
 *(.jumptables)
 *(.jumptables*)
 *(.lowtext)
 *(.lowtext*)
                0x00000068                __ctors_start = .
 *(.ctors)
                0x00000068                __ctors_end = .
                0x00000068                __dtors_start = .
 *(.dtors)
                0x00000068                __dtors_end = .
 SORT(*)(.ctors)
 SORT(*)(.dtors)
 *(.init0)
 .init0         0x00000068        0x0 c:/program files (x86)/atmel/studio/7.0/toolchain/avr8/avr8-gnu-toolchain/bin/../lib/gcc/avr/5.4.0/../../../../avr/lib/avr5/crtatmega328p.o
                0x00000068                __init
 *(.init0)
 *(.init1)
 *(.init1)
 *(.init2)
 .init2         0x00000068        0xc c:/program files (x86)/atmel/studio/7.0/toolchain/avr8/avr8-gnu-toolchain/bin/../lib/gcc/avr/5.4.0/../../../../avr/lib/avr5/crtatmega328p.o
 *(.init2)
 *(.init3)
 *(.init3)
 *(.init4)
 .init4         0x00000074       0x16 c:/program files (x86)/atmel/studio/7.0/toolchain/avr8/avr8-gnu-toolchain/bin/../lib/gcc/avr/5.4.0/avr5\libgcc.a(_copy_data.o)
                0x00000074                __do_copy_data
 .init4         0x0000008a       0x10 c:/program files (x86)/atmel/studio/7.0/toolchain/avr8/avr8-gnu-toolchain/bin/../lib/gcc/avr/5.4.0/avr5\libgcc.a(_clear_bss.o)
                0x0000008a                __do_clear_bss
 *(.init4)
 *(.init5)
 *(.init5)
 *(.init6)
 *(.init6)
 *(.init7)
 *(.init7)
 *(.init8)
 *(.init8)
 *(.init9)
 .init9         0x0000009a        0x8 c:/program files (x86)/atmel/studio/7.0/toolchain/avr8/avr8-gnu-toolchain/bin/../lib/gcc/avr/5.4.0/../../../../avr/lib/avr5/crtatmega328p.o
 *(.init9)
 *(.text)
 .text          0x000000a2        0x4 c:/program files (x86)/atmel/studio/7.0/toolchain/avr8/avr8-gnu-toolchain/bin/../lib/gcc/avr/5.4.0/../../../../avr/lib/avr5/crtatmega328p.o
                0x000000a2                __vector_22
                0x000000a2                __vector_1
                0x000000a2                __vector_24
                0x000000a2                __vector_12
                0x000000a2                __bad_interrupt
                0x000000a2                __vector_6
                0x000000a2                __vector_3
                0x000000a2                __vector_23
                0x000000a2                __vector_25
                0x000000a2                __vector_11
                0x000000a2                __vector_13
                0x000000a2                __vector_19
                0x000000a2                __vector_7
                0x000000a2                __vector_5
                0x000000a2                __vector_4
                0x000000a2                __vector_9
                0x000000a2                __vector_2
                0x000000a2                __vector_21
                0x000000a2                __vector_15
                0x000000a2                __vector_8
                0x000000a2                __vector_14
                0x000000a2                __vector_10
                0x000000a2                __vector_16
                0x000000a2                __vector_18
                0x000000a2                __vector_20
                0x000000a6                . = ALIGN (0x2)
 *(.text.*)
 .text.SetBit   0x000000a6       0x18 build/ReadWriteBits.o
                0x000000a6                SetBit
 .text.ClearBit
                0x000000be       0x1a build/ReadWriteBits.o
                0x000000be                ClearBit
 .text.BitIsSet
                0x000000d8       0x22 build/ReadWriteBits.o
                0x000000d8                BitIsSet
 .text.DebugLedsTurnAllOn
                0x000000fa       0x3a build/DebugLeds.o
                0x000000fa                DebugLedsTurnAllOn
 .text.DebugLedsTurnRed
                0x00000134       0x10 build/DebugLeds.o
                0x00000134                DebugLedsTurnRed
 .text.DebugLedsTurnAllGreen
                0x00000144       0x3a build/DebugLeds.o
                0x00000144                DebugLedsTurnAllGreen
 .text.ClearPendingSpiInterrupt_Implementation
                0x0000017e       0x16 build/Spi.o
 .text.ReadSpiStatusRegister_Implementation
                0x00000194        0xc build/Spi.o
 .text.ReadSpiDataRegister_Implementation
                0x000001a0        0xc build/Spi.o
 .text.WriteSpiDataRegister_Implementation
                0x000001ac        0xc build/Spi.o
 .text.DisableSpi_Implementation
                0x000001b8       0x12 build/Spi.o
 .text.SpiSlaveSignalDataIsReady_Implementation
                0x000001ca       0x26 build/Spi.o
 .text.EnableSpi_Implementation
                0x000001f0       0x12 build/Spi.o
 .text.SpiTransferIsDone_Implementation
                0x00000202       0x12 build/Spi.o
 .text.SpiSlaveInit
                0x00000214       0x26 build/Spi.o
                0x00000214                SpiSlaveInit
 .text.SpiSlaveRead
                0x0000023a       0x1a build/Spi.o
                0x0000023a                SpiSlaveRead
 .text.SpiSlaveSendBytes
                0x00000254       0x4a build/Spi.o
                0x00000254                SpiSlaveSendBytes
 .text.ReadDataRegister
                0x0000029e        0xc build/UartSpi.o
 .text.Transfer16bits
                0x000002aa        0xe build/UartSpi.o
 .text.StartAdcReadout
                0x000002b8       0x12 build/UartSpi.o
 .text.StartAdcConversion
                0x000002ca       0x12 build/UartSpi.o
 .text.TxBufferIsEmpty
                0x000002dc       0x12 build/UartSpi.o
 .text.Received8bits
                0x000002ee       0x12 build/UartSpi.o
 .text.UartSpiInit
                0x00000300       0x9c build/UartSpi.o
                0x00000300                UartSpiInit
 .text.WaitForConversionToFinish
                0x0000039c        0xe build/UartSpi.o
                0x0000039c                WaitForConversionToFinish
 .text.UartSpiRead
                0x000003aa       0x70 build/UartSpi.o
                0x000003aa                UartSpiRead
 .text.IndicateUnknownCommand
                0x0000041a        0x8 C:\Users\Mike\AppData\Local\Temp\cce6UGXW.o
                0x0000041a                IndicateUnknownCommand
 .text.SetupDebugLeds
                0x00000422        0xa C:\Users\Mike\AppData\Local\Temp\cce6UGXW.o
                0x00000422                SetupDebugLeds
 .text.SendDummyByte
                0x0000042c       0x16 C:\Users\Mike\AppData\Local\Temp\cce6UGXW.o
                0x0000042c                SendDummyByte
 .text.SendFourDummyBytes
                0x00000442       0x3c C:\Users\Mike\AppData\Local\Temp\cce6UGXW.o
                0x00000442                SendFourDummyBytes
 .text.FillDummyFrameWithAlphabet
                0x0000047e       0x5c C:\Users\Mike\AppData\Local\Temp\cce6UGXW.o
                0x0000047e                FillDummyFrameWithAlphabet
 .text.FillDummyFrameWithAdcReadings
                0x000004da       0x1e C:\Users\Mike\AppData\Local\Temp\cce6UGXW.o
                0x000004da                FillDummyFrameWithAdcReadings
 .text.SendDummyFrame
                0x000004f8       0x18 C:\Users\Mike\AppData\Local\Temp\cce6UGXW.o
                0x000004f8                SendDummyFrame
 .text.SendAdcReading
                0x00000510       0x32 C:\Users\Mike\AppData\Local\Temp\cce6UGXW.o
                0x00000510                SendAdcReading
 .text.SendFakeAdcReading
                0x00000542       0x2e C:\Users\Mike\AppData\Local\Temp\cce6UGXW.o
                0x00000542                SendFakeAdcReading
 .text.SendAdcFrame
                0x00000570       0x18 C:\Users\Mike\AppData\Local\Temp\cce6UGXW.o
                0x00000570                SendAdcFrame
 .text.SendDataMasterAskedFor
                0x00000588       0x58 C:\Users\Mike\AppData\Local\Temp\cce6UGXW.o
                0x00000588                SendDataMasterAskedFor
 .text.RespondToRequestsForData
                0x000005e0       0x12 C:\Users\Mike\AppData\Local\Temp\cce6UGXW.o
                0x000005e0                RespondToRequestsForData
 .text.App_version_of_Slave_RespondToRequestsForData
                0x000005f2        0xe C:\Users\Mike\AppData\Local\Temp\cce6UGXW.o
                0x000005f2                App_version_of_Slave_RespondToRequestsForData
 .text.main     0x00000600        0x8 C:\Users\Mike\AppData\Local\Temp\cce6UGXW.o
                0x00000600                main
 .text.__vector_17
                0x00000608       0x4e C:\Users\Mike\AppData\Local\Temp\cce6UGXW.o
                0x00000608                __vector_17
 .text.Delay3CpuCyclesPerTick_Implementation
                0x00000656        0x6 C:\Users\Mike\AppData\Local\Temp\ccvYjWd1.o
 .text.libgcc.mul
                0x0000065c       0x1e c:/program files (x86)/atmel/studio/7.0/toolchain/avr8/avr8-gnu-toolchain/bin/../lib/gcc/avr/5.4.0/avr5\libgcc.a(_umulhisi3.o)
                0x0000065c                __umulhisi3
                0x0000067a                . = ALIGN (0x2)
 *(.fini9)
 .fini9         0x0000067a        0x0 c:/program files (x86)/atmel/studio/7.0/toolchain/avr8/avr8-gnu-toolchain/bin/../lib/gcc/avr/5.4.0/avr5\libgcc.a(_exit.o)
                0x0000067a                _exit
                0x0000067a                exit
 *(.fini9)
 *(.fini8)
 *(.fini8)
 *(.fini7)
 *(.fini7)
 *(.fini6)
 *(.fini6)
 *(.fini5)
 *(.fini5)
 *(.fini4)
 *(.fini4)
 *(.fini3)
 *(.fini3)
 *(.fini2)
 *(.fini2)
 *(.fini1)
 *(.fini1)
 *(.fini0)
 .fini0         0x0000067a        0x4 c:/program files (x86)/atmel/studio/7.0/toolchain/avr8/avr8-gnu-toolchain/bin/../lib/gcc/avr/5.4.0/avr5\libgcc.a(_exit.o)
 *(.fini0)
                0x0000067e                _etext = .

.data           0x00800100       0x4e load address 0x0000067e
                0x00800100                PROVIDE (__data_start, .)
 *(.data)
 *(.data*)
 .data.WriteSpiDataRegister
                0x00800100        0x2 build/Spi.o
                0x00800100                WriteSpiDataRegister
 .data.SpiSlaveSignalDataIsReady
                0x00800102        0x2 build/Spi.o
                0x00800102                SpiSlaveSignalDataIsReady
 .data.ReadSpiDataRegister
                0x00800104        0x2 build/Spi.o
                0x00800104                ReadSpiDataRegister
 .data.SpiTransferIsDone
                0x00800106        0x2 build/Spi.o
                0x00800106                SpiTransferIsDone
 .data.EnableSpi
                0x00800108        0x2 build/Spi.o
                0x00800108                EnableSpi
 .data.DisableSpi
                0x0080010a        0x2 build/Spi.o
                0x0080010a                DisableSpi
 .data.ReadSpiStatusRegister
                0x0080010c        0x2 build/Spi.o
                0x0080010c                ReadSpiStatusRegister
 .data.ClearPendingSpiInterrupt
                0x0080010e        0x2 build/Spi.o
                0x0080010e                ClearPendingSpiInterrupt
 .data.UartSpiTransfer16bits
                0x00800110        0x2 build/UartSpi.o
                0x00800110                UartSpiTransfer16bits
 .data.UartSpiReadDataRegister
                0x00800112        0x2 build/UartSpi.o
                0x00800112                UartSpiReadDataRegister
 .data.UartSpiTransferIsDone
                0x00800114        0x2 build/UartSpi.o
                0x00800114                UartSpiTransferIsDone
 .data.UartSpiTxBufferIsEmpty
                0x00800116        0x2 build/UartSpi.o
                0x00800116                UartSpiTxBufferIsEmpty
 .data.UartSpiStartAdcConversion
                0x00800118        0x2 build/UartSpi.o
                0x00800118                UartSpiStartAdcConversion
 .data.UartSpiStartAdcReadout
                0x0080011a        0x2 build/UartSpi.o
                0x0080011a                UartSpiStartAdcReadout
 .data.Delay3CpuCyclesPerTick
                0x0080011c        0x2 C:\Users\Mike\AppData\Local\Temp\ccvYjWd1.o
                0x0080011c                Delay3CpuCyclesPerTick
 *(.gnu.linkonce.d*)
 *(.rodata)
 *(.rodata*)
 .rodata.slave_ignore
                0x0080011e        0x1 build/Spi.o
                0x0080011e                slave_ignore
 .rodata.UartSpi_RxComplete
                0x0080011f        0x1 C:\Users\Mike\AppData\Local\Temp\cce6UGXW.o
                0x0080011f                UartSpi_RxComplete
 .rodata.UartSpi_DataRegEmpty
                0x00800120        0x1 C:\Users\Mike\AppData\Local\Temp\cce6UGXW.o
                0x00800120                UartSpi_DataRegEmpty
 .rodata.UartSpi_DataOrder
                0x00800121        0x1 C:\Users\Mike\AppData\Local\Temp\cce6UGXW.o
                0x00800121                UartSpi_DataOrder
 .rodata.UartSpi_ClockPhase
                0x00800122        0x1 C:\Users\Mike\AppData\Local\Temp\cce6UGXW.o
                0x00800122                UartSpi_ClockPhase
 .rodata.UartSpi_ClockPolarity
                0x00800123        0x1 C:\Users\Mike\AppData\Local\Temp\cce6UGXW.o
                0x00800123                UartSpi_ClockPolarity
 .rodata.UartSpi_TxEnable
                0x00800124        0x1 C:\Users\Mike\AppData\Local\Temp\cce6UGXW.o
                0x00800124                UartSpi_TxEnable
 .rodata.UartSpi_RxEnable
                0x00800125        0x1 C:\Users\Mike\AppData\Local\Temp\cce6UGXW.o
                0x00800125                UartSpi_RxEnable
 .rodata.UartSpi_ModeSelect1
                0x00800126        0x1 C:\Users\Mike\AppData\Local\Temp\cce6UGXW.o
                0x00800126                UartSpi_ModeSelect1
 .rodata.UartSpi_ModeSelect0
                0x00800127        0x1 C:\Users\Mike\AppData\Local\Temp\cce6UGXW.o
                0x00800127                UartSpi_ModeSelect0
 .rodata.UartSpi_Sck
                0x00800128        0x1 C:\Users\Mike\AppData\Local\Temp\cce6UGXW.o
                0x00800128                UartSpi_Sck
 .rodata.UartSpi_AdcConv
                0x00800129        0x1 C:\Users\Mike\AppData\Local\Temp\cce6UGXW.o
                0x00800129                UartSpi_AdcConv
 .rodata.UartSpi_br
                0x0080012a        0x2 C:\Users\Mike\AppData\Local\Temp\cce6UGXW.o
                0x0080012a                UartSpi_br
 .rodata.UartSpi_data
                0x0080012c        0x2 C:\Users\Mike\AppData\Local\Temp\cce6UGXW.o
                0x0080012c                UartSpi_data
 .rodata.UartSpi_csrc
                0x0080012e        0x2 C:\Users\Mike\AppData\Local\Temp\cce6UGXW.o
                0x0080012e                UartSpi_csrc
 .rodata.UartSpi_csrb
                0x00800130        0x2 C:\Users\Mike\AppData\Local\Temp\cce6UGXW.o
                0x00800130                UartSpi_csrb
 .rodata.UartSpi_csra
                0x00800132        0x2 C:\Users\Mike\AppData\Local\Temp\cce6UGXW.o
                0x00800132                UartSpi_csra
 .rodata.UartSpi_port
                0x00800134        0x2 C:\Users\Mike\AppData\Local\Temp\cce6UGXW.o
                0x00800134                UartSpi_port
 .rodata.UartSpi_ddr
                0x00800136        0x2 C:\Users\Mike\AppData\Local\Temp\cce6UGXW.o
                0x00800136                UartSpi_ddr
 .rodata.Spi_InterruptFlag
                0x00800138        0x1 C:\Users\Mike\AppData\Local\Temp\cce6UGXW.o
                0x00800138                Spi_InterruptFlag
 .rodata.Spi_Enable
                0x00800139        0x1 C:\Users\Mike\AppData\Local\Temp\cce6UGXW.o
                0x00800139                Spi_Enable
 .rodata.Spi_Miso
                0x0080013a        0x1 C:\Users\Mike\AppData\Local\Temp\cce6UGXW.o
                0x0080013a                Spi_Miso
 .rodata.Spi_spdr
                0x0080013b        0x2 C:\Users\Mike\AppData\Local\Temp\cce6UGXW.o
                0x0080013b                Spi_spdr
 .rodata.Spi_spsr
                0x0080013d        0x2 C:\Users\Mike\AppData\Local\Temp\cce6UGXW.o
                0x0080013d                Spi_spsr
 .rodata.Spi_spcr
                0x0080013f        0x2 C:\Users\Mike\AppData\Local\Temp\cce6UGXW.o
                0x0080013f                Spi_spcr
 .rodata.Spi_port
                0x00800141        0x2 C:\Users\Mike\AppData\Local\Temp\cce6UGXW.o
                0x00800141                Spi_port
 .rodata.Spi_ddr
                0x00800143        0x2 C:\Users\Mike\AppData\Local\Temp\cce6UGXW.o
                0x00800143                Spi_ddr
 .rodata.debug_led4
                0x00800145        0x1 C:\Users\Mike\AppData\Local\Temp\cce6UGXW.o
                0x00800145                debug_led4
 .rodata.debug_led3
                0x00800146        0x1 C:\Users\Mike\AppData\Local\Temp\cce6UGXW.o
                0x00800146                debug_led3
 .rodata.debug_led2
                0x00800147        0x1 C:\Users\Mike\AppData\Local\Temp\cce6UGXW.o
                0x00800147                debug_led2
 .rodata.debug_led1
                0x00800148        0x1 C:\Users\Mike\AppData\Local\Temp\cce6UGXW.o
                0x00800148                debug_led1
 .rodata.DebugLeds_port
                0x00800149        0x2 C:\Users\Mike\AppData\Local\Temp\cce6UGXW.o
                0x00800149                DebugLeds_port
 .rodata.DebugLeds_ddr
                0x0080014b        0x2 C:\Users\Mike\AppData\Local\Temp\cce6UGXW.o
                0x0080014b                DebugLeds_ddr
 *(.gnu.linkonce.r*)
                0x0080014e                . = ALIGN (0x2)
 *fill*         0x0080014d        0x1 
                0x0080014e                _edata = .
                0x0080014e                PROVIDE (__data_end, .)

.bss            0x0080014e      0x606
                0x0080014e                PROVIDE (__bss_start, .)
 *(.bss)
 *(.bss*)
 *(COMMON)
 COMMON         0x0080014e      0x606 C:\Users\Mike\AppData\Local\Temp\cce6UGXW.o
                0x0080014e                DoTaskForThisTest
                0x00800150                dummy_frame
                0x00800754                PROVIDE (__bss_end, .)
                0x0000067e                __data_load_start = LOADADDR (.data)
                0x000006cc                __data_load_end = (__data_load_start + SIZEOF (.data))

.noinit         0x00800754        0x0
                [!provide]                PROVIDE (__noinit_start, .)
 *(.noinit*)
                [!provide]                PROVIDE (__noinit_end, .)
                0x00800754                _end = .
                [!provide]                PROVIDE (__heap_start, .)

.eeprom         0x00810000        0x0
 *(.eeprom*)
                0x00810000                __eeprom_end = .

.fuse
 *(.fuse)
 *(.lfuse)
 *(.hfuse)
 *(.efuse)

.lock
 *(.lock*)

.signature
 *(.signature*)

.user_signatures
 *(.user_signatures*)

.stab
 *(.stab)

.stabstr
 *(.stabstr)

.stab.excl
 *(.stab.excl)

.stab.exclstr
 *(.stab.exclstr)

.stab.index
 *(.stab.index)

.stab.indexstr
 *(.stab.indexstr)

.comment        0x00000000       0x30
 *(.comment)
 .comment       0x00000000       0x30 build/ReadWriteBits.o
                                 0x31 (size before relaxing)
 .comment       0x00000030       0x31 build/DebugLeds.o
 .comment       0x00000030       0x31 build/Spi.o
 .comment       0x00000030       0x31 build/UartSpi.o
 .comment       0x00000030       0x31 C:\Users\Mike\AppData\Local\Temp\cce6UGXW.o
 .comment       0x00000030       0x31 C:\Users\Mike\AppData\Local\Temp\ccvYjWd1.o

.note.gnu.avr.deviceinfo
                0x00000000       0x40
 .note.gnu.avr.deviceinfo
                0x00000000       0x40 c:/program files (x86)/atmel/studio/7.0/toolchain/avr8/avr8-gnu-toolchain/bin/../lib/gcc/avr/5.4.0/../../../../avr/lib/avr5/crtatmega328p.o

.note.gnu.build-id
 *(.note.gnu.build-id)

.debug
 *(.debug)

.line
 *(.line)

.debug_srcinfo
 *(.debug_srcinfo)

.debug_sfnames
 *(.debug_sfnames)

.debug_aranges  0x00000000      0x2f0
 *(.debug_aranges)
 .debug_aranges
                0x00000000       0x40 build/ReadWriteBits.o
 .debug_aranges
                0x00000040       0x48 build/DebugLeds.o
 .debug_aranges
                0x00000088       0xb0 build/Spi.o
 .debug_aranges
                0x00000138       0x60 build/UartSpi.o
 .debug_aranges
                0x00000198      0x128 C:\Users\Mike\AppData\Local\Temp\cce6UGXW.o
 .debug_aranges
                0x000002c0       0x30 C:\Users\Mike\AppData\Local\Temp\ccvYjWd1.o

.debug_pubnames
 *(.debug_pubnames)

.debug_info     0x00000000     0x2792
 *(.debug_info .gnu.linkonce.wi.*)
 .debug_info    0x00000000      0x5f4 c:/program files (x86)/atmel/studio/7.0/toolchain/avr8/avr8-gnu-toolchain/bin/../lib/gcc/avr/5.4.0/../../../../avr/lib/avr5/crtatmega328p.o
 .debug_info    0x000005f4      0x1a9 build/ReadWriteBits.o
 .debug_info    0x0000079d      0x313 build/DebugLeds.o
 .debug_info    0x00000ab0      0x73e build/Spi.o
 .debug_info    0x000011ee      0x590 build/UartSpi.o
 .debug_info    0x0000177e      0xed2 C:\Users\Mike\AppData\Local\Temp\cce6UGXW.o
 .debug_info    0x00002650      0x142 C:\Users\Mike\AppData\Local\Temp\ccvYjWd1.o

.debug_abbrev   0x00000000      0xf15
 *(.debug_abbrev)
 .debug_abbrev  0x00000000      0x5a2 c:/program files (x86)/atmel/studio/7.0/toolchain/avr8/avr8-gnu-toolchain/bin/../lib/gcc/avr/5.4.0/../../../../avr/lib/avr5/crtatmega328p.o
 .debug_abbrev  0x000005a2       0xcd build/ReadWriteBits.o
 .debug_abbrev  0x0000066f       0xda build/DebugLeds.o
 .debug_abbrev  0x00000749      0x238 build/Spi.o
 .debug_abbrev  0x00000981      0x1df build/UartSpi.o
 .debug_abbrev  0x00000b60      0x2d8 C:\Users\Mike\AppData\Local\Temp\cce6UGXW.o
 .debug_abbrev  0x00000e38       0xdd C:\Users\Mike\AppData\Local\Temp\ccvYjWd1.o

.debug_line     0x00000000      0xf98
 *(.debug_line .debug_line.* .debug_line_end)
 .debug_line    0x00000000       0x1a c:/program files (x86)/atmel/studio/7.0/toolchain/avr8/avr8-gnu-toolchain/bin/../lib/gcc/avr/5.4.0/../../../../avr/lib/avr5/crtatmega328p.o
 .debug_line    0x0000001a      0x110 build/ReadWriteBits.o
 .debug_line    0x0000012a      0x182 build/DebugLeds.o
 .debug_line    0x000002ac      0x350 build/Spi.o
 .debug_line    0x000005fc      0x223 build/UartSpi.o
 .debug_line    0x0000081f      0x638 C:\Users\Mike\AppData\Local\Temp\cce6UGXW.o
 .debug_line    0x00000e57      0x141 C:\Users\Mike\AppData\Local\Temp\ccvYjWd1.o

.debug_frame    0x00000000      0x668
 *(.debug_frame)
 .debug_frame   0x00000000       0x64 build/ReadWriteBits.o
 .debug_frame   0x00000064       0x98 build/DebugLeds.o
 .debug_frame   0x000000fc      0x170 build/Spi.o
 .debug_frame   0x0000026c       0xc4 build/UartSpi.o
 .debug_frame   0x00000330      0x2f4 C:\Users\Mike\AppData\Local\Temp\cce6UGXW.o
 .debug_frame   0x00000624       0x44 C:\Users\Mike\AppData\Local\Temp\ccvYjWd1.o

.debug_str      0x00000000     0x112c
 *(.debug_str)
 .debug_str     0x00000000      0x208 c:/program files (x86)/atmel/studio/7.0/toolchain/avr8/avr8-gnu-toolchain/bin/../lib/gcc/avr/5.4.0/../../../../avr/lib/avr5/crtatmega328p.o
 .debug_str     0x00000208      0x124 build/ReadWriteBits.o
                                0x15d (size before relaxing)
 .debug_str     0x0000032c       0xdb build/DebugLeds.o
                                0x1fa (size before relaxing)
 .debug_str     0x00000407      0x4ab build/Spi.o
                                0x621 (size before relaxing)
 .debug_str     0x000008b2      0x2e5 build/UartSpi.o
                                0x485 (size before relaxing)
 .debug_str     0x00000b97      0x4fb C:\Users\Mike\AppData\Local\Temp\cce6UGXW.o
                                0x9a6 (size before relaxing)
 .debug_str     0x00001092       0x9a C:\Users\Mike\AppData\Local\Temp\ccvYjWd1.o
                                0x1ed (size before relaxing)

.debug_loc      0x00000000      0x815
 *(.debug_loc)
 .debug_loc     0x00000000       0x50 build/ReadWriteBits.o
 .debug_loc     0x00000050      0x111 build/DebugLeds.o
 .debug_loc     0x00000161      0x167 build/Spi.o
 .debug_loc     0x000002c8       0xbd build/UartSpi.o
 .debug_loc     0x00000385      0x45c C:\Users\Mike\AppData\Local\Temp\cce6UGXW.o
 .debug_loc     0x000007e1       0x34 C:\Users\Mike\AppData\Local\Temp\ccvYjWd1.o

.debug_macinfo
 *(.debug_macinfo)

.debug_weaknames
 *(.debug_weaknames)

.debug_funcnames
 *(.debug_funcnames)

.debug_typenames
 *(.debug_typenames)

.debug_varnames
 *(.debug_varnames)

.debug_pubtypes
 *(.debug_pubtypes)

.debug_ranges   0x00000000      0x290
 *(.debug_ranges)
 .debug_ranges  0x00000000       0x30 build/ReadWriteBits.o
 .debug_ranges  0x00000030       0x38 build/DebugLeds.o
 .debug_ranges  0x00000068       0xa0 build/Spi.o
 .debug_ranges  0x00000108       0x50 build/UartSpi.o
 .debug_ranges  0x00000158      0x118 C:\Users\Mike\AppData\Local\Temp\cce6UGXW.o
 .debug_ranges  0x00000270       0x20 C:\Users\Mike\AppData\Local\Temp\ccvYjWd1.o

.debug_macro
 *(.debug_macro)
OUTPUT(build/mBrd.elf elf32-avr)
LOAD linker stubs
