Archive member included to satisfy reference by file (symbol)

c:/program files (x86)/atmel/studio/7.0/toolchain/avr8/avr8-gnu-toolchain/bin/../lib/gcc/avr/5.4.0/avr5\libgcc.a(_exit.o)
                              c:/program files (x86)/atmel/studio/7.0/toolchain/avr8/avr8-gnu-toolchain/bin/../lib/gcc/avr/5.4.0/../../../../avr/lib/avr5/crtatmega328p.o (exit)
c:/program files (x86)/atmel/studio/7.0/toolchain/avr8/avr8-gnu-toolchain/bin/../lib/gcc/avr/5.4.0/avr5\libgcc.a(_copy_data.o)
                              build/Spi.o (__do_copy_data)
c:/program files (x86)/atmel/studio/7.0/toolchain/avr8/avr8-gnu-toolchain/bin/../lib/gcc/avr/5.4.0/avr5\libgcc.a(_clear_bss.o)
                              C:\Users\Mike\AppData\Local\Temp\ccKMb7B9.o (__do_clear_bss)

Allocating common symbols
Common symbol       size              file

DoTaskForThisTest   0x2               C:\Users\Mike\AppData\Local\Temp\ccKMb7B9.o

Discarded input sections

 .data          0x00000000        0x0 c:/program files (x86)/atmel/studio/7.0/toolchain/avr8/avr8-gnu-toolchain/bin/../lib/gcc/avr/5.4.0/../../../../avr/lib/avr5/crtatmega328p.o
 .bss           0x00000000        0x0 c:/program files (x86)/atmel/studio/7.0/toolchain/avr8/avr8-gnu-toolchain/bin/../lib/gcc/avr/5.4.0/../../../../avr/lib/avr5/crtatmega328p.o
 .text          0x00000000        0x0 build/ReadWriteBits.o
 .data          0x00000000        0x0 build/ReadWriteBits.o
 .bss           0x00000000        0x0 build/ReadWriteBits.o
 .text.ToggleBit
                0x00000000       0x18 build/ReadWriteBits.o
 .text.BitIsClear
                0x00000000       0x18 build/ReadWriteBits.o
 .text          0x00000000        0x0 build/DebugLeds.o
 .data          0x00000000        0x0 build/DebugLeds.o
 .bss           0x00000000        0x0 build/DebugLeds.o
 .text.DebugLedsTurnOn
                0x00000000       0x10 build/DebugLeds.o
 .text.DebugLedsTurnGreen
                0x00000000       0x10 build/DebugLeds.o
 .text.DebugLedsTurnAllRed
                0x00000000       0x3a build/DebugLeds.o
 .text          0x00000000        0x0 build/Spi.o
 .data          0x00000000        0x0 build/Spi.o
 .bss           0x00000000        0x0 build/Spi.o
 .text.SpiMasterOpenSpi_Implementation
                0x00000000       0x12 build/Spi.o
 .text.SpiMasterCloseSpi_Implementation
                0x00000000       0x12 build/Spi.o
 .text.SpiResponseIsReady_Implementation
                0x00000000       0x12 build/Spi.o
 .text.SpiMasterInit
                0x00000000       0x74 build/Spi.o
 .text.SpiMasterWrite
                0x00000000       0x34 build/Spi.o
 .text.SpiMasterRead
                0x00000000       0x12 build/Spi.o
 .text.SpiMasterWaitForResponse
                0x00000000       0x10 build/Spi.o
 .text.SpiEnableInterrupt
                0x00000000       0x3a build/Spi.o
 .data.SpiResponseIsReady
                0x00000000        0x2 build/Spi.o
 .data.SpiMasterCloseSpi
                0x00000000        0x2 build/Spi.o
 .data.SpiMasterOpenSpi
                0x00000000        0x2 build/Spi.o
 .text          0x00000000        0x0 C:\Users\Mike\AppData\Local\Temp\ccKMb7B9.o
 .data          0x00000000        0x0 C:\Users\Mike\AppData\Local\Temp\ccKMb7B9.o
 .bss           0x00000000        0x0 C:\Users\Mike\AppData\Local\Temp\ccKMb7B9.o
 .text.Turn_led1_red_and_the_rest_green
                0x00000000       0x10 C:\Users\Mike\AppData\Local\Temp\ccKMb7B9.o
 .text.All_debug_leds_turn_on_and_turn_green
                0x00000000        0xa C:\Users\Mike\AppData\Local\Temp\ccKMb7B9.o
 .text.All_debug_leds_turn_on_and_turn_red
                0x00000000        0xa C:\Users\Mike\AppData\Local\Temp\ccKMb7B9.o
 .text.Turn_led1_green_and_the_rest_red
                0x00000000       0x10 C:\Users\Mike\AppData\Local\Temp\ccKMb7B9.o
 .text.test_DebugLeds
                0x00000000        0x6 C:\Users\Mike\AppData\Local\Temp\ccKMb7B9.o
 .text.Turn_led3_red_when_SpiSlave_receives_a_byte
                0x00000000       0x10 C:\Users\Mike\AppData\Local\Temp\ccKMb7B9.o
 .text.Show_data_on_debug_leds
                0x00000000       0x64 C:\Users\Mike\AppData\Local\Temp\ccKMb7B9.o
 .text.ShowSpiDataOnDebugLeds
                0x00000000        0x8 C:\Users\Mike\AppData\Local\Temp\ccKMb7B9.o
 .text.SpiSlaveRead_and_show_received_data_on_debug_leds
                0x00000000        0xe C:\Users\Mike\AppData\Local\Temp\ccKMb7B9.o
 .text.SPI_interrupt_routine_turns_debug_led1_red
                0x00000000       0x16 C:\Users\Mike\AppData\Local\Temp\ccKMb7B9.o
 .text.SPI_read_in_ISR_and_show_data_on_debug_leds
                0x00000000       0x16 C:\Users\Mike\AppData\Local\Temp\ccKMb7B9.o
 .text.Slave_receives_request_and_sends_response_when_ready
                0x00000000       0x22 C:\Users\Mike\AppData\Local\Temp\ccKMb7B9.o
 .text.test_SpiSlave
                0x00000000        0x4 C:\Users\Mike\AppData\Local\Temp\ccKMb7B9.o
 .rodata.cmd_send_dummy_data_0xDB
                0x00000000        0x1 C:\Users\Mike\AppData\Local\Temp\ccKMb7B9.o
 .rodata.Spi_InterruptEnable
                0x00000000        0x1 C:\Users\Mike\AppData\Local\Temp\ccKMb7B9.o
 .rodata.Spi_Sck
                0x00000000        0x1 C:\Users\Mike\AppData\Local\Temp\ccKMb7B9.o
 .rodata.Spi_Mosi
                0x00000000        0x1 C:\Users\Mike\AppData\Local\Temp\ccKMb7B9.o
 .rodata.Spi_Ss
                0x00000000        0x1 C:\Users\Mike\AppData\Local\Temp\ccKMb7B9.o
 .rodata.Spi_pin
                0x00000000        0x2 C:\Users\Mike\AppData\Local\Temp\ccKMb7B9.o
 .rodata.DebugLeds_pin
                0x00000000        0x2 C:\Users\Mike\AppData\Local\Temp\ccKMb7B9.o
 .text          0x00000000        0x0 C:\Users\Mike\AppData\Local\Temp\ccSp4izV.o
 .data          0x00000000        0x0 C:\Users\Mike\AppData\Local\Temp\ccSp4izV.o
 .bss           0x00000000        0x0 C:\Users\Mike\AppData\Local\Temp\ccSp4izV.o
 .text.GlobalInterruptEnable_Implementation
                0x00000000        0x4 C:\Users\Mike\AppData\Local\Temp\ccSp4izV.o
 .text.GlobalInterruptDisable_Implementation
                0x00000000        0x4 C:\Users\Mike\AppData\Local\Temp\ccSp4izV.o
 .data.GlobalInterruptDisable
                0x00000000        0x2 C:\Users\Mike\AppData\Local\Temp\ccSp4izV.o
 .data.GlobalInterruptEnable
                0x00000000        0x2 C:\Users\Mike\AppData\Local\Temp\ccSp4izV.o
 .debug_info    0x00000000       0xb8 C:\Users\Mike\AppData\Local\Temp\ccSp4izV.o
 .debug_abbrev  0x00000000       0x63 C:\Users\Mike\AppData\Local\Temp\ccSp4izV.o
 .debug_aranges
                0x00000000       0x28 C:\Users\Mike\AppData\Local\Temp\ccSp4izV.o
 .debug_ranges  0x00000000       0x18 C:\Users\Mike\AppData\Local\Temp\ccSp4izV.o
 .debug_line    0x00000000       0x5a C:\Users\Mike\AppData\Local\Temp\ccSp4izV.o
 .debug_str     0x00000000      0x18c C:\Users\Mike\AppData\Local\Temp\ccSp4izV.o
 .comment       0x00000000       0x31 C:\Users\Mike\AppData\Local\Temp\ccSp4izV.o
 .debug_frame   0x00000000       0x34 C:\Users\Mike\AppData\Local\Temp\ccSp4izV.o
 .text          0x00000000        0x0 c:/program files (x86)/atmel/studio/7.0/toolchain/avr8/avr8-gnu-toolchain/bin/../lib/gcc/avr/5.4.0/avr5\libgcc.a(_exit.o)
 .data          0x00000000        0x0 c:/program files (x86)/atmel/studio/7.0/toolchain/avr8/avr8-gnu-toolchain/bin/../lib/gcc/avr/5.4.0/avr5\libgcc.a(_exit.o)
 .bss           0x00000000        0x0 c:/program files (x86)/atmel/studio/7.0/toolchain/avr8/avr8-gnu-toolchain/bin/../lib/gcc/avr/5.4.0/avr5\libgcc.a(_exit.o)
 .text.libgcc.mul
                0x00000000        0x0 c:/program files (x86)/atmel/studio/7.0/toolchain/avr8/avr8-gnu-toolchain/bin/../lib/gcc/avr/5.4.0/avr5\libgcc.a(_exit.o)
 .text.libgcc.div
                0x00000000        0x0 c:/program files (x86)/atmel/studio/7.0/toolchain/avr8/avr8-gnu-toolchain/bin/../lib/gcc/avr/5.4.0/avr5\libgcc.a(_exit.o)
 .text.libgcc   0x00000000        0x0 c:/program files (x86)/atmel/studio/7.0/toolchain/avr8/avr8-gnu-toolchain/bin/../lib/gcc/avr/5.4.0/avr5\libgcc.a(_exit.o)
 .text.libgcc.prologue
                0x00000000        0x0 c:/program files (x86)/atmel/studio/7.0/toolchain/avr8/avr8-gnu-toolchain/bin/../lib/gcc/avr/5.4.0/avr5\libgcc.a(_exit.o)
 .text.libgcc.builtins
                0x00000000        0x0 c:/program files (x86)/atmel/studio/7.0/toolchain/avr8/avr8-gnu-toolchain/bin/../lib/gcc/avr/5.4.0/avr5\libgcc.a(_exit.o)
 .text.libgcc.fmul
                0x00000000        0x0 c:/program files (x86)/atmel/studio/7.0/toolchain/avr8/avr8-gnu-toolchain/bin/../lib/gcc/avr/5.4.0/avr5\libgcc.a(_exit.o)
 .text.libgcc.fixed
                0x00000000        0x0 c:/program files (x86)/atmel/studio/7.0/toolchain/avr8/avr8-gnu-toolchain/bin/../lib/gcc/avr/5.4.0/avr5\libgcc.a(_exit.o)
 .text          0x00000000        0x0 c:/program files (x86)/atmel/studio/7.0/toolchain/avr8/avr8-gnu-toolchain/bin/../lib/gcc/avr/5.4.0/avr5\libgcc.a(_copy_data.o)
 .data          0x00000000        0x0 c:/program files (x86)/atmel/studio/7.0/toolchain/avr8/avr8-gnu-toolchain/bin/../lib/gcc/avr/5.4.0/avr5\libgcc.a(_copy_data.o)
 .bss           0x00000000        0x0 c:/program files (x86)/atmel/studio/7.0/toolchain/avr8/avr8-gnu-toolchain/bin/../lib/gcc/avr/5.4.0/avr5\libgcc.a(_copy_data.o)
 .text.libgcc.mul
                0x00000000        0x0 c:/program files (x86)/atmel/studio/7.0/toolchain/avr8/avr8-gnu-toolchain/bin/../lib/gcc/avr/5.4.0/avr5\libgcc.a(_copy_data.o)
 .text.libgcc.div
                0x00000000        0x0 c:/program files (x86)/atmel/studio/7.0/toolchain/avr8/avr8-gnu-toolchain/bin/../lib/gcc/avr/5.4.0/avr5\libgcc.a(_copy_data.o)
 .text.libgcc   0x00000000        0x0 c:/program files (x86)/atmel/studio/7.0/toolchain/avr8/avr8-gnu-toolchain/bin/../lib/gcc/avr/5.4.0/avr5\libgcc.a(_copy_data.o)
 .text.libgcc.prologue
                0x00000000        0x0 c:/program files (x86)/atmel/studio/7.0/toolchain/avr8/avr8-gnu-toolchain/bin/../lib/gcc/avr/5.4.0/avr5\libgcc.a(_copy_data.o)
 .text.libgcc.builtins
                0x00000000        0x0 c:/program files (x86)/atmel/studio/7.0/toolchain/avr8/avr8-gnu-toolchain/bin/../lib/gcc/avr/5.4.0/avr5\libgcc.a(_copy_data.o)
 .text.libgcc.fmul
                0x00000000        0x0 c:/program files (x86)/atmel/studio/7.0/toolchain/avr8/avr8-gnu-toolchain/bin/../lib/gcc/avr/5.4.0/avr5\libgcc.a(_copy_data.o)
 .text.libgcc.fixed
                0x00000000        0x0 c:/program files (x86)/atmel/studio/7.0/toolchain/avr8/avr8-gnu-toolchain/bin/../lib/gcc/avr/5.4.0/avr5\libgcc.a(_copy_data.o)
 .text          0x00000000        0x0 c:/program files (x86)/atmel/studio/7.0/toolchain/avr8/avr8-gnu-toolchain/bin/../lib/gcc/avr/5.4.0/avr5\libgcc.a(_clear_bss.o)
 .data          0x00000000        0x0 c:/program files (x86)/atmel/studio/7.0/toolchain/avr8/avr8-gnu-toolchain/bin/../lib/gcc/avr/5.4.0/avr5\libgcc.a(_clear_bss.o)
 .bss           0x00000000        0x0 c:/program files (x86)/atmel/studio/7.0/toolchain/avr8/avr8-gnu-toolchain/bin/../lib/gcc/avr/5.4.0/avr5\libgcc.a(_clear_bss.o)
 .text.libgcc.mul
                0x00000000        0x0 c:/program files (x86)/atmel/studio/7.0/toolchain/avr8/avr8-gnu-toolchain/bin/../lib/gcc/avr/5.4.0/avr5\libgcc.a(_clear_bss.o)
 .text.libgcc.div
                0x00000000        0x0 c:/program files (x86)/atmel/studio/7.0/toolchain/avr8/avr8-gnu-toolchain/bin/../lib/gcc/avr/5.4.0/avr5\libgcc.a(_clear_bss.o)
 .text.libgcc   0x00000000        0x0 c:/program files (x86)/atmel/studio/7.0/toolchain/avr8/avr8-gnu-toolchain/bin/../lib/gcc/avr/5.4.0/avr5\libgcc.a(_clear_bss.o)
 .text.libgcc.prologue
                0x00000000        0x0 c:/program files (x86)/atmel/studio/7.0/toolchain/avr8/avr8-gnu-toolchain/bin/../lib/gcc/avr/5.4.0/avr5\libgcc.a(_clear_bss.o)
 .text.libgcc.builtins
                0x00000000        0x0 c:/program files (x86)/atmel/studio/7.0/toolchain/avr8/avr8-gnu-toolchain/bin/../lib/gcc/avr/5.4.0/avr5\libgcc.a(_clear_bss.o)
 .text.libgcc.fmul
                0x00000000        0x0 c:/program files (x86)/atmel/studio/7.0/toolchain/avr8/avr8-gnu-toolchain/bin/../lib/gcc/avr/5.4.0/avr5\libgcc.a(_clear_bss.o)
 .text.libgcc.fixed
                0x00000000        0x0 c:/program files (x86)/atmel/studio/7.0/toolchain/avr8/avr8-gnu-toolchain/bin/../lib/gcc/avr/5.4.0/avr5\libgcc.a(_clear_bss.o)

Memory Configuration

Name             Origin             Length             Attributes
text             0x00000000         0x00020000         xr
data             0x00800060         0x0000ffa0         rw !x
eeprom           0x00810000         0x00010000         rw !x
fuse             0x00820000         0x00000003         rw !x
lock             0x00830000         0x00000400         rw !x
signature        0x00840000         0x00000400         rw !x
user_signatures  0x00850000         0x00000400         rw !x
*default*        0x00000000         0xffffffff

Linker script and memory map

Address of section .data set to 0x800100
LOAD c:/program files (x86)/atmel/studio/7.0/toolchain/avr8/avr8-gnu-toolchain/bin/../lib/gcc/avr/5.4.0/../../../../avr/lib/avr5/crtatmega328p.o
LOAD build/ReadWriteBits.o
LOAD build/DebugLeds.o
LOAD build/Spi.o
LOAD C:\Users\Mike\AppData\Local\Temp\ccKMb7B9.o
LOAD C:\Users\Mike\AppData\Local\Temp\ccSp4izV.o
START GROUP
LOAD c:/program files (x86)/atmel/studio/7.0/toolchain/avr8/avr8-gnu-toolchain/bin/../lib/gcc/avr/5.4.0/avr5\libgcc.a
LOAD c:/program files (x86)/atmel/studio/7.0/toolchain/avr8/avr8-gnu-toolchain/bin/../lib/gcc/avr/5.4.0/../../../../avr/lib/avr5\libm.a
LOAD c:/program files (x86)/atmel/studio/7.0/toolchain/avr8/avr8-gnu-toolchain/bin/../lib/gcc/avr/5.4.0/../../../../avr/lib/avr5\libc.a
LOAD c:/program files (x86)/atmel/studio/7.0/toolchain/avr8/avr8-gnu-toolchain/bin/../lib/gcc/avr/5.4.0/../../../../avr/lib/avr5\libatmega328p.a
END GROUP
                0x00020000                __TEXT_REGION_LENGTH__ = DEFINED (__TEXT_REGION_LENGTH__)?__TEXT_REGION_LENGTH__:0x20000
                0x0000ffa0                __DATA_REGION_LENGTH__ = DEFINED (__DATA_REGION_LENGTH__)?__DATA_REGION_LENGTH__:0xffa0
                0x00010000                __EEPROM_REGION_LENGTH__ = DEFINED (__EEPROM_REGION_LENGTH__)?__EEPROM_REGION_LENGTH__:0x10000
                [0x00000003]                __FUSE_REGION_LENGTH__ = DEFINED (__FUSE_REGION_LENGTH__)?__FUSE_REGION_LENGTH__:0x400
                0x00000400                __LOCK_REGION_LENGTH__ = DEFINED (__LOCK_REGION_LENGTH__)?__LOCK_REGION_LENGTH__:0x400
                0x00000400                __SIGNATURE_REGION_LENGTH__ = DEFINED (__SIGNATURE_REGION_LENGTH__)?__SIGNATURE_REGION_LENGTH__:0x400
                0x00000400                __USER_SIGNATURE_REGION_LENGTH__ = DEFINED (__USER_SIGNATURE_REGION_LENGTH__)?__USER_SIGNATURE_REGION_LENGTH__:0x400

.hash
 *(.hash)

.dynsym
 *(.dynsym)

.dynstr
 *(.dynstr)

.gnu.version
 *(.gnu.version)

.gnu.version_d
 *(.gnu.version_d)

.gnu.version_r
 *(.gnu.version_r)

.rel.init
 *(.rel.init)

.rela.init
 *(.rela.init)

.rel.text
 *(.rel.text)
 *(.rel.text.*)
 *(.rel.gnu.linkonce.t*)

.rela.text
 *(.rela.text)
 *(.rela.text.*)
 *(.rela.gnu.linkonce.t*)

.rel.fini
 *(.rel.fini)

.rela.fini
 *(.rela.fini)

.rel.rodata
 *(.rel.rodata)
 *(.rel.rodata.*)
 *(.rel.gnu.linkonce.r*)

.rela.rodata
 *(.rela.rodata)
 *(.rela.rodata.*)
 *(.rela.gnu.linkonce.r*)

.rel.data
 *(.rel.data)
 *(.rel.data.*)
 *(.rel.gnu.linkonce.d*)

.rela.data
 *(.rela.data)
 *(.rela.data.*)
 *(.rela.gnu.linkonce.d*)

.rel.ctors
 *(.rel.ctors)

.rela.ctors
 *(.rela.ctors)

.rel.dtors
 *(.rel.dtors)

.rela.dtors
 *(.rela.dtors)

.rel.got
 *(.rel.got)

.rela.got
 *(.rela.got)

.rel.bss
 *(.rel.bss)

.rela.bss
 *(.rela.bss)

.rel.plt
 *(.rel.plt)

.rela.plt
 *(.rela.plt)

.text           0x00000000      0x2b0
 *(.vectors)
 .vectors       0x00000000       0x68 c:/program files (x86)/atmel/studio/7.0/toolchain/avr8/avr8-gnu-toolchain/bin/../lib/gcc/avr/5.4.0/../../../../avr/lib/avr5/crtatmega328p.o
                0x00000000                __vector_default
                0x00000000                __vectors
 *(.vectors)
 *(.progmem.gcc*)
                0x00000068                . = ALIGN (0x2)
                0x00000068                __trampolines_start = .
 *(.trampolines)
 .trampolines   0x00000068        0x0 linker stubs
 *(.trampolines*)
                0x00000068                __trampolines_end = .
 *libprintf_flt.a:*(.progmem.data)
 *libc.a:*(.progmem.data)
 *(.progmem*)
                0x00000068                . = ALIGN (0x2)
 *(.jumptables)
 *(.jumptables*)
 *(.lowtext)
 *(.lowtext*)
                0x00000068                __ctors_start = .
 *(.ctors)
                0x00000068                __ctors_end = .
                0x00000068                __dtors_start = .
 *(.dtors)
                0x00000068                __dtors_end = .
 SORT(*)(.ctors)
 SORT(*)(.dtors)
 *(.init0)
 .init0         0x00000068        0x0 c:/program files (x86)/atmel/studio/7.0/toolchain/avr8/avr8-gnu-toolchain/bin/../lib/gcc/avr/5.4.0/../../../../avr/lib/avr5/crtatmega328p.o
                0x00000068                __init
 *(.init0)
 *(.init1)
 *(.init1)
 *(.init2)
 .init2         0x00000068        0xc c:/program files (x86)/atmel/studio/7.0/toolchain/avr8/avr8-gnu-toolchain/bin/../lib/gcc/avr/5.4.0/../../../../avr/lib/avr5/crtatmega328p.o
 *(.init2)
 *(.init3)
 *(.init3)
 *(.init4)
 .init4         0x00000074       0x16 c:/program files (x86)/atmel/studio/7.0/toolchain/avr8/avr8-gnu-toolchain/bin/../lib/gcc/avr/5.4.0/avr5\libgcc.a(_copy_data.o)
                0x00000074                __do_copy_data
 .init4         0x0000008a       0x10 c:/program files (x86)/atmel/studio/7.0/toolchain/avr8/avr8-gnu-toolchain/bin/../lib/gcc/avr/5.4.0/avr5\libgcc.a(_clear_bss.o)
                0x0000008a                __do_clear_bss
 *(.init4)
 *(.init5)
 *(.init5)
 *(.init6)
 *(.init6)
 *(.init7)
 *(.init7)
 *(.init8)
 *(.init8)
 *(.init9)
 .init9         0x0000009a        0x8 c:/program files (x86)/atmel/studio/7.0/toolchain/avr8/avr8-gnu-toolchain/bin/../lib/gcc/avr/5.4.0/../../../../avr/lib/avr5/crtatmega328p.o
 *(.init9)
 *(.text)
 .text          0x000000a2        0x4 c:/program files (x86)/atmel/studio/7.0/toolchain/avr8/avr8-gnu-toolchain/bin/../lib/gcc/avr/5.4.0/../../../../avr/lib/avr5/crtatmega328p.o
                0x000000a2                __vector_22
                0x000000a2                __vector_1
                0x000000a2                __vector_24
                0x000000a2                __vector_12
                0x000000a2                __bad_interrupt
                0x000000a2                __vector_6
                0x000000a2                __vector_3
                0x000000a2                __vector_23
                0x000000a2                __vector_25
                0x000000a2                __vector_11
                0x000000a2                __vector_13
                0x000000a2                __vector_19
                0x000000a2                __vector_7
                0x000000a2                __vector_5
                0x000000a2                __vector_4
                0x000000a2                __vector_9
                0x000000a2                __vector_2
                0x000000a2                __vector_21
                0x000000a2                __vector_15
                0x000000a2                __vector_8
                0x000000a2                __vector_14
                0x000000a2                __vector_10
                0x000000a2                __vector_16
                0x000000a2                __vector_18
                0x000000a2                __vector_20
                0x000000a6                . = ALIGN (0x2)
 *(.text.*)
 .text.SetBit   0x000000a6       0x18 build/ReadWriteBits.o
                0x000000a6                SetBit
 .text.ClearBit
                0x000000be       0x1a build/ReadWriteBits.o
                0x000000be                ClearBit
 .text.BitIsSet
                0x000000d8       0x22 build/ReadWriteBits.o
                0x000000d8                BitIsSet
 .text.DebugLedsTurnAllOn
                0x000000fa       0x3a build/DebugLeds.o
                0x000000fa                DebugLedsTurnAllOn
 .text.DebugLedsTurnRed
                0x00000134       0x10 build/DebugLeds.o
                0x00000134                DebugLedsTurnRed
 .text.DebugLedsTurnAllGreen
                0x00000144       0x3a build/DebugLeds.o
                0x00000144                DebugLedsTurnAllGreen
 .text.ReadSpiDataRegister_Implementation
                0x0000017e        0xc build/Spi.o
 .text.SpiTransferIsDone_Implementation
                0x0000018a       0x12 build/Spi.o
 .text.SpiSlaveSignalDataIsReady
                0x0000019c       0x12 build/Spi.o
                0x0000019c                SpiSlaveSignalDataIsReady
 .text.SpiSlaveSignalDataIsNotReady
                0x000001ae       0x12 build/Spi.o
                0x000001ae                SpiSlaveSignalDataIsNotReady
 .text.SpiSlaveInit
                0x000001c0       0x26 build/Spi.o
                0x000001c0                SpiSlaveInit
 .text.SpiSlaveRead
                0x000001e6       0x1a build/Spi.o
                0x000001e6                SpiSlaveRead
 .text.__vector_17
                0x00000200       0x4e C:\Users\Mike\AppData\Local\Temp\ccKMb7B9.o
                0x00000200                __vector_17
 .text.LoadDummyData
                0x0000024e       0x10 C:\Users\Mike\AppData\Local\Temp\ccKMb7B9.o
                0x0000024e                LoadDummyData
 .text.GetDataMasterAskedFor
                0x0000025e        0xc C:\Users\Mike\AppData\Local\Temp\ccKMb7B9.o
                0x0000025e                GetDataMasterAskedFor
 .text.DoWhatMasterSays
                0x0000026a       0x1a C:\Users\Mike\AppData\Local\Temp\ccKMb7B9.o
                0x0000026a                DoWhatMasterSays
 .text.RespondToRequestsForData
                0x00000284       0x12 C:\Users\Mike\AppData\Local\Temp\ccKMb7B9.o
                0x00000284                RespondToRequestsForData
 .text.App_version_of_Slave_receives_request_without_interrupts
                0x00000296        0xa C:\Users\Mike\AppData\Local\Temp\ccKMb7B9.o
                0x00000296                App_version_of_Slave_receives_request_without_interrupts
 .text.main     0x000002a0        0xc C:\Users\Mike\AppData\Local\Temp\ccKMb7B9.o
                0x000002a0                main
                0x000002ac                . = ALIGN (0x2)
 *(.fini9)
 .fini9         0x000002ac        0x0 c:/program files (x86)/atmel/studio/7.0/toolchain/avr8/avr8-gnu-toolchain/bin/../lib/gcc/avr/5.4.0/avr5\libgcc.a(_exit.o)
                0x000002ac                _exit
                0x000002ac                exit
 *(.fini9)
 *(.fini8)
 *(.fini8)
 *(.fini7)
 *(.fini7)
 *(.fini6)
 *(.fini6)
 *(.fini5)
 *(.fini5)
 *(.fini4)
 *(.fini4)
 *(.fini3)
 *(.fini3)
 *(.fini2)
 *(.fini2)
 *(.fini1)
 *(.fini1)
 *(.fini0)
 .fini0         0x000002ac        0x4 c:/program files (x86)/atmel/studio/7.0/toolchain/avr8/avr8-gnu-toolchain/bin/../lib/gcc/avr/5.4.0/avr5\libgcc.a(_exit.o)
 *(.fini0)
                0x000002b0                _etext = .

.data           0x00800100       0x1a load address 0x000002b0
                0x00800100                PROVIDE (__data_start, .)
 *(.data)
 *(.data*)
 .data.ReadSpiDataRegister
                0x00800100        0x2 build/Spi.o
                0x00800100                ReadSpiDataRegister
 .data.SpiTransferIsDone
                0x00800102        0x2 build/Spi.o
                0x00800102                SpiTransferIsDone
 *(.gnu.linkonce.d*)
 *(.rodata)
 *(.rodata*)
 .rodata.Spi_InterruptFlag
                0x00800104        0x1 C:\Users\Mike\AppData\Local\Temp\ccKMb7B9.o
                0x00800104                Spi_InterruptFlag
 .rodata.Spi_Enable
                0x00800105        0x1 C:\Users\Mike\AppData\Local\Temp\ccKMb7B9.o
                0x00800105                Spi_Enable
 .rodata.Spi_Miso
                0x00800106        0x1 C:\Users\Mike\AppData\Local\Temp\ccKMb7B9.o
                0x00800106                Spi_Miso
 .rodata.Spi_spdr
                0x00800107        0x2 C:\Users\Mike\AppData\Local\Temp\ccKMb7B9.o
                0x00800107                Spi_spdr
 .rodata.Spi_spsr
                0x00800109        0x2 C:\Users\Mike\AppData\Local\Temp\ccKMb7B9.o
                0x00800109                Spi_spsr
 .rodata.Spi_spcr
                0x0080010b        0x2 C:\Users\Mike\AppData\Local\Temp\ccKMb7B9.o
                0x0080010b                Spi_spcr
 .rodata.Spi_port
                0x0080010d        0x2 C:\Users\Mike\AppData\Local\Temp\ccKMb7B9.o
                0x0080010d                Spi_port
 .rodata.Spi_ddr
                0x0080010f        0x2 C:\Users\Mike\AppData\Local\Temp\ccKMb7B9.o
                0x0080010f                Spi_ddr
 .rodata.debug_led4
                0x00800111        0x1 C:\Users\Mike\AppData\Local\Temp\ccKMb7B9.o
                0x00800111                debug_led4
 .rodata.debug_led3
                0x00800112        0x1 C:\Users\Mike\AppData\Local\Temp\ccKMb7B9.o
                0x00800112                debug_led3
 .rodata.debug_led2
                0x00800113        0x1 C:\Users\Mike\AppData\Local\Temp\ccKMb7B9.o
                0x00800113                debug_led2
 .rodata.debug_led1
                0x00800114        0x1 C:\Users\Mike\AppData\Local\Temp\ccKMb7B9.o
                0x00800114                debug_led1
 .rodata.DebugLeds_port
                0x00800115        0x2 C:\Users\Mike\AppData\Local\Temp\ccKMb7B9.o
                0x00800115                DebugLeds_port
 .rodata.DebugLeds_ddr
                0x00800117        0x2 C:\Users\Mike\AppData\Local\Temp\ccKMb7B9.o
                0x00800117                DebugLeds_ddr
 *(.gnu.linkonce.r*)
                0x0080011a                . = ALIGN (0x2)
 *fill*         0x00800119        0x1 
                0x0080011a                _edata = .
                0x0080011a                PROVIDE (__data_end, .)

.bss            0x0080011a        0x2
                0x0080011a                PROVIDE (__bss_start, .)
 *(.bss)
 *(.bss*)
 *(COMMON)
 COMMON         0x0080011a        0x2 C:\Users\Mike\AppData\Local\Temp\ccKMb7B9.o
                0x0080011a                DoTaskForThisTest
                0x0080011c                PROVIDE (__bss_end, .)
                0x000002b0                __data_load_start = LOADADDR (.data)
                0x000002ca                __data_load_end = (__data_load_start + SIZEOF (.data))

.noinit         0x0080011c        0x0
                [!provide]                PROVIDE (__noinit_start, .)
 *(.noinit*)
                [!provide]                PROVIDE (__noinit_end, .)
                0x0080011c                _end = .
                [!provide]                PROVIDE (__heap_start, .)

.eeprom         0x00810000        0x0
 *(.eeprom*)
                0x00810000                __eeprom_end = .

.fuse
 *(.fuse)
 *(.lfuse)
 *(.hfuse)
 *(.efuse)

.lock
 *(.lock*)

.signature
 *(.signature*)

.user_signatures
 *(.user_signatures*)

.stab
 *(.stab)

.stabstr
 *(.stabstr)

.stab.excl
 *(.stab.excl)

.stab.exclstr
 *(.stab.exclstr)

.stab.index
 *(.stab.index)

.stab.indexstr
 *(.stab.indexstr)

.comment        0x00000000       0x30
 *(.comment)
 .comment       0x00000000       0x30 build/ReadWriteBits.o
                                 0x31 (size before relaxing)
 .comment       0x00000030       0x31 build/DebugLeds.o
 .comment       0x00000030       0x31 build/Spi.o
 .comment       0x00000030       0x31 C:\Users\Mike\AppData\Local\Temp\ccKMb7B9.o

.note.gnu.avr.deviceinfo
                0x00000000       0x40
 .note.gnu.avr.deviceinfo
                0x00000000       0x40 c:/program files (x86)/atmel/studio/7.0/toolchain/avr8/avr8-gnu-toolchain/bin/../lib/gcc/avr/5.4.0/../../../../avr/lib/avr5/crtatmega328p.o

.note.gnu.build-id
 *(.note.gnu.build-id)

.debug
 *(.debug)

.line
 *(.line)

.debug_srcinfo
 *(.debug_srcinfo)

.debug_sfnames
 *(.debug_sfnames)

.debug_aranges  0x00000000      0x1c8
 *(.debug_aranges)
 .debug_aranges
                0x00000000       0x40 build/ReadWriteBits.o
 .debug_aranges
                0x00000040       0x48 build/DebugLeds.o
 .debug_aranges
                0x00000088       0x88 build/Spi.o
 .debug_aranges
                0x00000110       0xb8 C:\Users\Mike\AppData\Local\Temp\ccKMb7B9.o

.debug_pubnames
 *(.debug_pubnames)

.debug_info     0x00000000     0x188f
 *(.debug_info .gnu.linkonce.wi.*)
 .debug_info    0x00000000      0x5f4 c:/program files (x86)/atmel/studio/7.0/toolchain/avr8/avr8-gnu-toolchain/bin/../lib/gcc/avr/5.4.0/../../../../avr/lib/avr5/crtatmega328p.o
 .debug_info    0x000005f4      0x1a9 build/ReadWriteBits.o
 .debug_info    0x0000079d      0x313 build/DebugLeds.o
 .debug_info    0x00000ab0      0x5f4 build/Spi.o
 .debug_info    0x000010a4      0x7eb C:\Users\Mike\AppData\Local\Temp\ccKMb7B9.o

.debug_abbrev   0x00000000      0xb4d
 *(.debug_abbrev)
 .debug_abbrev  0x00000000      0x5a2 c:/program files (x86)/atmel/studio/7.0/toolchain/avr8/avr8-gnu-toolchain/bin/../lib/gcc/avr/5.4.0/../../../../avr/lib/avr5/crtatmega328p.o
 .debug_abbrev  0x000005a2       0xcd build/ReadWriteBits.o
 .debug_abbrev  0x0000066f       0xda build/DebugLeds.o
 .debug_abbrev  0x00000749      0x22e build/Spi.o
 .debug_abbrev  0x00000977      0x1d6 C:\Users\Mike\AppData\Local\Temp\ccKMb7B9.o

.debug_line     0x00000000      0x90a
 *(.debug_line .debug_line.* .debug_line_end)
 .debug_line    0x00000000       0x1a c:/program files (x86)/atmel/studio/7.0/toolchain/avr8/avr8-gnu-toolchain/bin/../lib/gcc/avr/5.4.0/../../../../avr/lib/avr5/crtatmega328p.o
 .debug_line    0x0000001a      0x110 build/ReadWriteBits.o
 .debug_line    0x0000012a      0x182 build/DebugLeds.o
 .debug_line    0x000002ac      0x292 build/Spi.o
 .debug_line    0x0000053e      0x3cc C:\Users\Mike\AppData\Local\Temp\ccKMb7B9.o

.debug_frame    0x00000000      0x3b8
 *(.debug_frame)
 .debug_frame   0x00000000       0x64 build/ReadWriteBits.o
 .debug_frame   0x00000064       0x98 build/DebugLeds.o
 .debug_frame   0x000000fc      0x108 build/Spi.o
 .debug_frame   0x00000204      0x1b4 C:\Users\Mike\AppData\Local\Temp\ccKMb7B9.o

.debug_str      0x00000000      0xa84
 *(.debug_str)
 .debug_str     0x00000000      0x208 c:/program files (x86)/atmel/studio/7.0/toolchain/avr8/avr8-gnu-toolchain/bin/../lib/gcc/avr/5.4.0/../../../../avr/lib/avr5/crtatmega328p.o
 .debug_str     0x00000208      0x124 build/ReadWriteBits.o
                                0x15d (size before relaxing)
 .debug_str     0x0000032c       0xdb build/DebugLeds.o
                                0x1fa (size before relaxing)
 .debug_str     0x00000407      0x394 build/Spi.o
                                0x4c7 (size before relaxing)
 .debug_str     0x0000079b      0x2e9 C:\Users\Mike\AppData\Local\Temp\ccKMb7B9.o
                                0x58c (size before relaxing)

.debug_loc      0x00000000      0x3d5
 *(.debug_loc)
 .debug_loc     0x00000000       0x50 build/ReadWriteBits.o
 .debug_loc     0x00000050      0x111 build/DebugLeds.o
 .debug_loc     0x00000161       0x7d build/Spi.o
 .debug_loc     0x000001de      0x1f7 C:\Users\Mike\AppData\Local\Temp\ccKMb7B9.o

.debug_macinfo
 *(.debug_macinfo)

.debug_weaknames
 *(.debug_weaknames)

.debug_funcnames
 *(.debug_funcnames)

.debug_typenames
 *(.debug_typenames)

.debug_varnames
 *(.debug_varnames)

.debug_pubtypes
 *(.debug_pubtypes)

.debug_ranges   0x00000000      0x188
 *(.debug_ranges)
 .debug_ranges  0x00000000       0x30 build/ReadWriteBits.o
 .debug_ranges  0x00000030       0x38 build/DebugLeds.o
 .debug_ranges  0x00000068       0x78 build/Spi.o
 .debug_ranges  0x000000e0       0xa8 C:\Users\Mike\AppData\Local\Temp\ccKMb7B9.o

.debug_macro
 *(.debug_macro)
OUTPUT(build/mBrd.elf elf32-avr)
LOAD linker stubs
