Archive member included to satisfy reference by file (symbol)

c:/program files (x86)/atmel/studio/7.0/toolchain/avr8/avr8-gnu-toolchain/bin/../lib/gcc/avr/5.4.0/avr5\libgcc.a(_udivmodsi4.o)
                              C:\Users\Mike\AppData\Local\Temp\ccYXBN6U.o (__udivmodsi4)
c:/program files (x86)/atmel/studio/7.0/toolchain/avr8/avr8-gnu-toolchain/bin/../lib/gcc/avr/5.4.0/avr5\libgcc.a(_exit.o)
                              c:/program files (x86)/atmel/studio/7.0/toolchain/avr8/avr8-gnu-toolchain/bin/../lib/gcc/avr/5.4.0/../../../../avr/lib/avr5/crtatmega328p.o (exit)
c:/program files (x86)/atmel/studio/7.0/toolchain/avr8/avr8-gnu-toolchain/bin/../lib/gcc/avr/5.4.0/avr5\libgcc.a(_copy_data.o)
                              build/Spi.o (__do_copy_data)
c:/program files (x86)/atmel/studio/7.0/toolchain/avr8/avr8-gnu-toolchain/bin/../lib/gcc/avr/5.4.0/avr5\libgcc.a(_clear_bss.o)
                              C:\Users\Mike\AppData\Local\Temp\ccYXBN6U.o (__do_clear_bss)
c:/program files (x86)/atmel/studio/7.0/toolchain/avr8/avr8-gnu-toolchain/bin/../lib/gcc/avr/5.4.0/avr5\libgcc.a(_umulhisi3.o)
                              C:\Users\Mike\AppData\Local\Temp\ccYXBN6U.o (__umulhisi3)

Allocating common symbols
Common symbol       size              file

DoTaskForThisTest   0x2               C:\Users\Mike\AppData\Local\Temp\ccYXBN6U.o
full_frame          0x620             C:\Users\Mike\AppData\Local\Temp\ccYXBN6U.o

Discarded input sections

 .data          0x00000000        0x0 c:/program files (x86)/atmel/studio/7.0/toolchain/avr8/avr8-gnu-toolchain/bin/../lib/gcc/avr/5.4.0/../../../../avr/lib/avr5/crtatmega328p.o
 .bss           0x00000000        0x0 c:/program files (x86)/atmel/studio/7.0/toolchain/avr8/avr8-gnu-toolchain/bin/../lib/gcc/avr/5.4.0/../../../../avr/lib/avr5/crtatmega328p.o
 .text          0x00000000        0x0 build/ReadWriteBits.o
 .data          0x00000000        0x0 build/ReadWriteBits.o
 .bss           0x00000000        0x0 build/ReadWriteBits.o
 .text.BitIsClear
                0x00000000       0x1c build/ReadWriteBits.o
 .text          0x00000000        0x0 build/DebugLeds.o
 .data          0x00000000        0x0 build/DebugLeds.o
 .bss           0x00000000        0x0 build/DebugLeds.o
 .text.DebugLedsTurnOn
                0x00000000        0xe build/DebugLeds.o
 .text.DebugLedsTurnGreen
                0x00000000        0xe build/DebugLeds.o
 .text.DebugLedsTurnAllRed
                0x00000000       0x38 build/DebugLeds.o
 .text          0x00000000        0x0 build/Spi.o
 .data          0x00000000        0x0 build/Spi.o
 .bss           0x00000000        0x0 build/Spi.o
 .text.WriteSpiDataRegister_Implementation
                0x00000000        0xc build/Spi.o
 .text.DisableSpi_Implementation
                0x00000000       0x10 build/Spi.o
 .text.SpiMasterOpenSpi_Implementation
                0x00000000       0x10 build/Spi.o
 .text.SpiSlaveSignalDataIsReady_Implementation
                0x00000000       0x24 build/Spi.o
 .text.SpiMasterCloseSpi_Implementation
                0x00000000       0x10 build/Spi.o
 .text.SpiResponseIsReady_Implementation
                0x00000000       0x10 build/Spi.o
 .text.SpiClearFlagTransferIsDone
                0x00000000        0xc build/Spi.o
 .text.SpiMasterInit
                0x00000000       0x9a build/Spi.o
 .text.SpiMasterDisable
                0x00000000       0x4c build/Spi.o
 .text.SpiMasterWrite
                0x00000000       0x3c build/Spi.o
 .text.SpiMasterRead
                0x00000000       0x42 build/Spi.o
 .text.SpiMasterWaitForResponse
                0x00000000       0x10 build/Spi.o
 .text.SpiEnableInterrupt
                0x00000000       0x2e build/Spi.o
 .text.SpiSlaveRead
                0x00000000       0x18 build/Spi.o
 .text.SpiSlaveSendBytes
                0x00000000       0x5e build/Spi.o
 .data.WriteSpiDataRegister
                0x00000000        0x2 build/Spi.o
 .data.SpiSlaveSignalDataIsReady
                0x00000000        0x2 build/Spi.o
 .data.SpiResponseIsReady
                0x00000000        0x2 build/Spi.o
 .rodata.test_unknown_cmd
                0x00000000        0x1 build/Spi.o
 .data.SpiMasterCloseSpi
                0x00000000        0x2 build/Spi.o
 .data.SpiMasterOpenSpi
                0x00000000        0x2 build/Spi.o
 .data.DisableSpi
                0x00000000        0x2 build/Spi.o
 .text          0x00000000        0x0 build/UartSpi.o
 .data          0x00000000        0x0 build/UartSpi.o
 .bss           0x00000000        0x0 build/UartSpi.o
 .text.ReadDataRegister
                0x00000000        0xc build/UartSpi.o
 .text.Transfer16bits
                0x00000000        0xe build/UartSpi.o
 .text.StartAdcConversion
                0x00000000       0x10 build/UartSpi.o
 .text.TxBufferIsEmpty
                0x00000000       0x10 build/UartSpi.o
 .text.Received8bits
                0x00000000       0x10 build/UartSpi.o
 .text.WaitForConversionToFinish
                0x00000000        0xc build/UartSpi.o
 .text.UartSpiRead
                0x00000000       0x78 build/UartSpi.o
 .data.UartSpiTransfer16bits
                0x00000000        0x2 build/UartSpi.o
 .data.UartSpiReadDataRegister
                0x00000000        0x2 build/UartSpi.o
 .data.UartSpiTransferIsDone
                0x00000000        0x2 build/UartSpi.o
 .data.UartSpiTxBufferIsEmpty
                0x00000000        0x2 build/UartSpi.o
 .data.UartSpiStartAdcConversion
                0x00000000        0x2 build/UartSpi.o
 .data.UartSpiStartAdcReadout
                0x00000000        0x2 build/UartSpi.o
 .text          0x00000000        0x0 build/Lis.o
 .data          0x00000000        0x0 build/Lis.o
 .bss           0x00000000        0x0 build/Lis.o
 .text.LisClkOff
                0x00000000       0x1a build/Lis.o
 .text.LisExpose
                0x00000000        0x2 build/Lis.o
 .data.Lis_exposure_is_done
                0x00000000        0x1 build/Lis.o
 .text          0x00000000        0x0 build/Pwm.o
 .data          0x00000000        0x0 build/Pwm.o
 .bss           0x00000000        0x0 build/Pwm.o
 .text.PwmDisableOutput_Implementation
                0x00000000       0x24 build/Pwm.o
 .text.WaitForPwmOutputRisingEdge
                0x00000000       0x2e build/Pwm.o
 .data.PwmDisableOutput
                0x00000000        0x2 build/Pwm.o
 .text          0x00000000        0x0 C:\Users\Mike\AppData\Local\Temp\ccYXBN6U.o
 .data          0x00000000        0x0 C:\Users\Mike\AppData\Local\Temp\ccYXBN6U.o
 .bss           0x00000000        0x0 C:\Users\Mike\AppData\Local\Temp\ccYXBN6U.o
 .text.Turn_led1_red_and_the_rest_green
                0x00000000        0xe C:\Users\Mike\AppData\Local\Temp\ccYXBN6U.o
 .text.ShowSpiDataOnDebugLeds
                0x00000000       0x6c C:\Users\Mike\AppData\Local\Temp\ccYXBN6U.o
 .text.IndicateUnknownCommand
                0x00000000        0x6 C:\Users\Mike\AppData\Local\Temp\ccYXBN6U.o
 .text.DoNothing
                0x00000000        0x2 C:\Users\Mike\AppData\Local\Temp\ccYXBN6U.o
 .text.DemoMacroFastestRstResponseToClk
                0x00000000       0x16 C:\Users\Mike\AppData\Local\Temp\ccYXBN6U.o
 .text.ZeroOutUnusedPixels
                0x00000000       0x9a C:\Users\Mike\AppData\Local\Temp\ccYXBN6U.o
 .text.testing_main
                0x00000000       0xd2 C:\Users\Mike\AppData\Local\Temp\ccYXBN6U.o
 .text.slowestSetExposureTime
                0x00000000       0x2a C:\Users\Mike\AppData\Local\Temp\ccYXBN6U.o
 .text.slowSetExposureTime
                0x00000000       0x26 C:\Users\Mike\AppData\Local\Temp\ccYXBN6U.o
 .text.CfgLisGain1x
                0x00000000       0x26 C:\Users\Mike\AppData\Local\Temp\ccYXBN6U.o
 .text.CfgLisGain2Point5x
                0x00000000       0x26 C:\Users\Mike\AppData\Local\Temp\ccYXBN6U.o
 .text.CfgLisGain4x
                0x00000000       0x26 C:\Users\Mike\AppData\Local\Temp\ccYXBN6U.o
 .text.CfgLisGain5x
                0x00000000       0x26 C:\Users\Mike\AppData\Local\Temp\ccYXBN6U.o
 .text.NticsExposureToHitTarget
                0x00000000       0xf8 C:\Users\Mike\AppData\Local\Temp\ccYXBN6U.o
 .text.RespondToRequestsForData
                0x00000000       0x14 C:\Users\Mike\AppData\Local\Temp\ccYXBN6U.o
 .text.App_version_of_Slave_RespondToRequestsForData
                0x00000000       0x1c C:\Users\Mike\AppData\Local\Temp\ccYXBN6U.o
 .text.SetupDebugLeds
                0x00000000        0x8 C:\Users\Mike\AppData\Local\Temp\ccYXBN6U.o
 .text.SendDummyByte
                0x00000000       0x14 C:\Users\Mike\AppData\Local\Temp\ccYXBN6U.o
 .text.SendFourDummyBytes
                0x00000000       0x3c C:\Users\Mike\AppData\Local\Temp\ccYXBN6U.o
 .text.FillDummyFrameWithAlphabet
                0x00000000       0x42 C:\Users\Mike\AppData\Local\Temp\ccYXBN6U.o
 .text.FillDummyFrameWithAdcReadings
                0x00000000       0x1e C:\Users\Mike\AppData\Local\Temp\ccYXBN6U.o
 .text.SendDummyFrame
                0x00000000       0x52 C:\Users\Mike\AppData\Local\Temp\ccYXBN6U.o
 .text.SendAdcReading
                0x00000000       0x32 C:\Users\Mike\AppData\Local\Temp\ccYXBN6U.o
 .text.SendFakeAdcReading
                0x00000000       0x2e C:\Users\Mike\AppData\Local\Temp\ccYXBN6U.o
 .text.SendAdcFrame
                0x00000000       0x2e C:\Users\Mike\AppData\Local\Temp\ccYXBN6U.o
 .text.SendLisFrame
                0x00000000       0x64 C:\Users\Mike\AppData\Local\Temp\ccYXBN6U.o
 .text.All_debug_leds_turn_on_and_turn_green
                0x00000000        0x8 C:\Users\Mike\AppData\Local\Temp\ccYXBN6U.o
 .text.All_debug_leds_turn_on_and_turn_red
                0x00000000        0x8 C:\Users\Mike\AppData\Local\Temp\ccYXBN6U.o
 .text.Show_data_on_debug_leds
                0x00000000       0x6a C:\Users\Mike\AppData\Local\Temp\ccYXBN6U.o
 .text.SPI_interrupt_routine_turns_debug_led1_red
                0x00000000       0x16 C:\Users\Mike\AppData\Local\Temp\ccYXBN6U.o
 .text.SPI_read_in_ISR_and_show_data_on_debug_leds
                0x00000000       0x16 C:\Users\Mike\AppData\Local\Temp\ccYXBN6U.o
 .text.SpiSlaveRead_and_show_received_data_on_debug_leds
                0x00000000       0x72 C:\Users\Mike\AppData\Local\Temp\ccYXBN6U.o
 .text.Slave_receives_request_and_sends_response_when_ready
                0x00000000       0x28 C:\Users\Mike\AppData\Local\Temp\ccYXBN6U.o
 .text.test_DebugLeds
                0x00000000        0x2 C:\Users\Mike\AppData\Local\Temp\ccYXBN6U.o
 .text.test_SpiSlave
                0x00000000        0x4 C:\Users\Mike\AppData\Local\Temp\ccYXBN6U.o
 .text.Show_four_MSB_of_adc_reading_on_debug_leds
                0x00000000       0x86 C:\Users\Mike\AppData\Local\Temp\ccYXBN6U.o
 .text.test_UartSpi
                0x00000000       0x86 C:\Users\Mike\AppData\Local\Temp\ccYXBN6U.o
 .text.Miso_measures_3V_when_it_outputs_a_hard_high
                0x00000000       0x14 C:\Users\Mike\AppData\Local\Temp\ccYXBN6U.o
 .text.Miso_measures_0V_when_it_outputs_a_hard_low
                0x00000000       0x14 C:\Users\Mike\AppData\Local\Temp\ccYXBN6U.o
 .text.SpiSlaveInit_should_make_Miso_output_a_hard_high
                0x00000000        0x4 C:\Users\Mike\AppData\Local\Temp\ccYXBN6U.o
 .text.SpiSlaveSignalDataIsReady_outputs_a_hard_low
                0x00000000        0xe C:\Users\Mike\AppData\Local\Temp\ccYXBN6U.o
 .text.test_Atmel_ice_quirk_requires_flipping_SW2_to_SPI
                0x00000000        0x8 C:\Users\Mike\AppData\Local\Temp\ccYXBN6U.o
 .text.oldLisRunClkAt50kHz
                0x00000000       0x58 C:\Users\Mike\AppData\Local\Temp\ccYXBN6U.o
 .text.DemoIsrForRstResponseToClk
                0x00000000       0x3e C:\Users\Mike\AppData\Local\Temp\ccYXBN6U.o
 .text.DemoFailinglySlowRstResponseToClk
                0x00000000       0x46 C:\Users\Mike\AppData\Local\Temp\ccYXBN6U.o
 .text.oldDemoMacroFastestRstResponseToClk
                0x00000000       0x12 C:\Users\Mike\AppData\Local\Temp\ccYXBN6U.o
 .text.DemoFastestRstResponseToClk
                0x00000000        0x4 C:\Users\Mike\AppData\Local\Temp\ccYXBN6U.o
 .rodata.Pwm_Ocf0b
                0x00000000        0x1 C:\Users\Mike\AppData\Local\Temp\ccYXBN6U.o
 .rodata.Pwm_Ocf0a
                0x00000000        0x1 C:\Users\Mike\AppData\Local\Temp\ccYXBN6U.o
 .rodata.Pwm_tifr0
                0x00000000        0x2 C:\Users\Mike\AppData\Local\Temp\ccYXBN6U.o
 .rodata.Lis_tccr0b
                0x00000000        0x2 C:\Users\Mike\AppData\Local\Temp\ccYXBN6U.o
 .rodata.Lis_tccr0a
                0x00000000        0x2 C:\Users\Mike\AppData\Local\Temp\ccYXBN6U.o
 .rodata.Lis_pin1
                0x00000000        0x2 C:\Users\Mike\AppData\Local\Temp\ccYXBN6U.o
 .rodata.UartSpi_RxComplete
                0x00000000        0x1 C:\Users\Mike\AppData\Local\Temp\ccYXBN6U.o
 .rodata.UartSpi_DataRegEmpty
                0x00000000        0x1 C:\Users\Mike\AppData\Local\Temp\ccYXBN6U.o
 .rodata.UartSpi_Mosi
                0x00000000        0x1 C:\Users\Mike\AppData\Local\Temp\ccYXBN6U.o
 .rodata.UartSpi_Miso
                0x00000000        0x1 C:\Users\Mike\AppData\Local\Temp\ccYXBN6U.o
 .rodata.UartSpi_data
                0x00000000        0x2 C:\Users\Mike\AppData\Local\Temp\ccYXBN6U.o
 .rodata.UartSpi_csra
                0x00000000        0x2 C:\Users\Mike\AppData\Local\Temp\ccYXBN6U.o
 .rodata.sizeof_half_frame
                0x00000000        0x2 C:\Users\Mike\AppData\Local\Temp\ccYXBN6U.o
 .rodata.sizeof_full_frame
                0x00000000        0x2 C:\Users\Mike\AppData\Local\Temp\ccYXBN6U.o
 .rodata.fake_adc_reading
                0x00000000        0x2 C:\Users\Mike\AppData\Local\Temp\ccYXBN6U.o
 .rodata.cmd_auto_expose
                0x00000000        0x1 C:\Users\Mike\AppData\Local\Temp\ccYXBN6U.o
 .rodata.cmd_cfg_lis_rowselect_1234
                0x00000000        0x1 C:\Users\Mike\AppData\Local\Temp\ccYXBN6U.o
 .rodata.cmd_cfg_lis_rowselect_123
                0x00000000        0x1 C:\Users\Mike\AppData\Local\Temp\ccYXBN6U.o
 .rodata.cmd_cfg_lis_rowselect_12
                0x00000000        0x1 C:\Users\Mike\AppData\Local\Temp\ccYXBN6U.o
 .rodata.cmd_cfg_lis_rowselect_5
                0x00000000        0x1 C:\Users\Mike\AppData\Local\Temp\ccYXBN6U.o
 .rodata.cmd_cfg_lis_rowselect_4
                0x00000000        0x1 C:\Users\Mike\AppData\Local\Temp\ccYXBN6U.o
 .rodata.cmd_cfg_lis_rowselect_3
                0x00000000        0x1 C:\Users\Mike\AppData\Local\Temp\ccYXBN6U.o
 .rodata.cmd_cfg_lis_rowselect_2
                0x00000000        0x1 C:\Users\Mike\AppData\Local\Temp\ccYXBN6U.o
 .rodata.cmd_cfg_lis_rowselect_1
                0x00000000        0x1 C:\Users\Mike\AppData\Local\Temp\ccYXBN6U.o
 .rodata.cmd_cfg_lis_rowselect_12345
                0x00000000        0x1 C:\Users\Mike\AppData\Local\Temp\ccYXBN6U.o
 .rodata.cmd_cfg_lis_gain_1x
                0x00000000        0x1 C:\Users\Mike\AppData\Local\Temp\ccYXBN6U.o
 .rodata.cmd_cfg_lis_gain_2pt5x
                0x00000000        0x1 C:\Users\Mike\AppData\Local\Temp\ccYXBN6U.o
 .rodata.cmd_cfg_lis_gain_4x
                0x00000000        0x1 C:\Users\Mike\AppData\Local\Temp\ccYXBN6U.o
 .rodata.cmd_cfg_lis_gain_5x
                0x00000000        0x1 C:\Users\Mike\AppData\Local\Temp\ccYXBN6U.o
 .rodata.cmd_write_cfg_to_lis
                0x00000000        0x1 C:\Users\Mike\AppData\Local\Temp\ccYXBN6U.o
 .rodata.cmd_cfg_summing_mode_on
                0x00000000        0x1 C:\Users\Mike\AppData\Local\Temp\ccYXBN6U.o
 .rodata.cmd_cfg_summing_mode_off
                0x00000000        0x1 C:\Users\Mike\AppData\Local\Temp\ccYXBN6U.o
 .rodata.cmd_enable_spi_master
                0x00000000        0x1 C:\Users\Mike\AppData\Local\Temp\ccYXBN6U.o
 .rodata.cmd_disable_spi_master
                0x00000000        0x1 C:\Users\Mike\AppData\Local\Temp\ccYXBN6U.o
 .rodata.cmd_set_exposure_time
                0x00000000        0x1 C:\Users\Mike\AppData\Local\Temp\ccYXBN6U.o
 .rodata.cmd_send_lis_frame
                0x00000000        0x1 C:\Users\Mike\AppData\Local\Temp\ccYXBN6U.o
 .rodata.cmd_send_adc_frame
                0x00000000        0x1 C:\Users\Mike\AppData\Local\Temp\ccYXBN6U.o
 .rodata.cmd_send_fake_adc_reading
                0x00000000        0x1 C:\Users\Mike\AppData\Local\Temp\ccYXBN6U.o
 .rodata.cmd_send_adc_reading
                0x00000000        0x1 C:\Users\Mike\AppData\Local\Temp\ccYXBN6U.o
 .rodata.cmd_send_dummy_frame
                0x00000000        0x1 C:\Users\Mike\AppData\Local\Temp\ccYXBN6U.o
 .rodata.cmd_send_four_dummy_bytes
                0x00000000        0x1 C:\Users\Mike\AppData\Local\Temp\ccYXBN6U.o
 .rodata.cmd_send_dummy_byte
                0x00000000        0x1 C:\Users\Mike\AppData\Local\Temp\ccYXBN6U.o
 .rodata.Spi_DoubleClockRate
                0x00000000        0x1 C:\Users\Mike\AppData\Local\Temp\ccYXBN6U.o
 .rodata.Spi_InterruptEnable
                0x00000000        0x1 C:\Users\Mike\AppData\Local\Temp\ccYXBN6U.o
 .rodata.Spi_ClockRateBit1
                0x00000000        0x1 C:\Users\Mike\AppData\Local\Temp\ccYXBN6U.o
 .rodata.Spi_ClockRateBit0
                0x00000000        0x1 C:\Users\Mike\AppData\Local\Temp\ccYXBN6U.o
 .rodata.Spi_MasterSlaveSelect
                0x00000000        0x1 C:\Users\Mike\AppData\Local\Temp\ccYXBN6U.o
 .rodata.Spi_Sck
                0x00000000        0x1 C:\Users\Mike\AppData\Local\Temp\ccYXBN6U.o
 .rodata.Spi_Mosi
                0x00000000        0x1 C:\Users\Mike\AppData\Local\Temp\ccYXBN6U.o
 .rodata.Spi_Ss
                0x00000000        0x1 C:\Users\Mike\AppData\Local\Temp\ccYXBN6U.o
 .rodata.Spi_pin
                0x00000000        0x2 C:\Users\Mike\AppData\Local\Temp\ccYXBN6U.o
 .rodata.Spi_port
                0x00000000        0x2 C:\Users\Mike\AppData\Local\Temp\ccYXBN6U.o
 .rodata.DebugLeds_pin
                0x00000000        0x2 C:\Users\Mike\AppData\Local\Temp\ccYXBN6U.o
 .text          0x00000000        0x0 C:\Users\Mike\AppData\Local\Temp\ccelaXfG.o
 .data          0x00000000        0x0 C:\Users\Mike\AppData\Local\Temp\ccelaXfG.o
 .bss           0x00000000        0x0 C:\Users\Mike\AppData\Local\Temp\ccelaXfG.o
 .text.GlobalInterruptEnable_Implementation
                0x00000000        0x4 C:\Users\Mike\AppData\Local\Temp\ccelaXfG.o
 .text.GlobalInterruptDisable_Implementation
                0x00000000        0x4 C:\Users\Mike\AppData\Local\Temp\ccelaXfG.o
 .data.GlobalInterruptDisable
                0x00000000        0x2 C:\Users\Mike\AppData\Local\Temp\ccelaXfG.o
 .data.GlobalInterruptEnable
                0x00000000        0x2 C:\Users\Mike\AppData\Local\Temp\ccelaXfG.o
 .text          0x00000000        0x0 c:/program files (x86)/atmel/studio/7.0/toolchain/avr8/avr8-gnu-toolchain/bin/../lib/gcc/avr/5.4.0/avr5\libgcc.a(_udivmodsi4.o)
 .data          0x00000000        0x0 c:/program files (x86)/atmel/studio/7.0/toolchain/avr8/avr8-gnu-toolchain/bin/../lib/gcc/avr/5.4.0/avr5\libgcc.a(_udivmodsi4.o)
 .bss           0x00000000        0x0 c:/program files (x86)/atmel/studio/7.0/toolchain/avr8/avr8-gnu-toolchain/bin/../lib/gcc/avr/5.4.0/avr5\libgcc.a(_udivmodsi4.o)
 .text.libgcc.mul
                0x00000000        0x0 c:/program files (x86)/atmel/studio/7.0/toolchain/avr8/avr8-gnu-toolchain/bin/../lib/gcc/avr/5.4.0/avr5\libgcc.a(_udivmodsi4.o)
 .text.libgcc   0x00000000        0x0 c:/program files (x86)/atmel/studio/7.0/toolchain/avr8/avr8-gnu-toolchain/bin/../lib/gcc/avr/5.4.0/avr5\libgcc.a(_udivmodsi4.o)
 .text.libgcc.prologue
                0x00000000        0x0 c:/program files (x86)/atmel/studio/7.0/toolchain/avr8/avr8-gnu-toolchain/bin/../lib/gcc/avr/5.4.0/avr5\libgcc.a(_udivmodsi4.o)
 .text.libgcc.builtins
                0x00000000        0x0 c:/program files (x86)/atmel/studio/7.0/toolchain/avr8/avr8-gnu-toolchain/bin/../lib/gcc/avr/5.4.0/avr5\libgcc.a(_udivmodsi4.o)
 .text.libgcc.fmul
                0x00000000        0x0 c:/program files (x86)/atmel/studio/7.0/toolchain/avr8/avr8-gnu-toolchain/bin/../lib/gcc/avr/5.4.0/avr5\libgcc.a(_udivmodsi4.o)
 .text.libgcc.fixed
                0x00000000        0x0 c:/program files (x86)/atmel/studio/7.0/toolchain/avr8/avr8-gnu-toolchain/bin/../lib/gcc/avr/5.4.0/avr5\libgcc.a(_udivmodsi4.o)
 .text          0x00000000        0x0 c:/program files (x86)/atmel/studio/7.0/toolchain/avr8/avr8-gnu-toolchain/bin/../lib/gcc/avr/5.4.0/avr5\libgcc.a(_exit.o)
 .data          0x00000000        0x0 c:/program files (x86)/atmel/studio/7.0/toolchain/avr8/avr8-gnu-toolchain/bin/../lib/gcc/avr/5.4.0/avr5\libgcc.a(_exit.o)
 .bss           0x00000000        0x0 c:/program files (x86)/atmel/studio/7.0/toolchain/avr8/avr8-gnu-toolchain/bin/../lib/gcc/avr/5.4.0/avr5\libgcc.a(_exit.o)
 .text.libgcc.mul
                0x00000000        0x0 c:/program files (x86)/atmel/studio/7.0/toolchain/avr8/avr8-gnu-toolchain/bin/../lib/gcc/avr/5.4.0/avr5\libgcc.a(_exit.o)
 .text.libgcc.div
                0x00000000        0x0 c:/program files (x86)/atmel/studio/7.0/toolchain/avr8/avr8-gnu-toolchain/bin/../lib/gcc/avr/5.4.0/avr5\libgcc.a(_exit.o)
 .text.libgcc   0x00000000        0x0 c:/program files (x86)/atmel/studio/7.0/toolchain/avr8/avr8-gnu-toolchain/bin/../lib/gcc/avr/5.4.0/avr5\libgcc.a(_exit.o)
 .text.libgcc.prologue
                0x00000000        0x0 c:/program files (x86)/atmel/studio/7.0/toolchain/avr8/avr8-gnu-toolchain/bin/../lib/gcc/avr/5.4.0/avr5\libgcc.a(_exit.o)
 .text.libgcc.builtins
                0x00000000        0x0 c:/program files (x86)/atmel/studio/7.0/toolchain/avr8/avr8-gnu-toolchain/bin/../lib/gcc/avr/5.4.0/avr5\libgcc.a(_exit.o)
 .text.libgcc.fmul
                0x00000000        0x0 c:/program files (x86)/atmel/studio/7.0/toolchain/avr8/avr8-gnu-toolchain/bin/../lib/gcc/avr/5.4.0/avr5\libgcc.a(_exit.o)
 .text.libgcc.fixed
                0x00000000        0x0 c:/program files (x86)/atmel/studio/7.0/toolchain/avr8/avr8-gnu-toolchain/bin/../lib/gcc/avr/5.4.0/avr5\libgcc.a(_exit.o)
 .text          0x00000000        0x0 c:/program files (x86)/atmel/studio/7.0/toolchain/avr8/avr8-gnu-toolchain/bin/../lib/gcc/avr/5.4.0/avr5\libgcc.a(_copy_data.o)
 .data          0x00000000        0x0 c:/program files (x86)/atmel/studio/7.0/toolchain/avr8/avr8-gnu-toolchain/bin/../lib/gcc/avr/5.4.0/avr5\libgcc.a(_copy_data.o)
 .bss           0x00000000        0x0 c:/program files (x86)/atmel/studio/7.0/toolchain/avr8/avr8-gnu-toolchain/bin/../lib/gcc/avr/5.4.0/avr5\libgcc.a(_copy_data.o)
 .text.libgcc.mul
                0x00000000        0x0 c:/program files (x86)/atmel/studio/7.0/toolchain/avr8/avr8-gnu-toolchain/bin/../lib/gcc/avr/5.4.0/avr5\libgcc.a(_copy_data.o)
 .text.libgcc.div
                0x00000000        0x0 c:/program files (x86)/atmel/studio/7.0/toolchain/avr8/avr8-gnu-toolchain/bin/../lib/gcc/avr/5.4.0/avr5\libgcc.a(_copy_data.o)
 .text.libgcc   0x00000000        0x0 c:/program files (x86)/atmel/studio/7.0/toolchain/avr8/avr8-gnu-toolchain/bin/../lib/gcc/avr/5.4.0/avr5\libgcc.a(_copy_data.o)
 .text.libgcc.prologue
                0x00000000        0x0 c:/program files (x86)/atmel/studio/7.0/toolchain/avr8/avr8-gnu-toolchain/bin/../lib/gcc/avr/5.4.0/avr5\libgcc.a(_copy_data.o)
 .text.libgcc.builtins
                0x00000000        0x0 c:/program files (x86)/atmel/studio/7.0/toolchain/avr8/avr8-gnu-toolchain/bin/../lib/gcc/avr/5.4.0/avr5\libgcc.a(_copy_data.o)
 .text.libgcc.fmul
                0x00000000        0x0 c:/program files (x86)/atmel/studio/7.0/toolchain/avr8/avr8-gnu-toolchain/bin/../lib/gcc/avr/5.4.0/avr5\libgcc.a(_copy_data.o)
 .text.libgcc.fixed
                0x00000000        0x0 c:/program files (x86)/atmel/studio/7.0/toolchain/avr8/avr8-gnu-toolchain/bin/../lib/gcc/avr/5.4.0/avr5\libgcc.a(_copy_data.o)
 .text          0x00000000        0x0 c:/program files (x86)/atmel/studio/7.0/toolchain/avr8/avr8-gnu-toolchain/bin/../lib/gcc/avr/5.4.0/avr5\libgcc.a(_clear_bss.o)
 .data          0x00000000        0x0 c:/program files (x86)/atmel/studio/7.0/toolchain/avr8/avr8-gnu-toolchain/bin/../lib/gcc/avr/5.4.0/avr5\libgcc.a(_clear_bss.o)
 .bss           0x00000000        0x0 c:/program files (x86)/atmel/studio/7.0/toolchain/avr8/avr8-gnu-toolchain/bin/../lib/gcc/avr/5.4.0/avr5\libgcc.a(_clear_bss.o)
 .text.libgcc.mul
                0x00000000        0x0 c:/program files (x86)/atmel/studio/7.0/toolchain/avr8/avr8-gnu-toolchain/bin/../lib/gcc/avr/5.4.0/avr5\libgcc.a(_clear_bss.o)
 .text.libgcc.div
                0x00000000        0x0 c:/program files (x86)/atmel/studio/7.0/toolchain/avr8/avr8-gnu-toolchain/bin/../lib/gcc/avr/5.4.0/avr5\libgcc.a(_clear_bss.o)
 .text.libgcc   0x00000000        0x0 c:/program files (x86)/atmel/studio/7.0/toolchain/avr8/avr8-gnu-toolchain/bin/../lib/gcc/avr/5.4.0/avr5\libgcc.a(_clear_bss.o)
 .text.libgcc.prologue
                0x00000000        0x0 c:/program files (x86)/atmel/studio/7.0/toolchain/avr8/avr8-gnu-toolchain/bin/../lib/gcc/avr/5.4.0/avr5\libgcc.a(_clear_bss.o)
 .text.libgcc.builtins
                0x00000000        0x0 c:/program files (x86)/atmel/studio/7.0/toolchain/avr8/avr8-gnu-toolchain/bin/../lib/gcc/avr/5.4.0/avr5\libgcc.a(_clear_bss.o)
 .text.libgcc.fmul
                0x00000000        0x0 c:/program files (x86)/atmel/studio/7.0/toolchain/avr8/avr8-gnu-toolchain/bin/../lib/gcc/avr/5.4.0/avr5\libgcc.a(_clear_bss.o)
 .text.libgcc.fixed
                0x00000000        0x0 c:/program files (x86)/atmel/studio/7.0/toolchain/avr8/avr8-gnu-toolchain/bin/../lib/gcc/avr/5.4.0/avr5\libgcc.a(_clear_bss.o)
 .text          0x00000000        0x0 c:/program files (x86)/atmel/studio/7.0/toolchain/avr8/avr8-gnu-toolchain/bin/../lib/gcc/avr/5.4.0/avr5\libgcc.a(_umulhisi3.o)
 .data          0x00000000        0x0 c:/program files (x86)/atmel/studio/7.0/toolchain/avr8/avr8-gnu-toolchain/bin/../lib/gcc/avr/5.4.0/avr5\libgcc.a(_umulhisi3.o)
 .bss           0x00000000        0x0 c:/program files (x86)/atmel/studio/7.0/toolchain/avr8/avr8-gnu-toolchain/bin/../lib/gcc/avr/5.4.0/avr5\libgcc.a(_umulhisi3.o)
 .text.libgcc.div
                0x00000000        0x0 c:/program files (x86)/atmel/studio/7.0/toolchain/avr8/avr8-gnu-toolchain/bin/../lib/gcc/avr/5.4.0/avr5\libgcc.a(_umulhisi3.o)
 .text.libgcc   0x00000000        0x0 c:/program files (x86)/atmel/studio/7.0/toolchain/avr8/avr8-gnu-toolchain/bin/../lib/gcc/avr/5.4.0/avr5\libgcc.a(_umulhisi3.o)
 .text.libgcc.prologue
                0x00000000        0x0 c:/program files (x86)/atmel/studio/7.0/toolchain/avr8/avr8-gnu-toolchain/bin/../lib/gcc/avr/5.4.0/avr5\libgcc.a(_umulhisi3.o)
 .text.libgcc.builtins
                0x00000000        0x0 c:/program files (x86)/atmel/studio/7.0/toolchain/avr8/avr8-gnu-toolchain/bin/../lib/gcc/avr/5.4.0/avr5\libgcc.a(_umulhisi3.o)
 .text.libgcc.fmul
                0x00000000        0x0 c:/program files (x86)/atmel/studio/7.0/toolchain/avr8/avr8-gnu-toolchain/bin/../lib/gcc/avr/5.4.0/avr5\libgcc.a(_umulhisi3.o)
 .text.libgcc.fixed
                0x00000000        0x0 c:/program files (x86)/atmel/studio/7.0/toolchain/avr8/avr8-gnu-toolchain/bin/../lib/gcc/avr/5.4.0/avr5\libgcc.a(_umulhisi3.o)

Memory Configuration

Name             Origin             Length             Attributes
text             0x00000000         0x00020000         xr
data             0x00800060         0x0000ffa0         rw !x
eeprom           0x00810000         0x00010000         rw !x
fuse             0x00820000         0x00000003         rw !x
lock             0x00830000         0x00000400         rw !x
signature        0x00840000         0x00000400         rw !x
user_signatures  0x00850000         0x00000400         rw !x
*default*        0x00000000         0xffffffff

Linker script and memory map

Address of section .data set to 0x800100
LOAD c:/program files (x86)/atmel/studio/7.0/toolchain/avr8/avr8-gnu-toolchain/bin/../lib/gcc/avr/5.4.0/../../../../avr/lib/avr5/crtatmega328p.o
LOAD build/ReadWriteBits.o
LOAD build/DebugLeds.o
LOAD build/Spi.o
LOAD build/UartSpi.o
LOAD build/Lis.o
LOAD build/Pwm.o
LOAD C:\Users\Mike\AppData\Local\Temp\ccYXBN6U.o
LOAD C:\Users\Mike\AppData\Local\Temp\ccelaXfG.o
START GROUP
LOAD c:/program files (x86)/atmel/studio/7.0/toolchain/avr8/avr8-gnu-toolchain/bin/../lib/gcc/avr/5.4.0/avr5\libgcc.a
LOAD c:/program files (x86)/atmel/studio/7.0/toolchain/avr8/avr8-gnu-toolchain/bin/../lib/gcc/avr/5.4.0/../../../../avr/lib/avr5\libm.a
LOAD c:/program files (x86)/atmel/studio/7.0/toolchain/avr8/avr8-gnu-toolchain/bin/../lib/gcc/avr/5.4.0/../../../../avr/lib/avr5\libc.a
LOAD c:/program files (x86)/atmel/studio/7.0/toolchain/avr8/avr8-gnu-toolchain/bin/../lib/gcc/avr/5.4.0/../../../../avr/lib/avr5\libatmega328p.a
END GROUP
                0x00020000                __TEXT_REGION_LENGTH__ = DEFINED (__TEXT_REGION_LENGTH__)?__TEXT_REGION_LENGTH__:0x20000
                0x0000ffa0                __DATA_REGION_LENGTH__ = DEFINED (__DATA_REGION_LENGTH__)?__DATA_REGION_LENGTH__:0xffa0
                0x00010000                __EEPROM_REGION_LENGTH__ = DEFINED (__EEPROM_REGION_LENGTH__)?__EEPROM_REGION_LENGTH__:0x10000
                [0x00000003]                __FUSE_REGION_LENGTH__ = DEFINED (__FUSE_REGION_LENGTH__)?__FUSE_REGION_LENGTH__:0x400
                0x00000400                __LOCK_REGION_LENGTH__ = DEFINED (__LOCK_REGION_LENGTH__)?__LOCK_REGION_LENGTH__:0x400
                0x00000400                __SIGNATURE_REGION_LENGTH__ = DEFINED (__SIGNATURE_REGION_LENGTH__)?__SIGNATURE_REGION_LENGTH__:0x400
                0x00000400                __USER_SIGNATURE_REGION_LENGTH__ = DEFINED (__USER_SIGNATURE_REGION_LENGTH__)?__USER_SIGNATURE_REGION_LENGTH__:0x400

.hash
 *(.hash)

.dynsym
 *(.dynsym)

.dynstr
 *(.dynstr)

.gnu.version
 *(.gnu.version)

.gnu.version_d
 *(.gnu.version_d)

.gnu.version_r
 *(.gnu.version_r)

.rel.init
 *(.rel.init)

.rela.init
 *(.rela.init)

.rel.text
 *(.rel.text)
 *(.rel.text.*)
 *(.rel.gnu.linkonce.t*)

.rela.text
 *(.rela.text)
 *(.rela.text.*)
 *(.rela.gnu.linkonce.t*)

.rel.fini
 *(.rel.fini)

.rela.fini
 *(.rela.fini)

.rel.rodata
 *(.rel.rodata)
 *(.rel.rodata.*)
 *(.rel.gnu.linkonce.r*)

.rela.rodata
 *(.rela.rodata)
 *(.rela.rodata.*)
 *(.rela.gnu.linkonce.r*)

.rel.data
 *(.rel.data)
 *(.rel.data.*)
 *(.rel.gnu.linkonce.d*)

.rela.data
 *(.rela.data)
 *(.rela.data.*)
 *(.rela.gnu.linkonce.d*)

.rel.ctors
 *(.rel.ctors)

.rela.ctors
 *(.rela.ctors)

.rel.dtors
 *(.rel.dtors)

.rela.dtors
 *(.rela.dtors)

.rel.got
 *(.rel.got)

.rela.got
 *(.rela.got)

.rel.bss
 *(.rel.bss)

.rela.bss
 *(.rela.bss)

.rel.plt
 *(.rel.plt)

.rela.plt
 *(.rela.plt)

.text           0x00000000      0xe40
 *(.vectors)
 .vectors       0x00000000       0x68 c:/program files (x86)/atmel/studio/7.0/toolchain/avr8/avr8-gnu-toolchain/bin/../lib/gcc/avr/5.4.0/../../../../avr/lib/avr5/crtatmega328p.o
                0x00000000                __vector_default
                0x00000000                __vectors
 *(.vectors)
 *(.progmem.gcc*)
                0x00000068                . = ALIGN (0x2)
                0x00000068                __trampolines_start = .
 *(.trampolines)
 .trampolines   0x00000068        0x0 linker stubs
 *(.trampolines*)
                0x00000068                __trampolines_end = .
 *libprintf_flt.a:*(.progmem.data)
 *libc.a:*(.progmem.data)
 *(.progmem*)
                0x00000068                . = ALIGN (0x2)
 *(.jumptables)
 *(.jumptables*)
 *(.lowtext)
 *(.lowtext*)
                0x00000068                __ctors_start = .
 *(.ctors)
                0x00000068                __ctors_end = .
                0x00000068                __dtors_start = .
 *(.dtors)
                0x00000068                __dtors_end = .
 SORT(*)(.ctors)
 SORT(*)(.dtors)
 *(.init0)
 .init0         0x00000068        0x0 c:/program files (x86)/atmel/studio/7.0/toolchain/avr8/avr8-gnu-toolchain/bin/../lib/gcc/avr/5.4.0/../../../../avr/lib/avr5/crtatmega328p.o
                0x00000068                __init
 *(.init0)
 *(.init1)
 *(.init1)
 *(.init2)
 .init2         0x00000068        0xc c:/program files (x86)/atmel/studio/7.0/toolchain/avr8/avr8-gnu-toolchain/bin/../lib/gcc/avr/5.4.0/../../../../avr/lib/avr5/crtatmega328p.o
 *(.init2)
 *(.init3)
 *(.init3)
 *(.init4)
 .init4         0x00000074       0x16 c:/program files (x86)/atmel/studio/7.0/toolchain/avr8/avr8-gnu-toolchain/bin/../lib/gcc/avr/5.4.0/avr5\libgcc.a(_copy_data.o)
                0x00000074                __do_copy_data
 .init4         0x0000008a       0x10 c:/program files (x86)/atmel/studio/7.0/toolchain/avr8/avr8-gnu-toolchain/bin/../lib/gcc/avr/5.4.0/avr5\libgcc.a(_clear_bss.o)
                0x0000008a                __do_clear_bss
 *(.init4)
 *(.init5)
 *(.init5)
 *(.init6)
 *(.init6)
 *(.init7)
 *(.init7)
 *(.init8)
 *(.init8)
 *(.init9)
 .init9         0x0000009a        0x8 c:/program files (x86)/atmel/studio/7.0/toolchain/avr8/avr8-gnu-toolchain/bin/../lib/gcc/avr/5.4.0/../../../../avr/lib/avr5/crtatmega328p.o
 *(.init9)
 *(.text)
 .text          0x000000a2        0x4 c:/program files (x86)/atmel/studio/7.0/toolchain/avr8/avr8-gnu-toolchain/bin/../lib/gcc/avr/5.4.0/../../../../avr/lib/avr5/crtatmega328p.o
                0x000000a2                __vector_22
                0x000000a2                __vector_1
                0x000000a2                __vector_24
                0x000000a2                __vector_12
                0x000000a2                __bad_interrupt
                0x000000a2                __vector_6
                0x000000a2                __vector_3
                0x000000a2                __vector_23
                0x000000a2                __vector_25
                0x000000a2                __vector_11
                0x000000a2                __vector_13
                0x000000a2                __vector_19
                0x000000a2                __vector_7
                0x000000a2                __vector_5
                0x000000a2                __vector_4
                0x000000a2                __vector_9
                0x000000a2                __vector_2
                0x000000a2                __vector_21
                0x000000a2                __vector_8
                0x000000a2                __vector_10
                0x000000a2                __vector_16
                0x000000a2                __vector_18
                0x000000a2                __vector_20
                0x000000a6                . = ALIGN (0x2)
 *(.text.*)
 .text.SetBit   0x000000a6       0x16 build/ReadWriteBits.o
                0x000000a6                SetBit
 .text.ClearBit
                0x000000bc       0x18 build/ReadWriteBits.o
                0x000000bc                ClearBit
 .text.ToggleBit
                0x000000d4       0x16 build/ReadWriteBits.o
                0x000000d4                ToggleBit
 .text.BitIsSet
                0x000000ea       0x22 build/ReadWriteBits.o
                0x000000ea                BitIsSet
 .text.DebugLedsTurnAllOn
                0x0000010c       0x38 build/DebugLeds.o
                0x0000010c                DebugLedsTurnAllOn
 .text.DebugLedsTurnRed
                0x00000144        0xe build/DebugLeds.o
                0x00000144                DebugLedsTurnRed
 .text.DebugLedsTurnAllGreen
                0x00000152       0x38 build/DebugLeds.o
                0x00000152                DebugLedsTurnAllGreen
 .text.DebugLedsToggleAll
                0x0000018a       0x38 build/DebugLeds.o
                0x0000018a                DebugLedsToggleAll
 .text.ClearPendingSpiInterrupt_Implementation
                0x000001c2       0x14 build/Spi.o
 .text.ReadSpiStatusRegister_Implementation
                0x000001d6        0xc build/Spi.o
 .text.ReadSpiDataRegister_Implementation
                0x000001e2        0xc build/Spi.o
 .text.EnableSpi_Implementation
                0x000001ee       0x10 build/Spi.o
 .text.SpiTransferIsDone_Implementation
                0x000001fe       0x10 build/Spi.o
 .text.SpiSlaveInit
                0x0000020e       0x24 build/Spi.o
                0x0000020e                SpiSlaveInit
 .text.StartAdcReadout
                0x00000232       0x10 build/UartSpi.o
 .text.UartSpiInit
                0x00000242       0x9c build/UartSpi.o
                0x00000242                UartSpiInit
 .text.LisRunClkAt50kHz_Implementation
                0x000002de       0x3c build/Lis.o
 .text.LisClkOn_Implementation
                0x0000031a        0xa build/Lis.o
 .text.LisInit  0x00000324       0x76 build/Lis.o
                0x00000324                LisInit
 .text.ResetCounterAtTop
                0x0000039a       0x24 build/Pwm.o
 .text.TopIsOcr0a
                0x000003be       0x10 build/Pwm.o
 .text.PwmClkIsCpuClk_Implementation
                0x000003ce       0x2e build/Pwm.o
 .text.EnableOutputSetUntilMatch
                0x000003fc       0x24 build/Pwm.o
 .text.LisFrameReadout
                0x00000420      0x120 C:\Users\Mike\AppData\Local\Temp\ccYXBN6U.o
                0x00000420                LisFrameReadout
 .text.WriteCfgToLis
                0x00000540      0x3ec C:\Users\Mike\AppData\Local\Temp\ccYXBN6U.o
                0x00000540                WriteCfgToLis
 .text.AutoExpose
                0x0000092c      0x1d8 C:\Users\Mike\AppData\Local\Temp\ccYXBN6U.o
                0x0000092c                AutoExpose
 .text.SendDataMasterAskedFor
                0x00000b04      0x22e C:\Users\Mike\AppData\Local\Temp\ccYXBN6U.o
                0x00000b04                SendDataMasterAskedFor
 .text.startup.main
                0x00000d32       0x28 C:\Users\Mike\AppData\Local\Temp\ccYXBN6U.o
                0x00000d32                main
 .text.__vector_17
                0x00000d5a       0x4e C:\Users\Mike\AppData\Local\Temp\ccYXBN6U.o
                0x00000d5a                __vector_17
 .text.__vector_14
                0x00000da8       0x16 C:\Users\Mike\AppData\Local\Temp\ccYXBN6U.o
                0x00000da8                __vector_14
 .text.__vector_15
                0x00000dbe       0x16 C:\Users\Mike\AppData\Local\Temp\ccYXBN6U.o
                0x00000dbe                __vector_15
 .text.Delay3CpuCyclesPerTick_Implementation
                0x00000dd4        0x6 C:\Users\Mike\AppData\Local\Temp\ccelaXfG.o
 .text.libgcc.div
                0x00000dda       0x44 c:/program files (x86)/atmel/studio/7.0/toolchain/avr8/avr8-gnu-toolchain/bin/../lib/gcc/avr/5.4.0/avr5\libgcc.a(_udivmodsi4.o)
                0x00000dda                __udivmodsi4
 .text.libgcc.mul
                0x00000e1e       0x1e c:/program files (x86)/atmel/studio/7.0/toolchain/avr8/avr8-gnu-toolchain/bin/../lib/gcc/avr/5.4.0/avr5\libgcc.a(_umulhisi3.o)
                0x00000e1e                __umulhisi3
                0x00000e3c                . = ALIGN (0x2)
 *(.fini9)
 .fini9         0x00000e3c        0x0 c:/program files (x86)/atmel/studio/7.0/toolchain/avr8/avr8-gnu-toolchain/bin/../lib/gcc/avr/5.4.0/avr5\libgcc.a(_exit.o)
                0x00000e3c                _exit
                0x00000e3c                exit
 *(.fini9)
 *(.fini8)
 *(.fini8)
 *(.fini7)
 *(.fini7)
 *(.fini6)
 *(.fini6)
 *(.fini5)
 *(.fini5)
 *(.fini4)
 *(.fini4)
 *(.fini3)
 *(.fini3)
 *(.fini2)
 *(.fini2)
 *(.fini1)
 *(.fini1)
 *(.fini0)
 .fini0         0x00000e3c        0x4 c:/program files (x86)/atmel/studio/7.0/toolchain/avr8/avr8-gnu-toolchain/bin/../lib/gcc/avr/5.4.0/avr5\libgcc.a(_exit.o)
 *(.fini0)
                0x00000e40                _etext = .

.data           0x00800100      0x144 load address 0x00000e40
                0x00800100                PROVIDE (__data_start, .)
 *(.data)
 *(.data*)
 .data.ReadSpiDataRegister
                0x00800100        0x2 build/Spi.o
                0x00800100                ReadSpiDataRegister
 .data.SpiTransferIsDone
                0x00800102        0x2 build/Spi.o
                0x00800102                SpiTransferIsDone
 .data.EnableSpi
                0x00800104        0x2 build/Spi.o
                0x00800104                EnableSpi
 .data.ReadSpiStatusRegister
                0x00800106        0x2 build/Spi.o
                0x00800106                ReadSpiStatusRegister
 .data.ClearPendingSpiInterrupt
                0x00800108        0x2 build/Spi.o
                0x00800108                ClearPendingSpiInterrupt
 .data.LisClkOn
                0x0080010a        0x2 build/Lis.o
                0x0080010a                LisClkOn
 .data.LisRunClkAt50kHz
                0x0080010c        0x2 build/Lis.o
                0x0080010c                LisRunClkAt50kHz
 .data.PwmEnableOutputSetUntilMatch
                0x0080010e        0x2 build/Pwm.o
                0x0080010e                PwmEnableOutputSetUntilMatch
 .data.PwmClkIsCpuClk
                0x00800110        0x2 build/Pwm.o
                0x00800110                PwmClkIsCpuClk
 .data.PwmTopIsOcr0a
                0x00800112        0x2 build/Pwm.o
                0x00800112                PwmTopIsOcr0a
 .data.PwmResetCounterAtTop
                0x00800114        0x2 build/Pwm.o
                0x00800114                PwmResetCounterAtTop
 .data.progbits_rowselect_row1
                0x00800116       0x19 C:\Users\Mike\AppData\Local\Temp\ccYXBN6U.o
                0x00800116                progbits_rowselect_row1
 .data.progbits_rowselect_row2
                0x0080012f       0x19 C:\Users\Mike\AppData\Local\Temp\ccYXBN6U.o
                0x0080012f                progbits_rowselect_row2
 .data.progbits_rowselect_row3
                0x00800148       0x19 C:\Users\Mike\AppData\Local\Temp\ccYXBN6U.o
                0x00800148                progbits_rowselect_row3
 .data.progbits_rowselect_row4
                0x00800161       0x19 C:\Users\Mike\AppData\Local\Temp\ccYXBN6U.o
                0x00800161                progbits_rowselect_row4
 .data.progbits_rowselect_row5
                0x0080017a       0x19 C:\Users\Mike\AppData\Local\Temp\ccYXBN6U.o
                0x0080017a                progbits_rowselect_row5
 .data.progbits_rowselect_row1234
                0x00800193       0x19 C:\Users\Mike\AppData\Local\Temp\ccYXBN6U.o
                0x00800193                progbits_rowselect_row1234
 .data.progbits_rowselect_row123
                0x008001ac       0x19 C:\Users\Mike\AppData\Local\Temp\ccYXBN6U.o
                0x008001ac                progbits_rowselect_row123
 .data.progbits_rowselect_row12
                0x008001c5       0x19 C:\Users\Mike\AppData\Local\Temp\ccYXBN6U.o
                0x008001c5                progbits_rowselect_row12
 .data.progbits_rowselect_all
                0x008001de       0x19 C:\Users\Mike\AppData\Local\Temp\ccYXBN6U.o
                0x008001de                progbits_rowselect_all
 .data.nprogbits_rowselect
                0x008001f7        0x1 C:\Users\Mike\AppData\Local\Temp\ccYXBN6U.o
                0x008001f7                nprogbits_rowselect
 .data.lis_gain
                0x008001f8        0x1 C:\Users\Mike\AppData\Local\Temp\ccYXBN6U.o
                0x008001f8                lis_gain
 .data.pframe   0x008001f9        0x2 C:\Users\Mike\AppData\Local\Temp\ccYXBN6U.o
                0x008001f9                pframe
 .data.Lis_nticks_exposure
                0x008001fb        0x2 C:\Users\Mike\AppData\Local\Temp\ccYXBN6U.o
                0x008001fb                Lis_nticks_exposure
 .data.first_used_pixel
                0x008001fd        0x2 C:\Users\Mike\AppData\Local\Temp\ccYXBN6U.o
                0x008001fd                first_used_pixel
 .data.Delay3CpuCyclesPerTick
                0x008001ff        0x2 C:\Users\Mike\AppData\Local\Temp\ccelaXfG.o
                0x008001ff                Delay3CpuCyclesPerTick
 *(.gnu.linkonce.d*)
 *(.rodata)
 *(.rodata*)
 .rodata.slave_ignore
                0x00800201        0x1 build/Spi.o
                0x00800201                slave_ignore
 .rodata.Pwm_Com0b1
                0x00800202        0x1 C:\Users\Mike\AppData\Local\Temp\ccYXBN6U.o
                0x00800202                Pwm_Com0b1
 .rodata.Pwm_Com0b0
                0x00800203        0x1 C:\Users\Mike\AppData\Local\Temp\ccYXBN6U.o
                0x00800203                Pwm_Com0b0
 .rodata.Pwm_Cs02
                0x00800204        0x1 C:\Users\Mike\AppData\Local\Temp\ccYXBN6U.o
                0x00800204                Pwm_Cs02
 .rodata.Pwm_Cs01
                0x00800205        0x1 C:\Users\Mike\AppData\Local\Temp\ccYXBN6U.o
                0x00800205                Pwm_Cs01
 .rodata.Pwm_Cs00
                0x00800206        0x1 C:\Users\Mike\AppData\Local\Temp\ccYXBN6U.o
                0x00800206                Pwm_Cs00
 .rodata.Pwm_Wgm02
                0x00800207        0x1 C:\Users\Mike\AppData\Local\Temp\ccYXBN6U.o
                0x00800207                Pwm_Wgm02
 .rodata.Pwm_Wgm01
                0x00800208        0x1 C:\Users\Mike\AppData\Local\Temp\ccYXBN6U.o
                0x00800208                Pwm_Wgm01
 .rodata.Pwm_Wgm00
                0x00800209        0x1 C:\Users\Mike\AppData\Local\Temp\ccYXBN6U.o
                0x00800209                Pwm_Wgm00
 .rodata.Pwm_tccr0b
                0x0080020a        0x2 C:\Users\Mike\AppData\Local\Temp\ccYXBN6U.o
                0x0080020a                Pwm_tccr0b
 .rodata.Pwm_tccr0a
                0x0080020c        0x2 C:\Users\Mike\AppData\Local\Temp\ccYXBN6U.o
                0x0080020c                Pwm_tccr0a
 .rodata.Lis_Sync
                0x0080020e        0x1 C:\Users\Mike\AppData\Local\Temp\ccYXBN6U.o
                0x0080020e                Lis_Sync
 .rodata.Lis_Rst
                0x0080020f        0x1 C:\Users\Mike\AppData\Local\Temp\ccYXBN6U.o
                0x0080020f                Lis_Rst
 .rodata.Lis_Clk
                0x00800210        0x1 C:\Users\Mike\AppData\Local\Temp\ccYXBN6U.o
                0x00800210                Lis_Clk
 .rodata.Lis_PixSelect
                0x00800211        0x1 C:\Users\Mike\AppData\Local\Temp\ccYXBN6U.o
                0x00800211                Lis_PixSelect
 .rodata.Lis_clkth
                0x00800212        0x2 C:\Users\Mike\AppData\Local\Temp\ccYXBN6U.o
                0x00800212                Lis_clkth
 .rodata.Lis_clktop
                0x00800214        0x2 C:\Users\Mike\AppData\Local\Temp\ccYXBN6U.o
                0x00800214                Lis_clktop
 .rodata.Lis_port2
                0x00800216        0x2 C:\Users\Mike\AppData\Local\Temp\ccYXBN6U.o
                0x00800216                Lis_port2
 .rodata.Lis_port1
                0x00800218        0x2 C:\Users\Mike\AppData\Local\Temp\ccYXBN6U.o
                0x00800218                Lis_port1
 .rodata.Lis_ddr2
                0x0080021a        0x2 C:\Users\Mike\AppData\Local\Temp\ccYXBN6U.o
                0x0080021a                Lis_ddr2
 .rodata.Lis_ddr1
                0x0080021c        0x2 C:\Users\Mike\AppData\Local\Temp\ccYXBN6U.o
                0x0080021c                Lis_ddr1
 .rodata.UartSpi_DataOrder
                0x0080021e        0x1 C:\Users\Mike\AppData\Local\Temp\ccYXBN6U.o
                0x0080021e                UartSpi_DataOrder
 .rodata.UartSpi_ClockPhase
                0x0080021f        0x1 C:\Users\Mike\AppData\Local\Temp\ccYXBN6U.o
                0x0080021f                UartSpi_ClockPhase
 .rodata.UartSpi_ClockPolarity
                0x00800220        0x1 C:\Users\Mike\AppData\Local\Temp\ccYXBN6U.o
                0x00800220                UartSpi_ClockPolarity
 .rodata.UartSpi_TxEnable
                0x00800221        0x1 C:\Users\Mike\AppData\Local\Temp\ccYXBN6U.o
                0x00800221                UartSpi_TxEnable
 .rodata.UartSpi_RxEnable
                0x00800222        0x1 C:\Users\Mike\AppData\Local\Temp\ccYXBN6U.o
                0x00800222                UartSpi_RxEnable
 .rodata.UartSpi_ModeSelect1
                0x00800223        0x1 C:\Users\Mike\AppData\Local\Temp\ccYXBN6U.o
                0x00800223                UartSpi_ModeSelect1
 .rodata.UartSpi_ModeSelect0
                0x00800224        0x1 C:\Users\Mike\AppData\Local\Temp\ccYXBN6U.o
                0x00800224                UartSpi_ModeSelect0
 .rodata.UartSpi_Sck
                0x00800225        0x1 C:\Users\Mike\AppData\Local\Temp\ccYXBN6U.o
                0x00800225                UartSpi_Sck
 .rodata.UartSpi_AdcConv
                0x00800226        0x1 C:\Users\Mike\AppData\Local\Temp\ccYXBN6U.o
                0x00800226                UartSpi_AdcConv
 .rodata.UartSpi_br
                0x00800227        0x2 C:\Users\Mike\AppData\Local\Temp\ccYXBN6U.o
                0x00800227                UartSpi_br
 .rodata.UartSpi_csrc
                0x00800229        0x2 C:\Users\Mike\AppData\Local\Temp\ccYXBN6U.o
                0x00800229                UartSpi_csrc
 .rodata.UartSpi_csrb
                0x0080022b        0x2 C:\Users\Mike\AppData\Local\Temp\ccYXBN6U.o
                0x0080022b                UartSpi_csrb
 .rodata.UartSpi_port
                0x0080022d        0x2 C:\Users\Mike\AppData\Local\Temp\ccYXBN6U.o
                0x0080022d                UartSpi_port
 .rodata.UartSpi_ddr
                0x0080022f        0x2 C:\Users\Mike\AppData\Local\Temp\ccYXBN6U.o
                0x0080022f                UartSpi_ddr
 .rodata.Spi_InterruptFlag
                0x00800231        0x1 C:\Users\Mike\AppData\Local\Temp\ccYXBN6U.o
                0x00800231                Spi_InterruptFlag
 .rodata.Spi_Enable
                0x00800232        0x1 C:\Users\Mike\AppData\Local\Temp\ccYXBN6U.o
                0x00800232                Spi_Enable
 .rodata.Spi_Miso
                0x00800233        0x1 C:\Users\Mike\AppData\Local\Temp\ccYXBN6U.o
                0x00800233                Spi_Miso
 .rodata.Spi_spdr
                0x00800234        0x2 C:\Users\Mike\AppData\Local\Temp\ccYXBN6U.o
                0x00800234                Spi_spdr
 .rodata.Spi_spsr
                0x00800236        0x2 C:\Users\Mike\AppData\Local\Temp\ccYXBN6U.o
                0x00800236                Spi_spsr
 .rodata.Spi_spcr
                0x00800238        0x2 C:\Users\Mike\AppData\Local\Temp\ccYXBN6U.o
                0x00800238                Spi_spcr
 .rodata.Spi_ddr
                0x0080023a        0x2 C:\Users\Mike\AppData\Local\Temp\ccYXBN6U.o
                0x0080023a                Spi_ddr
 .rodata.debug_led4
                0x0080023c        0x1 C:\Users\Mike\AppData\Local\Temp\ccYXBN6U.o
                0x0080023c                debug_led4
 .rodata.debug_led3
                0x0080023d        0x1 C:\Users\Mike\AppData\Local\Temp\ccYXBN6U.o
                0x0080023d                debug_led3
 .rodata.debug_led2
                0x0080023e        0x1 C:\Users\Mike\AppData\Local\Temp\ccYXBN6U.o
                0x0080023e                debug_led2
 .rodata.debug_led1
                0x0080023f        0x1 C:\Users\Mike\AppData\Local\Temp\ccYXBN6U.o
                0x0080023f                debug_led1
 .rodata.DebugLeds_port
                0x00800240        0x2 C:\Users\Mike\AppData\Local\Temp\ccYXBN6U.o
                0x00800240                DebugLeds_port
 .rodata.DebugLeds_ddr
                0x00800242        0x2 C:\Users\Mike\AppData\Local\Temp\ccYXBN6U.o
                0x00800242                DebugLeds_ddr
 *(.gnu.linkonce.r*)
                0x00800244                . = ALIGN (0x2)
                0x00800244                _edata = .
                0x00800244                PROVIDE (__data_end, .)

.bss            0x00800244      0x629
                0x00800244                PROVIDE (__bss_start, .)
 *(.bss)
 *(.bss*)
 .bss.progbit_i
                0x00800244        0x1 C:\Users\Mike\AppData\Local\Temp\ccYXBN6U.o
                0x00800244                progbit_i
 .bss.lis_rowselect
                0x00800245        0x1 C:\Users\Mike\AppData\Local\Temp\ccYXBN6U.o
                0x00800245                lis_rowselect
 .bss.lis_sum_mode
                0x00800246        0x1 C:\Users\Mike\AppData\Local\Temp\ccYXBN6U.o
                0x00800246                lis_sum_mode
 .bss.Lis_npixels_counter
                0x00800247        0x2 C:\Users\Mike\AppData\Local\Temp\ccYXBN6U.o
                0x00800247                Lis_npixels_counter
 .bss.Lis_nticks_counter
                0x00800249        0x2 C:\Users\Mike\AppData\Local\Temp\ccYXBN6U.o
                0x00800249                Lis_nticks_counter
 *(COMMON)
 COMMON         0x0080024b      0x622 C:\Users\Mike\AppData\Local\Temp\ccYXBN6U.o
                0x0080024b                DoTaskForThisTest
                0x0080024d                full_frame
                0x0080086d                PROVIDE (__bss_end, .)
                0x00000e40                __data_load_start = LOADADDR (.data)
                0x00000f84                __data_load_end = (__data_load_start + SIZEOF (.data))

.noinit         0x0080086d        0x0
                [!provide]                PROVIDE (__noinit_start, .)
 *(.noinit*)
                [!provide]                PROVIDE (__noinit_end, .)
                0x0080086d                _end = .
                [!provide]                PROVIDE (__heap_start, .)

.eeprom         0x00810000        0x0
 *(.eeprom*)
                0x00810000                __eeprom_end = .

.fuse
 *(.fuse)
 *(.lfuse)
 *(.hfuse)
 *(.efuse)

.lock
 *(.lock*)

.signature
 *(.signature*)

.user_signatures
 *(.user_signatures*)

.stab
 *(.stab)

.stabstr
 *(.stabstr)

.stab.excl
 *(.stab.excl)

.stab.exclstr
 *(.stab.exclstr)

.stab.index
 *(.stab.index)

.stab.indexstr
 *(.stab.indexstr)

.comment        0x00000000       0x30
 *(.comment)
 .comment       0x00000000       0x30 build/ReadWriteBits.o
                                 0x31 (size before relaxing)
 .comment       0x00000030       0x31 build/DebugLeds.o
 .comment       0x00000030       0x31 build/Spi.o
 .comment       0x00000030       0x31 build/UartSpi.o
 .comment       0x00000030       0x31 build/Lis.o
 .comment       0x00000030       0x31 build/Pwm.o
 .comment       0x00000030       0x31 C:\Users\Mike\AppData\Local\Temp\ccYXBN6U.o
 .comment       0x00000030       0x31 C:\Users\Mike\AppData\Local\Temp\ccelaXfG.o

.note.gnu.avr.deviceinfo
                0x00000000       0x40
 .note.gnu.avr.deviceinfo
                0x00000000       0x40 c:/program files (x86)/atmel/studio/7.0/toolchain/avr8/avr8-gnu-toolchain/bin/../lib/gcc/avr/5.4.0/../../../../avr/lib/avr5/crtatmega328p.o

.note.gnu.build-id
 *(.note.gnu.build-id)

.debug
 *(.debug)

.line
 *(.line)

.debug_srcinfo
 *(.debug_srcinfo)

.debug_sfnames
 *(.debug_sfnames)

.debug_aranges  0x00000000      0x420
 *(.debug_aranges)
 .debug_aranges
                0x00000000       0x40 build/ReadWriteBits.o
 .debug_aranges
                0x00000040       0x50 build/DebugLeds.o
 .debug_aranges
                0x00000090       0xc0 build/Spi.o
 .debug_aranges
                0x00000150       0x60 build/UartSpi.o
 .debug_aranges
                0x000001b0       0x40 build/Lis.o
 .debug_aranges
                0x000001f0       0x48 build/Pwm.o
 .debug_aranges
                0x00000238      0x1b8 C:\Users\Mike\AppData\Local\Temp\ccYXBN6U.o
 .debug_aranges
                0x000003f0       0x30 C:\Users\Mike\AppData\Local\Temp\ccelaXfG.o

.debug_pubnames
 *(.debug_pubnames)

.debug_info     0x00000000     0x41f8
 *(.debug_info .gnu.linkonce.wi.*)
 .debug_info    0x00000000      0x5f4 c:/program files (x86)/atmel/studio/7.0/toolchain/avr8/avr8-gnu-toolchain/bin/../lib/gcc/avr/5.4.0/../../../../avr/lib/avr5/crtatmega328p.o
 .debug_info    0x000005f4      0x1a9 build/ReadWriteBits.o
 .debug_info    0x0000079d      0x372 build/DebugLeds.o
 .debug_info    0x00000b0f      0x819 build/Spi.o
 .debug_info    0x00001328      0x5c7 build/UartSpi.o
 .debug_info    0x000018ef      0x377 build/Lis.o
 .debug_info    0x00001c66      0x2e8 build/Pwm.o
 .debug_info    0x00001f4e     0x2168 C:\Users\Mike\AppData\Local\Temp\ccYXBN6U.o
 .debug_info    0x000040b6      0x142 C:\Users\Mike\AppData\Local\Temp\ccelaXfG.o

.debug_abbrev   0x00000000     0x13e0
 *(.debug_abbrev)
 .debug_abbrev  0x00000000      0x5a2 c:/program files (x86)/atmel/studio/7.0/toolchain/avr8/avr8-gnu-toolchain/bin/../lib/gcc/avr/5.4.0/../../../../avr/lib/avr5/crtatmega328p.o
 .debug_abbrev  0x000005a2       0xcd build/ReadWriteBits.o
 .debug_abbrev  0x0000066f       0xeb build/DebugLeds.o
 .debug_abbrev  0x0000075a      0x2b6 build/Spi.o
 .debug_abbrev  0x00000a10      0x223 build/UartSpi.o
 .debug_abbrev  0x00000c33      0x15c build/Lis.o
 .debug_abbrev  0x00000d8f       0xfa build/Pwm.o
 .debug_abbrev  0x00000e89      0x47a C:\Users\Mike\AppData\Local\Temp\ccYXBN6U.o
 .debug_abbrev  0x00001303       0xdd C:\Users\Mike\AppData\Local\Temp\ccelaXfG.o

.debug_line     0x00000000     0x23a5
 *(.debug_line .debug_line.* .debug_line_end)
 .debug_line    0x00000000       0x1a c:/program files (x86)/atmel/studio/7.0/toolchain/avr8/avr8-gnu-toolchain/bin/../lib/gcc/avr/5.4.0/../../../../avr/lib/avr5/crtatmega328p.o
 .debug_line    0x0000001a      0x110 build/ReadWriteBits.o
 .debug_line    0x0000012a      0x1c8 build/DebugLeds.o
 .debug_line    0x000002f2      0x3c1 build/Spi.o
 .debug_line    0x000006b3      0x217 build/UartSpi.o
 .debug_line    0x000008ca      0x172 build/Lis.o
 .debug_line    0x00000a3c      0x186 build/Pwm.o
 .debug_line    0x00000bc2     0x16a2 C:\Users\Mike\AppData\Local\Temp\ccYXBN6U.o
 .debug_line    0x00002264      0x141 C:\Users\Mike\AppData\Local\Temp\ccelaXfG.o

.debug_frame    0x00000000      0xa28
 *(.debug_frame)
 .debug_frame   0x00000000       0x64 build/ReadWriteBits.o
 .debug_frame   0x00000064       0xb4 build/DebugLeds.o
 .debug_frame   0x00000118      0x1c0 build/Spi.o
 .debug_frame   0x000002d8       0xc4 build/UartSpi.o
 .debug_frame   0x0000039c       0x74 build/Lis.o
 .debug_frame   0x00000410       0xa4 build/Pwm.o
 .debug_frame   0x000004b4      0x530 C:\Users\Mike\AppData\Local\Temp\ccYXBN6U.o
 .debug_frame   0x000009e4       0x44 C:\Users\Mike\AppData\Local\Temp\ccelaXfG.o

.debug_str      0x00000000     0x19e6
 *(.debug_str)
 .debug_str     0x00000000      0x208 c:/program files (x86)/atmel/studio/7.0/toolchain/avr8/avr8-gnu-toolchain/bin/../lib/gcc/avr/5.4.0/../../../../avr/lib/avr5/crtatmega328p.o
 .debug_str     0x00000208      0x124 build/ReadWriteBits.o
                                0x15d (size before relaxing)
 .debug_str     0x0000032c       0xee build/DebugLeds.o
                                0x217 (size before relaxing)
 .debug_str     0x0000041a      0x4d7 build/Spi.o
                                0x64d (size before relaxing)
 .debug_str     0x000008f1      0x2e5 build/UartSpi.o
                                0x485 (size before relaxing)
 .debug_str     0x00000bd6      0x1c1 build/Lis.o
                                0x2fa (size before relaxing)
 .debug_str     0x00000d97       0xe3 build/Pwm.o
                                0x299 (size before relaxing)
 .debug_str     0x00000e7a      0xad2 C:\Users\Mike\AppData\Local\Temp\ccYXBN6U.o
                               0x10ec (size before relaxing)
 .debug_str     0x0000194c       0x9a C:\Users\Mike\AppData\Local\Temp\ccelaXfG.o
                                0x1ed (size before relaxing)

.debug_loc      0x00000000     0x1525
 *(.debug_loc)
 .debug_loc     0x00000000       0x50 build/ReadWriteBits.o
 .debug_loc     0x00000050      0x140 build/DebugLeds.o
 .debug_loc     0x00000190      0x21b build/Spi.o
 .debug_loc     0x000003ab       0xbd build/UartSpi.o
 .debug_loc     0x00000468       0x61 build/Lis.o
 .debug_loc     0x000004c9       0xbc build/Pwm.o
 .debug_loc     0x00000585      0xf6c C:\Users\Mike\AppData\Local\Temp\ccYXBN6U.o
 .debug_loc     0x000014f1       0x34 C:\Users\Mike\AppData\Local\Temp\ccelaXfG.o

.debug_macinfo
 *(.debug_macinfo)

.debug_weaknames
 *(.debug_weaknames)

.debug_funcnames
 *(.debug_funcnames)

.debug_typenames
 *(.debug_typenames)

.debug_varnames
 *(.debug_varnames)

.debug_pubtypes
 *(.debug_pubtypes)

.debug_ranges   0x00000000      0x4e0
 *(.debug_ranges)
 .debug_ranges  0x00000000       0x30 build/ReadWriteBits.o
 .debug_ranges  0x00000030       0x40 build/DebugLeds.o
 .debug_ranges  0x00000070       0xb0 build/Spi.o
 .debug_ranges  0x00000120       0x50 build/UartSpi.o
 .debug_ranges  0x00000170       0x30 build/Lis.o
 .debug_ranges  0x000001a0       0x38 build/Pwm.o
 .debug_ranges  0x000001d8      0x2e8 C:\Users\Mike\AppData\Local\Temp\ccYXBN6U.o
 .debug_ranges  0x000004c0       0x20 C:\Users\Mike\AppData\Local\Temp\ccelaXfG.o

.debug_macro
 *(.debug_macro)
OUTPUT(build/mBrd.elf elf32-avr)
LOAD linker stubs
